+ Rscript -e 'Sys.setenv(BIOCONDUCTOR_USE_CONTAINER_REPOSITORY=FALSE);
  p <- .libPaths();
  p <- c('\''/tmp/library'\'', '\''/mnt/library'\'', p);
  .libPaths(p);
  if(BiocManager::install('\''GGPA'\'', INSTALL_opts = '\''--build'\'', update = TRUE, quiet = FALSE, dependencies=TRUE, force = TRUE, keep_outputs = TRUE) %in% rownames(installed.packages())) q(status = 0) else q(status = 1)'
'getOption("repos")' replaces Bioconductor standard repositories, see
'help("repositories", package = "BiocManager")' for details.
Replacement repositories:
    CRAN: https://p3m.dev/cran/__linux__/noble/latest
Bioconductor version 3.24 (BiocManager 1.30.27), R 4.6.1 (2026-06-24)
Installing package(s) 'GGPA'
also installing the dependencies ‘forcats’, ‘patchwork’, ‘stringr’, ‘tidyselect’, ‘coda’, ‘ggstats’, ‘RColorBrewer’, ‘S7’, ‘tidyr’, ‘statnet.common’, ‘viridisLite’, ‘GGally’, ‘network’, ‘sna’, ‘scales’, ‘RcppArmadillo’

trying URL 'https://p3m.dev/cran/__linux__/noble/latest/src/contrib/forcats_1.0.1.tar.gz'
trying URL 'https://p3m.dev/cran/__linux__/noble/latest/src/contrib/patchwork_1.3.2.tar.gz'
trying URL 'https://p3m.dev/cran/__linux__/noble/latest/src/contrib/stringr_1.6.0.tar.gz'
trying URL 'https://p3m.dev/cran/__linux__/noble/latest/src/contrib/tidyselect_1.2.1.tar.gz'
trying URL 'https://p3m.dev/cran/__linux__/noble/latest/src/contrib/coda_0.19-4.1.tar.gz'
trying URL 'https://p3m.dev/cran/__linux__/noble/latest/src/contrib/ggstats_0.13.0.tar.gz'
trying URL 'https://p3m.dev/cran/__linux__/noble/latest/src/contrib/RColorBrewer_1.1-3.tar.gz'
trying URL 'https://p3m.dev/cran/__linux__/noble/latest/src/contrib/S7_0.2.2.tar.gz'
trying URL 'https://p3m.dev/cran/__linux__/noble/latest/src/contrib/tidyr_1.3.2.tar.gz'
trying URL 'https://p3m.dev/cran/__linux__/noble/latest/src/contrib/statnet.common_4.13.0.tar.gz'
trying URL 'https://p3m.dev/cran/__linux__/noble/latest/src/contrib/viridisLite_0.4.3.tar.gz'
trying URL 'https://p3m.dev/cran/__linux__/noble/latest/src/contrib/GGally_2.4.0.tar.gz'
trying URL 'https://p3m.dev/cran/__linux__/noble/latest/src/contrib/network_1.20.0.tar.gz'
trying URL 'https://p3m.dev/cran/__linux__/noble/latest/src/contrib/sna_2.8.tar.gz'
trying URL 'https://p3m.dev/cran/__linux__/noble/latest/src/contrib/scales_1.4.0.tar.gz'
trying URL 'https://p3m.dev/cran/__linux__/noble/latest/src/contrib/RcppArmadillo_15.4.0-1.tar.gz'
trying URL 'https://bioconductor.org/packages/3.24/bioc/src/contrib/GGPA_1.25.0.tar.gz'
* installing *binary* package ‘forcats’ ...
* package ‘forcats’ successfully unpacked and SHA256 sums checked
* ‘forcats’ was already a binary package and will not be rebuilt
* SHA256 sums
* creating tarball
packaged installation of ‘forcats’ as ‘forcats_1.0.1_R_x86_64-pc-linux-gnu.tar.gz’
* DONE (forcats)
* installing *binary* package ‘patchwork’ ...
* package ‘patchwork’ successfully unpacked and SHA256 sums checked
* ‘patchwork’ was already a binary package and will not be rebuilt
* SHA256 sums
* creating tarball
packaged installation of ‘patchwork’ as ‘patchwork_1.3.2_R_x86_64-pc-linux-gnu.tar.gz’
* DONE (patchwork)
* installing *binary* package ‘stringr’ ...
* package ‘stringr’ successfully unpacked and SHA256 sums checked
* ‘stringr’ was already a binary package and will not be rebuilt
* SHA256 sums
* creating tarball
packaged installation of ‘stringr’ as ‘stringr_1.6.0_R_x86_64-pc-linux-gnu.tar.gz’
* DONE (stringr)
* installing *binary* package ‘tidyselect’ ...
* package ‘tidyselect’ successfully unpacked and SHA256 sums checked
* ‘tidyselect’ was already a binary package and will not be rebuilt
* SHA256 sums
* creating tarball
packaged installation of ‘tidyselect’ as ‘tidyselect_1.2.1_R_x86_64-pc-linux-gnu.tar.gz’
* DONE (tidyselect)
* installing *binary* package ‘coda’ ...
* package ‘coda’ successfully unpacked and SHA256 sums checked
* ‘coda’ was already a binary package and will not be rebuilt
* SHA256 sums
* creating tarball
packaged installation of ‘coda’ as ‘coda_0.19-4.1_R_x86_64-pc-linux-gnu.tar.gz’
* DONE (coda)
* installing *binary* package ‘RColorBrewer’ ...
* package ‘RColorBrewer’ successfully unpacked and SHA256 sums checked
* ‘RColorBrewer’ was already a binary package and will not be rebuilt
* SHA256 sums
* creating tarball
packaged installation of ‘RColorBrewer’ as ‘RColorBrewer_1.1-3_R_x86_64-pc-linux-gnu.tar.gz’
* DONE (RColorBrewer)
* installing *binary* package ‘S7’ ...
* package ‘S7’ successfully unpacked and SHA256 sums checked
* ‘S7’ was already a binary package and will not be rebuilt
* SHA256 sums
* creating tarball
packaged installation of ‘S7’ as ‘S7_0.2.2_R_x86_64-pc-linux-gnu.tar.gz’
* DONE (S7)
* installing *binary* package ‘viridisLite’ ...
* package ‘viridisLite’ successfully unpacked and SHA256 sums checked
* ‘viridisLite’ was already a binary package and will not be rebuilt
* SHA256 sums
* creating tarball
packaged installation of ‘viridisLite’ as ‘viridisLite_0.4.3_R_x86_64-pc-linux-gnu.tar.gz’
* DONE (viridisLite)
* installing *binary* package ‘RcppArmadillo’ ...
* package ‘RcppArmadillo’ successfully unpacked and SHA256 sums checked
* ‘RcppArmadillo’ was already a binary package and will not be rebuilt
* SHA256 sums
* creating tarball
packaged installation of ‘RcppArmadillo’ as ‘RcppArmadillo_15.4.0-1_R_x86_64-pc-linux-gnu.tar.gz’
* DONE (RcppArmadillo)
* installing *binary* package ‘tidyr’ ...
* package ‘tidyr’ successfully unpacked and SHA256 sums checked
* ‘tidyr’ was already a binary package and will not be rebuilt
* SHA256 sums
* creating tarball
packaged installation of ‘tidyr’ as ‘tidyr_1.3.2_R_x86_64-pc-linux-gnu.tar.gz’
* DONE (tidyr)
* installing *binary* package ‘statnet.common’ ...
* package ‘statnet.common’ successfully unpacked and SHA256 sums checked
* ‘statnet.common’ was already a binary package and will not be rebuilt
* SHA256 sums
* creating tarball
packaged installation of ‘statnet.common’ as ‘statnet.common_4.13.0_R_x86_64-pc-linux-gnu.tar.gz’
* DONE (statnet.common)
* installing *binary* package ‘scales’ ...
* package ‘scales’ successfully unpacked and SHA256 sums checked
* ‘scales’ was already a binary package and will not be rebuilt
* SHA256 sums
* creating tarball
packaged installation of ‘scales’ as ‘scales_1.4.0_R_x86_64-pc-linux-gnu.tar.gz’
* DONE (scales)
* installing *binary* package ‘ggstats’ ...
* package ‘ggstats’ successfully unpacked and SHA256 sums checked
* ‘ggstats’ was already a binary package and will not be rebuilt
* SHA256 sums
* creating tarball
packaged installation of ‘ggstats’ as ‘ggstats_0.13.0_R_x86_64-pc-linux-gnu.tar.gz’
* DONE (ggstats)
* installing *binary* package ‘network’ ...
* package ‘network’ successfully unpacked and SHA256 sums checked
* ‘network’ was already a binary package and will not be rebuilt
* SHA256 sums
* creating tarball
packaged installation of ‘network’ as ‘network_1.20.0_R_x86_64-pc-linux-gnu.tar.gz’
* DONE (network)
* installing *binary* package ‘GGally’ ...
* package ‘GGally’ successfully unpacked and SHA256 sums checked
* ‘GGally’ was already a binary package and will not be rebuilt
* SHA256 sums
* creating tarball
packaged installation of ‘GGally’ as ‘GGally_2.4.0_R_x86_64-pc-linux-gnu.tar.gz’
* DONE (GGally)
* installing *binary* package ‘sna’ ...
* package ‘sna’ successfully unpacked and SHA256 sums checked
* ‘sna’ was already a binary package and will not be rebuilt
* SHA256 sums
* creating tarball
packaged installation of ‘sna’ as ‘sna_2.8_R_x86_64-pc-linux-gnu.tar.gz’
* DONE (sna)
* installing *source* package ‘GGPA’ ...
** this is package ‘GGPA’ version ‘1.25.0’
** package ‘GGPA’ successfully unpacked and MD5 sums checked
** using staged installation
** libs
using C++ compiler: ‘g++ (Ubuntu 13.3.0-6ubuntu2~24.04.1) 13.3.0’
g++ -std=gnu++20 -I"/usr/local/lib/R/include" -DNDEBUG  -I'/usr/local/lib/R/site-library/Rcpp/include' -I'/tmp/library/RcppArmadillo/include' -I/usr/local/include    -fpic  -g -O2 -fstack-protector-strong -Wformat -Werror=format-security -Wdate-time -D_FORTIFY_SOURCE=2 -g   -c 1_Main.cpp -o 1_Main.o
g++ -std=gnu++20 -I"/usr/local/lib/R/include" -DNDEBUG  -I'/usr/local/lib/R/site-library/Rcpp/include' -I'/tmp/library/RcppArmadillo/include' -I/usr/local/include    -fpic  -g -O2 -fstack-protector-strong -Wformat -Werror=format-security -Wdate-time -D_FORTIFY_SOURCE=2 -g   -c 3_Param.cpp -o 3_Param.o
g++ -std=gnu++20 -I"/usr/local/lib/R/include" -DNDEBUG  -I'/usr/local/lib/R/site-library/Rcpp/include' -I'/tmp/library/RcppArmadillo/include' -I/usr/local/include    -fpic  -g -O2 -fstack-protector-strong -Wformat -Werror=format-security -Wdate-time -D_FORTIFY_SOURCE=2 -g   -c Gibbs_e_it_no_ann.cpp -o Gibbs_e_it_no_ann.o
g++ -std=gnu++20 -I"/usr/local/lib/R/include" -DNDEBUG  -I'/usr/local/lib/R/site-library/Rcpp/include' -I'/tmp/library/RcppArmadillo/include' -I/usr/local/include    -fpic  -g -O2 -fstack-protector-strong -Wformat -Werror=format-security -Wdate-time -D_FORTIFY_SOURCE=2 -g   -c RcppExports.cpp -o RcppExports.o
g++ -std=gnu++20 -shared -L/usr/local/lib/R/lib -L/usr/local/lib -o GGPA.so 1_Main.o 3_Param.o Gibbs_e_it_no_ann.o RcppExports.o -llapack -lblas -lgfortran -lm -lquadmath -L/usr/local/lib/R/lib -lR
installing to /tmp/library/00LOCK-GGPA/00new/GGPA/libs
** R
** data
** inst
** byte-compile and prepare package for lazy loading
** help
*** installing help indices
** building package indices
** installing vignettes
** testing if installed package can be loaded from temporary location
** checking absolute paths in shared objects and dynamic libraries
** testing if installed package can be loaded from final location
** testing if installed package keeps a record of temporary installation path
* SHA256 sums
* creating tarball
packaged installation of ‘GGPA’ as ‘GGPA_1.25.0_R_x86_64-pc-linux-gnu.tar.gz’
* DONE (GGPA)

The downloaded source packages are in
	‘/tmp/Rtmp5Q8O2I/downloaded_packages’

real	0m55.700s
user	0m40.763s
sys	0m8.735s
