+ Rscript -e 'Sys.setenv(BIOCONDUCTOR_USE_CONTAINER_REPOSITORY=FALSE);
  p <- .libPaths();
  p <- c('\''/tmp/library'\'', '\''/mnt/library'\'', p);
  .libPaths(p);
  if(BiocManager::install('\''zFPKM'\'', INSTALL_opts = '\''--build'\'', update = TRUE, quiet = FALSE, dependencies=TRUE, force = TRUE, keep_outputs = TRUE) %in% rownames(installed.packages())) q(status = 0) else q(status = 1)'
'getOption("repos")' replaces Bioconductor standard repositories, see
'help("repositories", package = "BiocManager")' for details.
Replacement repositories:
    CRAN: https://p3m.dev/cran/__linux__/noble/latest
Bioconductor version 3.24 (BiocManager 1.30.27), R 4.6.1 (2026-06-24)
Installing package(s) 'zFPKM'
also installing the dependency ‘printr’

trying URL 'https://p3m.dev/cran/__linux__/noble/latest/src/contrib/printr_0.3.tar.gz'
trying URL 'https://bioconductor.org/packages/3.24/bioc/src/contrib/zFPKM_1.35.0.tar.gz'
* installing *binary* package ‘printr’ ...
* package ‘printr’ successfully unpacked and SHA256 sums checked
* ‘printr’ was already a binary package and will not be rebuilt
* SHA256 sums
* creating tarball
packaged installation of ‘printr’ as ‘printr_0.3_R_x86_64-pc-linux-gnu.tar.gz’
* DONE (printr)
* installing *source* package ‘zFPKM’ ...
** this is package ‘zFPKM’ version ‘1.35.0’
** package ‘zFPKM’ successfully unpacked and MD5 sums checked
** using staged installation
** R
** inst
** byte-compile and prepare package for lazy loading
** help
*** installing help indices
** building package indices
** installing vignettes
** testing if installed package can be loaded from temporary location
** testing if installed package can be loaded from final location
** testing if installed package keeps a record of temporary installation path
* SHA256 sums
* creating tarball
packaged installation of ‘zFPKM’ as ‘zFPKM_1.35.0_R_x86_64-pc-linux-gnu.tar.gz’
* DONE (zFPKM)

The downloaded source packages are in
	‘/tmp/RtmpRYtUib/downloaded_packages’
Old packages: 'diffobj'

real	0m33.103s
user	0m24.681s
sys	0m4.363s
