+ Rscript -e 'Sys.setenv(BIOCONDUCTOR_USE_CONTAINER_REPOSITORY=FALSE);
  p <- .libPaths();
  p <- c('\''/tmp/library'\'', '\''/mnt/library'\'', p);
  .libPaths(p);
  if(BiocManager::install('\''CeTF'\'', INSTALL_opts = '\''--build'\'', update = TRUE, quiet = FALSE, dependencies=TRUE, force = TRUE, keep_outputs = TRUE) %in% rownames(installed.packages())) q(status = 0) else q(status = 1)'
'getOption("repos")' replaces Bioconductor standard repositories, see
'help("repositories", package = "BiocManager")' for details.
Replacement repositories:
    CRAN: https://p3m.dev/cran/__linux__/noble/latest
Bioconductor version 3.23 (BiocManager 1.30.27), R 4.6.1 (2026-06-24)
Installing package(s) 'CeTF'
also installing the dependency ‘GenomicTools.fileHandler’

trying URL 'https://p3m.dev/cran/__linux__/noble/latest/src/contrib/GenomicTools.fileHandler_0.1.5.9.tar.gz'
trying URL 'https://bioconductor.org/packages/3.23/bioc/src/contrib/CeTF_1.24.0.tar.gz'
* installing *binary* package ‘GenomicTools.fileHandler’ ...
* package ‘GenomicTools.fileHandler’ successfully unpacked and SHA256 sums checked
* ‘GenomicTools.fileHandler’ was already a binary package and will not be rebuilt
* SHA256 sums
* creating tarball
packaged installation of ‘GenomicTools.fileHandler’ as ‘GenomicTools.fileHandler_0.1.5.9_R_x86_64-pc-linux-gnu.tar.gz’
* DONE (GenomicTools.fileHandler)
* installing *source* package ‘CeTF’ ...
** this is package ‘CeTF’ version ‘1.24.0’
** using staged installation
** libs
using C++ compiler: ‘g++ (Ubuntu 13.3.0-6ubuntu2~24.04.1) 13.3.0’
g++ -std=gnu++20 -I"/usr/local/lib/R/include" -DNDEBUG  -I'/usr/local/lib/R/site-library/Rcpp/include' -I'/mnt/library/RcppArmadillo/include' -I/usr/local/include    -fpic  -g -O2 -fstack-protector-strong -Wformat -Werror=format-security -Wdate-time -D_FORTIFY_SOURCE=2 -g   -c PCIT.cpp -o PCIT.o
g++ -std=gnu++20 -I"/usr/local/lib/R/include" -DNDEBUG  -I'/usr/local/lib/R/site-library/Rcpp/include' -I'/mnt/library/RcppArmadillo/include' -I/usr/local/include    -fpic  -g -O2 -fstack-protector-strong -Wformat -Werror=format-security -Wdate-time -D_FORTIFY_SOURCE=2 -g   -c RcppExports.cpp -o RcppExports.o
g++ -std=gnu++20 -shared -L/usr/local/lib/R/lib -L/usr/local/lib -o CeTF.so PCIT.o RcppExports.o -L/usr/local/lib/R/lib -lR
installing to /tmp/library/00LOCK-CeTF/00new/CeTF/libs
** R
** data
*** moving datasets to lazyload DB
** inst
** byte-compile and prepare package for lazy loading
** help
*** installing help indices
** building package indices
** installing vignettes
** testing if installed package can be loaded from temporary location
** checking absolute paths in shared objects and dynamic libraries
** testing if installed package can be loaded from final location
** testing if installed package keeps a record of temporary installation path
* SHA256 sums
* creating tarball
packaged installation of ‘CeTF’ as ‘CeTF_1.24.0_R_x86_64-pc-linux-gnu.tar.gz’
* DONE (CeTF)

The downloaded source packages are in
	‘/tmp/RtmpIs0LdW/downloaded_packages’
Old packages: 'diffobj', 'httr2', 'pak', 'pkgdown', 'urlchecker', 'xfun',
  'zip', 'MASS', 'nlme', 'survival'

real	1m18.290s
user	1m2.213s
sys	0m8.183s
