+ Rscript -e 'Sys.setenv(BIOCONDUCTOR_USE_CONTAINER_REPOSITORY=FALSE);
  p <- .libPaths();
  p <- c('\''/tmp/library'\'', '\''/mnt/library'\'', p);
  .libPaths(p);
  if(BiocManager::install('\''bioDist'\'', INSTALL_opts = '\''--build'\'', update = TRUE, quiet = FALSE, dependencies=TRUE, force = TRUE, keep_outputs = TRUE) %in% rownames(installed.packages())) q(status = 0) else q(status = 1)'
'getOption("repos")' replaces Bioconductor standard repositories, see
'help("repositories", package = "BiocManager")' for details.
Replacement repositories:
    CRAN: https://p3m.dev/cran/__linux__/noble/latest
Bioconductor version 3.24 (BiocManager 1.30.27), R 4.6.1 (2026-06-24)
Installing package(s) 'bioDist'
trying URL 'https://bioconductor.org/packages/3.24/bioc/src/contrib/bioDist_1.85.0.tar.gz'
Content type 'application/x-gzip' length 210709 bytes (205 KB)
==================================================
downloaded 205 KB

* installing *source* package ‘bioDist’ ...
** this is package ‘bioDist’ version ‘1.85.0’
** package ‘bioDist’ successfully unpacked and MD5 sums checked
** using staged installation
** R
** inst
** byte-compile and prepare package for lazy loading
** help
*** installing help indices
** building package indices
** installing vignettes
** testing if installed package can be loaded from temporary location
** testing if installed package can be loaded from final location
** testing if installed package keeps a record of temporary installation path
* SHA256 sums
* creating tarball
packaged installation of ‘bioDist’ as ‘bioDist_1.85.0_R_x86_64-pc-linux-gnu.tar.gz’
* DONE (bioDist)

The downloaded source packages are in
	‘/tmp/RtmpbyjqQP/downloaded_packages’

real	0m12.866s
user	0m7.020s
sys	0m2.569s
