+ Rscript -e 'Sys.setenv(BIOCONDUCTOR_USE_CONTAINER_REPOSITORY=FALSE);
  p <- .libPaths();
  p <- c('\''/tmp/library'\'', '\''/mnt/library'\'', p);
  .libPaths(p);
  if(BiocManager::install('\''ChAMP'\'', INSTALL_opts = '\''--build'\'', update = TRUE, quiet = FALSE, dependencies=TRUE, force = TRUE, keep_outputs = TRUE) %in% rownames(installed.packages())) q(status = 0) else q(status = 1)'
'getOption("repos")' replaces Bioconductor standard repositories, see
'help("repositories", package = "BiocManager")' for details.
Replacement repositories:
    CRAN: https://p3m.dev/cran/__linux__/noble/latest
Bioconductor version 3.24 (BiocManager 1.30.27), R 4.6.1 (2026-06-24)
Installing package(s) 'ChAMP'
trying URL 'https://bioconductor.org/packages/3.24/bioc/src/contrib/ChAMP_2.43.0.tar.gz'
Content type 'application/x-gzip' length 8336401 bytes (8.0 MB)
==================================================
downloaded 8.0 MB

* installing *source* package ‘ChAMP’ ...
** this is package ‘ChAMP’ version ‘2.43.0’
** package ‘ChAMP’ successfully unpacked and MD5 sums checked
** using staged installation
** R
** inst
** byte-compile and prepare package for lazy loading
No methods found in package 'RSQLite' for request: 'dbListFields' when loading 'lumi'
Warning: replacing previous import 'plyr::mutate' by 'plotly::mutate' when loading 'ChAMP'
Warning: replacing previous import 'plyr::rename' by 'plotly::rename' when loading 'ChAMP'
Warning: replacing previous import 'plyr::arrange' by 'plotly::arrange' when loading 'ChAMP'
Warning: replacing previous import 'plyr::summarise' by 'plotly::summarise' when loading 'ChAMP'
Warning: replacing previous import 'plotly::subplot' by 'Hmisc::subplot' when loading 'ChAMP'
Warning: replacing previous import 'plyr::summarize' by 'Hmisc::summarize' when loading 'ChAMP'
Warning: replacing previous import 'plyr::is.discrete' by 'Hmisc::is.discrete' when loading 'ChAMP'
Warning: replacing previous import 'plotly::last_plot' by 'ggplot2::last_plot' when loading 'ChAMP'
Warning: replacing previous import 'globaltest::model.matrix' by 'stats::model.matrix' when loading 'ChAMP'
Warning: replacing previous import 'globaltest::p.adjust' by 'stats::p.adjust' when loading 'ChAMP'
Note: possible error in 'dmrcate(myannotation, ': unused argument (mc.cores = cores) 
** help
*** installing help indices
** building package indices
** installing vignettes
** testing if installed package can be loaded from temporary location
No methods found in package 'RSQLite' for request: 'dbListFields' when loading 'lumi'
Warning: replacing previous import 'plyr::mutate' by 'plotly::mutate' when loading 'ChAMP'
Warning: replacing previous import 'plyr::rename' by 'plotly::rename' when loading 'ChAMP'
Warning: replacing previous import 'plyr::arrange' by 'plotly::arrange' when loading 'ChAMP'
Warning: replacing previous import 'plyr::summarise' by 'plotly::summarise' when loading 'ChAMP'
Warning: replacing previous import 'plotly::subplot' by 'Hmisc::subplot' when loading 'ChAMP'
Warning: replacing previous import 'plyr::summarize' by 'Hmisc::summarize' when loading 'ChAMP'
Warning: replacing previous import 'plyr::is.discrete' by 'Hmisc::is.discrete' when loading 'ChAMP'
Warning: replacing previous import 'plotly::last_plot' by 'ggplot2::last_plot' when loading 'ChAMP'
Warning: replacing previous import 'globaltest::model.matrix' by 'stats::model.matrix' when loading 'ChAMP'
Warning: replacing previous import 'globaltest::p.adjust' by 'stats::p.adjust' when loading 'ChAMP'
** testing if installed package can be loaded from final location
No methods found in package 'RSQLite' for request: 'dbListFields' when loading 'lumi'
Warning: replacing previous import 'plyr::mutate' by 'plotly::mutate' when loading 'ChAMP'
Warning: replacing previous import 'plyr::rename' by 'plotly::rename' when loading 'ChAMP'
Warning: replacing previous import 'plyr::arrange' by 'plotly::arrange' when loading 'ChAMP'
Warning: replacing previous import 'plyr::summarise' by 'plotly::summarise' when loading 'ChAMP'
Warning: replacing previous import 'plotly::subplot' by 'Hmisc::subplot' when loading 'ChAMP'
Warning: replacing previous import 'plyr::summarize' by 'Hmisc::summarize' when loading 'ChAMP'
Warning: replacing previous import 'plyr::is.discrete' by 'Hmisc::is.discrete' when loading 'ChAMP'
Warning: replacing previous import 'plotly::last_plot' by 'ggplot2::last_plot' when loading 'ChAMP'
Warning: replacing previous import 'globaltest::model.matrix' by 'stats::model.matrix' when loading 'ChAMP'
Warning: replacing previous import 'globaltest::p.adjust' by 'stats::p.adjust' when loading 'ChAMP'
** testing if installed package keeps a record of temporary installation path
* SHA256 sums
* creating tarball
packaged installation of ‘ChAMP’ as ‘ChAMP_2.43.0_R_x86_64-pc-linux-gnu.tar.gz’
* DONE (ChAMP)

The downloaded source packages are in
	‘/tmp/Rtmp1uGzv9/downloaded_packages’
Old packages: 'diffobj'

real	1m40.736s
user	1m19.376s
sys	0m11.660s
