+ Rscript -e 'Sys.setenv(BIOCONDUCTOR_USE_CONTAINER_REPOSITORY=FALSE);
  p <- .libPaths();
  p <- c('\''/tmp/library'\'', '\''/mnt/library'\'', p);
  .libPaths(p);
  if(BiocManager::install('\''ontoProc2'\'', INSTALL_opts = '\''--build'\'', update = TRUE, quiet = FALSE, dependencies=TRUE, force = TRUE, keep_outputs = TRUE) %in% rownames(installed.packages())) q(status = 0) else q(status = 1)'
'getOption("repos")' replaces Bioconductor standard repositories, see
'help("repositories", package = "BiocManager")' for details.
Replacement repositories:
    CRAN: https://p3m.dev/cran/__linux__/noble/latest
Bioconductor version 3.24 (BiocManager 1.30.27), R 4.6.1 (2026-06-24)
Installing package(s) 'ontoProc2'
also installing the dependencies ‘paintmap’, ‘ontologyPlot’

trying URL 'https://p3m.dev/cran/__linux__/noble/latest/src/contrib/paintmap_1.0.tar.gz'
trying URL 'https://p3m.dev/cran/__linux__/noble/latest/src/contrib/ontologyPlot_1.7.tar.gz'
trying URL 'https://bioconductor.org/packages/3.24/bioc/src/contrib/ontoProc2_0.99.28.tar.gz'
* installing *binary* package ‘paintmap’ ...
* package ‘paintmap’ successfully unpacked and SHA256 sums checked
* ‘paintmap’ was already a binary package and will not be rebuilt
* SHA256 sums
* creating tarball
packaged installation of ‘paintmap’ as ‘paintmap_1.0_R_x86_64-pc-linux-gnu.tar.gz’
* DONE (paintmap)
* installing *binary* package ‘ontologyPlot’ ...
* package ‘ontologyPlot’ successfully unpacked and SHA256 sums checked
* ‘ontologyPlot’ was already a binary package and will not be rebuilt
* SHA256 sums
* creating tarball
packaged installation of ‘ontologyPlot’ as ‘ontologyPlot_1.7_R_x86_64-pc-linux-gnu.tar.gz’
* DONE (ontologyPlot)
* installing *source* package ‘ontoProc2’ ...
** this is package ‘ontoProc2’ version ‘0.99.28’
** package ‘ontoProc2’ successfully unpacked and MD5 sums checked
** using staged installation
** R
** data
** inst
** byte-compile and prepare package for lazy loading
** help
*** installing help indices
** building package indices
** installing vignettes
** testing if installed package can be loaded from temporary location
** testing if installed package can be loaded from final location
** testing if installed package keeps a record of temporary installation path
* SHA256 sums
* creating tarball
packaged installation of ‘ontoProc2’ as ‘ontoProc2_0.99.28_R_x86_64-pc-linux-gnu.tar.gz’
* DONE (ontoProc2)

The downloaded source packages are in
	‘/tmp/RtmphPZacE/downloaded_packages’
Old packages: 'diffobj'

real	0m16.150s
user	0m11.374s
sys	0m3.487s
