+ Rscript -e 'Sys.setenv(BIOCONDUCTOR_USE_CONTAINER_REPOSITORY=FALSE);
  p <- .libPaths();
  p <- c('\''/tmp/library'\'', '\''/mnt/library'\'', p);
  .libPaths(p);
  if(BiocManager::install('\''AWFisher'\'', INSTALL_opts = '\''--build'\'', update = TRUE, quiet = FALSE, dependencies=TRUE, force = TRUE, keep_outputs = TRUE) %in% rownames(installed.packages())) q(status = 0) else q(status = 1)'
'getOption("repos")' replaces Bioconductor standard repositories, see
'help("repositories", package = "BiocManager")' for details.
Replacement repositories:
    CRAN: https://p3m.dev/cran/__linux__/noble/latest
Bioconductor version 3.24 (BiocManager 1.30.27), R 4.6.1 (2026-06-24)
Installing package(s) 'AWFisher'
also installing the dependency ‘tightClust’

trying URL 'https://p3m.dev/cran/__linux__/noble/latest/src/contrib/tightClust_1.1.tar.gz'
trying URL 'https://bioconductor.org/packages/3.24/bioc/src/contrib/AWFisher_1.27.0.tar.gz'
* installing *binary* package ‘tightClust’ ...
* package ‘tightClust’ successfully unpacked and SHA256 sums checked
* ‘tightClust’ was already a binary package and will not be rebuilt
* SHA256 sums
* creating tarball
packaged installation of ‘tightClust’ as ‘tightClust_1.1_R_x86_64-pc-linux-gnu.tar.gz’
* DONE (tightClust)
* installing *source* package ‘AWFisher’ ...
** this is package ‘AWFisher’ version ‘1.27.0’
** package ‘AWFisher’ successfully unpacked and MD5 sums checked
** using staged installation
** libs
using C++ compiler: ‘g++ (Ubuntu 13.3.0-6ubuntu2~24.04.1) 13.3.0’
g++ -std=gnu++20 -I"/usr/local/lib/R/include" -DNDEBUG   -I/usr/local/include    -fpic  -g -O2 -fstack-protector-strong -Wformat -Werror=format-security -Wdate-time -D_FORTIFY_SOURCE=2 -g   -c AWFisher.cpp -o AWFisher.o
g++ -std=gnu++20 -shared -L/usr/local/lib/R/lib -L/usr/local/lib -o AWFisher.so AWFisher.o -L/usr/local/lib/R/lib -lR
installing to /tmp/library/00LOCK-AWFisher/00new/AWFisher/libs
** R
** data
** inst
** byte-compile and prepare package for lazy loading
** help
*** installing help indices
** building package indices
** installing vignettes
** testing if installed package can be loaded from temporary location
** checking absolute paths in shared objects and dynamic libraries
** testing if installed package can be loaded from final location
** testing if installed package keeps a record of temporary installation path
* SHA256 sums
* creating tarball
packaged installation of ‘AWFisher’ as ‘AWFisher_1.27.0_R_x86_64-pc-linux-gnu.tar.gz’
* DONE (AWFisher)

The downloaded source packages are in
	‘/tmp/Rtmp1ZJhAv/downloaded_packages’
Old packages: 'diffobj'

real	0m15.738s
user	0m6.667s
sys	0m3.333s
