+ Rscript -e 'Sys.setenv(BIOCONDUCTOR_USE_CONTAINER_REPOSITORY=FALSE);
  p <- .libPaths();
  p <- c('\''/tmp/library'\'', '\''/mnt/library'\'', p);
  .libPaths(p);
  if(BiocManager::install('\''gage'\'', INSTALL_opts = '\''--build'\'', update = TRUE, quiet = FALSE, dependencies=TRUE, force = TRUE, keep_outputs = TRUE) %in% rownames(installed.packages())) q(status = 0) else q(status = 1)'
'getOption("repos")' replaces Bioconductor standard repositories, see
'help("repositories", package = "BiocManager")' for details.
Replacement repositories:
    CRAN: https://p3m.dev/cran/__linux__/noble/latest
Bioconductor version 3.24 (BiocManager 1.30.27), R 4.6.1 (2026-06-24)
Installing package(s) 'gage'
also installing the dependency ‘gageData’

trying URL 'https://bioconductor.org/packages/3.24/data/experiment/src/contrib/gageData_2.51.0.tar.gz'
trying URL 'https://bioconductor.org/packages/3.24/bioc/src/contrib/gage_2.63.0.tar.gz'
* installing *source* package ‘gageData’ ...
** this is package ‘gageData’ version ‘2.51.0’
** using staged installation
** data
** help
*** installing help indices
** building package indices
** testing if installed package can be loaded from temporary location
** testing if installed package can be loaded from final location
** testing if installed package keeps a record of temporary installation path
* SHA256 sums
* creating tarball
packaged installation of ‘gageData’ as ‘gageData_2.51.0_R_x86_64-pc-linux-gnu.tar.gz’
* DONE (gageData)
* installing *source* package ‘gage’ ...
** this is package ‘gage’ version ‘2.63.0’
** package ‘gage’ successfully unpacked and MD5 sums checked
** using staged installation
** R
** data
** inst
** byte-compile and prepare package for lazy loading
** help
*** installing help indices
** building package indices
** installing vignettes
** testing if installed package can be loaded from temporary location
** testing if installed package can be loaded from final location
** testing if installed package keeps a record of temporary installation path
* SHA256 sums
* creating tarball
packaged installation of ‘gage’ as ‘gage_2.63.0_R_x86_64-pc-linux-gnu.tar.gz’
* DONE (gage)

The downloaded source packages are in
	‘/tmp/RtmpXumL8I/downloaded_packages’

real	0m25.049s
user	0m17.975s
sys	0m4.796s
