+ Rscript -e 'Sys.setenv(BIOCONDUCTOR_USE_CONTAINER_REPOSITORY=FALSE);
  p <- .libPaths();
  p <- c('\''/tmp/library'\'', '\''/mnt/library'\'', p);
  .libPaths(p);
  if(BiocManager::install('\''groHMM'\'', INSTALL_opts = '\''--build'\'', update = TRUE, quiet = FALSE, dependencies=TRUE, force = TRUE, keep_outputs = TRUE) %in% rownames(installed.packages())) q(status = 0) else q(status = 1)'
'getOption("repos")' replaces Bioconductor standard repositories, see
'help("repositories", package = "BiocManager")' for details.
Replacement repositories:
    CRAN: https://p3m.dev/cran/__linux__/noble/latest
Bioconductor version 3.24 (BiocManager 1.30.27), R 4.6.1 (2026-06-24)
Installing package(s) 'groHMM'
trying URL 'https://bioconductor.org/packages/3.24/bioc/src/contrib/groHMM_1.47.0.tar.gz'
Content type 'application/x-gzip' length 4365503 bytes (4.2 MB)
==================================================
downloaded 4.2 MB

* installing *source* package ‘groHMM’ ...
** this is package ‘groHMM’ version ‘1.47.0’
** package ‘groHMM’ successfully unpacked and MD5 sums checked
** using staged installation
** libs
using C compiler: ‘gcc (Ubuntu 13.3.0-6ubuntu2~24.04.1) 13.3.0’
gcc -std=gnu2x -I"/usr/local/lib/R/include" -DNDEBUG   -I/usr/local/include    -fpic  -g -O2 -fstack-protector-strong -Wformat -Werror=format-security -Wdate-time -D_FORTIFY_SOURCE=2 -g  -c AnnotateProbes.c -o AnnotateProbes.o
gcc -std=gnu2x -I"/usr/local/lib/R/include" -DNDEBUG   -I/usr/local/include    -fpic  -g -O2 -fstack-protector-strong -Wformat -Werror=format-security -Wdate-time -D_FORTIFY_SOURCE=2 -g  -c DecayAlgorithm.c -o DecayAlgorithm.o
gcc -std=gnu2x -I"/usr/local/lib/R/include" -DNDEBUG   -I/usr/local/include    -fpic  -g -O2 -fstack-protector-strong -Wformat -Werror=format-security -Wdate-time -D_FORTIFY_SOURCE=2 -g  -c MLEfit.c -o MLEfit.o
gcc -std=gnu2x -I"/usr/local/lib/R/include" -DNDEBUG   -I/usr/local/include    -fpic  -g -O2 -fstack-protector-strong -Wformat -Werror=format-security -Wdate-time -D_FORTIFY_SOURCE=2 -g  -c RegisterRRoutines.c -o RegisterRRoutines.o
gcc -std=gnu2x -I"/usr/local/lib/R/include" -DNDEBUG   -I/usr/local/include    -fpic  -g -O2 -fstack-protector-strong -Wformat -Werror=format-security -Wdate-time -D_FORTIFY_SOURCE=2 -g  -c Windowing.c -o Windowing.o
gcc -std=gnu2x -I"/usr/local/lib/R/include" -DNDEBUG   -I/usr/local/include    -fpic  -g -O2 -fstack-protector-strong -Wformat -Werror=format-security -Wdate-time -D_FORTIFY_SOURCE=2 -g  -c hmmEM.c -o hmmEM.o
gcc -std=gnu2x -I"/usr/local/lib/R/include" -DNDEBUG   -I/usr/local/include    -fpic  -g -O2 -fstack-protector-strong -Wformat -Werror=format-security -Wdate-time -D_FORTIFY_SOURCE=2 -g  -c hmmFwBw.c -o hmmFwBw.o
gcc -std=gnu2x -I"/usr/local/lib/R/include" -DNDEBUG   -I/usr/local/include    -fpic  -g -O2 -fstack-protector-strong -Wformat -Werror=format-security -Wdate-time -D_FORTIFY_SOURCE=2 -g  -c hmmMiscFunctions.c -o hmmMiscFunctions.o
hmmMiscFunctions.c: In function ‘SStatsGamma’:
hmmMiscFunctions.c:235:37: warning: format ‘%d’ expects argument of type ‘int’, but argument 2 has type ‘double’ [-Wformat=]
  235 |     if(!(logPP <= epsilon)) Rprintf("[SSallocGamma] -- \
      |                                     ^~~~~~~~~~~~~~~~~~~~
  236 |         Assertion about to fail!  logPP= %d\n", logPP);
      |         ~~~~~~~~~~~~~~~~~~~~~~~~~~~~~~~~~~~~~~  ~~~~~
      |                                                 |
      |                                                 double
gcc -std=gnu2x -I"/usr/local/lib/R/include" -DNDEBUG   -I/usr/local/include    -fpic  -g -O2 -fstack-protector-strong -Wformat -Werror=format-security -Wdate-time -D_FORTIFY_SOURCE=2 -g  -c hmmViterbi.c -o hmmViterbi.o
gcc -std=gnu2x -shared -L/usr/local/lib/R/lib -L/usr/local/lib -o groHMM.so AnnotateProbes.o DecayAlgorithm.o MLEfit.o RegisterRRoutines.o Windowing.o hmmEM.o hmmFwBw.o hmmMiscFunctions.o hmmViterbi.o -L/usr/local/lib/R/lib -lR
installing to /tmp/library/00LOCK-groHMM/00new/groHMM/libs
** R
** inst
** byte-compile and prepare package for lazy loading
** help
*** installing help indices
** building package indices
** installing vignettes
** testing if installed package can be loaded from temporary location
** checking absolute paths in shared objects and dynamic libraries
** testing if installed package can be loaded from final location
** testing if installed package keeps a record of temporary installation path
* SHA256 sums
* creating tarball
packaged installation of ‘groHMM’ as ‘groHMM_1.47.0_R_x86_64-pc-linux-gnu.tar.gz’
* DONE (groHMM)

The downloaded source packages are in
	‘/tmp/RtmpgNX9Ju/downloaded_packages’
Old packages: 'diffobj'

real	0m47.035s
user	0m34.329s
sys	0m5.600s
