+ Rscript -e 'Sys.setenv(BIOCONDUCTOR_USE_CONTAINER_REPOSITORY=FALSE);
  p <- .libPaths();
  p <- c('\''/tmp/library'\'', '\''/mnt/library'\'', p);
  .libPaths(p);
  if(BiocManager::install('\''tidyCoverage'\'', INSTALL_opts = '\''--build'\'', update = TRUE, quiet = FALSE, dependencies=TRUE, force = TRUE, keep_outputs = TRUE) %in% rownames(installed.packages())) q(status = 0) else q(status = 1)'
'getOption("repos")' replaces Bioconductor standard repositories, see
'help("repositories", package = "BiocManager")' for details.
Replacement repositories:
    CRAN: https://p3m.dev/cran/__linux__/noble/latest
Bioconductor version 3.24 (BiocManager 1.30.27), R 4.6.1 (2026-06-24)
Installing package(s) 'tidyCoverage'
also installing the dependency ‘hues’

trying URL 'https://p3m.dev/cran/__linux__/noble/latest/src/contrib/hues_0.2.0.tar.gz'
trying URL 'https://bioconductor.org/packages/3.24/bioc/src/contrib/tidyCoverage_1.9.0.tar.gz'
* installing *binary* package ‘hues’ ...
* package ‘hues’ successfully unpacked and SHA256 sums checked
* ‘hues’ was already a binary package and will not be rebuilt
* SHA256 sums
* creating tarball
packaged installation of ‘hues’ as ‘hues_0.2.0_R_x86_64-pc-linux-gnu.tar.gz’
* DONE (hues)
* installing *source* package ‘tidyCoverage’ ...
** this is package ‘tidyCoverage’ version ‘1.9.0’
** package ‘tidyCoverage’ successfully unpacked and MD5 sums checked
** using staged installation
** R
** data
** inst
** byte-compile and prepare package for lazy loading
** help
*** installing help indices
*** copying figures
** building package indices
** installing vignettes
** testing if installed package can be loaded from temporary location
ℹ tidyCoverage says: The tidy printing is now handled externally.
If you want to visualize the data in a tidy way, do `library(tidyprint)`.
See `https://github.com/tidyomics/tidyprint` for more information.
** testing if installed package can be loaded from final location
ℹ tidyCoverage says: The tidy printing is now handled externally.
If you want to visualize the data in a tidy way, do `library(tidyprint)`.
See `https://github.com/tidyomics/tidyprint` for more information.
** testing if installed package keeps a record of temporary installation path
* SHA256 sums
* creating tarball
packaged installation of ‘tidyCoverage’ as ‘tidyCoverage_1.9.0_R_x86_64-pc-linux-gnu.tar.gz’
* DONE (tidyCoverage)

The downloaded source packages are in
	‘/tmp/RtmpHL9MQX/downloaded_packages’

real	0m51.752s
user	0m37.684s
sys	0m5.665s
