+ Rscript -e 'Sys.setenv(BIOCONDUCTOR_USE_CONTAINER_REPOSITORY=FALSE);
  p <- .libPaths();
  p <- c('\''/tmp/library'\'', '\''/mnt/library'\'', p);
  .libPaths(p);
  if(BiocManager::install('\''ReportingTools'\'', INSTALL_opts = '\''--build'\'', update = TRUE, quiet = FALSE, dependencies=TRUE, force = TRUE, keep_outputs = TRUE) %in% rownames(installed.packages())) q(status = 0) else q(status = 1)'
'getOption("repos")' replaces Bioconductor standard repositories, see
'help("repositories", package = "BiocManager")' for details.
Replacement repositories:
    CRAN: https://p3m.dev/cran/__linux__/noble/latest
Bioconductor version 3.24 (BiocManager 1.30.27), R 4.6.1 (2026-06-24)
Installing package(s) 'ReportingTools'
trying URL 'https://bioconductor.org/packages/3.24/bioc/src/contrib/ReportingTools_2.53.0.tar.gz'
Content type 'application/x-gzip' length 1877885 bytes (1.8 MB)
==================================================
downloaded 1.8 MB

* installing *source* package ‘ReportingTools’ ...
** this is package ‘ReportingTools’ version ‘2.53.0’
** package ‘ReportingTools’ successfully unpacked and MD5 sums checked
** using staged installation
** R
** data
** inst
** byte-compile and prepare package for lazy loading
in method for 'objectToHTML' with signature 'object="ggbio"': no definition for class "ggbio"
** help
*** installing help indices
** building package indices
** installing vignettes
** testing if installed package can be loaded from temporary location
** testing if installed package can be loaded from final location
** testing if installed package keeps a record of temporary installation path
* SHA256 sums
* creating tarball
packaged installation of ‘ReportingTools’ as ‘ReportingTools_2.53.0_R_x86_64-pc-linux-gnu.tar.gz’
* DONE (ReportingTools)

The downloaded source packages are in
	‘/tmp/RtmpBmTqtT/downloaded_packages’
Old packages: 'diffobj'

real	1m14.294s
user	0m58.923s
sys	0m7.592s
