+ Rscript -e 'Sys.setenv(BIOCONDUCTOR_USE_CONTAINER_REPOSITORY=FALSE);
  p <- .libPaths();
  p <- c('\''/tmp/library'\'', '\''/mnt/library'\'', p);
  .libPaths(p);
  if(BiocManager::install('\''clusterExperiment'\'', INSTALL_opts = '\''--build'\'', update = TRUE, quiet = FALSE, dependencies=TRUE, force = TRUE, keep_outputs = TRUE) %in% rownames(installed.packages())) q(status = 0) else q(status = 1)'
'getOption("repos")' replaces Bioconductor standard repositories, see
'help("repositories", package = "BiocManager")' for details.
Replacement repositories:
    CRAN: https://p3m.dev/cran/__linux__/noble/latest
Bioconductor version 3.24 (BiocManager 1.30.27), R 4.6.1 (2026-06-24)
Installing package(s) 'clusterExperiment'
trying URL 'https://bioconductor.org/packages/3.24/bioc/src/contrib/clusterExperiment_2.33.0.tar.gz'
Content type 'application/x-gzip' length 12503093 bytes (11.9 MB)
==================================================
downloaded 11.9 MB

* installing *source* package ‘clusterExperiment’ ...
** this is package ‘clusterExperiment’ version ‘2.33.0’
** package ‘clusterExperiment’ successfully unpacked and MD5 sums checked
** using staged installation
** libs
specified C++11
using C++ compiler: ‘g++ (Ubuntu 13.3.0-6ubuntu2~24.04.1) 13.3.0’
g++ -std=gnu++20 -I"/usr/local/lib/R/include" -DNDEBUG  -I'/usr/local/lib/R/site-library/Rcpp/include' -I/usr/local/include    -fpic  -g -O2 -fstack-protector-strong -Wformat -Werror=format-security -Wdate-time -D_FORTIFY_SOURCE=2 -g   -c RcppExports.cpp -o RcppExports.o
g++ -std=gnu++20 -I"/usr/local/lib/R/include" -DNDEBUG  -I'/usr/local/lib/R/site-library/Rcpp/include' -I/usr/local/include    -fpic  -g -O2 -fstack-protector-strong -Wformat -Werror=format-security -Wdate-time -D_FORTIFY_SOURCE=2 -g   -c search_pairs.cpp -o search_pairs.o
g++ -std=gnu++20 -I"/usr/local/lib/R/include" -DNDEBUG  -I'/usr/local/lib/R/site-library/Rcpp/include' -I/usr/local/include    -fpic  -g -O2 -fstack-protector-strong -Wformat -Werror=format-security -Wdate-time -D_FORTIFY_SOURCE=2 -g   -c subsampleLoop.cpp -o subsampleLoop.o
g++ -std=gnu++20 -shared -L/usr/local/lib/R/lib -L/usr/local/lib -o clusterExperiment.so RcppExports.o search_pairs.o subsampleLoop.o -llapack -lblas -lgfortran -lm -lquadmath -L/usr/local/lib/R/lib -lR
installing to /tmp/library/00LOCK-clusterExperiment/00new/clusterExperiment/libs
** R
** data
** inst
** byte-compile and prepare package for lazy loading
Found more than one class "Annotated" in cache; using the first, from namespace 'S4Vectors'
Also defined by ‘RNeXML’
Found more than one class "Annotated" in cache; using the first, from namespace 'S4Vectors'
Also defined by ‘RNeXML’
Found more than one class "Annotated" in cache; using the first, from namespace 'S4Vectors'
Also defined by ‘RNeXML’
Found more than one class "Annotated" in cache; using the first, from namespace 'S4Vectors'
Also defined by ‘RNeXML’
** help
*** installing help indices
** building package indices
** installing vignettes
** testing if installed package can be loaded from temporary location
** checking absolute paths in shared objects and dynamic libraries
** testing if installed package can be loaded from final location
** testing if installed package keeps a record of temporary installation path
* SHA256 sums
* creating tarball
packaged installation of ‘clusterExperiment’ as ‘clusterExperiment_2.33.0_R_x86_64-pc-linux-gnu.tar.gz’
* DONE (clusterExperiment)

The downloaded source packages are in
	‘/tmp/RtmpGfEDtj/downloaded_packages’
Old packages: 'diffobj'

real	1m17.541s
user	1m1.173s
sys	0m7.818s
