+ Rscript -e 'Sys.setenv(BIOCONDUCTOR_USE_CONTAINER_REPOSITORY=FALSE);
  p <- .libPaths();
  p <- c('\''/tmp/library'\'', '\''/mnt/library'\'', p);
  .libPaths(p);
  if(BiocManager::install('\''banocc'\'', INSTALL_opts = '\''--build'\'', update = TRUE, quiet = FALSE, dependencies=TRUE, force = TRUE, keep_outputs = TRUE) %in% rownames(installed.packages())) q(status = 0) else q(status = 1)'
'getOption("repos")' replaces Bioconductor standard repositories, see
'help("repositories", package = "BiocManager")' for details.
Replacement repositories:
    CRAN: https://p3m.dev/cran/__linux__/noble/latest
Bioconductor version 3.23 (BiocManager 1.30.27), R 4.6.1 (2026-06-24)
Installing package(s) 'banocc'
also installing the dependencies ‘distributional’, ‘posterior’, ‘StanHeaders’, ‘inline’, ‘loo’, ‘QuickJSR’, ‘rstan’

trying URL 'https://p3m.dev/cran/__linux__/noble/latest/src/contrib/distributional_0.8.1.tar.gz'
trying URL 'https://p3m.dev/cran/__linux__/noble/latest/src/contrib/posterior_1.7.0.tar.gz'
trying URL 'https://p3m.dev/cran/__linux__/noble/latest/src/contrib/StanHeaders_2.32.10.tar.gz'
trying URL 'https://p3m.dev/cran/__linux__/noble/latest/src/contrib/inline_0.3.21.tar.gz'
trying URL 'https://p3m.dev/cran/__linux__/noble/latest/src/contrib/loo_2.10.0.tar.gz'
trying URL 'https://p3m.dev/cran/__linux__/noble/latest/src/contrib/QuickJSR_1.10.0.tar.gz'
trying URL 'https://p3m.dev/cran/__linux__/noble/latest/src/contrib/rstan_2.32.7.tar.gz'
trying URL 'https://bioconductor.org/packages/3.23/bioc/src/contrib/banocc_1.36.0.tar.gz'
* installing *binary* package ‘distributional’ ...
* package ‘distributional’ successfully unpacked and SHA256 sums checked
* ‘distributional’ was already a binary package and will not be rebuilt
* SHA256 sums
* creating tarball
packaged installation of ‘distributional’ as ‘distributional_0.8.1_R_x86_64-pc-linux-gnu.tar.gz’
* DONE (distributional)
* installing *binary* package ‘StanHeaders’ ...
* package ‘StanHeaders’ successfully unpacked and SHA256 sums checked
* ‘StanHeaders’ was already a binary package and will not be rebuilt
* SHA256 sums
* creating tarball
packaged installation of ‘StanHeaders’ as ‘StanHeaders_2.32.10_R_x86_64-pc-linux-gnu.tar.gz’
* DONE (StanHeaders)
* installing *binary* package ‘inline’ ...
* package ‘inline’ successfully unpacked and SHA256 sums checked
* ‘inline’ was already a binary package and will not be rebuilt
* SHA256 sums
* creating tarball
packaged installation of ‘inline’ as ‘inline_0.3.21_R_x86_64-pc-linux-gnu.tar.gz’
* DONE (inline)
* installing *binary* package ‘QuickJSR’ ...
* package ‘QuickJSR’ successfully unpacked and SHA256 sums checked
* ‘QuickJSR’ was already a binary package and will not be rebuilt
* SHA256 sums
* creating tarball
packaged installation of ‘QuickJSR’ as ‘QuickJSR_1.10.0_R_x86_64-pc-linux-gnu.tar.gz’
* DONE (QuickJSR)
* installing *binary* package ‘posterior’ ...
* package ‘posterior’ successfully unpacked and SHA256 sums checked
* ‘posterior’ was already a binary package and will not be rebuilt
* SHA256 sums
* creating tarball
packaged installation of ‘posterior’ as ‘posterior_1.7.0_R_x86_64-pc-linux-gnu.tar.gz’
* DONE (posterior)
* installing *binary* package ‘loo’ ...
* package ‘loo’ successfully unpacked and SHA256 sums checked
* ‘loo’ was already a binary package and will not be rebuilt
* SHA256 sums
* creating tarball
packaged installation of ‘loo’ as ‘loo_2.10.0_R_x86_64-pc-linux-gnu.tar.gz’
* DONE (loo)
* installing *binary* package ‘rstan’ ...
* package ‘rstan’ successfully unpacked and SHA256 sums checked
* ‘rstan’ was already a binary package and will not be rebuilt
* SHA256 sums
* creating tarball
packaged installation of ‘rstan’ as ‘rstan_2.32.7_R_x86_64-pc-linux-gnu.tar.gz’
* DONE (rstan)
* installing *source* package ‘banocc’ ...
** this is package ‘banocc’ version ‘1.36.0’
** using staged installation
** R
** data
** inst
** byte-compile and prepare package for lazy loading
** help
*** installing help indices
** building package indices
** installing vignettes
** testing if installed package can be loaded from temporary location
** testing if installed package can be loaded from final location
** testing if installed package keeps a record of temporary installation path
* SHA256 sums
* creating tarball
packaged installation of ‘banocc’ as ‘banocc_1.36.0_R_x86_64-pc-linux-gnu.tar.gz’
* DONE (banocc)

The downloaded source packages are in
	‘/tmp/RtmpgR8JjZ/downloaded_packages’
Old packages: 'diffobj', 'httr2', 'pak', 'pkgdown', 'urlchecker', 'xfun',
  'zip', 'MASS', 'nlme', 'survival'

real	0m49.107s
user	0m37.777s
sys	0m5.693s
