+ Rscript -e 'Sys.setenv(BIOCONDUCTOR_USE_CONTAINER_REPOSITORY=FALSE);
  p <- .libPaths();
  p <- c('\''/tmp/library'\'', '\''/mnt/library'\'', p);
  .libPaths(p);
  if(BiocManager::install('\''CytoMDS'\'', INSTALL_opts = '\''--build'\'', update = TRUE, quiet = FALSE, dependencies=TRUE, force = TRUE, keep_outputs = TRUE) %in% rownames(installed.packages())) q(status = 0) else q(status = 1)'
'getOption("repos")' replaces Bioconductor standard repositories, see
'help("repositories", package = "BiocManager")' for details.
Replacement repositories:
    CRAN: https://p3m.dev/cran/__linux__/noble/latest
Bioconductor version 3.24 (BiocManager 1.30.27), R 4.6.1 (2026-06-24)
Installing package(s) 'CytoMDS'
also installing the dependency ‘smacof’

trying URL 'https://p3m.dev/cran/__linux__/noble/latest/src/contrib/smacof_2.1-7.tar.gz'
trying URL 'https://bioconductor.org/packages/3.24/bioc/src/contrib/CytoMDS_1.9.0.tar.gz'
* installing *binary* package ‘smacof’ ...
* package ‘smacof’ successfully unpacked and SHA256 sums checked
* ‘smacof’ was already a binary package and will not be rebuilt
* SHA256 sums
* creating tarball
packaged installation of ‘smacof’ as ‘smacof_2.1-7_R_x86_64-pc-linux-gnu.tar.gz’
* DONE (smacof)
* installing *source* package ‘CytoMDS’ ...
** this is package ‘CytoMDS’ version ‘1.9.0’
** package ‘CytoMDS’ successfully unpacked and MD5 sums checked
** using staged installation
** R
** inst
** byte-compile and prepare package for lazy loading
** help
*** installing help indices
** building package indices
** installing vignettes
** testing if installed package can be loaded from temporary location
** testing if installed package can be loaded from final location
** testing if installed package keeps a record of temporary installation path
* SHA256 sums
* creating tarball
packaged installation of ‘CytoMDS’ as ‘CytoMDS_1.9.0_R_x86_64-pc-linux-gnu.tar.gz’
* DONE (CytoMDS)

The downloaded source packages are in
	‘/tmp/RtmpG1NGAj/downloaded_packages’
Old packages: 'diffobj'

real	0m27.393s
user	0m19.878s
sys	0m3.762s
