+ Rscript -e 'Sys.setenv(BIOCONDUCTOR_USE_CONTAINER_REPOSITORY=FALSE);
  p <- .libPaths();
  p <- c('\''/tmp/library'\'', '\''/mnt/library'\'', p);
  .libPaths(p);
  if(BiocManager::install('\''recount3'\'', INSTALL_opts = '\''--build'\'', update = TRUE, quiet = FALSE, dependencies=TRUE, force = TRUE, keep_outputs = TRUE) %in% rownames(installed.packages())) q(status = 0) else q(status = 1)'
'getOption("repos")' replaces Bioconductor standard repositories, see
'help("repositories", package = "BiocManager")' for details.
Replacement repositories:
    CRAN: https://p3m.dev/cran/__linux__/noble/latest
Bioconductor version 3.24 (BiocManager 1.30.27), R 4.6.1 (2026-06-24)
Installing package(s) 'recount3'
also installing the dependency ‘recount’

trying URL 'https://bioconductor.org/packages/3.24/bioc/src/contrib/recount_1.39.0.tar.gz'
trying URL 'https://bioconductor.org/packages/3.24/bioc/src/contrib/recount3_1.23.0.tar.gz'
* installing *source* package ‘recount’ ...
** this is package ‘recount’ version ‘1.39.0’
** package ‘recount’ successfully unpacked and MD5 sums checked
** using staged installation
** R
** data
*** moving datasets to lazyload DB
** inst
** byte-compile and prepare package for lazy loading
** help
*** installing help indices
*** copying figures
** building package indices
** installing vignettes
** testing if installed package can be loaded from temporary location
** testing if installed package can be loaded from final location
** testing if installed package keeps a record of temporary installation path
* SHA256 sums
* creating tarball
packaged installation of ‘recount’ as ‘recount_1.39.0_R_x86_64-pc-linux-gnu.tar.gz’
* DONE (recount)
* installing *source* package ‘recount3’ ...
** this is package ‘recount3’ version ‘1.23.0’
** package ‘recount3’ successfully unpacked and MD5 sums checked
** using staged installation
** R
** inst
** byte-compile and prepare package for lazy loading
** help
*** installing help indices
*** copying figures
** building package indices
** installing vignettes
** testing if installed package can be loaded from temporary location
** testing if installed package can be loaded from final location
** testing if installed package keeps a record of temporary installation path
* SHA256 sums
* creating tarball
packaged installation of ‘recount3’ as ‘recount3_1.23.0_R_x86_64-pc-linux-gnu.tar.gz’
* DONE (recount3)

The downloaded source packages are in
	‘/tmp/Rtmp6txAho/downloaded_packages’

real	1m58.813s
user	1m33.455s
sys	0m9.470s
