+ Rscript -e 'Sys.setenv(BIOCONDUCTOR_USE_CONTAINER_REPOSITORY=FALSE);
  p <- .libPaths();
  p <- c('\''/tmp/library'\'', '\''/mnt/library'\'', p);
  .libPaths(p);
  if(BiocManager::install('\''ABarray'\'', INSTALL_opts = '\''--build'\'', update = TRUE, quiet = FALSE, dependencies=TRUE, force = TRUE, keep_outputs = TRUE) %in% rownames(installed.packages())) q(status = 0) else q(status = 1)'
'getOption("repos")' replaces Bioconductor standard repositories, see
'help("repositories", package = "BiocManager")' for details.
Replacement repositories:
    CRAN: https://p3m.dev/cran/__linux__/noble/latest
Bioconductor version 3.24 (BiocManager 1.30.27), R 4.6.1 (2026-06-24)
Installing package(s) 'ABarray'
trying URL 'https://bioconductor.org/packages/3.24/bioc/src/contrib/ABarray_1.81.0.tar.gz'
Content type 'application/x-gzip' length 704236 bytes (687 KB)
==================================================
downloaded 687 KB

* installing *source* package ‘ABarray’ ...
** this is package ‘ABarray’ version ‘1.81.0’
** package ‘ABarray’ successfully unpacked and MD5 sums checked
** using staged installation
** R
** inst
** byte-compile and prepare package for lazy loading
Warning: no DISPLAY variable so Tk is not available
** help
*** installing help indices
** building package indices
** installing vignettes
** testing if installed package can be loaded from temporary location
Warning: no DISPLAY variable so Tk is not available
** testing if installed package can be loaded from final location
Warning: no DISPLAY variable so Tk is not available
** testing if installed package keeps a record of temporary installation path
* SHA256 sums
* creating tarball
packaged installation of ‘ABarray’ as ‘ABarray_1.81.0_R_x86_64-pc-linux-gnu.tar.gz’
* DONE (ABarray)

The downloaded source packages are in
	‘/tmp/RtmpvKQIMu/downloaded_packages’
Old packages: 'diffobj'

real	0m16.280s
user	0m10.590s
sys	0m3.615s
