+ Rscript -e 'Sys.setenv(BIOCONDUCTOR_USE_CONTAINER_REPOSITORY=FALSE);
  p <- .libPaths();
  p <- c('\''/tmp/library'\'', '\''/mnt/library'\'', p);
  .libPaths(p);
  if(BiocManager::install('\''gatom'\'', INSTALL_opts = '\''--build'\'', update = TRUE, quiet = FALSE, dependencies=TRUE, force = TRUE, keep_outputs = TRUE) %in% rownames(installed.packages())) q(status = 0) else q(status = 1)'
'getOption("repos")' replaces Bioconductor standard repositories, see
'help("repositories", package = "BiocManager")' for details.
Replacement repositories:
    CRAN: https://p3m.dev/cran/__linux__/noble/latest
Bioconductor version 3.23 (BiocManager 1.30.27), R 4.6.1 (2026-06-24)
Installing package(s) 'gatom'
also installing the dependencies ‘mwcsr’, ‘shinyCyJS’

trying URL 'https://p3m.dev/cran/__linux__/noble/latest/src/contrib/mwcsr_0.1.12.tar.gz'
trying URL 'https://p3m.dev/cran/__linux__/noble/latest/src/contrib/shinyCyJS_1.0.0.tar.gz'
trying URL 'https://bioconductor.org/packages/3.23/bioc/src/contrib/gatom_1.10.2.tar.gz'
* installing *binary* package ‘mwcsr’ ...
* package ‘mwcsr’ successfully unpacked and SHA256 sums checked
* ‘mwcsr’ was already a binary package and will not be rebuilt
* SHA256 sums
* creating tarball
packaged installation of ‘mwcsr’ as ‘mwcsr_0.1.12_R_x86_64-pc-linux-gnu.tar.gz’
* DONE (mwcsr)
* installing *binary* package ‘shinyCyJS’ ...
* package ‘shinyCyJS’ successfully unpacked and SHA256 sums checked
* ‘shinyCyJS’ was already a binary package and will not be rebuilt
* SHA256 sums
* creating tarball
packaged installation of ‘shinyCyJS’ as ‘shinyCyJS_1.0.0_R_x86_64-pc-linux-gnu.tar.gz’
* DONE (shinyCyJS)
* installing *source* package ‘gatom’ ...
** this is package ‘gatom’ version ‘1.10.2’
** using staged installation
** R
** data
*** moving datasets to lazyload DB
** inst
** byte-compile and prepare package for lazy loading
** help
*** installing help indices
** building package indices
** installing vignettes
** testing if installed package can be loaded from temporary location
** testing if installed package can be loaded from final location
** testing if installed package keeps a record of temporary installation path
* SHA256 sums
* creating tarball
packaged installation of ‘gatom’ as ‘gatom_1.10.2_R_x86_64-pc-linux-gnu.tar.gz’
* DONE (gatom)

The downloaded source packages are in
	‘/tmp/RtmphkXuI2/downloaded_packages’
Old packages: 'httr2', 'pak', 'pkgdown', 'urlchecker', 'xfun', 'zip', 'MASS',
  'nlme', 'survival'

real	0m25.133s
user	0m20.287s
sys	0m3.726s
