+ Rscript -e 'Sys.setenv(BIOCONDUCTOR_USE_CONTAINER_REPOSITORY=FALSE);
  p <- .libPaths();
  p <- c('\''/tmp/library'\'', '\''/mnt/library'\'', p);
  .libPaths(p);
  if(BiocManager::install('\''ScreenR'\'', INSTALL_opts = '\''--build'\'', update = TRUE, quiet = FALSE, dependencies=TRUE, force = TRUE, keep_outputs = TRUE) %in% rownames(installed.packages())) q(status = 0) else q(status = 1)'
'getOption("repos")' replaces Bioconductor standard repositories, see
'help("repositories", package = "BiocManager")' for details.
Replacement repositories:
    CRAN: https://p3m.dev/cran/__linux__/noble/latest
Bioconductor version 3.23 (BiocManager 1.30.27), R 4.6.1 (2026-06-24)
Installing package(s) 'ScreenR'
also installing the dependency ‘ggvenn’

trying URL 'https://p3m.dev/cran/__linux__/noble/latest/src/contrib/ggvenn_0.1.19.tar.gz'
trying URL 'https://bioconductor.org/packages/3.23/bioc/src/contrib/ScreenR_1.14.0.tar.gz'
* installing *binary* package ‘ggvenn’ ...
* package ‘ggvenn’ successfully unpacked and SHA256 sums checked
* ‘ggvenn’ was already a binary package and will not be rebuilt
* SHA256 sums
* creating tarball
packaged installation of ‘ggvenn’ as ‘ggvenn_0.1.19_R_x86_64-pc-linux-gnu.tar.gz’
* DONE (ggvenn)
* installing *source* package ‘ScreenR’ ...
** this is package ‘ScreenR’ version ‘1.14.0’
** using staged installation
** R
** data
** inst
** byte-compile and prepare package for lazy loading
** help
*** installing help indices
*** copying figures
** building package indices
** installing vignettes
** testing if installed package can be loaded from temporary location
** testing if installed package can be loaded from final location
** testing if installed package keeps a record of temporary installation path
* SHA256 sums
* creating tarball
packaged installation of ‘ScreenR’ as ‘ScreenR_1.14.0_R_x86_64-pc-linux-gnu.tar.gz’
* DONE (ScreenR)

The downloaded source packages are in
	‘/tmp/RtmpQtprsY/downloaded_packages’
Old packages: 'httr2', 'pak', 'pkgdown', 'urlchecker', 'xfun', 'zip', 'MASS',
  'nlme', 'survival'

real	0m14.278s
user	0m9.664s
sys	0m3.219s
