+ Rscript -e 'Sys.setenv(BIOCONDUCTOR_USE_CONTAINER_REPOSITORY=FALSE);
  p <- .libPaths();
  p <- c('\''/tmp/library'\'', '\''/mnt/library'\'', p);
  .libPaths(p);
  if(BiocManager::install('\''gypsum'\'', INSTALL_opts = '\''--build'\'', update = TRUE, quiet = FALSE, dependencies=TRUE, force = TRUE, keep_outputs = TRUE) %in% rownames(installed.packages())) q(status = 0) else q(status = 1)'
'getOption("repos")' replaces Bioconductor standard repositories, see
'help("repositories", package = "BiocManager")' for details.
Replacement repositories:
    CRAN: https://p3m.dev/cran/__linux__/noble/latest
Bioconductor version 3.24 (BiocManager 1.30.27), R 4.6.1 (2026-06-24)
Installing package(s) 'gypsum'
trying URL 'https://bioconductor.org/packages/3.24/bioc/src/contrib/gypsum_1.9.0.tar.gz'
Content type 'application/x-gzip' length 284675 bytes (278 KB)
==================================================
downloaded 278 KB

* installing *source* package ‘gypsum’ ...
** this is package ‘gypsum’ version ‘1.9.0’
** package ‘gypsum’ successfully unpacked and MD5 sums checked
** using staged installation
** R
** inst
** byte-compile and prepare package for lazy loading
** help
*** installing help indices
** building package indices
** installing vignettes
** testing if installed package can be loaded from temporary location
** testing if installed package can be loaded from final location
** testing if installed package keeps a record of temporary installation path
* SHA256 sums
* creating tarball
packaged installation of ‘gypsum’ as ‘gypsum_1.9.0_R_x86_64-pc-linux-gnu.tar.gz’
* DONE (gypsum)

The downloaded source packages are in
	‘/tmp/RtmpNJEWRm/downloaded_packages’

real	0m22.350s
user	0m6.875s
sys	0m2.869s
