+ Rscript -e 'Sys.setenv(BIOCONDUCTOR_USE_CONTAINER_REPOSITORY=FALSE);
  p <- .libPaths();
  p <- c('\''/tmp/library'\'', '\''/mnt/library'\'', p);
  .libPaths(p);
  if(BiocManager::install('\''EnrichmentBrowser'\'', INSTALL_opts = '\''--build'\'', update = TRUE, quiet = FALSE, dependencies=TRUE, force = TRUE, keep_outputs = TRUE) %in% rownames(installed.packages())) q(status = 0) else q(status = 1)'
'getOption("repos")' replaces Bioconductor standard repositories, see
'help("repositories", package = "BiocManager")' for details.
Replacement repositories:
    CRAN: https://p3m.dev/cran/__linux__/noble/latest
Bioconductor version 3.24 (BiocManager 1.30.27), R 4.6.1 (2026-06-24)
Installing package(s) 'EnrichmentBrowser'
also installing the dependency ‘biocGraph’

trying URL 'https://bioconductor.org/packages/3.24/bioc/src/contrib/biocGraph_1.75.0.tar.gz'
trying URL 'https://bioconductor.org/packages/3.24/bioc/src/contrib/EnrichmentBrowser_2.43.0.tar.gz'
* installing *source* package ‘biocGraph’ ...
** this is package ‘biocGraph’ version ‘1.75.0’
** package ‘biocGraph’ successfully unpacked and MD5 sums checked
** using staged installation
** R
** inst
** byte-compile and prepare package for lazy loading
** help
*** installing help indices
** building package indices
** installing vignettes
** testing if installed package can be loaded from temporary location
** testing if installed package can be loaded from final location
** testing if installed package keeps a record of temporary installation path
* SHA256 sums
* creating tarball
packaged installation of ‘biocGraph’ as ‘biocGraph_1.75.0_R_x86_64-pc-linux-gnu.tar.gz’
* DONE (biocGraph)
* installing *source* package ‘EnrichmentBrowser’ ...
** this is package ‘EnrichmentBrowser’ version ‘2.43.0’
** package ‘EnrichmentBrowser’ successfully unpacked and MD5 sums checked
** using staged installation
** R
** inst
** byte-compile and prepare package for lazy loading
** help
*** installing help indices
** building package indices
** installing vignettes
** testing if installed package can be loaded from temporary location
** testing if installed package can be loaded from final location
** testing if installed package keeps a record of temporary installation path
* SHA256 sums
* creating tarball
packaged installation of ‘EnrichmentBrowser’ as ‘EnrichmentBrowser_2.43.0_R_x86_64-pc-linux-gnu.tar.gz’
* DONE (EnrichmentBrowser)

The downloaded source packages are in
	‘/tmp/RtmpTO4oH7/downloaded_packages’

real	0m55.005s
user	0m43.484s
sys	0m6.843s
