+ Rscript -e 'Sys.setenv(BIOCONDUCTOR_USE_CONTAINER_REPOSITORY=FALSE);
  p <- .libPaths();
  p <- c('\''/tmp/library'\'', '\''/mnt/library'\'', p);
  .libPaths(p);
  if(BiocManager::install('\''atena'\'', INSTALL_opts = '\''--build'\'', update = TRUE, quiet = FALSE, dependencies=TRUE, force = TRUE, keep_outputs = TRUE) %in% rownames(installed.packages())) q(status = 0) else q(status = 1)'
'getOption("repos")' replaces Bioconductor standard repositories, see
'help("repositories", package = "BiocManager")' for details.
Replacement repositories:
    CRAN: https://p3m.dev/cran/__linux__/noble/latest
Bioconductor version 3.24 (BiocManager 1.30.27), R 4.6.1 (2026-06-24)
Installing package(s) 'atena'
trying URL 'https://bioconductor.org/packages/3.24/bioc/src/contrib/atena_1.19.0.tar.gz'
Content type 'application/x-gzip' length 1345791 bytes (1.3 MB)
==================================================
downloaded 1.3 MB

* installing *source* package ‘atena’ ...
** this is package ‘atena’ version ‘1.19.0’
** package ‘atena’ successfully unpacked and MD5 sums checked
** using staged installation
** R
** inst
** byte-compile and prepare package for lazy loading
** help
*** installing help indices
** building package indices
** installing vignettes
** testing if installed package can be loaded from temporary location
** testing if installed package can be loaded from final location
** testing if installed package keeps a record of temporary installation path
* SHA256 sums
* creating tarball
packaged installation of ‘atena’ as ‘atena_1.19.0_R_x86_64-pc-linux-gnu.tar.gz’
* DONE (atena)

The downloaded source packages are in
	‘/tmp/Rtmp1Sfp2F/downloaded_packages’

real	1m0.100s
user	0m43.062s
sys	0m6.314s
