+ Rscript -e 'Sys.setenv(BIOCONDUCTOR_USE_CONTAINER_REPOSITORY=FALSE);
  p <- .libPaths();
  p <- c('\''/tmp/library'\'', '\''/mnt/library'\'', p);
  .libPaths(p);
  if(BiocManager::install('\''spatialSimGP'\'', INSTALL_opts = '\''--build'\'', update = TRUE, quiet = FALSE, dependencies=TRUE, force = TRUE, keep_outputs = TRUE) %in% rownames(installed.packages())) q(status = 0) else q(status = 1)'
'getOption("repos")' replaces Bioconductor standard repositories, see
'help("repositories", package = "BiocManager")' for details.
Replacement repositories:
    CRAN: https://p3m.dev/cran/__linux__/noble/latest
Bioconductor version 3.24 (BiocManager 1.30.27), R 4.6.1 (2026-06-24)
Installing package(s) 'spatialSimGP'
trying URL 'https://bioconductor.org/packages/3.24/bioc/src/contrib/spatialSimGP_1.7.0.tar.gz'
Content type 'application/x-gzip' length 712769 bytes (696 KB)
==================================================
downloaded 696 KB

* installing *source* package ‘spatialSimGP’ ...
** this is package ‘spatialSimGP’ version ‘1.7.0’
** package ‘spatialSimGP’ successfully unpacked and MD5 sums checked
** using staged installation
** R
** inst
** byte-compile and prepare package for lazy loading
** help
*** installing help indices
** building package indices
** installing vignettes
** testing if installed package can be loaded from temporary location
** testing if installed package can be loaded from final location
** testing if installed package keeps a record of temporary installation path
* SHA256 sums
* creating tarball
packaged installation of ‘spatialSimGP’ as ‘spatialSimGP_1.7.0_R_x86_64-pc-linux-gnu.tar.gz’
* DONE (spatialSimGP)

The downloaded source packages are in
	‘/tmp/Rtmph4c8Cd/downloaded_packages’
Old packages: 'diffobj'

real	0m30.774s
user	0m25.198s
sys	0m3.746s
