+ Rscript -e 'Sys.setenv(BIOCONDUCTOR_USE_CONTAINER_REPOSITORY=FALSE);
  p <- .libPaths();
  p <- c('\''/tmp/library'\'', '\''/mnt/library'\'', p);
  .libPaths(p);
  if(BiocManager::install('\''dbSequence'\'', INSTALL_opts = '\''--build'\'', update = TRUE, quiet = FALSE, dependencies=TRUE, force = TRUE, keep_outputs = TRUE) %in% rownames(installed.packages())) q(status = 0) else q(status = 1)'
'getOption("repos")' replaces Bioconductor standard repositories, see
'help("repositories", package = "BiocManager")' for details.
Replacement repositories:
    CRAN: https://p3m.dev/cran/__linux__/noble/latest
Bioconductor version 3.24 (BiocManager 1.30.27), R 4.6.1 (2026-06-24)
Installing package(s) 'dbSequence'
also installing the dependencies ‘rscontract’, ‘pins’, ‘connections’, ‘dbProject’

trying URL 'https://p3m.dev/cran/__linux__/noble/latest/src/contrib/rscontract_0.1.2.tar.gz'
trying URL 'https://p3m.dev/cran/__linux__/noble/latest/src/contrib/pins_1.4.2.tar.gz'
trying URL 'https://p3m.dev/cran/__linux__/noble/latest/src/contrib/connections_0.2.1.tar.gz'
trying URL 'https://p3m.dev/cran/__linux__/noble/latest/src/contrib/dbProject_0.1.1.tar.gz'
trying URL 'https://bioconductor.org/packages/3.24/bioc/src/contrib/dbSequence_0.99.1.tar.gz'
* installing *binary* package ‘rscontract’ ...
* package ‘rscontract’ successfully unpacked and SHA256 sums checked
* ‘rscontract’ was already a binary package and will not be rebuilt
* SHA256 sums
* creating tarball
packaged installation of ‘rscontract’ as ‘rscontract_0.1.2_R_x86_64-pc-linux-gnu.tar.gz’
* DONE (rscontract)
* installing *binary* package ‘pins’ ...
* package ‘pins’ successfully unpacked and SHA256 sums checked
* ‘pins’ was already a binary package and will not be rebuilt
* SHA256 sums
* creating tarball
packaged installation of ‘pins’ as ‘pins_1.4.2_R_x86_64-pc-linux-gnu.tar.gz’
* DONE (pins)
* installing *binary* package ‘connections’ ...
* package ‘connections’ successfully unpacked and SHA256 sums checked
* ‘connections’ was already a binary package and will not be rebuilt
* SHA256 sums
* creating tarball
packaged installation of ‘connections’ as ‘connections_0.2.1_R_x86_64-pc-linux-gnu.tar.gz’
* DONE (connections)
* installing *binary* package ‘dbProject’ ...
* package ‘dbProject’ successfully unpacked and SHA256 sums checked
* ‘dbProject’ was already a binary package and will not be rebuilt
* SHA256 sums
* creating tarball
packaged installation of ‘dbProject’ as ‘dbProject_0.1.1_R_x86_64-pc-linux-gnu.tar.gz’
* DONE (dbProject)
* installing *source* package ‘dbSequence’ ...
** this is package ‘dbSequence’ version ‘0.99.1’
** package ‘dbSequence’ successfully unpacked and MD5 sums checked
** using staged installation
** R
** inst
** byte-compile and prepare package for lazy loading
** help
*** installing help indices
** building package indices
** installing vignettes
** testing if installed package can be loaded from temporary location
** testing if installed package can be loaded from final location
** testing if installed package keeps a record of temporary installation path
* SHA256 sums
* creating tarball
packaged installation of ‘dbSequence’ as ‘dbSequence_0.99.1_R_x86_64-pc-linux-gnu.tar.gz’
* DONE (dbSequence)

The downloaded source packages are in
	‘/tmp/RtmpOJTnJh/downloaded_packages’
Old packages: 'diffobj'

real	1m12.915s
user	0m45.423s
sys	0m7.012s
