+ Rscript -e 'Sys.setenv(BIOCONDUCTOR_USE_CONTAINER_REPOSITORY=FALSE);
  p <- .libPaths();
  p <- c('\''/tmp/library'\'', '\''/mnt/library'\'', p);
  .libPaths(p);
  if(BiocManager::install('\''KinSwingR'\'', INSTALL_opts = '\''--build'\'', update = TRUE, quiet = FALSE, dependencies=TRUE, force = TRUE, keep_outputs = TRUE) %in% rownames(installed.packages())) q(status = 0) else q(status = 1)'
'getOption("repos")' replaces Bioconductor standard repositories, see
'help("repositories", package = "BiocManager")' for details.
Replacement repositories:
    CRAN: https://p3m.dev/cran/__linux__/noble/latest
Bioconductor version 3.24 (BiocManager 1.30.27), R 4.6.1 (2026-06-24)
Installing package(s) 'KinSwingR'
trying URL 'https://bioconductor.org/packages/3.24/bioc/src/contrib/KinSwingR_1.31.0.tar.gz'
Content type 'application/x-gzip' length 593375 bytes (579 KB)
==================================================
downloaded 579 KB

* installing *source* package ‘KinSwingR’ ...
** this is package ‘KinSwingR’ version ‘1.31.0’
** package ‘KinSwingR’ successfully unpacked and MD5 sums checked
** using staged installation
** R
** data
*** moving datasets to lazyload DB
** inst
** byte-compile and prepare package for lazy loading
** help
*** installing help indices
** building package indices
** installing vignettes
** testing if installed package can be loaded from temporary location
** testing if installed package can be loaded from final location
** testing if installed package keeps a record of temporary installation path
* SHA256 sums
* creating tarball
packaged installation of ‘KinSwingR’ as ‘KinSwingR_1.31.0_R_x86_64-pc-linux-gnu.tar.gz’
* DONE (KinSwingR)

The downloaded source packages are in
	‘/tmp/RtmpqodQLN/downloaded_packages’

real	0m44.156s
user	0m7.500s
sys	0m2.765s
