+ Rscript -e 'Sys.setenv(BIOCONDUCTOR_USE_CONTAINER_REPOSITORY=FALSE);
  p <- .libPaths();
  p <- c('\''/tmp/library'\'', '\''/mnt/library'\'', p);
  .libPaths(p);
  if(BiocManager::install('\''MetaDICT'\'', INSTALL_opts = '\''--build'\'', update = TRUE, quiet = FALSE, dependencies=TRUE, force = TRUE, keep_outputs = TRUE) %in% rownames(installed.packages())) q(status = 0) else q(status = 1)'
'getOption("repos")' replaces Bioconductor standard repositories, see
'help("repositories", package = "BiocManager")' for details.
Replacement repositories:
    CRAN: https://p3m.dev/cran/__linux__/noble/latest
Bioconductor version 3.24 (BiocManager 1.30.27), R 4.6.1 (2026-06-24)
Installing package(s) 'MetaDICT'
also installing the dependency ‘ecodist’

trying URL 'https://p3m.dev/cran/__linux__/noble/latest/src/contrib/ecodist_2.1.3.tar.gz'
trying URL 'https://bioconductor.org/packages/3.24/bioc/src/contrib/MetaDICT_1.3.0.tar.gz'
* installing *binary* package ‘ecodist’ ...
* package ‘ecodist’ successfully unpacked and SHA256 sums checked
* ‘ecodist’ was already a binary package and will not be rebuilt
* SHA256 sums
* creating tarball
packaged installation of ‘ecodist’ as ‘ecodist_2.1.3_R_x86_64-pc-linux-gnu.tar.gz’
* DONE (ecodist)
* installing *source* package ‘MetaDICT’ ...
** this is package ‘MetaDICT’ version ‘1.3.0’
** package ‘MetaDICT’ successfully unpacked and MD5 sums checked
** using staged installation
** R
** data
** inst
** byte-compile and prepare package for lazy loading
** help
*** installing help indices
** building package indices
** installing vignettes
** testing if installed package can be loaded from temporary location
** testing if installed package can be loaded from final location
** testing if installed package keeps a record of temporary installation path
* SHA256 sums
* creating tarball
packaged installation of ‘MetaDICT’ as ‘MetaDICT_1.3.0_R_x86_64-pc-linux-gnu.tar.gz’
* DONE (MetaDICT)

The downloaded source packages are in
	‘/tmp/RtmpL5Lm0T/downloaded_packages’
Old packages: 'diffobj'

real	0m17.083s
user	0m11.522s
sys	0m3.241s
