+ Rscript -e 'Sys.setenv(BIOCONDUCTOR_USE_CONTAINER_REPOSITORY=FALSE);
  p <- .libPaths();
  p <- c('\''/tmp/library'\'', '\''/mnt/library'\'', p);
  .libPaths(p);
  if(BiocManager::install('\''surfaltr'\'', INSTALL_opts = '\''--build'\'', update = TRUE, quiet = FALSE, dependencies=TRUE, force = TRUE, keep_outputs = TRUE) %in% rownames(installed.packages())) q(status = 0) else q(status = 1)'
'getOption("repos")' replaces Bioconductor standard repositories, see
'help("repositories", package = "BiocManager")' for details.
Replacement repositories:
    CRAN: https://p3m.dev/cran/__linux__/noble/latest
Bioconductor version 3.23 (BiocManager 1.30.27), R 4.6.1 (2026-06-24)
Installing package(s) 'surfaltr'
also installing the dependency ‘protr’

trying URL 'https://p3m.dev/cran/__linux__/noble/latest/src/contrib/protr_1.7-5.tar.gz'
trying URL 'https://bioconductor.org/packages/3.23/bioc/src/contrib/surfaltr_1.18.0.tar.gz'
* installing *binary* package ‘protr’ ...
* package ‘protr’ successfully unpacked and SHA256 sums checked
* ‘protr’ was already a binary package and will not be rebuilt
* SHA256 sums
* creating tarball
packaged installation of ‘protr’ as ‘protr_1.7-5_R_x86_64-pc-linux-gnu.tar.gz’
* DONE (protr)
* installing *source* package ‘surfaltr’ ...
** this is package ‘surfaltr’ version ‘1.18.0’
** using staged installation
** R
** inst
** byte-compile and prepare package for lazy loading
** help
*** installing help indices
** building package indices
** installing vignettes
** testing if installed package can be loaded from temporary location
** testing if installed package can be loaded from final location
** testing if installed package keeps a record of temporary installation path
* SHA256 sums
* creating tarball
packaged installation of ‘surfaltr’ as ‘surfaltr_1.18.0_R_x86_64-pc-linux-gnu.tar.gz’
* DONE (surfaltr)

The downloaded source packages are in
	‘/tmp/Rtmp8gQh0f/downloaded_packages’
Old packages: 'diffobj', 'httr2', 'pak', 'pkgdown', 'urlchecker', 'xfun',
  'zip', 'MASS', 'nlme', 'survival'

real	0m32.701s
user	0m21.801s
sys	0m5.402s
