+ Rscript -e 'Sys.setenv(BIOCONDUCTOR_USE_CONTAINER_REPOSITORY=FALSE);
  p <- .libPaths();
  p <- c('\''/tmp/library'\'', '\''/mnt/library'\'', p);
  .libPaths(p);
  if(BiocManager::install('\''EWCE'\'', INSTALL_opts = '\''--build'\'', update = TRUE, quiet = FALSE, dependencies=TRUE, force = TRUE, keep_outputs = TRUE) %in% rownames(installed.packages())) q(status = 0) else q(status = 1)'
'getOption("repos")' replaces Bioconductor standard repositories, see
'help("repositories", package = "BiocManager")' for details.
Replacement repositories:
    CRAN: https://p3m.dev/cran/__linux__/noble/latest
Bioconductor version 3.23 (BiocManager 1.30.27), R 4.6.1 (2026-06-24)
Installing package(s) 'EWCE'
also installing the dependencies ‘RNOmni’, ‘ewceData’, ‘rworkflows’

trying URL 'https://p3m.dev/cran/__linux__/noble/latest/src/contrib/RNOmni_1.0.1.2.tar.gz'
trying URL 'https://bioconductor.org/packages/3.23/data/experiment/src/contrib/ewceData_1.20.0.tar.gz'
trying URL 'https://p3m.dev/cran/__linux__/noble/latest/src/contrib/rworkflows_1.0.12.tar.gz'
trying URL 'https://bioconductor.org/packages/3.23/bioc/src/contrib/EWCE_1.20.0.tar.gz'
* installing *binary* package ‘RNOmni’ ...
* package ‘RNOmni’ successfully unpacked and SHA256 sums checked
* ‘RNOmni’ was already a binary package and will not be rebuilt
* SHA256 sums
* creating tarball
packaged installation of ‘RNOmni’ as ‘RNOmni_1.0.1.2_R_x86_64-pc-linux-gnu.tar.gz’
* DONE (RNOmni)
* installing *source* package ‘ewceData’ ...
** this is package ‘ewceData’ version ‘1.20.0’
** using staged installation
** R
** inst
** byte-compile and prepare package for lazy loading
** help
*** installing help indices
** building package indices
** installing vignettes
** testing if installed package can be loaded from temporary location
** testing if installed package can be loaded from final location
** testing if installed package keeps a record of temporary installation path
* SHA256 sums
* creating tarball
packaged installation of ‘ewceData’ as ‘ewceData_1.20.0_R_x86_64-pc-linux-gnu.tar.gz’
* DONE (ewceData)
* installing *binary* package ‘rworkflows’ ...
* package ‘rworkflows’ successfully unpacked and SHA256 sums checked
* ‘rworkflows’ was already a binary package and will not be rebuilt
* SHA256 sums
* creating tarball
packaged installation of ‘rworkflows’ as ‘rworkflows_1.0.12_R_x86_64-pc-linux-gnu.tar.gz’
* DONE (rworkflows)
* installing *source* package ‘EWCE’ ...
** this is package ‘EWCE’ version ‘1.20.0’
** using staged installation
** R
** inst
** byte-compile and prepare package for lazy loading
** help
*** installing help indices
** building package indices
** installing vignettes
** testing if installed package can be loaded from temporary location
** testing if installed package can be loaded from final location
** testing if installed package keeps a record of temporary installation path
* SHA256 sums
* creating tarball
packaged installation of ‘EWCE’ as ‘EWCE_1.20.0_R_x86_64-pc-linux-gnu.tar.gz’
* DONE (EWCE)

The downloaded source packages are in
	‘/tmp/RtmpK0HSL0/downloaded_packages’
Old packages: 'diffobj', 'httr2', 'pak', 'pkgdown', 'urlchecker', 'xfun',
  'zip', 'MASS', 'nlme', 'survival'

real	1m8.170s
user	0m49.111s
sys	0m7.224s
