+ Rscript -e 'Sys.setenv(BIOCONDUCTOR_USE_CONTAINER_REPOSITORY=FALSE);
  p <- .libPaths();
  p <- c('\''/tmp/library'\'', '\''/mnt/library'\'', p);
  .libPaths(p);
  if(BiocManager::install('\''MSstatsBioNet'\'', INSTALL_opts = '\''--build'\'', update = TRUE, quiet = FALSE, dependencies=TRUE, force = TRUE, keep_outputs = TRUE) %in% rownames(installed.packages())) q(status = 0) else q(status = 1)'
'getOption("repos")' replaces Bioconductor standard repositories, see
'help("repositories", package = "BiocManager")' for details.
Replacement repositories:
    CRAN: https://p3m.dev/cran/__linux__/noble/latest
Bioconductor version 3.24 (BiocManager 1.30.27), R 4.6.1 (2026-06-24)
Installing package(s) 'MSstatsBioNet'
also installing the dependency ‘r2r’

trying URL 'https://p3m.dev/cran/__linux__/noble/latest/src/contrib/r2r_0.1.2.tar.gz'
trying URL 'https://bioconductor.org/packages/3.24/bioc/src/contrib/MSstatsBioNet_1.5.1.tar.gz'
* installing *binary* package ‘r2r’ ...
* package ‘r2r’ successfully unpacked and SHA256 sums checked
* ‘r2r’ was already a binary package and will not be rebuilt
* SHA256 sums
* creating tarball
packaged installation of ‘r2r’ as ‘r2r_0.1.2_R_x86_64-pc-linux-gnu.tar.gz’
* DONE (r2r)
* installing *source* package ‘MSstatsBioNet’ ...
** this is package ‘MSstatsBioNet’ version ‘1.5.1’
** package ‘MSstatsBioNet’ successfully unpacked and MD5 sums checked
** using staged installation
** R
** inst
** byte-compile and prepare package for lazy loading
** help
*** installing help indices
** building package indices
** installing vignettes
** testing if installed package can be loaded from temporary location
** testing if installed package can be loaded from final location
** testing if installed package keeps a record of temporary installation path
* SHA256 sums
* creating tarball
packaged installation of ‘MSstatsBioNet’ as ‘MSstatsBioNet_1.5.1_R_x86_64-pc-linux-gnu.tar.gz’
* DONE (MSstatsBioNet)

The downloaded source packages are in
	‘/tmp/RtmpONXLJv/downloaded_packages’

real	0m21.790s
user	0m15.080s
sys	0m3.483s
