+ Rscript -e 'Sys.setenv(BIOCONDUCTOR_USE_CONTAINER_REPOSITORY=FALSE);
  p <- .libPaths();
  p <- c('\''/tmp/library'\'', '\''/mnt/library'\'', p);
  .libPaths(p);
  if(BiocManager::install('\''IMPCdata'\'', INSTALL_opts = '\''--build'\'', update = TRUE, quiet = FALSE, dependencies=TRUE, force = TRUE, keep_outputs = TRUE) %in% rownames(installed.packages())) q(status = 0) else q(status = 1)'
'getOption("repos")' replaces Bioconductor standard repositories, see
'help("repositories", package = "BiocManager")' for details.
Replacement repositories:
    CRAN: https://p3m.dev/cran/__linux__/noble/latest
Bioconductor version 3.24 (BiocManager 1.30.27), R 4.6.1 (2026-06-24)
Installing package(s) 'IMPCdata'
trying URL 'https://bioconductor.org/packages/3.24/bioc/src/contrib/IMPCdata_1.49.0.tar.gz'
Content type 'application/x-gzip' length 110746 bytes (108 KB)
==================================================
downloaded 108 KB

* installing *source* package ‘IMPCdata’ ...
** this is package ‘IMPCdata’ version ‘1.49.0’
** package ‘IMPCdata’ successfully unpacked and MD5 sums checked
** using staged installation
** R
** inst
** byte-compile and prepare package for lazy loading
** help
*** installing help indices
** building package indices
** installing vignettes
** testing if installed package can be loaded from temporary location
** testing if installed package can be loaded from final location
** testing if installed package keeps a record of temporary installation path
* SHA256 sums
* creating tarball
packaged installation of ‘IMPCdata’ as ‘IMPCdata_1.49.0_R_x86_64-pc-linux-gnu.tar.gz’
* DONE (IMPCdata)

The downloaded source packages are in
	‘/tmp/Rtmp2ZfMtk/downloaded_packages’
Old packages: 'diffobj'

real	0m8.948s
user	0m5.116s
sys	0m2.437s
