+ Rscript -e 'Sys.setenv(BIOCONDUCTOR_USE_CONTAINER_REPOSITORY=FALSE);
  p <- .libPaths();
  p <- c('\''/tmp/library'\'', '\''/mnt/library'\'', p);
  .libPaths(p);
  if(BiocManager::install('\''GENIE3'\'', INSTALL_opts = '\''--build'\'', update = TRUE, quiet = FALSE, dependencies=TRUE, force = TRUE, keep_outputs = TRUE) %in% rownames(installed.packages())) q(status = 0) else q(status = 1)'
'getOption("repos")' replaces Bioconductor standard repositories, see
'help("repositories", package = "BiocManager")' for details.
Replacement repositories:
    CRAN: https://p3m.dev/cran/__linux__/noble/latest
Bioconductor version 3.24 (BiocManager 1.30.27), R 4.6.1 (2026-06-24)
Installing package(s) 'GENIE3'
trying URL 'https://bioconductor.org/packages/3.24/bioc/src/contrib/GENIE3_1.35.0.tar.gz'
Content type 'application/x-gzip' length 247623 bytes (241 KB)
==================================================
downloaded 241 KB

* installing *source* package ‘GENIE3’ ...
** this is package ‘GENIE3’ version ‘1.35.0’
** package ‘GENIE3’ successfully unpacked and MD5 sums checked
** using staged installation
** libs
using C compiler: ‘gcc (Ubuntu 13.3.0-6ubuntu2~24.04.1) 13.3.0’
gcc -std=gnu2x -I"/usr/local/lib/R/include" -DNDEBUG   -I/usr/local/include    -fpic  -g -O2 -fstack-protector-strong -Wformat -Werror=format-security -Wdate-time -D_FORTIFY_SOURCE=2 -g  -c GENIE3.c -o GENIE3.o
gcc -std=gnu2x -shared -L/usr/local/lib/R/lib -L/usr/local/lib -o GENIE3.so GENIE3.o -L/usr/local/lib/R/lib -lR
installing to /tmp/library/00LOCK-GENIE3/00new/GENIE3/libs
** R
** inst
** byte-compile and prepare package for lazy loading
in method for ‘GENIE3’ with signature ‘"SummarizedExperiment"’: no definition for class “SummarizedExperiment”
in method for ‘GENIE3’ with signature ‘"ExpressionSet"’: no definition for class “ExpressionSet”
** help
*** installing help indices
** building package indices
** installing vignettes
** testing if installed package can be loaded from temporary location
** checking absolute paths in shared objects and dynamic libraries
** testing if installed package can be loaded from final location
** testing if installed package keeps a record of temporary installation path
* SHA256 sums
* creating tarball
packaged installation of ‘GENIE3’ as ‘GENIE3_1.35.0_R_x86_64-pc-linux-gnu.tar.gz’
* DONE (GENIE3)

The downloaded source packages are in
	‘/tmp/RtmpBEx6Eq/downloaded_packages’
Old packages: 'diffobj'

real	0m9.801s
user	0m6.179s
sys	0m2.110s
