+ Rscript -e 'Sys.setenv(BIOCONDUCTOR_USE_CONTAINER_REPOSITORY=FALSE);
  p <- .libPaths();
  p <- c('\''/tmp/library'\'', '\''/mnt/library'\'', p);
  .libPaths(p);
  if(BiocManager::install('\''CAEN'\'', INSTALL_opts = '\''--build'\'', update = TRUE, quiet = FALSE, dependencies=TRUE, force = TRUE, keep_outputs = TRUE) %in% rownames(installed.packages())) q(status = 0) else q(status = 1)'
'getOption("repos")' replaces Bioconductor standard repositories, see
'help("repositories", package = "BiocManager")' for details.
Replacement repositories:
    CRAN: https://p3m.dev/cran/__linux__/noble/latest
Bioconductor version 3.24 (BiocManager 1.30.27), R 4.6.1 (2026-06-24)
Installing package(s) 'CAEN'
also installing the dependency ‘PoiClaClu’

trying URL 'https://p3m.dev/cran/__linux__/noble/latest/src/contrib/PoiClaClu_1.0.2.1.tar.gz'
trying URL 'https://bioconductor.org/packages/3.24/bioc/src/contrib/CAEN_1.21.0.tar.gz'
* installing *binary* package ‘PoiClaClu’ ...
* package ‘PoiClaClu’ successfully unpacked and SHA256 sums checked
* ‘PoiClaClu’ was already a binary package and will not be rebuilt
* SHA256 sums
* creating tarball
packaged installation of ‘PoiClaClu’ as ‘PoiClaClu_1.0.2.1_R_x86_64-pc-linux-gnu.tar.gz’
* DONE (PoiClaClu)
* installing *source* package ‘CAEN’ ...
** this is package ‘CAEN’ version ‘1.21.0’
** package ‘CAEN’ successfully unpacked and MD5 sums checked
** using staged installation
** R
** data
*** moving datasets to lazyload DB
** inst
** byte-compile and prepare package for lazy loading
** help
*** installing help indices
** building package indices
** installing vignettes
** testing if installed package can be loaded from temporary location
** testing if installed package can be loaded from final location
** testing if installed package keeps a record of temporary installation path
* SHA256 sums
* creating tarball
packaged installation of ‘CAEN’ as ‘CAEN_1.21.0_R_x86_64-pc-linux-gnu.tar.gz’
* DONE (CAEN)

The downloaded source packages are in
	‘/tmp/RtmpuucY2F/downloaded_packages’
Old packages: 'diffobj'

real	0m29.931s
user	0m21.429s
sys	0m3.806s
