+ Rscript -e 'Sys.setenv(BIOCONDUCTOR_USE_CONTAINER_REPOSITORY=FALSE);
  p <- .libPaths();
  p <- c('\''/tmp/library'\'', '\''/mnt/library'\'', p);
  .libPaths(p);
  if(BiocManager::install('\''ClusterFoldSimilarity'\'', INSTALL_opts = '\''--build'\'', update = TRUE, quiet = FALSE, dependencies=TRUE, force = TRUE, keep_outputs = TRUE) %in% rownames(installed.packages())) q(status = 0) else q(status = 1)'
Error in readRDS(file) : error reading from connection
'getOption("repos")' replaces Bioconductor standard repositories, see
'help("repositories", package = "BiocManager")' for details.
Replacement repositories:
    CRAN: https://p3m.dev/cran/__linux__/noble/latest
Bioconductor version 3.24 (BiocManager 1.30.27), R 4.6.1 (2026-06-24)
Installing package(s) 'ClusterFoldSimilarity'
trying URL 'https://bioconductor.org/packages/3.24/bioc/src/contrib/ClusterFoldSimilarity_1.9.0.tar.gz'
Content type 'application/x-gzip' length 1704661 bytes (1.6 MB)
==================================================
downloaded 1.6 MB

* installing *source* package ‘ClusterFoldSimilarity’ ...
** this is package ‘ClusterFoldSimilarity’ version ‘1.9.0’
** package ‘ClusterFoldSimilarity’ successfully unpacked and MD5 sums checked
** using staged installation
** R
** inst
** byte-compile and prepare package for lazy loading
** help
*** installing help indices
** building package indices
** installing vignettes
** testing if installed package can be loaded from temporary location
** testing if installed package can be loaded from final location
** testing if installed package keeps a record of temporary installation path
* SHA256 sums
* creating tarball
packaged installation of ‘ClusterFoldSimilarity’ as ‘ClusterFoldSimilarity_1.9.0_R_x86_64-pc-linux-gnu.tar.gz’
* DONE (ClusterFoldSimilarity)

The downloaded source packages are in
	‘/tmp/RtmpW83AnP/downloaded_packages’

real	0m57.886s
user	0m36.507s
sys	0m5.687s
