+ Rscript -e 'Sys.setenv(BIOCONDUCTOR_USE_CONTAINER_REPOSITORY=FALSE);
  p <- .libPaths();
  p <- c('\''/tmp/library'\'', '\''/mnt/library'\'', p);
  .libPaths(p);
  if(BiocManager::install('\''chipenrich'\'', INSTALL_opts = '\''--build'\'', update = TRUE, quiet = FALSE, dependencies=TRUE, force = TRUE, keep_outputs = TRUE) %in% rownames(installed.packages())) q(status = 0) else q(status = 1)'
'getOption("repos")' replaces Bioconductor standard repositories, see
'help("repositories", package = "BiocManager")' for details.
Replacement repositories:
    CRAN: https://p3m.dev/cran/__linux__/noble/latest
Bioconductor version 3.24 (BiocManager 1.30.27), R 4.6.1 (2026-06-24)
Installing package(s) 'chipenrich'
also installing the dependency ‘chipenrich.data’

trying URL 'https://bioconductor.org/packages/3.24/data/experiment/src/contrib/chipenrich.data_2.37.0.tar.gz'
trying URL 'https://bioconductor.org/packages/3.24/bioc/src/contrib/chipenrich_2.37.0.tar.gz'
* installing *source* package ‘chipenrich.data’ ...
** this is package ‘chipenrich.data’ version ‘2.37.0’
** using staged installation
** R
** data
*** moving datasets to lazyload DB
Warning: objects ‘gene.enh.desc’, ‘gene.enh.desc’ are created by more than one data call
** inst
** byte-compile and prepare package for lazy loading
Warning: replacing previous import ‘BiocGenerics::data’ by ‘utils::data’ when loading ‘chipenrich.data’
** help
*** installing help indices
** building package indices
** installing vignettes
** testing if installed package can be loaded from temporary location
Warning: replacing previous import ‘BiocGenerics::data’ by ‘utils::data’ when loading ‘chipenrich.data’
** testing if installed package can be loaded from final location
Warning: replacing previous import ‘BiocGenerics::data’ by ‘utils::data’ when loading ‘chipenrich.data’
** testing if installed package keeps a record of temporary installation path
* SHA256 sums
* creating tarball
packaged installation of ‘chipenrich.data’ as ‘chipenrich.data_2.37.0_R_x86_64-pc-linux-gnu.tar.gz’
* DONE (chipenrich.data)
* installing *source* package ‘chipenrich’ ...
** this is package ‘chipenrich’ version ‘2.37.0’
** package ‘chipenrich’ successfully unpacked and MD5 sums checked
** using staged installation
** R
** inst
** byte-compile and prepare package for lazy loading
Warning: replacing previous import ‘BiocGenerics::data’ by ‘utils::data’ when loading ‘chipenrich.data’
** help
*** installing help indices
** building package indices
** installing vignettes
** testing if installed package can be loaded from temporary location
Warning: replacing previous import ‘BiocGenerics::data’ by ‘utils::data’ when loading ‘chipenrich.data’
** testing if installed package can be loaded from final location
Warning: replacing previous import ‘BiocGenerics::data’ by ‘utils::data’ when loading ‘chipenrich.data’
** testing if installed package keeps a record of temporary installation path
* SHA256 sums
* creating tarball
packaged installation of ‘chipenrich’ as ‘chipenrich_2.37.0_R_x86_64-pc-linux-gnu.tar.gz’
* DONE (chipenrich)

The downloaded source packages are in
	‘/tmp/RtmpI3bLNO/downloaded_packages’

real	2m57.941s
user	2m26.695s
sys	0m14.518s
