+ Rscript -e 'Sys.setenv(BIOCONDUCTOR_USE_CONTAINER_REPOSITORY=FALSE);
  p <- .libPaths();
  p <- c('\''/tmp/library'\'', '\''/mnt/library'\'', p);
  .libPaths(p);
  if(BiocManager::install('\''BatchSVG'\'', INSTALL_opts = '\''--build'\'', update = TRUE, quiet = FALSE, dependencies=TRUE, force = TRUE, keep_outputs = TRUE) %in% rownames(installed.packages())) q(status = 0) else q(status = 1)'
'getOption("repos")' replaces Bioconductor standard repositories, see
'help("repositories", package = "BiocManager")' for details.
Replacement repositories:
    CRAN: https://p3m.dev/cran/__linux__/noble/latest
Bioconductor version 3.23 (BiocManager 1.30.27), R 4.6.1 (2026-06-24)
Installing package(s) 'BatchSVG'
also installing the dependency ‘spatialLIBD’

trying URL 'https://bioconductor.org/packages/3.23/data/experiment/src/contrib/spatialLIBD_1.24.0.tar.gz'
trying URL 'https://bioconductor.org/packages/3.23/bioc/src/contrib/BatchSVG_1.4.0.tar.gz'
* installing *source* package ‘spatialLIBD’ ...
** this is package ‘spatialLIBD’ version ‘1.24.0’
** using staged installation
** R
** data
*** moving datasets to lazyload DB
** inst
** byte-compile and prepare package for lazy loading
** help
*** installing help indices
*** copying figures
** building package indices
** installing vignettes
** testing if installed package can be loaded from temporary location
** testing if installed package can be loaded from final location
** testing if installed package keeps a record of temporary installation path
* SHA256 sums
* creating tarball
packaged installation of ‘spatialLIBD’ as ‘spatialLIBD_1.24.0_R_x86_64-pc-linux-gnu.tar.gz’
* DONE (spatialLIBD)
* installing *source* package ‘BatchSVG’ ...
** this is package ‘BatchSVG’ version ‘1.4.0’
** using staged installation
** R
** data
** inst
** byte-compile and prepare package for lazy loading
** help
*** installing help indices
** building package indices
** installing vignettes
** testing if installed package can be loaded from temporary location
** testing if installed package can be loaded from final location
** testing if installed package keeps a record of temporary installation path
* SHA256 sums
* creating tarball
packaged installation of ‘BatchSVG’ as ‘BatchSVG_1.4.0_R_x86_64-pc-linux-gnu.tar.gz’
* DONE (BatchSVG)

The downloaded source packages are in
	‘/tmp/Rtmpbu4CEA/downloaded_packages’
Old packages: 'httr2', 'pak', 'pkgdown', 'urlchecker', 'xfun', 'zip', 'MASS',
  'nlme', 'survival'

real	1m28.130s
user	1m12.172s
sys	0m8.895s
