+ Rscript -e 'Sys.setenv(BIOCONDUCTOR_USE_CONTAINER_REPOSITORY=FALSE);
  p <- .libPaths();
  p <- c('\''/tmp/library'\'', '\''/mnt/library'\'', p);
  .libPaths(p);
  if(BiocManager::install('\''affyContam'\'', INSTALL_opts = '\''--build'\'', update = TRUE, quiet = FALSE, dependencies=TRUE, force = TRUE, keep_outputs = TRUE) %in% rownames(installed.packages())) q(status = 0) else q(status = 1)'
'getOption("repos")' replaces Bioconductor standard repositories, see
'help("repositories", package = "BiocManager")' for details.
Replacement repositories:
    CRAN: https://p3m.dev/cran/__linux__/noble/latest
Bioconductor version 3.23 (BiocManager 1.30.27), R 4.6.1 (2026-06-24)
Installing package(s) 'affyContam'
Error in readRDS(file) : error reading from connection
trying URL 'https://bioconductor.org/packages/3.23/bioc/src/contrib/affyContam_1.70.0.tar.gz'
Content type 'application/x-gzip' length 514539 bytes (502 KB)
==================================================
downloaded 502 KB

* installing *source* package ‘affyContam’ ...
** this is package ‘affyContam’ version ‘1.70.0’
** using staged installation
** R
** inst
** byte-compile and prepare package for lazy loading
     Package    LibPath        Item       Title                        
[1,] "affydata" "/mnt/library" "Dilution" "AffyBatch instance Dilution"
** help
*** installing help indices
** building package indices
** installing vignettes
** testing if installed package can be loaded from temporary location
     Package    LibPath        Item       Title                        
[1,] "affydata" "/mnt/library" "Dilution" "AffyBatch instance Dilution"
** testing if installed package can be loaded from final location
     Package    LibPath        Item       Title                        
[1,] "affydata" "/mnt/library" "Dilution" "AffyBatch instance Dilution"
** testing if installed package keeps a record of temporary installation path
* SHA256 sums
* creating tarball
packaged installation of ‘affyContam’ as ‘affyContam_1.70.0_R_x86_64-pc-linux-gnu.tar.gz’
* DONE (affyContam)

The downloaded source packages are in
	‘/tmp/Rtmpcya2Wi/downloaded_packages’
Old packages: 'diffobj', 'httr2', 'pak', 'pkgdown', 'urlchecker', 'xfun',
  'zip', 'MASS', 'nlme', 'survival'

real	0m11.684s
user	0m7.600s
sys	0m2.804s
