+ Rscript -e 'Sys.setenv(BIOCONDUCTOR_USE_CONTAINER_REPOSITORY=FALSE);
  p <- .libPaths();
  p <- c('\''/tmp/library'\'', '\''/mnt/library'\'', p);
  .libPaths(p);
  if(BiocManager::install('\''AUCell'\'', INSTALL_opts = '\''--build'\'', update = TRUE, quiet = FALSE, dependencies=TRUE, force = TRUE, keep_outputs = TRUE) %in% rownames(installed.packages())) q(status = 0) else q(status = 1)'
'getOption("repos")' replaces Bioconductor standard repositories, see
'help("repositories", package = "BiocManager")' for details.
Replacement repositories:
    CRAN: https://p3m.dev/cran/__linux__/noble/latest
Bioconductor version 3.24 (BiocManager 1.30.27), R 4.6.1 (2026-06-24)
Installing package(s) 'AUCell'
trying URL 'https://bioconductor.org/packages/3.24/bioc/src/contrib/AUCell_1.35.0.tar.gz'
Content type 'application/x-gzip' length 1970743 bytes (1.9 MB)
==================================================
downloaded 1.9 MB

* installing *source* package ‘AUCell’ ...
** this is package ‘AUCell’ version ‘1.35.0’
** package ‘AUCell’ successfully unpacked and MD5 sums checked
** using staged installation
** R
** inst
** byte-compile and prepare package for lazy loading
** help
*** installing help indices
** building package indices
** installing vignettes
** testing if installed package can be loaded from temporary location
** testing if installed package can be loaded from final location
** testing if installed package keeps a record of temporary installation path
* SHA256 sums
* creating tarball
packaged installation of ‘AUCell’ as ‘AUCell_1.35.0_R_x86_64-pc-linux-gnu.tar.gz’
* DONE (AUCell)

The downloaded source packages are in
	‘/tmp/Rtmp8YSp00/downloaded_packages’
Old packages: 'diffobj'

real	0m45.096s
user	0m32.881s
sys	0m5.464s
