+ Rscript -e 'Sys.setenv(BIOCONDUCTOR_USE_CONTAINER_REPOSITORY=FALSE);
  p <- .libPaths();
  p <- c('\''/tmp/library'\'', '\''/mnt/library'\'', p);
  .libPaths(p);
  if(BiocManager::install('\''GeoDiff'\'', INSTALL_opts = '\''--build'\'', update = TRUE, quiet = FALSE, dependencies=TRUE, force = TRUE, keep_outputs = TRUE) %in% rownames(installed.packages())) q(status = 0) else q(status = 1)'
'getOption("repos")' replaces Bioconductor standard repositories, see
'help("repositories", package = "BiocManager")' for details.
Replacement repositories:
    CRAN: https://p3m.dev/cran/__linux__/noble/latest
Bioconductor version 3.23 (BiocManager 1.30.27), R 4.6.1 (2026-06-24)
Installing package(s) 'GeoDiff'
also installing the dependencies ‘fit.models’, ‘robust’, ‘roptim’

trying URL 'https://p3m.dev/cran/__linux__/noble/latest/src/contrib/fit.models_0.64.tar.gz'
trying URL 'https://p3m.dev/cran/__linux__/noble/latest/src/contrib/robust_0.7-5.tar.gz'
trying URL 'https://p3m.dev/cran/__linux__/noble/latest/src/contrib/roptim_0.1.7.tar.gz'
trying URL 'https://bioconductor.org/packages/3.23/bioc/src/contrib/GeoDiff_1.18.0.tar.gz'
* installing *binary* package ‘fit.models’ ...
* package ‘fit.models’ successfully unpacked and SHA256 sums checked
* ‘fit.models’ was already a binary package and will not be rebuilt
* SHA256 sums
* creating tarball
packaged installation of ‘fit.models’ as ‘fit.models_0.64_R_x86_64-pc-linux-gnu.tar.gz’
* DONE (fit.models)
* installing *binary* package ‘roptim’ ...
* package ‘roptim’ successfully unpacked and SHA256 sums checked
* ‘roptim’ was already a binary package and will not be rebuilt
* SHA256 sums
* creating tarball
packaged installation of ‘roptim’ as ‘roptim_0.1.7_R_x86_64-pc-linux-gnu.tar.gz’
* DONE (roptim)
* installing *binary* package ‘robust’ ...
* package ‘robust’ successfully unpacked and SHA256 sums checked
* ‘robust’ was already a binary package and will not be rebuilt
* SHA256 sums
* creating tarball
packaged installation of ‘robust’ as ‘robust_0.7-5_R_x86_64-pc-linux-gnu.tar.gz’
* DONE (robust)
* installing *source* package ‘GeoDiff’ ...
** this is package ‘GeoDiff’ version ‘1.18.0’
** using staged installation
** libs
specified C++11
using C++ compiler: ‘g++ (Ubuntu 13.3.0-6ubuntu2~24.04.1) 13.3.0’
g++ -std=gnu++20 -I"/usr/local/lib/R/include" -DNDEBUG  -I'/usr/local/lib/R/site-library/Rcpp/include' -I'/mnt/library/RcppArmadillo/include' -I'/tmp/library/roptim/include' -I/usr/local/include   -fopenmp  -fpic  -g -O2 -fstack-protector-strong -Wformat -Werror=format-security -Wdate-time -D_FORTIFY_SOURCE=2 -g   -c NBthDEOptPara.cpp -o NBthDEOptPara.o
g++ -std=gnu++20 -I"/usr/local/lib/R/include" -DNDEBUG  -I'/usr/local/lib/R/site-library/Rcpp/include' -I'/mnt/library/RcppArmadillo/include' -I'/tmp/library/roptim/include' -I/usr/local/include   -fopenmp  -fpic  -g -O2 -fstack-protector-strong -Wformat -Werror=format-security -Wdate-time -D_FORTIFY_SOURCE=2 -g   -c NBthmDEGrad.cpp -o NBthmDEGrad.o
g++ -std=gnu++20 -I"/usr/local/lib/R/include" -DNDEBUG  -I'/usr/local/lib/R/site-library/Rcpp/include' -I'/mnt/library/RcppArmadillo/include' -I'/tmp/library/roptim/include' -I/usr/local/include   -fopenmp  -fpic  -g -O2 -fstack-protector-strong -Wformat -Werror=format-security -Wdate-time -D_FORTIFY_SOURCE=2 -g   -c NBthmDEMH.cpp -o NBthmDEMH.o
g++ -std=gnu++20 -I"/usr/local/lib/R/include" -DNDEBUG  -I'/usr/local/lib/R/site-library/Rcpp/include' -I'/mnt/library/RcppArmadillo/include' -I'/tmp/library/roptim/include' -I/usr/local/include   -fopenmp  -fpic  -g -O2 -fstack-protector-strong -Wformat -Werror=format-security -Wdate-time -D_FORTIFY_SOURCE=2 -g   -c NBthmDEOptPara.cpp -o NBthmDEOptPara.o
g++ -std=gnu++20 -I"/usr/local/lib/R/include" -DNDEBUG  -I'/usr/local/lib/R/site-library/Rcpp/include' -I'/mnt/library/RcppArmadillo/include' -I'/tmp/library/roptim/include' -I/usr/local/include   -fopenmp  -fpic  -g -O2 -fstack-protector-strong -Wformat -Werror=format-security -Wdate-time -D_FORTIFY_SOURCE=2 -g   -c NBthmDEOptU.cpp -o NBthmDEOptU.o
g++ -std=gnu++20 -I"/usr/local/lib/R/include" -DNDEBUG  -I'/usr/local/lib/R/site-library/Rcpp/include' -I'/mnt/library/RcppArmadillo/include' -I'/tmp/library/roptim/include' -I/usr/local/include   -fopenmp  -fpic  -g -O2 -fstack-protector-strong -Wformat -Werror=format-security -Wdate-time -D_FORTIFY_SOURCE=2 -g   -c PoisthNormOptPara.cpp -o PoisthNormOptPara.o
g++ -std=gnu++20 -I"/usr/local/lib/R/include" -DNDEBUG  -I'/usr/local/lib/R/site-library/Rcpp/include' -I'/mnt/library/RcppArmadillo/include' -I'/tmp/library/roptim/include' -I/usr/local/include   -fopenmp  -fpic  -g -O2 -fstack-protector-strong -Wformat -Werror=format-security -Wdate-time -D_FORTIFY_SOURCE=2 -g   -c RcppExports.cpp -o RcppExports.o
g++ -std=gnu++20 -I"/usr/local/lib/R/include" -DNDEBUG  -I'/usr/local/lib/R/site-library/Rcpp/include' -I'/mnt/library/RcppArmadillo/include' -I'/tmp/library/roptim/include' -I/usr/local/include   -fopenmp  -fpic  -g -O2 -fstack-protector-strong -Wformat -Werror=format-security -Wdate-time -D_FORTIFY_SOURCE=2 -g   -c dnbinom_mu_vec.cpp -o dnbinom_mu_vec.o
g++ -std=gnu++20 -shared -L/usr/local/lib/R/lib -L/usr/local/lib -o GeoDiff.so NBthDEOptPara.o NBthmDEGrad.o NBthmDEMH.o NBthmDEOptPara.o NBthmDEOptU.o PoisthNormOptPara.o RcppExports.o dnbinom_mu_vec.o -fopenmp -llapack -lblas -lgfortran -lm -lquadmath -L/usr/local/lib/R/lib -lR
installing to /tmp/library/00LOCK-GeoDiff/00new/GeoDiff/libs
** R
** data
** inst
** byte-compile and prepare package for lazy loading
** help
*** installing help indices
** building package indices
** installing vignettes
** testing if installed package can be loaded from temporary location
** checking absolute paths in shared objects and dynamic libraries
** testing if installed package can be loaded from final location
** testing if installed package keeps a record of temporary installation path
* SHA256 sums
* creating tarball
packaged installation of ‘GeoDiff’ as ‘GeoDiff_1.18.0_R_x86_64-pc-linux-gnu.tar.gz’
* DONE (GeoDiff)

The downloaded source packages are in
	‘/tmp/RtmpE2pAKZ/downloaded_packages’
Old packages: 'httr2', 'pak', 'pkgdown', 'urlchecker', 'xfun', 'zip', 'MASS',
  'nlme', 'survival'

real	1m45.463s
user	1m29.881s
sys	0m10.786s
