+ Rscript -e 'Sys.setenv(BIOCONDUCTOR_USE_CONTAINER_REPOSITORY=FALSE);
  p <- .libPaths();
  p <- c('\''/tmp/library'\'', '\''/mnt/library'\'', p);
  .libPaths(p);
  if(BiocManager::install('\''nethet'\'', INSTALL_opts = '\''--build'\'', update = TRUE, quiet = FALSE, dependencies=TRUE, force = TRUE, keep_outputs = TRUE) %in% rownames(installed.packages())) q(status = 0) else q(status = 1)'
'getOption("repos")' replaces Bioconductor standard repositories, see
'help("repositories", package = "BiocManager")' for details.
Replacement repositories:
    CRAN: https://p3m.dev/cran/__linux__/noble/latest
Bioconductor version 3.24 (BiocManager 1.30.27), R 4.6.1 (2026-06-24)
Installing package(s) 'nethet'
also installing the dependencies ‘ICS’, ‘ggm’, ‘ICSNP’

trying URL 'https://p3m.dev/cran/__linux__/noble/latest/src/contrib/ICS_1.4-2.tar.gz'
trying URL 'https://p3m.dev/cran/__linux__/noble/latest/src/contrib/ggm_2.5.2.tar.gz'
trying URL 'https://p3m.dev/cran/__linux__/noble/latest/src/contrib/ICSNP_1.1-3.tar.gz'
trying URL 'https://bioconductor.org/packages/3.24/bioc/src/contrib/nethet_1.45.0.tar.gz'
* installing *binary* package ‘ICS’ ...
* package ‘ICS’ successfully unpacked and SHA256 sums checked
* ‘ICS’ was already a binary package and will not be rebuilt
* SHA256 sums
* creating tarball
packaged installation of ‘ICS’ as ‘ICS_1.4-2_R_x86_64-pc-linux-gnu.tar.gz’
* DONE (ICS)
* installing *binary* package ‘ggm’ ...
* package ‘ggm’ successfully unpacked and SHA256 sums checked
* ‘ggm’ was already a binary package and will not be rebuilt
* SHA256 sums
* creating tarball
packaged installation of ‘ggm’ as ‘ggm_2.5.2_R_x86_64-pc-linux-gnu.tar.gz’
* DONE (ggm)
* installing *binary* package ‘ICSNP’ ...
* package ‘ICSNP’ successfully unpacked and SHA256 sums checked
* ‘ICSNP’ was already a binary package and will not be rebuilt
* SHA256 sums
* creating tarball
packaged installation of ‘ICSNP’ as ‘ICSNP_1.1-3_R_x86_64-pc-linux-gnu.tar.gz’
* DONE (ICSNP)
* installing *source* package ‘nethet’ ...
** this is package ‘nethet’ version ‘1.45.0’
** package ‘nethet’ successfully unpacked and MD5 sums checked
** using staged installation
** libs
using C compiler: ‘gcc (Ubuntu 13.3.0-6ubuntu2~24.04.1) 13.3.0’
gcc -std=gnu2x -I"/usr/local/lib/R/include" -DNDEBUG   -I/usr/local/include    -fpic  -g -O2 -fstack-protector-strong -Wformat -Werror=format-security -Wdate-time -D_FORTIFY_SOURCE=2 -g  -c betamat_diffnet.c -o betamat_diffnet.o
gcc -std=gnu2x -shared -L/usr/local/lib/R/lib -L/usr/local/lib -o nethet.so betamat_diffnet.o -L/usr/local/lib/R/lib -lR
installing to /tmp/library/00LOCK-nethet/00new/nethet/libs
** R
** inst
** byte-compile and prepare package for lazy loading
Warning: replacing previous import ‘limma::logsumexp’ by ‘mclust::logsumexp’ when loading ‘nethet’
Warning: replacing previous import ‘mclust::dmvnorm’ by ‘mvtnorm::dmvnorm’ when loading ‘nethet’
Warning: replacing previous import ‘multtest::update’ by ‘stats::update’ when loading ‘nethet’
** help
*** installing help indices
** building package indices
** installing vignettes
** testing if installed package can be loaded from temporary location
Warning: replacing previous import ‘limma::logsumexp’ by ‘mclust::logsumexp’ when loading ‘nethet’
Warning: replacing previous import ‘mclust::dmvnorm’ by ‘mvtnorm::dmvnorm’ when loading ‘nethet’
Warning: replacing previous import ‘multtest::update’ by ‘stats::update’ when loading ‘nethet’
** checking absolute paths in shared objects and dynamic libraries
** testing if installed package can be loaded from final location
Warning: replacing previous import ‘limma::logsumexp’ by ‘mclust::logsumexp’ when loading ‘nethet’
Warning: replacing previous import ‘mclust::dmvnorm’ by ‘mvtnorm::dmvnorm’ when loading ‘nethet’
Warning: replacing previous import ‘multtest::update’ by ‘stats::update’ when loading ‘nethet’
** testing if installed package keeps a record of temporary installation path
* SHA256 sums
* creating tarball
packaged installation of ‘nethet’ as ‘nethet_1.45.0_R_x86_64-pc-linux-gnu.tar.gz’
* DONE (nethet)

The downloaded source packages are in
	‘/tmp/RtmprdLDkI/downloaded_packages’

real	0m27.014s
user	0m17.255s
sys	0m4.401s
