+ Rscript -e 'Sys.setenv(BIOCONDUCTOR_USE_CONTAINER_REPOSITORY=FALSE);
  p <- .libPaths();
  p <- c('\''/tmp/library'\'', '\''/mnt/library'\'', p);
  .libPaths(p);
  if(BiocManager::install('\''igvShiny'\'', INSTALL_opts = '\''--build'\'', update = TRUE, quiet = FALSE, dependencies=TRUE, force = TRUE, keep_outputs = TRUE) %in% rownames(installed.packages())) q(status = 0) else q(status = 1)'
'getOption("repos")' replaces Bioconductor standard repositories, see
'help("repositories", package = "BiocManager")' for details.
Replacement repositories:
    CRAN: https://p3m.dev/cran/__linux__/noble/latest
Bioconductor version 3.23 (BiocManager 1.30.27), R 4.6.1 (2026-06-24)
Installing package(s) 'igvShiny'
trying URL 'https://bioconductor.org/packages/3.23/bioc/src/contrib/igvShiny_1.8.3.tar.gz'
Content type 'application/x-gzip' length 4426775 bytes (4.2 MB)
==================================================
downloaded 4.2 MB

* installing *source* package ‘igvShiny’ ...
** this is package ‘igvShiny’ version ‘1.8.3’
** using staged installation
** R
** inst
** byte-compile and prepare package for lazy loading
** help
*** installing help indices
** building package indices
** installing vignettes
** testing if installed package can be loaded from temporary location
** testing if installed package can be loaded from final location
** testing if installed package keeps a record of temporary installation path
* SHA256 sums
* creating tarball
packaged installation of ‘igvShiny’ as ‘igvShiny_1.8.3_R_x86_64-pc-linux-gnu.tar.gz’
* DONE (igvShiny)

The downloaded source packages are in
	‘/tmp/RtmpmcfaL0/downloaded_packages’
Old packages: 'httr2', 'pak', 'pkgdown', 'urlchecker', 'xfun', 'zip', 'MASS',
  'nlme', 'survival'

real	0m22.985s
user	0m15.719s
sys	0m3.193s
