+ Rscript -e 'Sys.setenv(BIOCONDUCTOR_USE_CONTAINER_REPOSITORY=FALSE);
  p <- .libPaths();
  p <- c('\''/tmp/library'\'', '\''/mnt/library'\'', p);
  .libPaths(p);
  if(BiocManager::install('\''flowMeans'\'', INSTALL_opts = '\''--build'\'', update = TRUE, quiet = FALSE, dependencies=TRUE, force = TRUE, keep_outputs = TRUE) %in% rownames(installed.packages())) q(status = 0) else q(status = 1)'
'getOption("repos")' replaces Bioconductor standard repositories, see
'help("repositories", package = "BiocManager")' for details.
Replacement repositories:
    CRAN: https://p3m.dev/cran/__linux__/noble/latest
Bioconductor version 3.24 (BiocManager 1.30.27), R 4.6.1 (2026-06-24)
Installing package(s) 'flowMeans'
also installing the dependency ‘feature’

trying URL 'https://p3m.dev/cran/__linux__/noble/latest/src/contrib/feature_1.2.16.tar.gz'
trying URL 'https://bioconductor.org/packages/3.24/bioc/src/contrib/flowMeans_1.73.0.tar.gz'
* installing *binary* package ‘feature’ ...
* package ‘feature’ successfully unpacked and SHA256 sums checked
* ‘feature’ was already a binary package and will not be rebuilt
* SHA256 sums
* creating tarball
packaged installation of ‘feature’ as ‘feature_1.2.16_R_x86_64-pc-linux-gnu.tar.gz’
* DONE (feature)
* installing *source* package ‘flowMeans’ ...
** this is package ‘flowMeans’ version ‘1.73.0’
** package ‘flowMeans’ successfully unpacked and MD5 sums checked
** using staged installation
** R
** data
** inst
** byte-compile and prepare package for lazy loading
Warning: no DISPLAY variable so Tk is not available
** help
*** installing help indices
** building package indices
** installing vignettes
** testing if installed package can be loaded from temporary location
Warning: no DISPLAY variable so Tk is not available
** testing if installed package can be loaded from final location
Warning: no DISPLAY variable so Tk is not available
** testing if installed package keeps a record of temporary installation path
* SHA256 sums
* creating tarball
packaged installation of ‘flowMeans’ as ‘flowMeans_1.73.0_R_x86_64-pc-linux-gnu.tar.gz’
* DONE (flowMeans)

The downloaded source packages are in
	‘/tmp/Rtmpn9Rd1k/downloaded_packages’

real	0m37.421s
user	0m16.739s
sys	0m6.537s
