+ Rscript -e 'Sys.setenv(BIOCONDUCTOR_USE_CONTAINER_REPOSITORY=FALSE);
  p <- .libPaths();
  p <- c('\''/tmp/library'\'', '\''/mnt/library'\'', p);
  .libPaths(p);
  if(BiocManager::install('\''maftools'\'', INSTALL_opts = '\''--build'\'', update = TRUE, quiet = FALSE, dependencies=TRUE, force = TRUE, keep_outputs = TRUE) %in% rownames(installed.packages())) q(status = 0) else q(status = 1)'
'getOption("repos")' replaces Bioconductor standard repositories, see
'help("repositories", package = "BiocManager")' for details.
Replacement repositories:
    CRAN: https://p3m.dev/cran/__linux__/noble/latest
Bioconductor version 3.23 (BiocManager 1.30.27), R 4.6.1 (2026-06-24)
Installing package(s) 'maftools'
also installing the dependencies ‘registry’, ‘gridBase’, ‘berryFunctions’, ‘BSgenome.Hsapiens.UCSC.hg19’, ‘NMF’, ‘RaggedExperiment’

trying URL 'https://p3m.dev/cran/__linux__/noble/latest/src/contrib/registry_0.5-1.tar.gz'
trying URL 'https://p3m.dev/cran/__linux__/noble/latest/src/contrib/gridBase_0.4-7.tar.gz'
trying URL 'https://p3m.dev/cran/__linux__/noble/latest/src/contrib/berryFunctions_1.22.13.tar.gz'
trying URL 'https://bioconductor.org/packages/3.23/data/annotation/src/contrib/BSgenome.Hsapiens.UCSC.hg19_1.4.3.tar.gz'
trying URL 'https://p3m.dev/cran/__linux__/noble/latest/src/contrib/NMF_0.28.tar.gz'
trying URL 'https://bioconductor.org/packages/3.23/bioc/src/contrib/RaggedExperiment_1.36.0.tar.gz'
trying URL 'https://bioconductor.org/packages/3.23/bioc/src/contrib/maftools_2.28.0.tar.gz'
* installing *binary* package ‘registry’ ...
* package ‘registry’ successfully unpacked and SHA256 sums checked
* ‘registry’ was already a binary package and will not be rebuilt
* SHA256 sums
* creating tarball
packaged installation of ‘registry’ as ‘registry_0.5-1_R_x86_64-pc-linux-gnu.tar.gz’
* DONE (registry)
* installing *binary* package ‘gridBase’ ...
* package ‘gridBase’ successfully unpacked and SHA256 sums checked
* ‘gridBase’ was already a binary package and will not be rebuilt
* SHA256 sums
* creating tarball
packaged installation of ‘gridBase’ as ‘gridBase_0.4-7_R_x86_64-pc-linux-gnu.tar.gz’
* DONE (gridBase)
* installing *binary* package ‘berryFunctions’ ...
* package ‘berryFunctions’ successfully unpacked and SHA256 sums checked
* ‘berryFunctions’ was already a binary package and will not be rebuilt
* SHA256 sums
* creating tarball
packaged installation of ‘berryFunctions’ as ‘berryFunctions_1.22.13_R_x86_64-pc-linux-gnu.tar.gz’
* DONE (berryFunctions)
* installing *source* package ‘BSgenome.Hsapiens.UCSC.hg19’ ...
** this is package ‘BSgenome.Hsapiens.UCSC.hg19’ version ‘1.4.3’
** using staged installation
** R
** inst
** byte-compile and prepare package for lazy loading
** help
*** installing help indices
** building package indices
** testing if installed package can be loaded from temporary location
** testing if installed package can be loaded from final location
** testing if installed package keeps a record of temporary installation path
* SHA256 sums
* creating tarball
packaged installation of ‘BSgenome.Hsapiens.UCSC.hg19’ as ‘BSgenome.Hsapiens.UCSC.hg19_1.4.3_R_x86_64-pc-linux-gnu.tar.gz’
* DONE (BSgenome.Hsapiens.UCSC.hg19)
* installing *source* package ‘RaggedExperiment’ ...
** this is package ‘RaggedExperiment’ version ‘1.36.0’
** using staged installation
** R
** inst
** byte-compile and prepare package for lazy loading
** help
*** installing help indices
*** copying figures
** building package indices
** installing vignettes
** testing if installed package can be loaded from temporary location
** testing if installed package can be loaded from final location
** testing if installed package keeps a record of temporary installation path
* SHA256 sums
* creating tarball
packaged installation of ‘RaggedExperiment’ as ‘RaggedExperiment_1.36.0_R_x86_64-pc-linux-gnu.tar.gz’
* DONE (RaggedExperiment)
* installing *source* package ‘maftools’ ...
** this is package ‘maftools’ version ‘2.28.0’
** using staged installation
** libs
using C compiler: ‘gcc (Ubuntu 13.3.0-6ubuntu2~24.04.1) 13.3.0’
gcc -std=gnu2x -I"/usr/local/lib/R/include" -DNDEBUG -D_FILE_OFFSET_BITS=64 -I'/mnt/library/Rhtslib/include' -I/usr/local/include    -fpic  -g -O2 -fstack-protector-strong -Wformat -Werror=format-security -Wdate-time -D_FORTIFY_SOURCE=2 -g  -c ntcounts.c -o ntcounts.o
gcc -std=gnu2x -I"/usr/local/lib/R/include" -DNDEBUG -D_FILE_OFFSET_BITS=64 -I'/mnt/library/Rhtslib/include' -I/usr/local/include    -fpic  -g -O2 -fstack-protector-strong -Wformat -Werror=format-security -Wdate-time -D_FORTIFY_SOURCE=2 -g  -c snpcounts.c -o snpcounts.o
snpcounts.c: In function ‘snpcounts’:
snpcounts.c:89:47: warning: format ‘%llu’ expects argument of type ‘long long unsigned int’, but argument 3 has type ‘uint64_t’ {aka ‘long unsigned int’} [-Wformat=]
   89 |   fprintf(tsv_fp, "#idxstats_mapped_reads\t%llu\n", tot_mapped);
      |                                            ~~~^     ~~~~~~~~~~
      |                                               |     |
      |                                               |     uint64_t {aka long unsigned int}
      |                                               long long unsigned int
      |                                            %lu
gcc -std=gnu2x -I"/usr/local/lib/R/include" -DNDEBUG -D_FILE_OFFSET_BITS=64 -I'/mnt/library/Rhtslib/include' -I/usr/local/include    -fpic  -g -O2 -fstack-protector-strong -Wformat -Werror=format-security -Wdate-time -D_FORTIFY_SOURCE=2 -g  -c somaticfreq.c -o somaticfreq.o
gcc -std=gnu2x -shared -L/usr/local/lib/R/lib -L/usr/local/lib -o maftools.so ntcounts.o snpcounts.o somaticfreq.o /mnt/library/Rhtslib/usrlib/libhts.a -lcurl -lbz2 -llzma -lz -L/usr/local/lib/R/lib -lR
installing to /tmp/library/00LOCK-maftools/00new/maftools/libs
** R
** inst
** byte-compile and prepare package for lazy loading
** help
*** installing help indices
** building package indices
** installing vignettes
** testing if installed package can be loaded from temporary location
** checking absolute paths in shared objects and dynamic libraries
** testing if installed package can be loaded from final location
** testing if installed package keeps a record of temporary installation path
* SHA256 sums
* creating tarball
packaged installation of ‘maftools’ as ‘maftools_2.28.0_R_x86_64-pc-linux-gnu.tar.gz’
* DONE (maftools)
* installing *binary* package ‘NMF’ ...
* package ‘NMF’ successfully unpacked and SHA256 sums checked
* ‘NMF’ was already a binary package and will not be rebuilt
* SHA256 sums
* creating tarball
packaged installation of ‘NMF’ as ‘NMF_0.28_R_x86_64-pc-linux-gnu.tar.gz’
* DONE (NMF)

The downloaded source packages are in
	‘/tmp/RtmplZGlvr/downloaded_packages’
Old packages: 'httr2', 'pak', 'pkgdown', 'urlchecker', 'xfun', 'zip', 'MASS',
  'nlme', 'survival'

real	2m30.152s
user	2m9.709s
sys	0m17.224s
