+ Rscript -e 'Sys.setenv(BIOCONDUCTOR_USE_CONTAINER_REPOSITORY=FALSE);
  p <- .libPaths();
  p <- c('\''/tmp/library'\'', '\''/mnt/library'\'', p);
  .libPaths(p);
  if(BiocManager::install('\''omicRexposome'\'', INSTALL_opts = '\''--build'\'', update = TRUE, quiet = FALSE, dependencies=TRUE, force = TRUE, keep_outputs = TRUE) %in% rownames(installed.packages())) q(status = 0) else q(status = 1)'
'getOption("repos")' replaces Bioconductor standard repositories, see
'help("repositories", package = "BiocManager")' for details.
Replacement repositories:
    CRAN: https://p3m.dev/cran/__linux__/noble/latest
Bioconductor version 3.23 (BiocManager 1.30.27), R 4.6.1 (2026-06-24)
Installing package(s) 'omicRexposome'
also installing the dependencies ‘JADE’, ‘PMA’, ‘SmartSVA’, ‘isva’

trying URL 'https://p3m.dev/cran/__linux__/noble/latest/src/contrib/JADE_2.0-4.tar.gz'
trying URL 'https://p3m.dev/cran/__linux__/noble/latest/src/contrib/PMA_1.2-4.tar.gz'
trying URL 'https://p3m.dev/cran/__linux__/noble/latest/src/contrib/SmartSVA_0.1.3.tar.gz'
trying URL 'https://p3m.dev/cran/__linux__/noble/latest/src/contrib/isva_1.10.tar.gz'
trying URL 'https://bioconductor.org/packages/3.23/bioc/src/contrib/omicRexposome_1.34.0.tar.gz'
* installing *binary* package ‘JADE’ ...
* package ‘JADE’ successfully unpacked and SHA256 sums checked
* ‘JADE’ was already a binary package and will not be rebuilt
* SHA256 sums
* creating tarball
packaged installation of ‘JADE’ as ‘JADE_2.0-4_R_x86_64-pc-linux-gnu.tar.gz’
* DONE (JADE)
* installing *binary* package ‘PMA’ ...
* package ‘PMA’ successfully unpacked and SHA256 sums checked
* ‘PMA’ was already a binary package and will not be rebuilt
* SHA256 sums
* creating tarball
packaged installation of ‘PMA’ as ‘PMA_1.2-4_R_x86_64-pc-linux-gnu.tar.gz’
* DONE (PMA)
* installing *binary* package ‘isva’ ...
* package ‘isva’ successfully unpacked and SHA256 sums checked
* ‘isva’ was already a binary package and will not be rebuilt
* SHA256 sums
* creating tarball
packaged installation of ‘isva’ as ‘isva_1.10_R_x86_64-pc-linux-gnu.tar.gz’
* DONE (isva)
* installing *binary* package ‘SmartSVA’ ...
* package ‘SmartSVA’ successfully unpacked and SHA256 sums checked
* ‘SmartSVA’ was already a binary package and will not be rebuilt
* SHA256 sums
* creating tarball
packaged installation of ‘SmartSVA’ as ‘SmartSVA_0.1.3_R_x86_64-pc-linux-gnu.tar.gz’
* DONE (SmartSVA)
* installing *source* package ‘omicRexposome’ ...
** this is package ‘omicRexposome’ version ‘1.34.0’
** using staged installation
** R
** data
*** moving datasets to lazyload DB
** inst
** byte-compile and prepare package for lazy loading
** help
*** installing help indices
** building package indices
** installing vignettes
** testing if installed package can be loaded from temporary location
** testing if installed package can be loaded from final location
** testing if installed package keeps a record of temporary installation path
* SHA256 sums
* creating tarball
packaged installation of ‘omicRexposome’ as ‘omicRexposome_1.34.0_R_x86_64-pc-linux-gnu.tar.gz’
* DONE (omicRexposome)

The downloaded source packages are in
	‘/tmp/RtmpW02A94/downloaded_packages’
Old packages: 'diffobj', 'httr2', 'pak', 'pkgdown', 'urlchecker', 'xfun',
  'zip', 'MASS', 'nlme', 'survival'

real	0m58.462s
user	0m47.172s
sys	0m6.847s
