+ Rscript -e 'Sys.setenv(BIOCONDUCTOR_USE_CONTAINER_REPOSITORY=FALSE);
  p <- .libPaths();
  p <- c('\''/tmp/library'\'', '\''/mnt/library'\'', p);
  .libPaths(p);
  if(BiocManager::install('\''cytoviewer'\'', INSTALL_opts = '\''--build'\'', update = TRUE, quiet = FALSE, dependencies=TRUE, force = TRUE, keep_outputs = TRUE) %in% rownames(installed.packages())) q(status = 0) else q(status = 1)'
'getOption("repos")' replaces Bioconductor standard repositories, see
'help("repositories", package = "BiocManager")' for details.
Replacement repositories:
    CRAN: https://p3m.dev/cran/__linux__/noble/latest
Bioconductor version 3.23 (BiocManager 1.30.27), R 4.6.1 (2026-06-24)
Installing package(s) 'cytoviewer'
also installing the dependency ‘archive’

trying URL 'https://p3m.dev/cran/__linux__/noble/latest/src/contrib/archive_1.1.13.tar.gz'
trying URL 'https://bioconductor.org/packages/3.23/bioc/src/contrib/cytoviewer_1.12.0.tar.gz'
* installing *binary* package ‘archive’ ...
* package ‘archive’ successfully unpacked and SHA256 sums checked
* ‘archive’ was already a binary package and will not be rebuilt
* SHA256 sums
* creating tarball
packaged installation of ‘archive’ as ‘archive_1.1.13_R_x86_64-pc-linux-gnu.tar.gz’
* DONE (archive)
* installing *source* package ‘cytoviewer’ ...
** this is package ‘cytoviewer’ version ‘1.12.0’
** using staged installation
** R
** inst
** byte-compile and prepare package for lazy loading
** help
*** installing help indices
** building package indices
** installing vignettes
** testing if installed package can be loaded from temporary location
** testing if installed package can be loaded from final location
** testing if installed package keeps a record of temporary installation path
* SHA256 sums
* creating tarball
packaged installation of ‘cytoviewer’ as ‘cytoviewer_1.12.0_R_x86_64-pc-linux-gnu.tar.gz’
* DONE (cytoviewer)

The downloaded source packages are in
	‘/tmp/RtmpxJTSVv/downloaded_packages’
Old packages: 'diffobj', 'httr2', 'pak', 'pkgdown', 'urlchecker', 'xfun',
  'zip', 'MASS', 'nlme', 'survival'

real	1m5.080s
user	0m55.901s
sys	0m5.715s
