+ Rscript -e 'Sys.setenv(BIOCONDUCTOR_USE_CONTAINER_REPOSITORY=FALSE);
  p <- .libPaths();
  p <- c('\''/tmp/library'\'', '\''/mnt/library'\'', p);
  .libPaths(p);
  if(BiocManager::install('\''miRNApath'\'', INSTALL_opts = '\''--build'\'', update = TRUE, quiet = FALSE, dependencies=TRUE, force = TRUE, keep_outputs = TRUE) %in% rownames(installed.packages())) q(status = 0) else q(status = 1)'
'getOption("repos")' replaces Bioconductor standard repositories, see
'help("repositories", package = "BiocManager")' for details.
Replacement repositories:
    CRAN: https://p3m.dev/cran/__linux__/noble/latest
Bioconductor version 3.24 (BiocManager 1.30.27), R 4.6.1 (2026-06-24)
Installing package(s) 'miRNApath'
trying URL 'https://bioconductor.org/packages/3.24/bioc/src/contrib/miRNApath_1.73.0.tar.gz'
Content type 'application/x-gzip' length 679161 bytes (663 KB)
==================================================
downloaded 663 KB

* installing *source* package ‘miRNApath’ ...
** this is package ‘miRNApath’ version ‘1.73.0’
** package ‘miRNApath’ successfully unpacked and MD5 sums checked
** using staged installation
** R
** data
** inst
** byte-compile and prepare package for lazy loading
** help
*** installing help indices
** building package indices
** installing vignettes
** testing if installed package can be loaded from temporary location
** testing if installed package can be loaded from final location
** testing if installed package keeps a record of temporary installation path
* SHA256 sums
* creating tarball
packaged installation of ‘miRNApath’ as ‘miRNApath_1.73.0_R_x86_64-pc-linux-gnu.tar.gz’
* DONE (miRNApath)

The downloaded source packages are in
	‘/tmp/RtmpdR9M0y/downloaded_packages’

real	0m34.973s
user	0m5.283s
sys	0m2.385s
