+ Rscript -e 'Sys.setenv(BIOCONDUCTOR_USE_CONTAINER_REPOSITORY=FALSE);
  p <- .libPaths();
  p <- c('\''/tmp/library'\'', '\''/mnt/library'\'', p);
  .libPaths(p);
  if(BiocManager::install('\''Doscheda'\'', INSTALL_opts = '\''--build'\'', update = TRUE, quiet = FALSE, dependencies=TRUE, force = TRUE, keep_outputs = TRUE) %in% rownames(installed.packages())) q(status = 0) else q(status = 1)'
'getOption("repos")' replaces Bioconductor standard repositories, see
'help("repositories", package = "BiocManager")' for details.
Replacement repositories:
    CRAN: https://p3m.dev/cran/__linux__/noble/latest
Bioconductor version 3.23 (BiocManager 1.30.27), R 4.6.1 (2026-06-24)
Installing package(s) 'Doscheda'
also installing the dependency ‘corrgram’

trying URL 'https://p3m.dev/cran/__linux__/noble/latest/src/contrib/corrgram_1.15.tar.gz'
trying URL 'https://bioconductor.org/packages/3.23/bioc/src/contrib/Doscheda_1.34.0.tar.gz'
* installing *binary* package ‘corrgram’ ...
* package ‘corrgram’ successfully unpacked and SHA256 sums checked
* ‘corrgram’ was already a binary package and will not be rebuilt
* SHA256 sums
* creating tarball
packaged installation of ‘corrgram’ as ‘corrgram_1.15_R_x86_64-pc-linux-gnu.tar.gz’
* DONE (corrgram)
* installing *source* package ‘Doscheda’ ...
** this is package ‘Doscheda’ version ‘1.34.0’
** using staged installation
** R
** data
*** moving datasets to lazyload DB
** inst
** byte-compile and prepare package for lazy loading
in method for ‘getInput’ with signature ‘"ChemoProtSet"’: no definition for class “ChemoProtSet”
in method for ‘getNorm’ with signature ‘"ChemoProtSet"’: no definition for class “ChemoProtSet”
in method for ‘getFinal’ with signature ‘"ChemoProtSet"’: no definition for class “ChemoProtSet”
in method for ‘getParameters’ with signature ‘"ChemoProtSet"’: no definition for class “ChemoProtSet”
in method for ‘getDatasets’ with signature ‘"ChemoProtSet"’: no definition for class “ChemoProtSet”
in method for ‘boxplot’ with signature ‘"ChemoProtSet"’: no definition for class “ChemoProtSet”
in method for ‘corrPlot’ with signature ‘"ChemoProtSet"’: no definition for class “ChemoProtSet”
in method for ‘densityPlot’ with signature ‘"ChemoProtSet"’: no definition for class “ChemoProtSet”
Creating a new generic function for ‘meanSdPlot’ in package ‘Doscheda’
** help
*** installing help indices
** building package indices
** installing vignettes
** testing if installed package can be loaded from temporary location
** testing if installed package can be loaded from final location
** testing if installed package keeps a record of temporary installation path
* SHA256 sums
* creating tarball
packaged installation of ‘Doscheda’ as ‘Doscheda_1.34.0_R_x86_64-pc-linux-gnu.tar.gz’
* DONE (Doscheda)

The downloaded source packages are in
	‘/tmp/RtmpswkgA0/downloaded_packages’
Old packages: 'diffobj', 'httr2', 'pak', 'pkgdown', 'urlchecker', 'xfun',
  'zip', 'MASS', 'nlme', 'survival'

real	0m30.322s
user	0m17.633s
sys	0m4.309s
