+ Rscript -e 'Sys.setenv(BIOCONDUCTOR_USE_CONTAINER_REPOSITORY=FALSE);
  p <- .libPaths();
  p <- c('\''/tmp/library'\'', '\''/mnt/library'\'', p);
  .libPaths(p);
  if(BiocManager::install('\''scTGIF'\'', INSTALL_opts = '\''--build'\'', update = TRUE, quiet = FALSE, dependencies=TRUE, force = TRUE, keep_outputs = TRUE) %in% rownames(installed.packages())) q(status = 0) else q(status = 1)'
'getOption("repos")' replaces Bioconductor standard repositories, see
'help("repositories", package = "BiocManager")' for details.
Replacement repositories:
    CRAN: https://p3m.dev/cran/__linux__/noble/latest
Bioconductor version 3.24 (BiocManager 1.30.27), R 4.6.1 (2026-06-24)
Installing package(s) 'scTGIF'
also installing the dependencies ‘Vicus’, ‘tagcloud’, ‘nnTensor’

trying URL 'https://p3m.dev/cran/__linux__/noble/latest/src/contrib/Vicus_0.99.0.tar.gz'
trying URL 'https://p3m.dev/cran/__linux__/noble/latest/src/contrib/tagcloud_0.7.0.tar.gz'
trying URL 'https://p3m.dev/cran/__linux__/noble/latest/src/contrib/nnTensor_1.4.0.tar.gz'
trying URL 'https://bioconductor.org/packages/3.24/bioc/src/contrib/scTGIF_1.27.0.tar.gz'
* installing *binary* package ‘Vicus’ ...
* package ‘Vicus’ successfully unpacked and SHA256 sums checked
* ‘Vicus’ was already a binary package and will not be rebuilt
* SHA256 sums
* creating tarball
packaged installation of ‘Vicus’ as ‘Vicus_0.99.0_R_x86_64-pc-linux-gnu.tar.gz’
* DONE (Vicus)
* installing *binary* package ‘tagcloud’ ...
* package ‘tagcloud’ successfully unpacked and SHA256 sums checked
* ‘tagcloud’ was already a binary package and will not be rebuilt
* SHA256 sums
* creating tarball
packaged installation of ‘tagcloud’ as ‘tagcloud_0.7.0_R_x86_64-pc-linux-gnu.tar.gz’
* DONE (tagcloud)
* installing *binary* package ‘nnTensor’ ...
* package ‘nnTensor’ successfully unpacked and SHA256 sums checked
* ‘nnTensor’ was already a binary package and will not be rebuilt
* SHA256 sums
* creating tarball
packaged installation of ‘nnTensor’ as ‘nnTensor_1.4.0_R_x86_64-pc-linux-gnu.tar.gz’
* DONE (nnTensor)
* installing *source* package ‘scTGIF’ ...
** this is package ‘scTGIF’ version ‘1.27.0’
** package ‘scTGIF’ successfully unpacked and MD5 sums checked
** using staged installation
** R
** data
** inst
** byte-compile and prepare package for lazy loading
Warning: no DISPLAY variable so Tk is not available
** help
*** installing help indices
** building package indices
** installing vignettes
** testing if installed package can be loaded from temporary location
Warning: no DISPLAY variable so Tk is not available
** testing if installed package can be loaded from final location
Warning: no DISPLAY variable so Tk is not available
** testing if installed package keeps a record of temporary installation path
* SHA256 sums
* creating tarball
packaged installation of ‘scTGIF’ as ‘scTGIF_1.27.0_R_x86_64-pc-linux-gnu.tar.gz’
* DONE (scTGIF)

The downloaded source packages are in
	‘/tmp/RtmpmJnHFU/downloaded_packages’
Old packages: 'diffobj'

real	0m53.104s
user	0m38.942s
sys	0m6.465s
