+ Rscript -e 'Sys.setenv(BIOCONDUCTOR_USE_CONTAINER_REPOSITORY=FALSE);
  p <- .libPaths();
  p <- c('\''/tmp/library'\'', '\''/mnt/library'\'', p);
  .libPaths(p);
  if(BiocManager::install('\''rfaRm'\'', INSTALL_opts = '\''--build'\'', update = TRUE, quiet = FALSE, dependencies=TRUE, force = TRUE, keep_outputs = TRUE) %in% rownames(installed.packages())) q(status = 0) else q(status = 1)'
'getOption("repos")' replaces Bioconductor standard repositories, see
'help("repositories", package = "BiocManager")' for details.
Replacement repositories:
    CRAN: https://p3m.dev/cran/__linux__/noble/latest
Bioconductor version 3.23 (BiocManager 1.30.27), R 4.6.1 (2026-06-24)
Installing package(s) 'rfaRm'
also installing the dependency ‘R4RNA’

trying URL 'https://bioconductor.org/packages/3.23/bioc/src/contrib/R4RNA_1.40.0.tar.gz'
trying URL 'https://bioconductor.org/packages/3.23/bioc/src/contrib/rfaRm_1.24.1.tar.gz'
* installing *source* package ‘R4RNA’ ...
** this is package ‘R4RNA’ version ‘1.40.0’
** using staged installation
** R
** data
** inst
** byte-compile and prepare package for lazy loading
** help
*** installing help indices
** building package indices
** installing vignettes
** testing if installed package can be loaded from temporary location
** testing if installed package can be loaded from final location
** testing if installed package keeps a record of temporary installation path
* SHA256 sums
* creating tarball
packaged installation of ‘R4RNA’ as ‘R4RNA_1.40.0_R_x86_64-pc-linux-gnu.tar.gz’
* DONE (R4RNA)
* installing *source* package ‘rfaRm’ ...
** this is package ‘rfaRm’ version ‘1.24.1’
** using staged installation
** R
** inst
** byte-compile and prepare package for lazy loading
** help
*** installing help indices
** building package indices
** installing vignettes
** testing if installed package can be loaded from temporary location
** testing if installed package can be loaded from final location
** testing if installed package keeps a record of temporary installation path
* SHA256 sums
* creating tarball
packaged installation of ‘rfaRm’ as ‘rfaRm_1.24.1_R_x86_64-pc-linux-gnu.tar.gz’
* DONE (rfaRm)

The downloaded source packages are in
	‘/tmp/Rtmp09KdPm/downloaded_packages’
Old packages: 'httr2', 'pak', 'pkgdown', 'urlchecker', 'xfun', 'zip', 'MASS',
  'nlme', 'survival'

real	0m29.086s
user	0m21.050s
sys	0m4.358s
