+ Rscript -e 'Sys.setenv(BIOCONDUCTOR_USE_CONTAINER_REPOSITORY=FALSE);
  p <- .libPaths();
  p <- c('\''/tmp/library'\'', '\''/mnt/library'\'', p);
  .libPaths(p);
  if(BiocManager::install('\''miaDash'\'', INSTALL_opts = '\''--build'\'', update = TRUE, quiet = FALSE, dependencies=TRUE, force = TRUE, keep_outputs = TRUE) %in% rownames(installed.packages())) q(status = 0) else q(status = 1)'
'getOption("repos")' replaces Bioconductor standard repositories, see
'help("repositories", package = "BiocManager")' for details.
Replacement repositories:
    CRAN: https://p3m.dev/cran/__linux__/noble/latest
Bioconductor version 3.24 (BiocManager 1.30.27), R 4.6.1 (2026-06-24)
Installing package(s) 'miaDash'
also installing the dependencies ‘fillpattern’, ‘rbiom’

trying URL 'https://p3m.dev/cran/__linux__/noble/latest/src/contrib/fillpattern_1.0.3.tar.gz'
trying URL 'https://p3m.dev/cran/__linux__/noble/latest/src/contrib/rbiom_3.1.0.tar.gz'
trying URL 'https://bioconductor.org/packages/3.24/bioc/src/contrib/miaDash_1.5.1.tar.gz'
* installing *binary* package ‘fillpattern’ ...
* package ‘fillpattern’ successfully unpacked and SHA256 sums checked
* ‘fillpattern’ was already a binary package and will not be rebuilt
* SHA256 sums
* creating tarball
packaged installation of ‘fillpattern’ as ‘fillpattern_1.0.3_R_x86_64-pc-linux-gnu.tar.gz’
* DONE (fillpattern)
* installing *binary* package ‘rbiom’ ...
* package ‘rbiom’ successfully unpacked and SHA256 sums checked
* ‘rbiom’ was already a binary package and will not be rebuilt
* SHA256 sums
* creating tarball
packaged installation of ‘rbiom’ as ‘rbiom_3.1.0_R_x86_64-pc-linux-gnu.tar.gz’
* DONE (rbiom)
* installing *source* package ‘miaDash’ ...
** this is package ‘miaDash’ version ‘1.5.1’
** package ‘miaDash’ successfully unpacked and MD5 sums checked
** using staged installation
** R
** inst
** byte-compile and prepare package for lazy loading
** help
*** installing help indices
** building package indices
** installing vignettes
** testing if installed package can be loaded from temporary location
** testing if installed package can be loaded from final location
** testing if installed package keeps a record of temporary installation path
* SHA256 sums
* creating tarball
packaged installation of ‘miaDash’ as ‘miaDash_1.5.1_R_x86_64-pc-linux-gnu.tar.gz’
* DONE (miaDash)

The downloaded source packages are in
	‘/tmp/Rtmp2LbNSt/downloaded_packages’
Old packages: 'diffobj'

real	1m7.187s
user	0m46.357s
sys	0m7.726s
