+ Rscript -e 'Sys.setenv(BIOCONDUCTOR_USE_CONTAINER_REPOSITORY=FALSE);
  p <- .libPaths();
  p <- c('\''/tmp/library'\'', '\''/mnt/library'\'', p);
  .libPaths(p);
  if(BiocManager::install('\''nipalsMCIA'\'', INSTALL_opts = '\''--build'\'', update = TRUE, quiet = FALSE, dependencies=TRUE, force = TRUE, keep_outputs = TRUE) %in% rownames(installed.packages())) q(status = 0) else q(status = 1)'
'getOption("repos")' replaces Bioconductor standard repositories, see
'help("repositories", package = "BiocManager")' for details.
Replacement repositories:
    CRAN: https://p3m.dev/cran/__linux__/noble/latest
Bioconductor version 3.23 (BiocManager 1.30.27), R 4.6.1 (2026-06-24)
Installing package(s) 'nipalsMCIA'
also installing the dependency ‘piggyback’

trying URL 'https://p3m.dev/cran/__linux__/noble/latest/src/contrib/piggyback_0.1.5.tar.gz'
trying URL 'https://bioconductor.org/packages/3.23/bioc/src/contrib/nipalsMCIA_1.10.0.tar.gz'
* installing *binary* package ‘piggyback’ ...
* package ‘piggyback’ successfully unpacked and SHA256 sums checked
* ‘piggyback’ was already a binary package and will not be rebuilt
* SHA256 sums
* creating tarball
packaged installation of ‘piggyback’ as ‘piggyback_0.1.5_R_x86_64-pc-linux-gnu.tar.gz’
* DONE (piggyback)
* installing *source* package ‘nipalsMCIA’ ...
** this is package ‘nipalsMCIA’ version ‘1.10.0’
** using staged installation
** R
** data
** inst
** byte-compile and prepare package for lazy loading
** help
*** installing help indices
*** copying figures
** building package indices
** installing vignettes
** testing if installed package can be loaded from temporary location
** testing if installed package can be loaded from final location
** testing if installed package keeps a record of temporary installation path
* SHA256 sums
* creating tarball
packaged installation of ‘nipalsMCIA’ as ‘nipalsMCIA_1.10.0_R_x86_64-pc-linux-gnu.tar.gz’
* DONE (nipalsMCIA)

The downloaded source packages are in
	‘/tmp/RtmpjtTTH4/downloaded_packages’
Old packages: 'httr2', 'pak', 'pkgdown', 'urlchecker', 'xfun', 'zip', 'MASS',
  'nlme', 'survival'
Error in readRDS(file) : error reading from connection

real	0m40.060s
user	0m29.711s
sys	0m5.374s
