+ Rscript -e 'Sys.setenv(BIOCONDUCTOR_USE_CONTAINER_REPOSITORY=FALSE);
  p <- .libPaths();
  p <- c('\''/tmp/library'\'', '\''/mnt/library'\'', p);
  .libPaths(p);
  if(BiocManager::install('\''dyebias'\'', INSTALL_opts = '\''--build'\'', update = TRUE, quiet = FALSE, dependencies=TRUE, force = TRUE, keep_outputs = TRUE) %in% rownames(installed.packages())) q(status = 0) else q(status = 1)'
'getOption("repos")' replaces Bioconductor standard repositories, see
'help("repositories", package = "BiocManager")' for details.
Replacement repositories:
    CRAN: https://p3m.dev/cran/__linux__/noble/latest
Bioconductor version 3.24 (BiocManager 1.30.27), R 4.6.1 (2026-06-24)
Installing package(s) 'dyebias'
also installing the dependency ‘dyebiasexamples’

trying URL 'https://bioconductor.org/packages/3.24/data/experiment/src/contrib/dyebiasexamples_1.53.0.tar.gz'
trying URL 'https://bioconductor.org/packages/3.24/bioc/src/contrib/dyebias_1.73.0.tar.gz'
* installing *source* package ‘dyebiasexamples’ ...
** this is package ‘dyebiasexamples’ version ‘1.53.0’
** using staged installation
** R
** data
** inst
** byte-compile and prepare package for lazy loading
** help
Warning: dyebias.geo2marray.Rd:10-17: Section \synopsis is unrecognized and will be dropped
Warning: dyebias.umcu.proper.estimators.Rd:11-13: Section \synopsis is unrecognized and will be dropped
*** installing help indices
** building package indices
** installing vignettes
** testing if installed package can be loaded from temporary location
** testing if installed package can be loaded from final location
** testing if installed package keeps a record of temporary installation path
* SHA256 sums
* creating tarball
packaged installation of ‘dyebiasexamples’ as ‘dyebiasexamples_1.53.0_R_x86_64-pc-linux-gnu.tar.gz’
* DONE (dyebiasexamples)
* installing *source* package ‘dyebias’ ...
** this is package ‘dyebias’ version ‘1.73.0’
** package ‘dyebias’ successfully unpacked and MD5 sums checked
** using staged installation
** R
** inst
** byte-compile and prepare package for lazy loading
** help
*** installing help indices
** building package indices
** installing vignettes
** testing if installed package can be loaded from temporary location
** testing if installed package can be loaded from final location
** testing if installed package keeps a record of temporary installation path
* SHA256 sums
* creating tarball
packaged installation of ‘dyebias’ as ‘dyebias_1.73.0_R_x86_64-pc-linux-gnu.tar.gz’
* DONE (dyebias)

The downloaded source packages are in
	‘/tmp/RtmpXcc866/downloaded_packages’
Old packages: 'diffobj'

real	0m41.027s
user	0m32.268s
sys	0m5.237s
