+ Rscript -e 'Sys.setenv(BIOCONDUCTOR_USE_CONTAINER_REPOSITORY=FALSE);
  p <- .libPaths();
  p <- c('\''/tmp/library'\'', '\''/mnt/library'\'', p);
  .libPaths(p);
  if(BiocManager::install('\''diffuStats'\'', INSTALL_opts = '\''--build'\'', update = TRUE, quiet = FALSE, dependencies=TRUE, force = TRUE, keep_outputs = TRUE) %in% rownames(installed.packages())) q(status = 0) else q(status = 1)'
'getOption("repos")' replaces Bioconductor standard repositories, see
'help("repositories", package = "BiocManager")' for details.
Replacement repositories:
    CRAN: https://p3m.dev/cran/__linux__/noble/latest
Bioconductor version 3.23 (BiocManager 1.30.27), R 4.6.1 (2026-06-24)
Installing package(s) 'diffuStats'
also installing the dependencies ‘precrec’, ‘igraphdata’

trying URL 'https://p3m.dev/cran/__linux__/noble/latest/src/contrib/precrec_0.14.5.tar.gz'
trying URL 'https://p3m.dev/cran/__linux__/noble/latest/src/contrib/igraphdata_1.0.1.tar.gz'
trying URL 'https://bioconductor.org/packages/3.23/bioc/src/contrib/diffuStats_1.32.0.tar.gz'
* installing *binary* package ‘precrec’ ...
* package ‘precrec’ successfully unpacked and SHA256 sums checked
* ‘precrec’ was already a binary package and will not be rebuilt
* SHA256 sums
* creating tarball
packaged installation of ‘precrec’ as ‘precrec_0.14.5_R_x86_64-pc-linux-gnu.tar.gz’
* DONE (precrec)
* installing *binary* package ‘igraphdata’ ...
* package ‘igraphdata’ successfully unpacked and SHA256 sums checked
* ‘igraphdata’ was already a binary package and will not be rebuilt
* SHA256 sums
* creating tarball
packaged installation of ‘igraphdata’ as ‘igraphdata_1.0.1_R_x86_64-pc-linux-gnu.tar.gz’
* DONE (igraphdata)
* installing *source* package ‘diffuStats’ ...
** this is package ‘diffuStats’ version ‘1.32.0’
** using staged installation
** libs
specified C++11
using C compiler: ‘gcc (Ubuntu 13.3.0-6ubuntu2~24.04.1) 13.3.0’
using C++ compiler: ‘g++ (Ubuntu 13.3.0-6ubuntu2~24.04.1) 13.3.0’
g++ -std=gnu++20 -I"/usr/local/lib/R/include" -DNDEBUG  -I'/usr/local/lib/R/site-library/Rcpp/include' -I'/mnt/library/RcppArmadillo/include' -I'/mnt/library/RcppParallel/include' -I/usr/local/include    -fpic  -g -O2 -fstack-protector-strong -Wformat -Werror=format-security -Wdate-time -D_FORTIFY_SOURCE=2 -g   -c RcppExports.cpp -o RcppExports.o
g++ -std=gnu++20 -I"/usr/local/lib/R/include" -DNDEBUG  -I'/usr/local/lib/R/site-library/Rcpp/include' -I'/mnt/library/RcppArmadillo/include' -I'/mnt/library/RcppParallel/include' -I/usr/local/include    -fpic  -g -O2 -fstack-protector-strong -Wformat -Werror=format-security -Wdate-time -D_FORTIFY_SOURCE=2 -g   -c diffuse_parallel.cpp -o diffuse_parallel.o
gcc -std=gnu2x -I"/usr/local/lib/R/include" -DNDEBUG  -I'/usr/local/lib/R/site-library/Rcpp/include' -I'/mnt/library/RcppArmadillo/include' -I'/mnt/library/RcppParallel/include' -I/usr/local/include    -fpic  -g -O2 -fstack-protector-strong -Wformat -Werror=format-security -Wdate-time -D_FORTIFY_SOURCE=2 -g  -c init.c -o init.o
g++ -std=gnu++20 -shared -L/usr/local/lib/R/lib -L/usr/local/lib -o diffuStats.so RcppExports.o diffuse_parallel.o init.o -L/usr/local/lib/R/lib -lR
installing to /tmp/library/00LOCK-diffuStats/00new/diffuStats/libs
** R
** data
*** moving datasets to lazyload DB
** inst
** byte-compile and prepare package for lazy loading
** help
*** installing help indices
** building package indices
** installing vignettes
** testing if installed package can be loaded from temporary location
** checking absolute paths in shared objects and dynamic libraries
** testing if installed package can be loaded from final location
** testing if installed package keeps a record of temporary installation path
* SHA256 sums
* creating tarball
packaged installation of ‘diffuStats’ as ‘diffuStats_1.32.0_R_x86_64-pc-linux-gnu.tar.gz’
* DONE (diffuStats)

The downloaded source packages are in
	‘/tmp/RtmpsXIZzN/downloaded_packages’
Old packages: 'diffobj', 'httr2', 'pak', 'pkgdown', 'urlchecker', 'xfun',
  'zip', 'MASS', 'nlme', 'survival'

real	2m18.780s
user	0m31.063s
sys	0m6.574s
