+ Rscript -e 'Sys.setenv(BIOCONDUCTOR_USE_CONTAINER_REPOSITORY=FALSE);
  p <- .libPaths();
  p <- c('\''/tmp/library'\'', '\''/mnt/library'\'', p);
  .libPaths(p);
  if(BiocManager::install('\''NormalyzerDE'\'', INSTALL_opts = '\''--build'\'', update = TRUE, quiet = FALSE, dependencies=TRUE, force = TRUE, keep_outputs = TRUE) %in% rownames(installed.packages())) q(status = 0) else q(status = 1)'
'getOption("repos")' replaces Bioconductor standard repositories, see
'help("repositories", package = "BiocManager")' for details.
Replacement repositories:
    CRAN: https://p3m.dev/cran/__linux__/noble/latest
Bioconductor version 3.24 (BiocManager 1.30.27), R 4.6.1 (2026-06-24)
Installing package(s) 'NormalyzerDE'
trying URL 'https://bioconductor.org/packages/3.24/bioc/src/contrib/NormalyzerDE_1.31.0.tar.gz'
Content type 'application/x-gzip' length 1169411 bytes (1.1 MB)
==================================================
downloaded 1.1 MB

* installing *source* package ‘NormalyzerDE’ ...
** this is package ‘NormalyzerDE’ version ‘1.31.0’
** package ‘NormalyzerDE’ successfully unpacked and MD5 sums checked
** using staged installation
** R
** data
** inst
** byte-compile and prepare package for lazy loading
** help
*** installing help indices
** building package indices
** installing vignettes
** testing if installed package can be loaded from temporary location
** testing if installed package can be loaded from final location
** testing if installed package keeps a record of temporary installation path
* SHA256 sums
* creating tarball
packaged installation of ‘NormalyzerDE’ as ‘NormalyzerDE_1.31.0_R_x86_64-pc-linux-gnu.tar.gz’
* DONE (NormalyzerDE)

The downloaded source packages are in
	‘/tmp/RtmpEdYoBY/downloaded_packages’

real	0m32.359s
user	0m24.673s
sys	0m4.255s
