+ Rscript -e 'Sys.setenv(BIOCONDUCTOR_USE_CONTAINER_REPOSITORY=FALSE);
  p <- .libPaths();
  p <- c('\''/tmp/library'\'', '\''/mnt/library'\'', p);
  .libPaths(p);
  if(BiocManager::install('\''customProDB'\'', INSTALL_opts = '\''--build'\'', update = TRUE, quiet = FALSE, dependencies=TRUE, force = TRUE, keep_outputs = TRUE) %in% rownames(installed.packages())) q(status = 0) else q(status = 1)'
'getOption("repos")' replaces Bioconductor standard repositories, see
'help("repositories", package = "BiocManager")' for details.
Replacement repositories:
    CRAN: https://p3m.dev/cran/__linux__/noble/latest
Bioconductor version 3.23 (BiocManager 1.30.27), R 4.6.1 (2026-06-24)
Installing package(s) 'customProDB'
also installing the dependency ‘AhoCorasickTrie’

trying URL 'https://p3m.dev/cran/__linux__/noble/latest/src/contrib/AhoCorasickTrie_0.1.3.tar.gz'
trying URL 'https://bioconductor.org/packages/3.23/bioc/src/contrib/customProDB_1.51.0.tar.gz'
* installing *binary* package ‘AhoCorasickTrie’ ...
* package ‘AhoCorasickTrie’ successfully unpacked and SHA256 sums checked
* ‘AhoCorasickTrie’ was already a binary package and will not be rebuilt
* SHA256 sums
* creating tarball
packaged installation of ‘AhoCorasickTrie’ as ‘AhoCorasickTrie_0.1.3_R_x86_64-pc-linux-gnu.tar.gz’
* DONE (AhoCorasickTrie)
* installing *source* package ‘customProDB’ ...
** this is package ‘customProDB’ version ‘1.51.0’
** using staged installation
** R
** inst
** byte-compile and prepare package for lazy loading
Note: possible error in 'listMarts(mart = mart, ': unused argument (archive = FALSE) 
Note: possible error in 'useMart(biomart = biomart, ': unused argument (archive = FALSE) 
** help
*** installing help indices
** building package indices
** installing vignettes
** testing if installed package can be loaded from temporary location
** testing if installed package can be loaded from final location
** testing if installed package keeps a record of temporary installation path
* SHA256 sums
* creating tarball
packaged installation of ‘customProDB’ as ‘customProDB_1.51.0_R_x86_64-pc-linux-gnu.tar.gz’
* DONE (customProDB)

The downloaded source packages are in
	‘/tmp/RtmpawOjgF/downloaded_packages’
Old packages: 'httr2', 'pak', 'pkgdown', 'urlchecker', 'xfun', 'zip', 'MASS',
  'nlme', 'survival'

real	1m10.712s
user	0m43.507s
sys	0m6.911s
