+ Rscript -e 'Sys.setenv(BIOCONDUCTOR_USE_CONTAINER_REPOSITORY=FALSE);
  p <- .libPaths();
  p <- c('\''/tmp/library'\'', '\''/mnt/library'\'', p);
  .libPaths(p);
  if(BiocManager::install('\''EpiTxDb'\'', INSTALL_opts = '\''--build'\'', update = TRUE, quiet = FALSE, dependencies=TRUE, force = TRUE, keep_outputs = TRUE) %in% rownames(installed.packages())) q(status = 0) else q(status = 1)'
'getOption("repos")' replaces Bioconductor standard repositories, see
'help("repositories", package = "BiocManager")' for details.
Replacement repositories:
    CRAN: https://p3m.dev/cran/__linux__/noble/latest
Bioconductor version 3.24 (BiocManager 1.30.27), R 4.6.1 (2026-06-24)
Installing package(s) 'EpiTxDb'
also installing the dependency ‘EpiTxDb.Hs.hg38’

trying URL 'https://bioconductor.org/packages/3.24/data/annotation/src/contrib/EpiTxDb.Hs.hg38_0.99.7.tar.gz'
trying URL 'https://bioconductor.org/packages/3.24/bioc/src/contrib/EpiTxDb_1.25.0.tar.gz'
* installing *source* package ‘EpiTxDb’ ...
** this is package ‘EpiTxDb’ version ‘1.25.0’
** package ‘EpiTxDb’ successfully unpacked and MD5 sums checked
** using staged installation
** R
** data
** inst
** byte-compile and prepare package for lazy loading
** help
*** installing help indices
** building package indices
** installing vignettes
** testing if installed package can be loaded from temporary location
** testing if installed package can be loaded from final location
** testing if installed package keeps a record of temporary installation path
* SHA256 sums
* creating tarball
packaged installation of ‘EpiTxDb’ as ‘EpiTxDb_1.25.0_R_x86_64-pc-linux-gnu.tar.gz’
* DONE (EpiTxDb)
* installing *source* package ‘EpiTxDb.Hs.hg38’ ...
** this is package ‘EpiTxDb.Hs.hg38’ version ‘0.99.7’
** using staged installation
** R
** inst
** byte-compile and prepare package for lazy loading
** help
*** installing help indices
** building package indices
** installing vignettes
** testing if installed package can be loaded from temporary location
** testing if installed package can be loaded from final location
** testing if installed package keeps a record of temporary installation path
* SHA256 sums
* creating tarball
packaged installation of ‘EpiTxDb.Hs.hg38’ as ‘EpiTxDb.Hs.hg38_0.99.7_R_x86_64-pc-linux-gnu.tar.gz’
* DONE (EpiTxDb.Hs.hg38)

The downloaded source packages are in
	‘/tmp/RtmpZRX8zK/downloaded_packages’
Old packages: 'diffobj'

real	1m40.625s
user	1m18.625s
sys	0m9.643s
