+ Rscript -e 'Sys.setenv(BIOCONDUCTOR_USE_CONTAINER_REPOSITORY=FALSE);
  p <- .libPaths();
  p <- c('\''/tmp/library'\'', '\''/mnt/library'\'', p);
  .libPaths(p);
  if(BiocManager::install('\''pipeComp'\'', INSTALL_opts = '\''--build'\'', update = TRUE, quiet = FALSE, dependencies=TRUE, force = TRUE, keep_outputs = TRUE) %in% rownames(installed.packages())) q(status = 0) else q(status = 1)'
'getOption("repos")' replaces Bioconductor standard repositories, see
'help("repositories", package = "BiocManager")' for details.
Replacement repositories:
    CRAN: https://p3m.dev/cran/__linux__/noble/latest
Bioconductor version 3.23 (BiocManager 1.30.27), R 4.6.1 (2026-06-24)
Installing package(s) 'pipeComp'
also installing the dependencies ‘yaImpute’, ‘intrinsicDimension’

trying URL 'https://p3m.dev/cran/__linux__/noble/latest/src/contrib/yaImpute_1.0-36.tar.gz'
trying URL 'https://p3m.dev/cran/__linux__/noble/latest/src/contrib/intrinsicDimension_1.2.0.tar.gz'
trying URL 'https://bioconductor.org/packages/3.23/bioc/src/contrib/pipeComp_1.22.1.tar.gz'
* installing *binary* package ‘yaImpute’ ...
* package ‘yaImpute’ successfully unpacked and SHA256 sums checked
* ‘yaImpute’ was already a binary package and will not be rebuilt
* SHA256 sums
* creating tarball
packaged installation of ‘yaImpute’ as ‘yaImpute_1.0-36_R_x86_64-pc-linux-gnu.tar.gz’
* DONE (yaImpute)
* installing *binary* package ‘intrinsicDimension’ ...
* package ‘intrinsicDimension’ successfully unpacked and SHA256 sums checked
* ‘intrinsicDimension’ was already a binary package and will not be rebuilt
* SHA256 sums
* creating tarball
packaged installation of ‘intrinsicDimension’ as ‘intrinsicDimension_1.2.0_R_x86_64-pc-linux-gnu.tar.gz’
* DONE (intrinsicDimension)
* installing *source* package ‘pipeComp’ ...
** this is package ‘pipeComp’ version ‘1.22.1’
** using staged installation
** R
** data
** inst
** byte-compile and prepare package for lazy loading
** help
*** installing help indices
** building package indices
** installing vignettes
** testing if installed package can be loaded from temporary location
** testing if installed package can be loaded from final location
** testing if installed package keeps a record of temporary installation path
* SHA256 sums
* creating tarball
packaged installation of ‘pipeComp’ as ‘pipeComp_1.22.1_R_x86_64-pc-linux-gnu.tar.gz’
* DONE (pipeComp)

The downloaded source packages are in
	‘/tmp/RtmpvTFDt4/downloaded_packages’
Old packages: 'diffobj', 'httr2', 'pak', 'pkgdown', 'urlchecker', 'xfun',
  'zip', 'MASS', 'nlme', 'survival'

real	1m17.801s
user	0m58.723s
sys	0m7.898s
