+ Rscript -e 'Sys.setenv(BIOCONDUCTOR_USE_CONTAINER_REPOSITORY=FALSE);
  p <- .libPaths();
  p <- c('\''/tmp/library'\'', '\''/mnt/library'\'', p);
  .libPaths(p);
  if(BiocManager::install('\''affycoretools'\'', INSTALL_opts = '\''--build'\'', update = TRUE, quiet = FALSE, dependencies=TRUE, force = TRUE, keep_outputs = TRUE) %in% rownames(installed.packages())) q(status = 0) else q(status = 1)'
'getOption("repos")' replaces Bioconductor standard repositories, see
'help("repositories", package = "BiocManager")' for details.
Replacement repositories:
    CRAN: https://p3m.dev/cran/__linux__/noble/latest
Bioconductor version 3.24 (BiocManager 1.30.27), R 4.6.1 (2026-06-24)
Installing package(s) 'affycoretools'
also installing the dependency ‘hgfocuscdf’

trying URL 'https://bioconductor.org/packages/3.24/data/annotation/src/contrib/hgfocuscdf_2.18.0.tar.gz'
trying URL 'https://bioconductor.org/packages/3.24/bioc/src/contrib/affycoretools_1.85.0.tar.gz'
* installing *source* package ‘hgfocuscdf’ ...
** this is package ‘hgfocuscdf’ version ‘2.18.0’
** using staged installation
** R
** data
** byte-compile and prepare package for lazy loading
Warning: replacing previous import ‘AnnotationDbi::tail’ by ‘utils::tail’ when loading ‘hgfocuscdf’
Warning: replacing previous import ‘AnnotationDbi::head’ by ‘utils::head’ when loading ‘hgfocuscdf’
** help
*** installing help indices
** building package indices
** testing if installed package can be loaded from temporary location
Warning: replacing previous import ‘AnnotationDbi::tail’ by ‘utils::tail’ when loading ‘hgfocuscdf’
Warning: replacing previous import ‘AnnotationDbi::head’ by ‘utils::head’ when loading ‘hgfocuscdf’
** testing if installed package can be loaded from final location
Warning: replacing previous import ‘AnnotationDbi::tail’ by ‘utils::tail’ when loading ‘hgfocuscdf’
Warning: replacing previous import ‘AnnotationDbi::head’ by ‘utils::head’ when loading ‘hgfocuscdf’
** testing if installed package keeps a record of temporary installation path
* SHA256 sums
* creating tarball
packaged installation of ‘hgfocuscdf’ as ‘hgfocuscdf_2.18.0_R_x86_64-pc-linux-gnu.tar.gz’
* DONE (hgfocuscdf)
* installing *source* package ‘affycoretools’ ...
** this is package ‘affycoretools’ version ‘1.85.0’
** package ‘affycoretools’ successfully unpacked and MD5 sums checked
** using staged installation
** R
** inst
** byte-compile and prepare package for lazy loading
** help
*** installing help indices
** building package indices
** installing vignettes
** testing if installed package can be loaded from temporary location
** testing if installed package can be loaded from final location
** testing if installed package keeps a record of temporary installation path
* SHA256 sums
* creating tarball
packaged installation of ‘affycoretools’ as ‘affycoretools_1.85.0_R_x86_64-pc-linux-gnu.tar.gz’
* DONE (affycoretools)

The downloaded source packages are in
	‘/tmp/RtmpCAZdTq/downloaded_packages’

real	1m24.175s
user	1m7.310s
sys	0m8.202s
