+ Rscript -e 'Sys.setenv(BIOCONDUCTOR_USE_CONTAINER_REPOSITORY=FALSE);
  p <- .libPaths();
  p <- c('\''/tmp/library'\'', '\''/mnt/library'\'', p);
  .libPaths(p);
  if(BiocManager::install('\''getDEE2'\'', INSTALL_opts = '\''--build'\'', update = TRUE, quiet = FALSE, dependencies=TRUE, force = TRUE, keep_outputs = TRUE) %in% rownames(installed.packages())) q(status = 0) else q(status = 1)'
'getOption("repos")' replaces Bioconductor standard repositories, see
'help("repositories", package = "BiocManager")' for details.
Replacement repositories:
    CRAN: https://p3m.dev/cran/__linux__/noble/latest
Bioconductor version 3.24 (BiocManager 1.30.27), R 4.6.1 (2026-06-24)
Installing package(s) 'getDEE2'
also installing the dependency ‘htm2txt’

trying URL 'https://p3m.dev/cran/__linux__/noble/latest/src/contrib/htm2txt_2.2.2.tar.gz'
trying URL 'https://bioconductor.org/packages/3.24/bioc/src/contrib/getDEE2_1.23.0.tar.gz'
* installing *binary* package ‘htm2txt’ ...
* package ‘htm2txt’ successfully unpacked and SHA256 sums checked
* ‘htm2txt’ was already a binary package and will not be rebuilt
* SHA256 sums
* creating tarball
packaged installation of ‘htm2txt’ as ‘htm2txt_2.2.2_R_x86_64-pc-linux-gnu.tar.gz’
* DONE (htm2txt)
* installing *source* package ‘getDEE2’ ...
** this is package ‘getDEE2’ version ‘1.23.0’
** package ‘getDEE2’ successfully unpacked and MD5 sums checked
** using staged installation
Warning in person1(given = given[[i]], family = family[[i]], middle = middle[[i]],  :
  It is recommended to use ‘given’ instead of ‘middle’.
Warning in person1(given = given[[i]], family = family[[i]], middle = middle[[i]],  :
  It is recommended to use ‘given’ instead of ‘middle’.
** R
** inst
** byte-compile and prepare package for lazy loading
** help
*** installing help indices
** building package indices
** installing vignettes
** testing if installed package can be loaded from temporary location
** testing if installed package can be loaded from final location
** testing if installed package keeps a record of temporary installation path
* SHA256 sums
* creating tarball
packaged installation of ‘getDEE2’ as ‘getDEE2_1.23.0_R_x86_64-pc-linux-gnu.tar.gz’
* DONE (getDEE2)

The downloaded source packages are in
	‘/tmp/RtmpENY72K/downloaded_packages’
Old packages: 'diffobj'

real	0m28.537s
user	0m21.429s
sys	0m3.588s
