+ Rscript -e 'Sys.setenv(BIOCONDUCTOR_USE_CONTAINER_REPOSITORY=FALSE);
  p <- .libPaths();
  p <- c('\''/tmp/library'\'', '\''/mnt/library'\'', p);
  .libPaths(p);
  if(BiocManager::install('\''MungeSumstats'\'', INSTALL_opts = '\''--build'\'', update = TRUE, quiet = FALSE, dependencies=TRUE, force = TRUE, keep_outputs = TRUE) %in% rownames(installed.packages())) q(status = 0) else q(status = 1)'
'getOption("repos")' replaces Bioconductor standard repositories, see
'help("repositories", package = "BiocManager")' for details.
Replacement repositories:
    CRAN: https://p3m.dev/cran/__linux__/noble/latest
Bioconductor version 3.24 (BiocManager 1.30.27), R 4.6.1 (2026-06-24)
Installing package(s) 'MungeSumstats'
also installing the dependency ‘SNPlocs.Hsapiens.dbSNP155.GRCh38’

trying URL 'https://bioconductor.org/packages/3.24/data/annotation/src/contrib/SNPlocs.Hsapiens.dbSNP155.GRCh38_0.99.24.tar.gz'
trying URL 'https://bioconductor.org/packages/3.24/bioc/src/contrib/MungeSumstats_1.21.0.tar.gz'
* installing *source* package ‘SNPlocs.Hsapiens.dbSNP155.GRCh38’ ...
** this is package ‘SNPlocs.Hsapiens.dbSNP155.GRCh38’ version ‘0.99.24’
** using staged installation
** R
** inst
** byte-compile and prepare package for lazy loading
Warning: replacing previous import ‘utils::data’ by ‘BiocGenerics::data’ when loading ‘SNPlocs.Hsapiens.dbSNP155.GRCh38’
Warning: replacing previous import ‘utils::findMatches’ by ‘S4Vectors::findMatches’ when loading ‘SNPlocs.Hsapiens.dbSNP155.GRCh38’
** help
*** installing help indices
** building package indices
** testing if installed package can be loaded from temporary location
Warning: replacing previous import ‘utils::data’ by ‘BiocGenerics::data’ when loading ‘SNPlocs.Hsapiens.dbSNP155.GRCh38’
Warning: replacing previous import ‘utils::findMatches’ by ‘S4Vectors::findMatches’ when loading ‘SNPlocs.Hsapiens.dbSNP155.GRCh38’
** testing if installed package can be loaded from final location
Warning: replacing previous import ‘utils::data’ by ‘BiocGenerics::data’ when loading ‘SNPlocs.Hsapiens.dbSNP155.GRCh38’
Warning: replacing previous import ‘utils::findMatches’ by ‘S4Vectors::findMatches’ when loading ‘SNPlocs.Hsapiens.dbSNP155.GRCh38’
** testing if installed package keeps a record of temporary installation path
* SHA256 sums
* creating tarball
packaged installation of ‘SNPlocs.Hsapiens.dbSNP155.GRCh38’ as ‘SNPlocs.Hsapiens.dbSNP155.GRCh38_0.99.24_R_x86_64-pc-linux-gnu.tar.gz’
* DONE (SNPlocs.Hsapiens.dbSNP155.GRCh38)
* installing *source* package ‘MungeSumstats’ ...
** this is package ‘MungeSumstats’ version ‘1.21.0’
** package ‘MungeSumstats’ successfully unpacked and MD5 sums checked
** using staged installation
** R
** data
** inst
** byte-compile and prepare package for lazy loading
** help
*** installing help indices
** building package indices
** installing vignettes
** testing if installed package can be loaded from temporary location
** testing if installed package can be loaded from final location
** testing if installed package keeps a record of temporary installation path
* SHA256 sums
* creating tarball
packaged installation of ‘MungeSumstats’ as ‘MungeSumstats_1.21.0_R_x86_64-pc-linux-gnu.tar.gz’
* DONE (MungeSumstats)

The downloaded source packages are in
	‘/tmp/RtmpX59j6P/downloaded_packages’
Old packages: 'diffobj'

real	12m26.348s
user	10m55.687s
sys	1m18.788s
