+ Rscript -e 'Sys.setenv(BIOCONDUCTOR_USE_CONTAINER_REPOSITORY=FALSE);
  p <- .libPaths();
  p <- c('\''/tmp/library'\'', '\''/mnt/library'\'', p);
  .libPaths(p);
  if(BiocManager::install('\''miRSM'\'', INSTALL_opts = '\''--build'\'', update = TRUE, quiet = FALSE, dependencies=TRUE, force = TRUE, keep_outputs = TRUE) %in% rownames(installed.packages())) q(status = 0) else q(status = 1)'
'getOption("repos")' replaces Bioconductor standard repositories, see
'help("repositories", package = "BiocManager")' for details.
Replacement repositories:
    CRAN: https://p3m.dev/cran/__linux__/noble/latest
Bioconductor version 3.23 (BiocManager 1.30.27), R 4.6.1 (2026-06-24)
Installing package(s) 'miRSM'
also installing the dependencies ‘kpeaks’, ‘inaparc’, ‘GFA’, ‘isa2’, ‘SOMbrero’, ‘ppclust’, ‘MatrixCorrelation’

trying URL 'https://p3m.dev/cran/__linux__/noble/latest/src/contrib/kpeaks_1.1.0.tar.gz'
trying URL 'https://p3m.dev/cran/__linux__/noble/latest/src/contrib/inaparc_1.2.1.tar.gz'
trying URL 'https://p3m.dev/cran/__linux__/noble/latest/src/contrib/GFA_1.0.5.tar.gz'
trying URL 'https://p3m.dev/cran/__linux__/noble/latest/src/contrib/isa2_0.3.6.tar.gz'
trying URL 'https://p3m.dev/cran/__linux__/noble/latest/src/contrib/SOMbrero_1.5.0.tar.gz'
trying URL 'https://p3m.dev/cran/__linux__/noble/latest/src/contrib/ppclust_1.1.0.1.tar.gz'
trying URL 'https://p3m.dev/cran/__linux__/noble/latest/src/contrib/MatrixCorrelation_0.10.1.tar.gz'
trying URL 'https://bioconductor.org/packages/3.23/bioc/src/contrib/miRSM_2.8.0.tar.gz'
* installing *binary* package ‘kpeaks’ ...
* package ‘kpeaks’ successfully unpacked and SHA256 sums checked
* ‘kpeaks’ was already a binary package and will not be rebuilt
* SHA256 sums
* creating tarball
packaged installation of ‘kpeaks’ as ‘kpeaks_1.1.0_R_x86_64-pc-linux-gnu.tar.gz’
* DONE (kpeaks)
* installing *binary* package ‘GFA’ ...
* package ‘GFA’ successfully unpacked and SHA256 sums checked
* ‘GFA’ was already a binary package and will not be rebuilt
* SHA256 sums
* creating tarball
packaged installation of ‘GFA’ as ‘GFA_1.0.5_R_x86_64-pc-linux-gnu.tar.gz’
* DONE (GFA)
* installing *binary* package ‘isa2’ ...
* package ‘isa2’ successfully unpacked and SHA256 sums checked
* ‘isa2’ was already a binary package and will not be rebuilt
* SHA256 sums
* creating tarball
packaged installation of ‘isa2’ as ‘isa2_0.3.6_R_x86_64-pc-linux-gnu.tar.gz’
* DONE (isa2)
* installing *binary* package ‘SOMbrero’ ...
* package ‘SOMbrero’ successfully unpacked and SHA256 sums checked
* ‘SOMbrero’ was already a binary package and will not be rebuilt
* SHA256 sums
* creating tarball
packaged installation of ‘SOMbrero’ as ‘SOMbrero_1.5.0_R_x86_64-pc-linux-gnu.tar.gz’
* DONE (SOMbrero)
* installing *binary* package ‘MatrixCorrelation’ ...
* package ‘MatrixCorrelation’ successfully unpacked and SHA256 sums checked
* ‘MatrixCorrelation’ was already a binary package and will not be rebuilt
* SHA256 sums
* creating tarball
packaged installation of ‘MatrixCorrelation’ as ‘MatrixCorrelation_0.10.1_R_x86_64-pc-linux-gnu.tar.gz’
* DONE (MatrixCorrelation)
* installing *binary* package ‘inaparc’ ...
* package ‘inaparc’ successfully unpacked and SHA256 sums checked
* ‘inaparc’ was already a binary package and will not be rebuilt
* SHA256 sums
* creating tarball
packaged installation of ‘inaparc’ as ‘inaparc_1.2.1_R_x86_64-pc-linux-gnu.tar.gz’
* DONE (inaparc)
* installing *binary* package ‘ppclust’ ...
* package ‘ppclust’ successfully unpacked and SHA256 sums checked
* ‘ppclust’ was already a binary package and will not be rebuilt
* SHA256 sums
* creating tarball
packaged installation of ‘ppclust’ as ‘ppclust_1.1.0.1_R_x86_64-pc-linux-gnu.tar.gz’
* DONE (ppclust)
* installing *source* package ‘miRSM’ ...
** this is package ‘miRSM’ version ‘2.8.0’
** using staged installation
** libs
using C compiler: ‘gcc (Ubuntu 13.3.0-6ubuntu2~24.04.1) 13.3.0’
using C++ compiler: ‘g++ (Ubuntu 13.3.0-6ubuntu2~24.04.1) 13.3.0’
gcc -std=gnu2x -I"/usr/local/lib/R/include" -DNDEBUG   -I/usr/local/include    -fpic  -g -O2 -fstack-protector-strong -Wformat -Werror=format-security -Wdate-time -D_FORTIFY_SOURCE=2 -g  -c OCG_algorithm.c -o OCG_algorithm.o
gcc -std=gnu2x -I"/usr/local/lib/R/include" -DNDEBUG   -I/usr/local/include    -fpic  -g -O2 -fstack-protector-strong -Wformat -Werror=format-security -Wdate-time -D_FORTIFY_SOURCE=2 -g  -c complex.c -o complex.o
g++ -std=gnu++20 -I"/usr/local/lib/R/include" -DNDEBUG   -I/usr/local/include    -fpic  -g -O2 -fstack-protector-strong -Wformat -Werror=format-security -Wdate-time -D_FORTIFY_SOURCE=2 -g   -c edge_duplicates.cpp -o edge_duplicates.o
g++ -std=gnu++20 -I"/usr/local/lib/R/include" -DNDEBUG   -I/usr/local/include    -fpic  -g -O2 -fstack-protector-strong -Wformat -Werror=format-security -Wdate-time -D_FORTIFY_SOURCE=2 -g   -c linkcomm_edgesims.cpp -o linkcomm_edgesims.o
g++ -std=gnu++20 -I"/usr/local/lib/R/include" -DNDEBUG   -I/usr/local/include    -fpic  -g -O2 -fstack-protector-strong -Wformat -Werror=format-security -Wdate-time -D_FORTIFY_SOURCE=2 -g   -c linkcomm_edgesims_all.cpp -o linkcomm_edgesims_all.o
g++ -std=gnu++20 -I"/usr/local/lib/R/include" -DNDEBUG   -I/usr/local/include    -fpic  -g -O2 -fstack-protector-strong -Wformat -Werror=format-security -Wdate-time -D_FORTIFY_SOURCE=2 -g   -c linkcomm_functions.cpp -o linkcomm_functions.o
g++ -std=gnu++20 -I"/usr/local/lib/R/include" -DNDEBUG   -I/usr/local/include    -fpic  -g -O2 -fstack-protector-strong -Wformat -Werror=format-security -Wdate-time -D_FORTIFY_SOURCE=2 -g   -c linkcomm_hclust.cpp -o linkcomm_hclust.o
gcc -std=gnu2x -I"/usr/local/lib/R/include" -DNDEBUG   -I/usr/local/include    -fpic  -g -O2 -fstack-protector-strong -Wformat -Werror=format-security -Wdate-time -D_FORTIFY_SOURCE=2 -g  -c linkcomm_init.c -o linkcomm_init.o
g++ -std=gnu++20 -I"/usr/local/lib/R/include" -DNDEBUG   -I/usr/local/include    -fpic  -g -O2 -fstack-protector-strong -Wformat -Werror=format-security -Wdate-time -D_FORTIFY_SOURCE=2 -g   -c linkcomm_linkdensities.cpp -o linkcomm_linkdensities.o
g++ -std=gnu++20 -I"/usr/local/lib/R/include" -DNDEBUG   -I/usr/local/include    -fpic  -g -O2 -fstack-protector-strong -Wformat -Werror=format-security -Wdate-time -D_FORTIFY_SOURCE=2 -g   -c linkcommhclust_order.cpp -o linkcommhclust_order.o
g++ -std=gnu++20 -I"/usr/local/lib/R/include" -DNDEBUG   -I/usr/local/include    -fpic  -g -O2 -fstack-protector-strong -Wformat -Werror=format-security -Wdate-time -D_FORTIFY_SOURCE=2 -g   -c read_OCG.cpp -o read_OCG.o
gcc -std=gnu2x -I"/usr/local/lib/R/include" -DNDEBUG   -I/usr/local/include    -fpic  -g -O2 -fstack-protector-strong -Wformat -Werror=format-security -Wdate-time -D_FORTIFY_SOURCE=2 -g  -c registerDynamicSymbol.c -o registerDynamicSymbol.o
g++ -std=gnu++20 -shared -L/usr/local/lib/R/lib -L/usr/local/lib -o miRSM.so OCG_algorithm.o complex.o edge_duplicates.o linkcomm_edgesims.o linkcomm_edgesims_all.o linkcomm_functions.o linkcomm_hclust.o linkcomm_init.o linkcomm_linkdensities.o linkcommhclust_order.o read_OCG.o registerDynamicSymbol.o -L/usr/local/lib/R/lib -lR
installing to /tmp/library/00LOCK-miRSM/00new/miRSM/libs
** R
** data
** inst
** byte-compile and prepare package for lazy loading
** help
*** installing help indices
** building package indices
** installing vignettes
** testing if installed package can be loaded from temporary location
** checking absolute paths in shared objects and dynamic libraries
** testing if installed package can be loaded from final location
** testing if installed package keeps a record of temporary installation path
* SHA256 sums
* creating tarball
packaged installation of ‘miRSM’ as ‘miRSM_2.8.0_R_x86_64-pc-linux-gnu.tar.gz’
* DONE (miRSM)

The downloaded source packages are in
	‘/tmp/RtmpQSjL25/downloaded_packages’
Old packages: 'diffobj', 'httr2', 'pak', 'pkgdown', 'urlchecker', 'xfun',
  'zip', 'MASS', 'nlme', 'survival'

real	1m24.710s
user	1m6.433s
sys	0m10.614s
