+ Rscript -e 'Sys.setenv(BIOCONDUCTOR_USE_CONTAINER_REPOSITORY=FALSE);
  p <- .libPaths();
  p <- c('\''/tmp/library'\'', '\''/mnt/library'\'', p);
  .libPaths(p);
  if(BiocManager::install('\''nnSVG'\'', INSTALL_opts = '\''--build'\'', update = TRUE, quiet = FALSE, dependencies=TRUE, force = TRUE, keep_outputs = TRUE) %in% rownames(installed.packages())) q(status = 0) else q(status = 1)'
'getOption("repos")' replaces Bioconductor standard repositories, see
'help("repositories", package = "BiocManager")' for details.
Replacement repositories:
    CRAN: https://p3m.dev/cran/__linux__/noble/latest
Bioconductor version 3.24 (BiocManager 1.30.27), R 4.6.1 (2026-06-24)
Installing package(s) 'nnSVG'
also installing the dependencies ‘rdist’, ‘BRISC’, ‘WeberDivechaLCdata’

trying URL 'https://p3m.dev/cran/__linux__/noble/latest/src/contrib/rdist_0.0.5.tar.gz'
trying URL 'https://p3m.dev/cran/__linux__/noble/latest/src/contrib/BRISC_1.0.6.tar.gz'
trying URL 'https://bioconductor.org/packages/3.24/data/experiment/src/contrib/WeberDivechaLCdata_1.15.1.tar.gz'
trying URL 'https://bioconductor.org/packages/3.24/bioc/src/contrib/nnSVG_1.17.1.tar.gz'
* installing *binary* package ‘rdist’ ...
* package ‘rdist’ successfully unpacked and SHA256 sums checked
* ‘rdist’ was already a binary package and will not be rebuilt
* SHA256 sums
* creating tarball
packaged installation of ‘rdist’ as ‘rdist_0.0.5_R_x86_64-pc-linux-gnu.tar.gz’
* DONE (rdist)
* installing *source* package ‘WeberDivechaLCdata’ ...
** this is package ‘WeberDivechaLCdata’ version ‘1.15.1’
** using staged installation
** R
** inst
** byte-compile and prepare package for lazy loading
** help
*** installing help indices
** building package indices
** installing vignettes
** testing if installed package can be loaded from temporary location
** testing if installed package can be loaded from final location
** testing if installed package keeps a record of temporary installation path
* SHA256 sums
* creating tarball
packaged installation of ‘WeberDivechaLCdata’ as ‘WeberDivechaLCdata_1.15.1_R_x86_64-pc-linux-gnu.tar.gz’
* DONE (WeberDivechaLCdata)
* installing *binary* package ‘BRISC’ ...
* package ‘BRISC’ successfully unpacked and SHA256 sums checked
* ‘BRISC’ was already a binary package and will not be rebuilt
* SHA256 sums
* creating tarball
packaged installation of ‘BRISC’ as ‘BRISC_1.0.6_R_x86_64-pc-linux-gnu.tar.gz’
* DONE (BRISC)
* installing *source* package ‘nnSVG’ ...
** this is package ‘nnSVG’ version ‘1.17.1’
** package ‘nnSVG’ successfully unpacked and MD5 sums checked
** using staged installation
** R
** inst
** byte-compile and prepare package for lazy loading
** help
*** installing help indices
** building package indices
** installing vignettes
** testing if installed package can be loaded from temporary location
** testing if installed package can be loaded from final location
** testing if installed package keeps a record of temporary installation path
* SHA256 sums
* creating tarball
packaged installation of ‘nnSVG’ as ‘nnSVG_1.17.1_R_x86_64-pc-linux-gnu.tar.gz’
* DONE (nnSVG)

The downloaded source packages are in
	‘/tmp/RtmpipibP0/downloaded_packages’
Old packages: 'diffobj'

real	1m1.333s
user	0m50.617s
sys	0m7.372s
