+ Rscript -e 'Sys.setenv(BIOCONDUCTOR_USE_CONTAINER_REPOSITORY=FALSE);
  p <- .libPaths();
  p <- c('\''/tmp/library'\'', '\''/mnt/library'\'', p);
  .libPaths(p);
  if(BiocManager::install('\''BridgeDbR'\'', INSTALL_opts = '\''--build'\'', update = TRUE, quiet = FALSE, dependencies=TRUE, force = TRUE, keep_outputs = TRUE) %in% rownames(installed.packages())) q(status = 0) else q(status = 1)'
'getOption("repos")' replaces Bioconductor standard repositories, see
'help("repositories", package = "BiocManager")' for details.
Replacement repositories:
    CRAN: https://p3m.dev/cran/__linux__/noble/latest
Bioconductor version 3.24 (BiocManager 1.30.27), R 4.6.1 (2026-06-24)
Installing package(s) 'BridgeDbR'
also installing the dependency ‘rJava’

trying URL 'https://p3m.dev/cran/__linux__/noble/latest/src/contrib/rJava_1.0-18.tar.gz'
trying URL 'https://bioconductor.org/packages/3.24/bioc/src/contrib/BridgeDbR_2.23.0.tar.gz'
* installing *binary* package ‘rJava’ ...
* package ‘rJava’ successfully unpacked and SHA256 sums checked
* ‘rJava’ was already a binary package and will not be rebuilt
* SHA256 sums
* creating tarball
packaged installation of ‘rJava’ as ‘rJava_1.0-18_R_x86_64-pc-linux-gnu.tar.gz’
* DONE (rJava)
* installing *source* package ‘BridgeDbR’ ...
** this is package ‘BridgeDbR’ version ‘2.23.0’
** package ‘BridgeDbR’ successfully unpacked and MD5 sums checked
** using staged installation
** R
** inst
** byte-compile and prepare package for lazy loading
** help
*** installing help indices
** building package indices
** installing vignettes
** testing if installed package can be loaded from temporary location
** testing if installed package can be loaded from final location
** testing if installed package keeps a record of temporary installation path
* SHA256 sums
* creating tarball
packaged installation of ‘BridgeDbR’ as ‘BridgeDbR_2.23.0_R_x86_64-pc-linux-gnu.tar.gz’
* DONE (BridgeDbR)

The downloaded source packages are in
	‘/tmp/RtmpnLqNvf/downloaded_packages’

real	0m7.264s
user	0m5.177s
sys	0m2.366s
