+ Rscript -e 'Sys.setenv(BIOCONDUCTOR_USE_CONTAINER_REPOSITORY=FALSE);
  p <- .libPaths();
  p <- c('\''/tmp/library'\'', '\''/mnt/library'\'', p);
  .libPaths(p);
  if(BiocManager::install('\''MethylAid'\'', INSTALL_opts = '\''--build'\'', update = TRUE, quiet = FALSE, dependencies=TRUE, force = TRUE, keep_outputs = TRUE) %in% rownames(installed.packages())) q(status = 0) else q(status = 1)'
'getOption("repos")' replaces Bioconductor standard repositories, see
'help("repositories", package = "BiocManager")' for details.
Replacement repositories:
    CRAN: https://p3m.dev/cran/__linux__/noble/latest
Bioconductor version 3.24 (BiocManager 1.30.27), R 4.6.1 (2026-06-24)
Installing package(s) 'MethylAid'
also installing the dependency ‘MethylAidData’

trying URL 'https://bioconductor.org/packages/3.24/data/experiment/src/contrib/MethylAidData_1.45.0.tar.gz'
trying URL 'https://bioconductor.org/packages/3.24/bioc/src/contrib/MethylAid_1.47.0.tar.gz'
* installing *source* package ‘MethylAid’ ...
** this is package ‘MethylAid’ version ‘1.47.0’
** package ‘MethylAid’ successfully unpacked and MD5 sums checked
** using staged installation
** R
** data
** inst
** byte-compile and prepare package for lazy loading
** help
*** installing help indices
** building package indices
** installing vignettes
** testing if installed package can be loaded from temporary location
** testing if installed package can be loaded from final location
** testing if installed package keeps a record of temporary installation path
* SHA256 sums
* creating tarball
packaged installation of ‘MethylAid’ as ‘MethylAid_1.47.0_R_x86_64-pc-linux-gnu.tar.gz’
* DONE (MethylAid)
* installing *source* package ‘MethylAidData’ ...
** this is package ‘MethylAidData’ version ‘1.45.0’
** using staged installation
** data
** inst
** help
*** installing help indices
** building package indices
** installing vignettes
** testing if installed package can be loaded from temporary location
** testing if installed package can be loaded from final location
** testing if installed package keeps a record of temporary installation path
* SHA256 sums
* creating tarball
packaged installation of ‘MethylAidData’ as ‘MethylAidData_1.45.0_R_x86_64-pc-linux-gnu.tar.gz’
* DONE (MethylAidData)

The downloaded source packages are in
	‘/tmp/Rtmpjx5Haz/downloaded_packages’
Old packages: 'diffobj'

real	1m38.308s
user	1m18.577s
sys	0m10.461s
