+ Rscript -e 'Sys.setenv(BIOCONDUCTOR_USE_CONTAINER_REPOSITORY=FALSE);
  p <- .libPaths();
  p <- c('\''/tmp/library'\'', '\''/mnt/library'\'', p);
  .libPaths(p);
  if(BiocManager::install('\''AnnotationHub'\'', INSTALL_opts = '\''--build'\'', update = TRUE, quiet = FALSE, dependencies=TRUE, force = TRUE, keep_outputs = TRUE) %in% rownames(installed.packages())) q(status = 0) else q(status = 1)'
'getOption("repos")' replaces Bioconductor standard repositories, see
'help("repositories", package = "BiocManager")' for details.
Replacement repositories:
    CRAN: https://p3m.dev/cran/__linux__/noble/latest
Bioconductor version 3.24 (BiocManager 1.30.27), R 4.6.1 (2026-06-24)
Installing package(s) 'AnnotationHub'
also installing the dependency ‘CompoundDb’

trying URL 'https://bioconductor.org/packages/3.24/bioc/src/contrib/CompoundDb_1.17.0.tar.gz'
trying URL 'https://bioconductor.org/packages/3.24/bioc/src/contrib/AnnotationHub_4.3.2.tar.gz'
* installing *source* package ‘CompoundDb’ ...
** this is package ‘CompoundDb’ version ‘1.17.0’
** package ‘CompoundDb’ successfully unpacked and MD5 sums checked
** using staged installation
** R
** inst
** byte-compile and prepare package for lazy loading
Creating a new generic function for ‘mass2mz’ in package ‘CompoundDb’
** help
*** installing help indices
*** copying figures
** building package indices
** installing vignettes
** testing if installed package can be loaded from temporary location
** testing if installed package can be loaded from final location
** testing if installed package keeps a record of temporary installation path
* SHA256 sums
* creating tarball
packaged installation of ‘CompoundDb’ as ‘CompoundDb_1.17.0_R_x86_64-pc-linux-gnu.tar.gz’
* DONE (CompoundDb)
* installing *source* package ‘AnnotationHub’ ...
** this is package ‘AnnotationHub’ version ‘4.3.2’
** package ‘AnnotationHub’ successfully unpacked and MD5 sums checked
** using staged installation
** R
** inst
** byte-compile and prepare package for lazy loading
** help
*** installing help indices
** building package indices
** installing vignettes
** testing if installed package can be loaded from temporary location
** testing if installed package can be loaded from final location
** testing if installed package keeps a record of temporary installation path
* SHA256 sums
* creating tarball
packaged installation of ‘AnnotationHub’ as ‘AnnotationHub_4.3.2_R_x86_64-pc-linux-gnu.tar.gz’
* DONE (AnnotationHub)

The downloaded source packages are in
	‘/tmp/RtmpXkoowd/downloaded_packages’
Old packages: 'diffobj'

real	0m47.058s
user	0m33.967s
sys	0m5.852s
