+ Rscript -e 'Sys.setenv(BIOCONDUCTOR_USE_CONTAINER_REPOSITORY=FALSE);
  p <- .libPaths();
  p <- c('\''/tmp/library'\'', '\''/mnt/library'\'', p);
  .libPaths(p);
  if(BiocManager::install('\''tidyFlowCore'\'', INSTALL_opts = '\''--build'\'', update = TRUE, quiet = FALSE, dependencies=TRUE, force = TRUE, keep_outputs = TRUE) %in% rownames(installed.packages())) q(status = 0) else q(status = 1)'
'getOption("repos")' replaces Bioconductor standard repositories, see
'help("repositories", package = "BiocManager")' for details.
Replacement repositories:
    CRAN: https://p3m.dev/cran/__linux__/noble/latest
Bioconductor version 3.24 (BiocManager 1.30.27), R 4.6.1 (2026-06-24)
Installing package(s) 'tidyFlowCore'
also installing the dependency ‘HDCytoData’

trying URL 'https://bioconductor.org/packages/3.24/data/experiment/src/contrib/HDCytoData_1.33.1.tar.gz'
trying URL 'https://bioconductor.org/packages/3.24/bioc/src/contrib/tidyFlowCore_1.7.0.tar.gz'
* installing *source* package ‘HDCytoData’ ...
** this is package ‘HDCytoData’ version ‘1.33.1’
** using staged installation
** R
** inst
** byte-compile and prepare package for lazy loading
** help
*** installing help indices
** building package indices
** installing vignettes
** testing if installed package can be loaded from temporary location
** testing if installed package can be loaded from final location
** testing if installed package keeps a record of temporary installation path
* SHA256 sums
* creating tarball
packaged installation of ‘HDCytoData’ as ‘HDCytoData_1.33.1_R_x86_64-pc-linux-gnu.tar.gz’
* DONE (HDCytoData)
* installing *source* package ‘tidyFlowCore’ ...
** this is package ‘tidyFlowCore’ version ‘1.7.0’
** package ‘tidyFlowCore’ successfully unpacked and MD5 sums checked
** using staged installation
** R
** data
** inst
** byte-compile and prepare package for lazy loading
** help
*** installing help indices
*** copying figures
** building package indices
** installing vignettes
** testing if installed package can be loaded from temporary location
** testing if installed package can be loaded from final location
** testing if installed package keeps a record of temporary installation path
* SHA256 sums
* creating tarball
packaged installation of ‘tidyFlowCore’ as ‘tidyFlowCore_1.7.0_R_x86_64-pc-linux-gnu.tar.gz’
* DONE (tidyFlowCore)

The downloaded source packages are in
	‘/tmp/RtmpltwURR/downloaded_packages’
Old packages: 'diffobj'

real	0m43.323s
user	0m36.027s
sys	0m5.695s
