+ Rscript -e 'Sys.setenv(BIOCONDUCTOR_USE_CONTAINER_REPOSITORY=FALSE);
  p <- .libPaths();
  p <- c('\''/tmp/library'\'', '\''/mnt/library'\'', p);
  .libPaths(p);
  if(BiocManager::install('\''CONSTANd'\'', INSTALL_opts = '\''--build'\'', update = TRUE, quiet = FALSE, dependencies=TRUE, force = TRUE, keep_outputs = TRUE) %in% rownames(installed.packages())) q(status = 0) else q(status = 1)'
'getOption("repos")' replaces Bioconductor standard repositories, see
'help("repositories", package = "BiocManager")' for details.
Replacement repositories:
    CRAN: https://p3m.dev/cran/__linux__/noble/latest
Bioconductor version 3.24 (BiocManager 1.30.27), R 4.6.1 (2026-06-24)
Installing package(s) 'CONSTANd'
also installing the dependencies ‘stringr’, ‘tidyselect’, ‘statmod’, ‘tidyr’, ‘limma’

trying URL 'https://p3m.dev/cran/__linux__/noble/latest/src/contrib/stringr_1.6.0.tar.gz'
trying URL 'https://p3m.dev/cran/__linux__/noble/latest/src/contrib/tidyselect_1.2.1.tar.gz'
trying URL 'https://p3m.dev/cran/__linux__/noble/latest/src/contrib/statmod_1.5.2.tar.gz'
trying URL 'https://p3m.dev/cran/__linux__/noble/latest/src/contrib/tidyr_1.3.2.tar.gz'
trying URL 'https://bioconductor.org/packages/3.24/bioc/src/contrib/limma_3.69.2.tar.gz'
trying URL 'https://bioconductor.org/packages/3.24/bioc/src/contrib/CONSTANd_1.21.0.tar.gz'
* installing *binary* package ‘stringr’ ...
* package ‘stringr’ successfully unpacked and SHA256 sums checked
* ‘stringr’ was already a binary package and will not be rebuilt
* SHA256 sums
* creating tarball
packaged installation of ‘stringr’ as ‘stringr_1.6.0_R_x86_64-pc-linux-gnu.tar.gz’
* DONE (stringr)
* installing *binary* package ‘tidyselect’ ...
* package ‘tidyselect’ successfully unpacked and SHA256 sums checked
* ‘tidyselect’ was already a binary package and will not be rebuilt
* SHA256 sums
* creating tarball
packaged installation of ‘tidyselect’ as ‘tidyselect_1.2.1_R_x86_64-pc-linux-gnu.tar.gz’
* DONE (tidyselect)
* installing *binary* package ‘statmod’ ...
* package ‘statmod’ successfully unpacked and SHA256 sums checked
* ‘statmod’ was already a binary package and will not be rebuilt
* SHA256 sums
* creating tarball
packaged installation of ‘statmod’ as ‘statmod_1.5.2_R_x86_64-pc-linux-gnu.tar.gz’
* DONE (statmod)
* installing *source* package ‘CONSTANd’ ...
** this is package ‘CONSTANd’ version ‘1.21.0’
** package ‘CONSTANd’ successfully unpacked and MD5 sums checked
** using staged installation
** R
** inst
** byte-compile and prepare package for lazy loading
** help
*** installing help indices
** building package indices
** installing vignettes
** testing if installed package can be loaded from temporary location
** testing if installed package can be loaded from final location
** testing if installed package keeps a record of temporary installation path
* SHA256 sums
* creating tarball
packaged installation of ‘CONSTANd’ as ‘CONSTANd_1.21.0_R_x86_64-pc-linux-gnu.tar.gz’
* DONE (CONSTANd)
* installing *binary* package ‘tidyr’ ...
* package ‘tidyr’ successfully unpacked and SHA256 sums checked
* ‘tidyr’ was already a binary package and will not be rebuilt
* SHA256 sums
* creating tarball
packaged installation of ‘tidyr’ as ‘tidyr_1.3.2_R_x86_64-pc-linux-gnu.tar.gz’
* DONE (tidyr)
* installing *source* package ‘limma’ ...
** this is package ‘limma’ version ‘3.69.2’
** package ‘limma’ successfully unpacked and MD5 sums checked
** using staged installation
** libs
using C compiler: ‘gcc (Ubuntu 13.3.0-6ubuntu2~24.04.1) 13.3.0’
gcc -std=gnu2x -I"/usr/local/lib/R/include" -DNDEBUG   -I/usr/local/include    -fpic  -g -O2 -fstack-protector-strong -Wformat -Werror=format-security -Wdate-time -D_FORTIFY_SOURCE=2 -g  -c init.c -o init.o
gcc -std=gnu2x -I"/usr/local/lib/R/include" -DNDEBUG   -I/usr/local/include    -fpic  -g -O2 -fstack-protector-strong -Wformat -Werror=format-security -Wdate-time -D_FORTIFY_SOURCE=2 -g  -c normexp.c -o normexp.o
gcc -std=gnu2x -I"/usr/local/lib/R/include" -DNDEBUG   -I/usr/local/include    -fpic  -g -O2 -fstack-protector-strong -Wformat -Werror=format-security -Wdate-time -D_FORTIFY_SOURCE=2 -g  -c weighted_lowess.c -o weighted_lowess.o
gcc -std=gnu2x -shared -L/usr/local/lib/R/lib -L/usr/local/lib -o limma.so init.o normexp.o weighted_lowess.o -L/usr/local/lib/R/lib -lR
installing to /tmp/library/00LOCK-limma/00new/limma/libs
** R
** inst
** byte-compile and prepare package for lazy loading
** help
*** installing help indices
** building package indices
** installing vignettes
** testing if installed package can be loaded from temporary location
** checking absolute paths in shared objects and dynamic libraries
** testing if installed package can be loaded from final location
** testing if installed package keeps a record of temporary installation path
* SHA256 sums
* creating tarball
packaged installation of ‘limma’ as ‘limma_3.69.2_R_x86_64-pc-linux-gnu.tar.gz’
* DONE (limma)

The downloaded source packages are in
	‘/tmp/Rtmpo1vkDQ/downloaded_packages’

real	0m20.819s
user	0m15.993s
sys	0m4.106s
