+ Rscript -e 'Sys.setenv(BIOCONDUCTOR_USE_CONTAINER_REPOSITORY=FALSE);
  p <- .libPaths();
  p <- c('\''/tmp/library'\'', '\''/mnt/library'\'', p);
  .libPaths(p);
  if(BiocManager::install('\''tilingArray'\'', INSTALL_opts = '\''--build'\'', update = TRUE, quiet = FALSE, dependencies=TRUE, force = TRUE, keep_outputs = TRUE) %in% rownames(installed.packages())) q(status = 0) else q(status = 1)'
'getOption("repos")' replaces Bioconductor standard repositories, see
'help("repositories", package = "BiocManager")' for details.
Replacement repositories:
    CRAN: https://p3m.dev/cran/__linux__/noble/latest
Bioconductor version 3.24 (BiocManager 1.30.27), R 4.6.1 (2026-06-24)
Installing package(s) 'tilingArray'
also installing the dependency ‘strucchange’

trying URL 'https://p3m.dev/cran/__linux__/noble/latest/src/contrib/strucchange_1.5-4.tar.gz'
trying URL 'https://bioconductor.org/packages/3.24/bioc/src/contrib/tilingArray_1.91.0.tar.gz'
* installing *binary* package ‘strucchange’ ...
* package ‘strucchange’ successfully unpacked and SHA256 sums checked
* ‘strucchange’ was already a binary package and will not be rebuilt
* SHA256 sums
* creating tarball
packaged installation of ‘strucchange’ as ‘strucchange_1.5-4_R_x86_64-pc-linux-gnu.tar.gz’
* DONE (strucchange)
* installing *source* package ‘tilingArray’ ...
** this is package ‘tilingArray’ version ‘1.91.0’
** package ‘tilingArray’ successfully unpacked and MD5 sums checked
** using staged installation
** libs
using C compiler: ‘gcc (Ubuntu 13.3.0-6ubuntu2~24.04.1) 13.3.0’
gcc -std=gnu2x -I"/usr/local/lib/R/include" -DNDEBUG   -I/usr/local/include    -fpic  -g -O2 -fstack-protector-strong -Wformat -Werror=format-security -Wdate-time -D_FORTIFY_SOURCE=2 -g  -c findsegments.c -o findsegments.o
gcc -std=gnu2x -I"/usr/local/lib/R/include" -DNDEBUG   -I/usr/local/include    -fpic  -g -O2 -fstack-protector-strong -Wformat -Werror=format-security -Wdate-time -D_FORTIFY_SOURCE=2 -g  -c sampleStep.c -o sampleStep.o
gcc -std=gnu2x -shared -L/usr/local/lib/R/lib -L/usr/local/lib -o tilingArray.so findsegments.o sampleStep.o -L/usr/local/lib/R/lib -lR
installing to /tmp/library/00LOCK-tilingArray/00new/tilingArray/libs
** R
** data
** inst
** byte-compile and prepare package for lazy loading
** help
*** installing help indices
** building package indices
** installing vignettes
** testing if installed package can be loaded from temporary location
** checking absolute paths in shared objects and dynamic libraries
** testing if installed package can be loaded from final location
** testing if installed package keeps a record of temporary installation path
* SHA256 sums
* creating tarball
packaged installation of ‘tilingArray’ as ‘tilingArray_1.91.0_R_x86_64-pc-linux-gnu.tar.gz’
* DONE (tilingArray)

The downloaded source packages are in
	‘/tmp/RtmpKEBJJR/downloaded_packages’
Old packages: 'diffobj'

real	0m36.841s
user	0m26.462s
sys	0m4.904s
