+ Rscript -e 'Sys.setenv(BIOCONDUCTOR_USE_CONTAINER_REPOSITORY=FALSE);
  p <- .libPaths();
  p <- c('\''/tmp/library'\'', '\''/mnt/library'\'', p);
  .libPaths(p);
  if(BiocManager::install('\''bandle'\'', INSTALL_opts = '\''--build'\'', update = TRUE, quiet = FALSE, dependencies=TRUE, force = TRUE, keep_outputs = TRUE) %in% rownames(installed.packages())) q(status = 0) else q(status = 1)'
'getOption("repos")' replaces Bioconductor standard repositories, see
'help("repositories", package = "BiocManager")' for details.
Replacement repositories:
    CRAN: https://p3m.dev/cran/__linux__/noble/latest
Bioconductor version 3.24 (BiocManager 1.30.27), R 4.6.1 (2026-06-24)
Installing package(s) 'bandle'
also installing the dependency ‘lbfgs’

trying URL 'https://p3m.dev/cran/__linux__/noble/latest/src/contrib/lbfgs_1.2.1.2.tar.gz'
trying URL 'https://bioconductor.org/packages/3.24/bioc/src/contrib/bandle_1.17.0.tar.gz'
* installing *binary* package ‘lbfgs’ ...
* package ‘lbfgs’ successfully unpacked and SHA256 sums checked
* ‘lbfgs’ was already a binary package and will not be rebuilt
* SHA256 sums
* creating tarball
packaged installation of ‘lbfgs’ as ‘lbfgs_1.2.1.2_R_x86_64-pc-linux-gnu.tar.gz’
* DONE (lbfgs)
* installing *source* package ‘bandle’ ...
** this is package ‘bandle’ version ‘1.17.0’
** package ‘bandle’ successfully unpacked and MD5 sums checked
** using staged installation
** libs
specified C++14
using C++ compiler: ‘g++ (Ubuntu 13.3.0-6ubuntu2~24.04.1) 13.3.0’
g++ -std=gnu++20 -I"/usr/local/lib/R/include" -DNDEBUG -DARMA_NO_DEBUG -I'/usr/local/lib/R/site-library/Rcpp/include' -I'/mnt/library/RcppArmadillo/include' -I'/mnt/library/BH/include' -I/usr/local/include   -fopenmp -O3 -DARMA_NO_DEBUG -fpic  -g -O2 -fstack-protector-strong -Wformat -Werror=format-security -Wdate-time -D_FORTIFY_SOURCE=2 -g   -c Bessel2ndKind.cpp -o Bessel2ndKind.o
g++ -std=gnu++20 -I"/usr/local/lib/R/include" -DNDEBUG -DARMA_NO_DEBUG -I'/usr/local/lib/R/site-library/Rcpp/include' -I'/mnt/library/RcppArmadillo/include' -I'/mnt/library/BH/include' -I/usr/local/include   -fopenmp -O3 -DARMA_NO_DEBUG -fpic  -g -O2 -fstack-protector-strong -Wformat -Werror=format-security -Wdate-time -D_FORTIFY_SOURCE=2 -g   -c RcppExports.cpp -o RcppExports.o
g++ -std=gnu++20 -I"/usr/local/lib/R/include" -DNDEBUG -DARMA_NO_DEBUG -I'/usr/local/lib/R/site-library/Rcpp/include' -I'/mnt/library/RcppArmadillo/include' -I'/mnt/library/BH/include' -I/usr/local/include   -fopenmp -O3 -DARMA_NO_DEBUG -fpic  -g -O2 -fstack-protector-strong -Wformat -Werror=format-security -Wdate-time -D_FORTIFY_SOURCE=2 -g   -c dmvtCpp.cpp -o dmvtCpp.o
g++ -std=gnu++20 -I"/usr/local/lib/R/include" -DNDEBUG -DARMA_NO_DEBUG -I'/usr/local/lib/R/site-library/Rcpp/include' -I'/mnt/library/RcppArmadillo/include' -I'/mnt/library/BH/include' -I/usr/local/include   -fopenmp -O3 -DARMA_NO_DEBUG -fpic  -g -O2 -fstack-protector-strong -Wformat -Werror=format-security -Wdate-time -D_FORTIFY_SOURCE=2 -g   -c leapfrogGPcpp.cpp -o leapfrogGPcpp.o
g++ -std=gnu++20 -I"/usr/local/lib/R/include" -DNDEBUG -DARMA_NO_DEBUG -I'/usr/local/lib/R/site-library/Rcpp/include' -I'/mnt/library/RcppArmadillo/include' -I'/mnt/library/BH/include' -I/usr/local/include   -fopenmp -O3 -DARMA_NO_DEBUG -fpic  -g -O2 -fstack-protector-strong -Wformat -Werror=format-security -Wdate-time -D_FORTIFY_SOURCE=2 -g   -c pg_sample.cpp -o pg_sample.o
g++ -std=gnu++20 -shared -L/usr/local/lib/R/lib -L/usr/local/lib -o bandle.so Bessel2ndKind.o RcppExports.o dmvtCpp.o leapfrogGPcpp.o pg_sample.o -fopenmp -llapack -lblas -lgfortran -lm -lquadmath -L/usr/local/lib/R/lib -lR
installing to /tmp/library/00LOCK-bandle/00new/bandle/libs
** R
** inst
** byte-compile and prepare package for lazy loading
Creating a generic function from function ‘posteriorEstimates’ in package ‘bandle’
Creating a generic function from function ‘bandleJoint’ in package ‘bandle’
** help
*** installing help indices
** building package indices
** installing vignettes
** testing if installed package can be loaded from temporary location
** checking absolute paths in shared objects and dynamic libraries
** testing if installed package can be loaded from final location
** testing if installed package keeps a record of temporary installation path
* SHA256 sums
* creating tarball
packaged installation of ‘bandle’ as ‘bandle_1.17.0_R_x86_64-pc-linux-gnu.tar.gz’
* DONE (bandle)

The downloaded source packages are in
	‘/tmp/Rtmp203rX8/downloaded_packages’

real	1m56.162s
user	1m33.103s
sys	0m11.065s
