+ Rscript -e 'Sys.setenv(BIOCONDUCTOR_USE_CONTAINER_REPOSITORY=FALSE);
  p <- .libPaths();
  p <- c('\''/tmp/library'\'', '\''/mnt/library'\'', p);
  .libPaths(p);
  if(BiocManager::install('\''Spaniel'\'', INSTALL_opts = '\''--build'\'', update = TRUE, quiet = FALSE, dependencies=TRUE, force = TRUE, keep_outputs = TRUE) %in% rownames(installed.packages())) q(status = 0) else q(status = 1)'
'getOption("repos")' replaces Bioconductor standard repositories, see
'help("repositories", package = "BiocManager")' for details.
Replacement repositories:
    CRAN: https://p3m.dev/cran/__linux__/noble/latest
Bioconductor version 3.24 (BiocManager 1.30.27), R 4.6.1 (2026-06-24)
Installing package(s) 'Spaniel'
trying URL 'https://bioconductor.org/packages/3.24/bioc/src/contrib/Spaniel_1.27.0.tar.gz'
Content type 'application/x-gzip' length 4071867 bytes (3.9 MB)
==================================================
downloaded 3.9 MB

* installing *source* package ‘Spaniel’ ...
** this is package ‘Spaniel’ version ‘1.27.0’
** package ‘Spaniel’ successfully unpacked and MD5 sums checked
** using staged installation
** R
** inst
** byte-compile and prepare package for lazy loading
** help
*** installing help indices
** building package indices
** installing vignettes
** testing if installed package can be loaded from temporary location
** testing if installed package can be loaded from final location
** testing if installed package keeps a record of temporary installation path
* SHA256 sums
* creating tarball
packaged installation of ‘Spaniel’ as ‘Spaniel_1.27.0_R_x86_64-pc-linux-gnu.tar.gz’
* DONE (Spaniel)

The downloaded source packages are in
	‘/tmp/RtmprHtsWz/downloaded_packages’
Old packages: 'diffobj'

real	0m51.049s
user	0m41.152s
sys	0m6.156s
