+ Rscript -e 'Sys.setenv(BIOCONDUCTOR_USE_CONTAINER_REPOSITORY=FALSE);
  p <- .libPaths();
  p <- c('\''/tmp/library'\'', '\''/mnt/library'\'', p);
  .libPaths(p);
  if(BiocManager::install('\''r3Cseq'\'', INSTALL_opts = '\''--build'\'', update = TRUE, quiet = FALSE, dependencies=TRUE, force = TRUE, keep_outputs = TRUE) %in% rownames(installed.packages())) q(status = 0) else q(status = 1)'
'getOption("repos")' replaces Bioconductor standard repositories, see
'help("repositories", package = "BiocManager")' for details.
Replacement repositories:
    CRAN: https://p3m.dev/cran/__linux__/noble/latest
Bioconductor version 3.23 (BiocManager 1.30.27), R 4.6.1 (2026-06-24)
Installing package(s) 'r3Cseq'
also installing the dependencies ‘BSgenome.Rnorvegicus.UCSC.rn5’, ‘BSgenome.Mmusculus.UCSC.mm9.masked’, ‘BSgenome.Mmusculus.UCSC.mm10.masked’, ‘BSgenome.Hsapiens.UCSC.hg18.masked’, ‘BSgenome.Hsapiens.UCSC.hg19.masked’, ‘BSgenome.Rnorvegicus.UCSC.rn5.masked’

trying URL 'https://bioconductor.org/packages/3.23/data/annotation/src/contrib/BSgenome.Rnorvegicus.UCSC.rn5_1.4.0.tar.gz'
trying URL 'https://bioconductor.org/packages/3.23/data/annotation/src/contrib/BSgenome.Mmusculus.UCSC.mm9.masked_1.3.99.tar.gz'
trying URL 'https://bioconductor.org/packages/3.23/data/annotation/src/contrib/BSgenome.Mmusculus.UCSC.mm10.masked_1.4.3.tar.gz'
trying URL 'https://bioconductor.org/packages/3.23/data/annotation/src/contrib/BSgenome.Hsapiens.UCSC.hg18.masked_1.3.99.tar.gz'
trying URL 'https://bioconductor.org/packages/3.23/data/annotation/src/contrib/BSgenome.Hsapiens.UCSC.hg19.masked_1.3.993.tar.gz'
trying URL 'https://bioconductor.org/packages/3.23/data/annotation/src/contrib/BSgenome.Rnorvegicus.UCSC.rn5.masked_1.3.99.tar.gz'
trying URL 'https://bioconductor.org/packages/3.23/bioc/src/contrib/r3Cseq_1.58.0.tar.gz'
* installing *source* package ‘BSgenome.Rnorvegicus.UCSC.rn5’ ...
** this is package ‘BSgenome.Rnorvegicus.UCSC.rn5’ version ‘1.4.0’
** using staged installation
** R
** inst
** byte-compile and prepare package for lazy loading
** help
*** installing help indices
** building package indices
** testing if installed package can be loaded from temporary location
** testing if installed package can be loaded from final location
** testing if installed package keeps a record of temporary installation path
* SHA256 sums
* creating tarball
packaged installation of ‘BSgenome.Rnorvegicus.UCSC.rn5’ as ‘BSgenome.Rnorvegicus.UCSC.rn5_1.4.0_R_x86_64-pc-linux-gnu.tar.gz’
* DONE (BSgenome.Rnorvegicus.UCSC.rn5)
* installing *source* package ‘BSgenome.Mmusculus.UCSC.mm9.masked’ ...
** this is package ‘BSgenome.Mmusculus.UCSC.mm9.masked’ version ‘1.3.99’
** using staged installation
** R
** inst
** byte-compile and prepare package for lazy loading
** help
*** installing help indices
** building package indices
** testing if installed package can be loaded from temporary location
** testing if installed package can be loaded from final location
** testing if installed package keeps a record of temporary installation path
* SHA256 sums
* creating tarball
packaged installation of ‘BSgenome.Mmusculus.UCSC.mm9.masked’ as ‘BSgenome.Mmusculus.UCSC.mm9.masked_1.3.99_R_x86_64-pc-linux-gnu.tar.gz’
* DONE (BSgenome.Mmusculus.UCSC.mm9.masked)
* installing *source* package ‘BSgenome.Mmusculus.UCSC.mm10.masked’ ...
** this is package ‘BSgenome.Mmusculus.UCSC.mm10.masked’ version ‘1.4.3’
** using staged installation
** R
** inst
** byte-compile and prepare package for lazy loading
** help
*** installing help indices
** building package indices
** testing if installed package can be loaded from temporary location
** testing if installed package can be loaded from final location
** testing if installed package keeps a record of temporary installation path
* SHA256 sums
* creating tarball
packaged installation of ‘BSgenome.Mmusculus.UCSC.mm10.masked’ as ‘BSgenome.Mmusculus.UCSC.mm10.masked_1.4.3_R_x86_64-pc-linux-gnu.tar.gz’
* DONE (BSgenome.Mmusculus.UCSC.mm10.masked)
* installing *source* package ‘BSgenome.Hsapiens.UCSC.hg18.masked’ ...
** this is package ‘BSgenome.Hsapiens.UCSC.hg18.masked’ version ‘1.3.99’
** using staged installation
** R
** inst
** byte-compile and prepare package for lazy loading
** help
*** installing help indices
** building package indices
** testing if installed package can be loaded from temporary location
** testing if installed package can be loaded from final location
** testing if installed package keeps a record of temporary installation path
* SHA256 sums
* creating tarball
packaged installation of ‘BSgenome.Hsapiens.UCSC.hg18.masked’ as ‘BSgenome.Hsapiens.UCSC.hg18.masked_1.3.99_R_x86_64-pc-linux-gnu.tar.gz’
* DONE (BSgenome.Hsapiens.UCSC.hg18.masked)
* installing *source* package ‘BSgenome.Hsapiens.UCSC.hg19.masked’ ...
** this is package ‘BSgenome.Hsapiens.UCSC.hg19.masked’ version ‘1.3.993’
** using staged installation
** R
** inst
** byte-compile and prepare package for lazy loading
** help
*** installing help indices
** building package indices
** testing if installed package can be loaded from temporary location
** testing if installed package can be loaded from final location
** testing if installed package keeps a record of temporary installation path
* SHA256 sums
* creating tarball
packaged installation of ‘BSgenome.Hsapiens.UCSC.hg19.masked’ as ‘BSgenome.Hsapiens.UCSC.hg19.masked_1.3.993_R_x86_64-pc-linux-gnu.tar.gz’
* DONE (BSgenome.Hsapiens.UCSC.hg19.masked)
* installing *source* package ‘r3Cseq’ ...
** this is package ‘r3Cseq’ version ‘1.58.0’
** using staged installation
** R
** data
** inst
** byte-compile and prepare package for lazy loading
No methods found in package ‘Biostrings’ for request: ‘DNAString’ when loading ‘r3Cseq’
** help
*** installing help indices
** building package indices
** installing vignettes
** testing if installed package can be loaded from temporary location
No methods found in package ‘Biostrings’ for request: ‘DNAString’ when loading ‘r3Cseq’
** testing if installed package can be loaded from final location
No methods found in package ‘Biostrings’ for request: ‘DNAString’ when loading ‘r3Cseq’
** testing if installed package keeps a record of temporary installation path
* SHA256 sums
* creating tarball
packaged installation of ‘r3Cseq’ as ‘r3Cseq_1.58.0_R_x86_64-pc-linux-gnu.tar.gz’
* DONE (r3Cseq)
* installing *source* package ‘BSgenome.Rnorvegicus.UCSC.rn5.masked’ ...
** this is package ‘BSgenome.Rnorvegicus.UCSC.rn5.masked’ version ‘1.3.99’
** using staged installation
** R
** inst
** byte-compile and prepare package for lazy loading
** help
*** installing help indices
** building package indices
** testing if installed package can be loaded from temporary location
** testing if installed package can be loaded from final location
** testing if installed package keeps a record of temporary installation path
* SHA256 sums
* creating tarball
packaged installation of ‘BSgenome.Rnorvegicus.UCSC.rn5.masked’ as ‘BSgenome.Rnorvegicus.UCSC.rn5.masked_1.3.99_R_x86_64-pc-linux-gnu.tar.gz’
* DONE (BSgenome.Rnorvegicus.UCSC.rn5.masked)

The downloaded source packages are in
	‘/tmp/RtmpqV6Ppm/downloaded_packages’
Old packages: 'diffobj', 'httr2', 'pak', 'pkgdown', 'urlchecker', 'xfun',
  'zip', 'MASS', 'nlme', 'survival'

real	5m2.515s
user	4m18.949s
sys	0m27.726s
