+ Rscript -e 'Sys.setenv(BIOCONDUCTOR_USE_CONTAINER_REPOSITORY=FALSE);
  p <- .libPaths();
  p <- c('\''/tmp/library'\'', '\''/mnt/library'\'', p);
  .libPaths(p);
  if(BiocManager::install('\''qsmooth'\'', INSTALL_opts = '\''--build'\'', update = TRUE, quiet = FALSE, dependencies=TRUE, force = TRUE, keep_outputs = TRUE) %in% rownames(installed.packages())) q(status = 0) else q(status = 1)'
'getOption("repos")' replaces Bioconductor standard repositories, see
'help("repositories", package = "BiocManager")' for details.
Replacement repositories:
    CRAN: https://p3m.dev/cran/__linux__/noble/latest
Bioconductor version 3.23 (BiocManager 1.30.27), R 4.6.1 (2026-06-24)
Installing package(s) 'qsmooth'
also installing the dependencies ‘bodymapRat’, ‘quantro’

trying URL 'https://bioconductor.org/packages/3.23/data/experiment/src/contrib/bodymapRat_1.28.0.tar.gz'
trying URL 'https://bioconductor.org/packages/3.23/bioc/src/contrib/quantro_1.46.0.tar.gz'
trying URL 'https://bioconductor.org/packages/3.23/bioc/src/contrib/qsmooth_1.28.0.tar.gz'
* installing *source* package ‘bodymapRat’ ...
** this is package ‘bodymapRat’ version ‘1.28.0’
** using staged installation
** R
** inst
** byte-compile and prepare package for lazy loading
** help
*** installing help indices
** building package indices
** installing vignettes
** testing if installed package can be loaded from temporary location
** testing if installed package can be loaded from final location
** testing if installed package keeps a record of temporary installation path
* SHA256 sums
* creating tarball
packaged installation of ‘bodymapRat’ as ‘bodymapRat_1.28.0_R_x86_64-pc-linux-gnu.tar.gz’
* DONE (bodymapRat)
* installing *source* package ‘quantro’ ...
** this is package ‘quantro’ version ‘1.46.0’
** using staged installation
** R
** data
** inst
** byte-compile and prepare package for lazy loading
** help
*** installing help indices
** building package indices
** installing vignettes
** testing if installed package can be loaded from temporary location
** testing if installed package can be loaded from final location
** testing if installed package keeps a record of temporary installation path
* SHA256 sums
* creating tarball
packaged installation of ‘quantro’ as ‘quantro_1.46.0_R_x86_64-pc-linux-gnu.tar.gz’
* DONE (quantro)
* installing *source* package ‘qsmooth’ ...
** this is package ‘qsmooth’ version ‘1.28.0’
** using staged installation
** R
** data
** inst
** byte-compile and prepare package for lazy loading
** help
*** installing help indices
** building package indices
** installing vignettes
** testing if installed package can be loaded from temporary location
** testing if installed package can be loaded from final location
** testing if installed package keeps a record of temporary installation path
* SHA256 sums
* creating tarball
packaged installation of ‘qsmooth’ as ‘qsmooth_1.28.0_R_x86_64-pc-linux-gnu.tar.gz’
* DONE (qsmooth)

The downloaded source packages are in
	‘/tmp/RtmpMVqeNH/downloaded_packages’
Old packages: 'httr2', 'pak', 'pkgdown', 'urlchecker', 'xfun', 'zip', 'MASS',
  'nlme', 'survival'

real	1m59.994s
user	1m34.261s
sys	0m10.867s
