+ Rscript -e 'Sys.setenv(BIOCONDUCTOR_USE_CONTAINER_REPOSITORY=FALSE);
  p <- .libPaths();
  p <- c('\''/tmp/library'\'', '\''/mnt/library'\'', p);
  .libPaths(p);
  if(BiocManager::install('\''MiRaGE'\'', INSTALL_opts = '\''--build'\'', update = TRUE, quiet = FALSE, dependencies=TRUE, force = TRUE, keep_outputs = TRUE) %in% rownames(installed.packages())) q(status = 0) else q(status = 1)'
'getOption("repos")' replaces Bioconductor standard repositories, see
'help("repositories", package = "BiocManager")' for details.
Replacement repositories:
    CRAN: https://p3m.dev/cran/__linux__/noble/latest
Bioconductor version 3.23 (BiocManager 1.30.27), R 4.6.1 (2026-06-24)
Installing package(s) 'MiRaGE'
also installing the dependencies ‘miRNATarget’, ‘humanStemCell’

trying URL 'https://bioconductor.org/packages/3.23/data/experiment/src/contrib/miRNATarget_1.50.0.tar.gz'
trying URL 'https://bioconductor.org/packages/3.23/data/experiment/src/contrib/humanStemCell_0.52.0.tar.gz'
trying URL 'https://bioconductor.org/packages/3.23/bioc/src/contrib/MiRaGE_1.54.0.tar.gz'
* installing *source* package ‘miRNATarget’ ...
** this is package ‘miRNATarget’ version ‘1.50.0’
** using staged installation
** data
** inst
** help
*** installing help indices
** building package indices
** installing vignettes
** testing if installed package can be loaded from temporary location
** testing if installed package can be loaded from final location
** testing if installed package keeps a record of temporary installation path
* SHA256 sums
* creating tarball
packaged installation of ‘miRNATarget’ as ‘miRNATarget_1.50.0_R_x86_64-pc-linux-gnu.tar.gz’
* DONE (miRNATarget)
* installing *source* package ‘humanStemCell’ ...
** this is package ‘humanStemCell’ version ‘0.52.0’
** using staged installation
** data
** inst
** help
*** installing help indices
** building package indices
** testing if installed package can be loaded from temporary location
** testing if installed package can be loaded from final location
** testing if installed package keeps a record of temporary installation path
* SHA256 sums
* creating tarball
packaged installation of ‘humanStemCell’ as ‘humanStemCell_0.52.0_R_x86_64-pc-linux-gnu.tar.gz’
* DONE (humanStemCell)
* installing *source* package ‘MiRaGE’ ...
** this is package ‘MiRaGE’ version ‘1.54.0’
** using staged installation
** R
** data
** inst
** byte-compile and prepare package for lazy loading
** help
*** installing help indices
** building package indices
** installing vignettes
** testing if installed package can be loaded from temporary location
** testing if installed package can be loaded from final location
** testing if installed package keeps a record of temporary installation path
* SHA256 sums
* creating tarball
packaged installation of ‘MiRaGE’ as ‘MiRaGE_1.54.0_R_x86_64-pc-linux-gnu.tar.gz’
* DONE (MiRaGE)

The downloaded source packages are in
	‘/tmp/RtmpA7o5YG/downloaded_packages’
Old packages: 'httr2', 'pak', 'pkgdown', 'urlchecker', 'xfun', 'zip', 'MASS',
  'nlme', 'survival'

real	1m31.776s
user	1m20.258s
sys	0m6.868s
