+ Rscript -e 'Sys.setenv(BIOCONDUCTOR_USE_CONTAINER_REPOSITORY=FALSE);
  p <- .libPaths();
  p <- c('\''/tmp/library'\'', '\''/mnt/library'\'', p);
  .libPaths(p);
  if(BiocManager::install('\''UMI4Cats'\'', INSTALL_opts = '\''--build'\'', update = TRUE, quiet = FALSE, dependencies=TRUE, force = TRUE, keep_outputs = TRUE) %in% rownames(installed.packages())) q(status = 0) else q(status = 1)'
'getOption("repos")' replaces Bioconductor standard repositories, see
'help("repositories", package = "BiocManager")' for details.
Replacement repositories:
    CRAN: https://p3m.dev/cran/__linux__/noble/latest
Bioconductor version 3.24 (BiocManager 1.30.27), R 4.6.1 (2026-06-24)
Installing package(s) 'UMI4Cats'
trying URL 'https://bioconductor.org/packages/3.24/bioc/src/contrib/UMI4Cats_1.23.0.tar.gz'
Content type 'application/x-gzip' length 3957713 bytes (3.8 MB)
==================================================
downloaded 3.8 MB

* installing *source* package ‘UMI4Cats’ ...
** this is package ‘UMI4Cats’ version ‘1.23.0’
** package ‘UMI4Cats’ successfully unpacked and MD5 sums checked
** using staged installation
** R
** data
** inst
** byte-compile and prepare package for lazy loading
** help
*** installing help indices
*** copying figures
** building package indices
** installing vignettes
** testing if installed package can be loaded from temporary location
** testing if installed package can be loaded from final location
** testing if installed package keeps a record of temporary installation path
* SHA256 sums
* creating tarball
packaged installation of ‘UMI4Cats’ as ‘UMI4Cats_1.23.0_R_x86_64-pc-linux-gnu.tar.gz’
* DONE (UMI4Cats)

The downloaded source packages are in
	‘/tmp/RtmpCJTwnM/downloaded_packages’

real	1m4.219s
user	0m40.566s
sys	0m6.300s
