+ Rscript -e 'Sys.setenv(BIOCONDUCTOR_USE_CONTAINER_REPOSITORY=FALSE);
  p <- .libPaths();
  p <- c('\''/tmp/library'\'', '\''/mnt/library'\'', p);
  .libPaths(p);
  if(BiocManager::install('\''ROSeq'\'', INSTALL_opts = '\''--build'\'', update = TRUE, quiet = FALSE, dependencies=TRUE, force = TRUE, keep_outputs = TRUE) %in% rownames(installed.packages())) q(status = 0) else q(status = 1)'
'getOption("repos")' replaces Bioconductor standard repositories, see
'help("repositories", package = "BiocManager")' for details.
Replacement repositories:
    CRAN: https://p3m.dev/cran/__linux__/noble/latest
Bioconductor version 3.24 (BiocManager 1.30.27), R 4.6.1 (2026-06-24)
Installing package(s) 'ROSeq'
also installing the dependency ‘pbmcapply’

trying URL 'https://p3m.dev/cran/__linux__/noble/latest/src/contrib/pbmcapply_1.5.1.tar.gz'
trying URL 'https://bioconductor.org/packages/3.24/bioc/src/contrib/ROSeq_1.25.0.tar.gz'
* installing *binary* package ‘pbmcapply’ ...
* package ‘pbmcapply’ successfully unpacked and SHA256 sums checked
* ‘pbmcapply’ was already a binary package and will not be rebuilt
* SHA256 sums
* creating tarball
packaged installation of ‘pbmcapply’ as ‘pbmcapply_1.5.1_R_x86_64-pc-linux-gnu.tar.gz’
* DONE (pbmcapply)
* installing *source* package ‘ROSeq’ ...
** this is package ‘ROSeq’ version ‘1.25.0’
** package ‘ROSeq’ successfully unpacked and MD5 sums checked
** using staged installation
** R
** data
*** moving datasets to lazyload DB
** inst
** byte-compile and prepare package for lazy loading
** help
*** installing help indices
** building package indices
** installing vignettes
** testing if installed package can be loaded from temporary location
** testing if installed package can be loaded from final location
** testing if installed package keeps a record of temporary installation path
* SHA256 sums
* creating tarball
packaged installation of ‘ROSeq’ as ‘ROSeq_1.25.0_R_x86_64-pc-linux-gnu.tar.gz’
* DONE (ROSeq)

The downloaded source packages are in
	‘/tmp/RtmpSY2wVx/downloaded_packages’

real	0m19.177s
user	0m10.215s
sys	0m3.139s
