+ Rscript -e 'Sys.setenv(BIOCONDUCTOR_USE_CONTAINER_REPOSITORY=FALSE);
  p <- .libPaths();
  p <- c('\''/tmp/library'\'', '\''/mnt/library'\'', p);
  .libPaths(p);
  if(BiocManager::install('\''MBQN'\'', INSTALL_opts = '\''--build'\'', update = TRUE, quiet = FALSE, dependencies=TRUE, force = TRUE, keep_outputs = TRUE) %in% rownames(installed.packages())) q(status = 0) else q(status = 1)'
'getOption("repos")' replaces Bioconductor standard repositories, see
'help("repositories", package = "BiocManager")' for details.
Replacement repositories:
    CRAN: https://p3m.dev/cran/__linux__/noble/latest
Bioconductor version 3.24 (BiocManager 1.30.27), R 4.6.1 (2026-06-24)
Installing package(s) 'MBQN'
also installing the dependency ‘PairedData’

trying URL 'https://p3m.dev/cran/__linux__/noble/latest/src/contrib/PairedData_1.1.1.tar.gz'
trying URL 'https://bioconductor.org/packages/3.24/bioc/src/contrib/MBQN_2.25.0.tar.gz'
* installing *binary* package ‘PairedData’ ...
* package ‘PairedData’ successfully unpacked and SHA256 sums checked
* ‘PairedData’ was already a binary package and will not be rebuilt
* SHA256 sums
* creating tarball
packaged installation of ‘PairedData’ as ‘PairedData_1.1.1_R_x86_64-pc-linux-gnu.tar.gz’
* DONE (PairedData)
* installing *source* package ‘MBQN’ ...
** this is package ‘MBQN’ version ‘2.25.0’
** package ‘MBQN’ successfully unpacked and MD5 sums checked
** using staged installation
** R
** inst
** byte-compile and prepare package for lazy loading
** help
*** installing help indices
** building package indices
** installing vignettes
** testing if installed package can be loaded from temporary location
** testing if installed package can be loaded from final location
** testing if installed package keeps a record of temporary installation path
* SHA256 sums
* creating tarball
packaged installation of ‘MBQN’ as ‘MBQN_2.25.0_R_x86_64-pc-linux-gnu.tar.gz’
* DONE (MBQN)

The downloaded source packages are in
	‘/tmp/Rtmp5R0cV5/downloaded_packages’

real	0m14.842s
user	0m8.352s
sys	0m3.569s
