+ Rscript -e 'Sys.setenv(BIOCONDUCTOR_USE_CONTAINER_REPOSITORY=FALSE);
  p <- .libPaths();
  p <- c('\''/tmp/library'\'', '\''/mnt/library'\'', p);
  .libPaths(p);
  if(BiocManager::install('\''sevenbridges'\'', INSTALL_opts = '\''--build'\'', update = TRUE, quiet = FALSE, dependencies=TRUE, force = TRUE, keep_outputs = TRUE) %in% rownames(installed.packages())) q(status = 0) else q(status = 1)'
'getOption("repos")' replaces Bioconductor standard repositories, see
'help("repositories", package = "BiocManager")' for details.
Replacement repositories:
    CRAN: https://p3m.dev/cran/__linux__/noble/latest
Bioconductor version 3.24 (BiocManager 1.30.27), R 4.6.1 (2026-06-24)
Installing package(s) 'sevenbridges'
also installing the dependencies ‘objectSignals’, ‘objectProperties’

trying URL 'https://p3m.dev/cran/__linux__/noble/latest/src/contrib/objectSignals_0.10.3.tar.gz'
trying URL 'https://p3m.dev/cran/__linux__/noble/latest/src/contrib/objectProperties_0.6.8.tar.gz'
trying URL 'https://bioconductor.org/packages/3.24/bioc/src/contrib/sevenbridges_1.43.0.tar.gz'
* installing *binary* package ‘objectSignals’ ...
* package ‘objectSignals’ successfully unpacked and SHA256 sums checked
* ‘objectSignals’ was already a binary package and will not be rebuilt
* SHA256 sums
* creating tarball
packaged installation of ‘objectSignals’ as ‘objectSignals_0.10.3_R_x86_64-pc-linux-gnu.tar.gz’
* DONE (objectSignals)
* installing *binary* package ‘objectProperties’ ...
* package ‘objectProperties’ successfully unpacked and SHA256 sums checked
* ‘objectProperties’ was already a binary package and will not be rebuilt
* SHA256 sums
* creating tarball
packaged installation of ‘objectProperties’ as ‘objectProperties_0.6.8_R_x86_64-pc-linux-gnu.tar.gz’
* DONE (objectProperties)
* installing *source* package ‘sevenbridges’ ...
** this is package ‘sevenbridges’ version ‘1.43.0’
** package ‘sevenbridges’ successfully unpacked and MD5 sums checked
** using staged installation
** R
** inst
** byte-compile and prepare package for lazy loading
** help
*** installing help indices
** building package indices
** installing vignettes
** testing if installed package can be loaded from temporary location
** testing if installed package can be loaded from final location
** testing if installed package keeps a record of temporary installation path
* SHA256 sums
* creating tarball
packaged installation of ‘sevenbridges’ as ‘sevenbridges_1.43.0_R_x86_64-pc-linux-gnu.tar.gz’
* DONE (sevenbridges)

The downloaded source packages are in
	‘/tmp/RtmpvbWSpn/downloaded_packages’

real	0m31.222s
user	0m25.639s
sys	0m3.357s
