+ Rscript -e 'Sys.setenv(BIOCONDUCTOR_USE_CONTAINER_REPOSITORY=FALSE);
  p <- .libPaths();
  p <- c('\''/tmp/library'\'', '\''/mnt/library'\'', p);
  .libPaths(p);
  if(BiocManager::install('\''notame'\'', INSTALL_opts = '\''--build'\'', update = TRUE, quiet = FALSE, dependencies=TRUE, force = TRUE, keep_outputs = TRUE) %in% rownames(installed.packages())) q(status = 0) else q(status = 1)'
'getOption("repos")' replaces Bioconductor standard repositories, see
'help("repositories", package = "BiocManager")' for details.
Replacement repositories:
    CRAN: https://p3m.dev/cran/__linux__/noble/latest
Bioconductor version 3.24 (BiocManager 1.30.27), R 4.6.1 (2026-06-24)
Installing package(s) 'notame'
also installing the dependencies ‘devEMF’, ‘notameViz’, ‘notameStats’

trying URL 'https://p3m.dev/cran/__linux__/noble/latest/src/contrib/devEMF_4.6.tar.gz'
trying URL 'https://bioconductor.org/packages/3.24/bioc/src/contrib/notameViz_1.3.0.tar.gz'
trying URL 'https://bioconductor.org/packages/3.24/bioc/src/contrib/notameStats_1.3.0.tar.gz'
trying URL 'https://bioconductor.org/packages/3.24/bioc/src/contrib/notame_1.3.0.tar.gz'
* installing *binary* package ‘devEMF’ ...
* package ‘devEMF’ successfully unpacked and SHA256 sums checked
* ‘devEMF’ was already a binary package and will not be rebuilt
* SHA256 sums
* creating tarball
packaged installation of ‘devEMF’ as ‘devEMF_4.6_R_x86_64-pc-linux-gnu.tar.gz’
* DONE (devEMF)
* installing *source* package ‘notame’ ...
** this is package ‘notame’ version ‘1.3.0’
** package ‘notame’ successfully unpacked and MD5 sums checked
** using staged installation
** R
** data
** inst
** byte-compile and prepare package for lazy loading
** help
*** installing help indices
*** copying figures
** building package indices
** installing vignettes
** testing if installed package can be loaded from temporary location
** testing if installed package can be loaded from final location
** testing if installed package keeps a record of temporary installation path
* SHA256 sums
* creating tarball
packaged installation of ‘notame’ as ‘notame_1.3.0_R_x86_64-pc-linux-gnu.tar.gz’
* DONE (notame)
* installing *source* package ‘notameViz’ ...
** this is package ‘notameViz’ version ‘1.3.0’
** package ‘notameViz’ successfully unpacked and MD5 sums checked
** using staged installation
** R
** inst
** byte-compile and prepare package for lazy loading
** help
*** installing help indices
** building package indices
** installing vignettes
** testing if installed package can be loaded from temporary location
** testing if installed package can be loaded from final location
** testing if installed package keeps a record of temporary installation path
* SHA256 sums
* creating tarball
packaged installation of ‘notameViz’ as ‘notameViz_1.3.0_R_x86_64-pc-linux-gnu.tar.gz’
* DONE (notameViz)
* installing *source* package ‘notameStats’ ...
** this is package ‘notameStats’ version ‘1.3.0’
** package ‘notameStats’ successfully unpacked and MD5 sums checked
** using staged installation
** R
** inst
** byte-compile and prepare package for lazy loading
** help
*** installing help indices
** building package indices
** installing vignettes
** testing if installed package can be loaded from temporary location
** testing if installed package can be loaded from final location
** testing if installed package keeps a record of temporary installation path
* SHA256 sums
* creating tarball
packaged installation of ‘notameStats’ as ‘notameStats_1.3.0_R_x86_64-pc-linux-gnu.tar.gz’
* DONE (notameStats)

The downloaded source packages are in
	‘/tmp/RtmprNVO0T/downloaded_packages’
Old packages: 'diffobj'

real	1m23.140s
user	1m7.685s
sys	0m9.654s
