+ Rscript -e 'Sys.setenv(BIOCONDUCTOR_USE_CONTAINER_REPOSITORY=FALSE);
  p <- .libPaths();
  p <- c('\''/tmp/library'\'', '\''/mnt/library'\'', p);
  .libPaths(p);
  if(BiocManager::install('\''antiProfiles'\'', INSTALL_opts = '\''--build'\'', update = TRUE, quiet = FALSE, dependencies=TRUE, force = TRUE, keep_outputs = TRUE) %in% rownames(installed.packages())) q(status = 0) else q(status = 1)'
'getOption("repos")' replaces Bioconductor standard repositories, see
'help("repositories", package = "BiocManager")' for details.
Replacement repositories:
    CRAN: https://p3m.dev/cran/__linux__/noble/latest
Bioconductor version 3.24 (BiocManager 1.30.27), R 4.6.1 (2026-06-24)
Installing package(s) 'antiProfiles'
also installing the dependency ‘antiProfilesData’

trying URL 'https://bioconductor.org/packages/3.24/data/experiment/src/contrib/antiProfilesData_1.49.0.tar.gz'
trying URL 'https://bioconductor.org/packages/3.24/bioc/src/contrib/antiProfiles_1.53.0.tar.gz'
* installing *source* package ‘antiProfilesData’ ...
** this is package ‘antiProfilesData’ version ‘1.49.0’
** using staged installation
** data
*** moving datasets to lazyload DB
** help
*** installing help indices
** building package indices
** testing if installed package can be loaded from temporary location
** testing if installed package can be loaded from final location
** testing if installed package keeps a record of temporary installation path
* SHA256 sums
* creating tarball
packaged installation of ‘antiProfilesData’ as ‘antiProfilesData_1.49.0_R_x86_64-pc-linux-gnu.tar.gz’
* DONE (antiProfilesData)
* installing *source* package ‘antiProfiles’ ...
** this is package ‘antiProfiles’ version ‘1.53.0’
** package ‘antiProfiles’ successfully unpacked and MD5 sums checked
** using staged installation
** R
** inst
** byte-compile and prepare package for lazy loading
** help
*** installing help indices
** building package indices
** installing vignettes
** testing if installed package can be loaded from temporary location
** testing if installed package can be loaded from final location
** testing if installed package keeps a record of temporary installation path
* SHA256 sums
* creating tarball
packaged installation of ‘antiProfiles’ as ‘antiProfiles_1.53.0_R_x86_64-pc-linux-gnu.tar.gz’
* DONE (antiProfiles)

The downloaded source packages are in
	‘/tmp/RtmpqKQsXe/downloaded_packages’

real	0m27.514s
user	0m5.785s
sys	0m2.768s
