+ Rscript -e 'Sys.setenv(BIOCONDUCTOR_USE_CONTAINER_REPOSITORY=FALSE);
  p <- .libPaths();
  p <- c('\''/tmp/library'\'', '\''/mnt/library'\'', p);
  .libPaths(p);
  if(BiocManager::install('\''MLSeq'\'', INSTALL_opts = '\''--build'\'', update = TRUE, quiet = FALSE, dependencies=TRUE, force = TRUE, keep_outputs = TRUE) %in% rownames(installed.packages())) q(status = 0) else q(status = 1)'
'getOption("repos")' replaces Bioconductor standard repositories, see
'help("repositories", package = "BiocManager")' for details.
Replacement repositories:
    CRAN: https://p3m.dev/cran/__linux__/noble/latest
Bioconductor version 3.24 (BiocManager 1.30.27), R 4.6.1 (2026-06-24)
Installing package(s) 'MLSeq'
trying URL 'https://bioconductor.org/packages/3.24/bioc/src/contrib/MLSeq_2.31.0.tar.gz'
Content type 'application/x-gzip' length 656624 bytes (641 KB)
==================================================
downloaded 641 KB

* installing *source* package ‘MLSeq’ ...
** this is package ‘MLSeq’ version ‘2.31.0’
** package ‘MLSeq’ successfully unpacked and MD5 sums checked
** using staged installation
** R
** data
** inst
** byte-compile and prepare package for lazy loading
Error: package or namespace load failed for ‘caret’ in loadNamespace(j <- i[[1L]], c(lib.loc, .libPaths()), versionCheck = vI[[j]]):
 there is no package called ‘ModelMetrics’
Execution halted
ERROR: lazy loading failed for package ‘MLSeq’
* removing ‘/tmp/library/MLSeq’

The downloaded source packages are in
	‘/tmp/Rtmp641mvM/downloaded_packages’
Old packages: 'diffobj'
Warning message:
In install.packages(...) :
  installation of package ‘MLSeq’ had non-zero exit status

real	0m17.041s
user	0m9.409s
sys	0m2.890s
