+ Rscript -e 'Sys.setenv(BIOCONDUCTOR_USE_CONTAINER_REPOSITORY=FALSE);
  p <- .libPaths();
  p <- c('\''/tmp/library'\'', '\''/mnt/library'\'', p);
  .libPaths(p);
  if(BiocManager::install('\''plasmut'\'', INSTALL_opts = '\''--build'\'', update = TRUE, quiet = FALSE, dependencies=TRUE, force = TRUE, keep_outputs = TRUE) %in% rownames(installed.packages())) q(status = 0) else q(status = 1)'
'getOption("repos")' replaces Bioconductor standard repositories, see
'help("repositories", package = "BiocManager")' for details.
Replacement repositories:
    CRAN: https://p3m.dev/cran/__linux__/noble/latest
Bioconductor version 3.23 (BiocManager 1.30.27), R 4.6.1 (2026-06-24)
Installing package(s) 'plasmut'
also installing the dependency ‘qpdf’

trying URL 'https://p3m.dev/cran/__linux__/noble/latest/src/contrib/qpdf_1.4.1.tar.gz'
trying URL 'https://bioconductor.org/packages/3.23/bioc/src/contrib/plasmut_1.10.0.tar.gz'
* installing *binary* package ‘qpdf’ ...
* package ‘qpdf’ successfully unpacked and SHA256 sums checked
* ‘qpdf’ was already a binary package and will not be rebuilt
* SHA256 sums
* creating tarball
packaged installation of ‘qpdf’ as ‘qpdf_1.4.1_R_x86_64-pc-linux-gnu.tar.gz’
* DONE (qpdf)
* installing *source* package ‘plasmut’ ...
** this is package ‘plasmut’ version ‘1.10.0’
** using staged installation
** R
** data
** inst
** byte-compile and prepare package for lazy loading
** help
*** installing help indices
** building package indices
** installing vignettes
** testing if installed package can be loaded from temporary location
** testing if installed package can be loaded from final location
** testing if installed package keeps a record of temporary installation path
* SHA256 sums
* creating tarball
packaged installation of ‘plasmut’ as ‘plasmut_1.10.0_R_x86_64-pc-linux-gnu.tar.gz’
* DONE (plasmut)

The downloaded source packages are in
	‘/tmp/RtmpAOoqJb/downloaded_packages’
Old packages: 'httr2', 'pak', 'pkgdown', 'urlchecker', 'xfun', 'zip', 'MASS',
  'nlme', 'survival'

real	0m16.608s
user	0m6.681s
sys	0m2.251s
