+ Rscript -e 'Sys.setenv(BIOCONDUCTOR_USE_CONTAINER_REPOSITORY=FALSE);
  p <- .libPaths();
  p <- c('\''/tmp/library'\'', '\''/mnt/library'\'', p);
  .libPaths(p);
  if(BiocManager::install('\''survcomp'\'', INSTALL_opts = '\''--build'\'', update = TRUE, quiet = FALSE, dependencies=TRUE, force = TRUE, keep_outputs = TRUE) %in% rownames(installed.packages())) q(status = 0) else q(status = 1)'
'getOption("repos")' replaces Bioconductor standard repositories, see
'help("repositories", package = "BiocManager")' for details.
Replacement repositories:
    CRAN: https://p3m.dev/cran/__linux__/noble/latest
Bioconductor version 3.24 (BiocManager 1.30.27), R 4.6.1 (2026-06-24)
Installing package(s) 'survcomp'
also installing the dependencies ‘SuppDists’, ‘survivalROC’, ‘clinfun’

trying URL 'https://p3m.dev/cran/__linux__/noble/latest/src/contrib/SuppDists_1.1-9.9.tar.gz'
trying URL 'https://p3m.dev/cran/__linux__/noble/latest/src/contrib/survivalROC_1.0.3.1.tar.gz'
trying URL 'https://p3m.dev/cran/__linux__/noble/latest/src/contrib/clinfun_1.1.5.tar.gz'
trying URL 'https://bioconductor.org/packages/3.24/bioc/src/contrib/survcomp_1.63.0.tar.gz'
* installing *binary* package ‘SuppDists’ ...
* package ‘SuppDists’ successfully unpacked and SHA256 sums checked
* ‘SuppDists’ was already a binary package and will not be rebuilt
* SHA256 sums
* creating tarball
packaged installation of ‘SuppDists’ as ‘SuppDists_1.1-9.9_R_x86_64-pc-linux-gnu.tar.gz’
* DONE (SuppDists)
* installing *binary* package ‘survivalROC’ ...
* package ‘survivalROC’ successfully unpacked and SHA256 sums checked
* ‘survivalROC’ was already a binary package and will not be rebuilt
* SHA256 sums
* creating tarball
packaged installation of ‘survivalROC’ as ‘survivalROC_1.0.3.1_R_x86_64-pc-linux-gnu.tar.gz’
* DONE (survivalROC)
* installing *binary* package ‘clinfun’ ...
* package ‘clinfun’ successfully unpacked and SHA256 sums checked
* ‘clinfun’ was already a binary package and will not be rebuilt
* SHA256 sums
* creating tarball
packaged installation of ‘clinfun’ as ‘clinfun_1.1.5_R_x86_64-pc-linux-gnu.tar.gz’
* DONE (clinfun)
* installing *source* package ‘survcomp’ ...
** this is package ‘survcomp’ version ‘1.63.0’
** package ‘survcomp’ successfully unpacked and MD5 sums checked
** using staged installation
** libs
using C compiler: ‘gcc (Ubuntu 13.3.0-6ubuntu2~24.04.1) 13.3.0’
using C++ compiler: ‘g++ (Ubuntu 13.3.0-6ubuntu2~24.04.1) 13.3.0’
gcc -std=gnu2x -I"/usr/local/lib/R/include" -DNDEBUG   -I/usr/local/include    -fpic  -g -O2 -fstack-protector-strong -Wformat -Werror=format-security -Wdate-time -D_FORTIFY_SOURCE=2 -g  -c concordance.index.c -o concordance.index.o
g++ -std=gnu++20 -I"/usr/local/lib/R/include" -DNDEBUG   -I/usr/local/include    -fpic  -g -O2 -fstack-protector-strong -Wformat -Werror=format-security -Wdate-time -D_FORTIFY_SOURCE=2 -g   -c foo_mrmr_ensemble_surv.cpp -o foo_mrmr_ensemble_surv.o
g++ -std=gnu++20 -I"/usr/local/lib/R/include" -DNDEBUG   -I/usr/local/include    -fpic  -g -O2 -fstack-protector-strong -Wformat -Werror=format-security -Wdate-time -D_FORTIFY_SOURCE=2 -g   -c foo_mrmr_surv.cpp -o foo_mrmr_surv.o
g++ -std=gnu++20 -I"/usr/local/lib/R/include" -DNDEBUG   -I/usr/local/include    -fpic  -g -O2 -fstack-protector-strong -Wformat -Werror=format-security -Wdate-time -D_FORTIFY_SOURCE=2 -g   -c survcomp_init.cpp -o survcomp_init.o
g++ -std=gnu++20 -shared -L/usr/local/lib/R/lib -L/usr/local/lib -o survcomp.so concordance.index.o foo_mrmr_ensemble_surv.o foo_mrmr_surv.o survcomp_init.o -L/usr/local/lib/R/lib -lR
installing to /tmp/library/00LOCK-survcomp/00new/survcomp/libs
** R
** data
** inst
** byte-compile and prepare package for lazy loading
** help
*** installing help indices
** building package indices
** installing vignettes
** testing if installed package can be loaded from temporary location
** checking absolute paths in shared objects and dynamic libraries
** testing if installed package can be loaded from final location
** testing if installed package keeps a record of temporary installation path
* SHA256 sums
* creating tarball
packaged installation of ‘survcomp’ as ‘survcomp_1.63.0_R_x86_64-pc-linux-gnu.tar.gz’
* DONE (survcomp)

The downloaded source packages are in
	‘/tmp/Rtmp40nOhQ/downloaded_packages’

real	0m45.684s
user	0m12.396s
sys	0m3.761s
