+ Rscript -e 'Sys.setenv(BIOCONDUCTOR_USE_CONTAINER_REPOSITORY=FALSE);
  p <- .libPaths();
  p <- c('\''/tmp/library'\'', '\''/mnt/library'\'', p);
  .libPaths(p);
  if(BiocManager::install('\''flowMatch'\'', INSTALL_opts = '\''--build'\'', update = TRUE, quiet = FALSE, dependencies=TRUE, force = TRUE, keep_outputs = TRUE) %in% rownames(installed.packages())) q(status = 0) else q(status = 1)'
'getOption("repos")' replaces Bioconductor standard repositories, see
'help("repositories", package = "BiocManager")' for details.
Replacement repositories:
    CRAN: https://p3m.dev/cran/__linux__/noble/latest
Bioconductor version 3.23 (BiocManager 1.30.27), R 4.6.1 (2026-06-24)
Installing package(s) 'flowMatch'
also installing the dependency ‘healthyFlowData’

trying URL 'https://bioconductor.org/packages/3.23/data/experiment/src/contrib/healthyFlowData_1.50.0.tar.gz'
trying URL 'https://bioconductor.org/packages/3.23/bioc/src/contrib/flowMatch_1.48.0.tar.gz'
* installing *source* package ‘healthyFlowData’ ...
** this is package ‘healthyFlowData’ version ‘1.50.0’
** using staged installation
** data
** inst
** help
*** installing help indices
** building package indices
** installing vignettes
** testing if installed package can be loaded from temporary location
** testing if installed package can be loaded from final location
** testing if installed package keeps a record of temporary installation path
* SHA256 sums
* creating tarball
packaged installation of ‘healthyFlowData’ as ‘healthyFlowData_1.50.0_R_x86_64-pc-linux-gnu.tar.gz’
* DONE (healthyFlowData)
* installing *source* package ‘flowMatch’ ...
** this is package ‘flowMatch’ version ‘1.48.0’
** using staged installation
** libs
using C++ compiler: ‘g++ (Ubuntu 13.3.0-6ubuntu2~24.04.1) 13.3.0’
g++ -std=gnu++20 -I"/usr/local/lib/R/include" -DNDEBUG  -I'/usr/local/lib/R/site-library/Rcpp/include' -I/usr/local/include    -fpic  -g -O2 -fstack-protector-strong -Wformat -Werror=format-security -Wdate-time -D_FORTIFY_SOURCE=2 -g   -c BipartiteGraph.cpp -o BipartiteGraph.o
g++ -std=gnu++20 -I"/usr/local/lib/R/include" -DNDEBUG  -I'/usr/local/lib/R/site-library/Rcpp/include' -I/usr/local/include    -fpic  -g -O2 -fstack-protector-strong -Wformat -Werror=format-security -Wdate-time -D_FORTIFY_SOURCE=2 -g   -c MinWghtEdgCoverBipartite.cpp -o MinWghtEdgCoverBipartite.o
g++ -std=gnu++20 -I"/usr/local/lib/R/include" -DNDEBUG  -I'/usr/local/lib/R/site-library/Rcpp/include' -I/usr/local/include    -fpic  -g -O2 -fstack-protector-strong -Wformat -Werror=format-security -Wdate-time -D_FORTIFY_SOURCE=2 -g   -c flowMatch.cpp -o flowMatch.o
'Rcpp:::LdFlags' has not been needed since 2013 (!!) and may get removed in 2027. Please update your 'Makevars'.
'RcppLdFlags' has not been needed since 2013 (!!) and may get removed in 2027. Please update your 'Makevars'.
g++ -std=gnu++20 -shared -L/usr/local/lib/R/lib -L/usr/local/lib -o flowMatch.so BipartiteGraph.o MinWghtEdgCoverBipartite.o flowMatch.o -L/usr/local/lib/R/lib -lR
'Rcpp:::LdFlags' has not been needed since 2013 (!!) and may get removed in 2027. Please update your 'Makevars'.
'RcppLdFlags' has not been needed since 2013 (!!) and may get removed in 2027. Please update your 'Makevars'.
installing to /tmp/library/00LOCK-flowMatch/00new/flowMatch/libs
** R
** inst
** byte-compile and prepare package for lazy loading
** help
*** installing help indices
** building package indices
** installing vignettes
** testing if installed package can be loaded from temporary location
** checking absolute paths in shared objects and dynamic libraries
** testing if installed package can be loaded from final location
** testing if installed package keeps a record of temporary installation path
* SHA256 sums
* creating tarball
packaged installation of ‘flowMatch’ as ‘flowMatch_1.48.0_R_x86_64-pc-linux-gnu.tar.gz’
* DONE (flowMatch)

The downloaded source packages are in
	‘/tmp/RtmpSpAEFz/downloaded_packages’
Old packages: 'httr2', 'pak', 'pkgdown', 'urlchecker', 'xfun', 'zip', 'MASS',
  'nlme', 'survival'

real	0m40.316s
user	0m31.081s
sys	0m5.607s
