+ Rscript -e 'Sys.setenv(BIOCONDUCTOR_USE_CONTAINER_REPOSITORY=FALSE);
  p <- .libPaths();
  p <- c('\''/tmp/library'\'', '\''/mnt/library'\'', p);
  .libPaths(p);
  if(BiocManager::install('\''LACHESIS'\'', INSTALL_opts = '\''--build'\'', update = TRUE, quiet = FALSE, dependencies=TRUE, force = TRUE, keep_outputs = TRUE) %in% rownames(installed.packages())) q(status = 0) else q(status = 1)'
'getOption("repos")' replaces Bioconductor standard repositories, see
'help("repositories", package = "BiocManager")' for details.
Replacement repositories:
    CRAN: https://p3m.dev/cran/__linux__/noble/latest
Bioconductor version 3.24 (BiocManager 1.30.27), R 4.6.1 (2026-06-24)
Installing package(s) 'LACHESIS'
also installing the dependencies ‘pinfsc50’, ‘vcfR’, ‘MutationalPatterns’

trying URL 'https://p3m.dev/cran/__linux__/noble/latest/src/contrib/pinfsc50_1.3.0.tar.gz'
trying URL 'https://p3m.dev/cran/__linux__/noble/latest/src/contrib/vcfR_1.16.0.tar.gz'
trying URL 'https://bioconductor.org/packages/3.24/bioc/src/contrib/MutationalPatterns_3.23.0.tar.gz'
trying URL 'https://bioconductor.org/packages/3.24/bioc/src/contrib/LACHESIS_1.1.0.tar.gz'
* installing *binary* package ‘pinfsc50’ ...
* package ‘pinfsc50’ successfully unpacked and SHA256 sums checked
* ‘pinfsc50’ was already a binary package and will not be rebuilt
* SHA256 sums
* creating tarball
packaged installation of ‘pinfsc50’ as ‘pinfsc50_1.3.0_R_x86_64-pc-linux-gnu.tar.gz’
* DONE (pinfsc50)
* installing *source* package ‘MutationalPatterns’ ...
** this is package ‘MutationalPatterns’ version ‘3.23.0’
** package ‘MutationalPatterns’ successfully unpacked and MD5 sums checked
** using staged installation
** R
** inst
** byte-compile and prepare package for lazy loading
** help
*** installing help indices
** building package indices
** installing vignettes
** testing if installed package can be loaded from temporary location
** testing if installed package can be loaded from final location
** testing if installed package keeps a record of temporary installation path
* SHA256 sums
* creating tarball
packaged installation of ‘MutationalPatterns’ as ‘MutationalPatterns_3.23.0_R_x86_64-pc-linux-gnu.tar.gz’
* DONE (MutationalPatterns)
* installing *binary* package ‘vcfR’ ...
* package ‘vcfR’ successfully unpacked and SHA256 sums checked
* ‘vcfR’ was already a binary package and will not be rebuilt
* SHA256 sums
* creating tarball
packaged installation of ‘vcfR’ as ‘vcfR_1.16.0_R_x86_64-pc-linux-gnu.tar.gz’
* DONE (vcfR)
* installing *source* package ‘LACHESIS’ ...
** this is package ‘LACHESIS’ version ‘1.1.0’
** package ‘LACHESIS’ successfully unpacked and MD5 sums checked
** using staged installation
** R
** inst
** byte-compile and prepare package for lazy loading
** help
*** installing help indices
*** copying figures
** building package indices
** installing vignettes
** testing if installed package can be loaded from temporary location
** testing if installed package can be loaded from final location
** testing if installed package keeps a record of temporary installation path
* SHA256 sums
* creating tarball
packaged installation of ‘LACHESIS’ as ‘LACHESIS_1.1.0_R_x86_64-pc-linux-gnu.tar.gz’
* DONE (LACHESIS)

The downloaded source packages are in
	‘/tmp/RtmpBJ4z9M/downloaded_packages’

real	0m46.217s
user	0m37.307s
sys	0m6.533s
