+ Rscript -e 'Sys.setenv(BIOCONDUCTOR_USE_CONTAINER_REPOSITORY=FALSE);
  p <- .libPaths();
  p <- c('\''/tmp/library'\'', '\''/mnt/library'\'', p);
  .libPaths(p);
  if(BiocManager::install('\''Rega'\'', INSTALL_opts = '\''--build'\'', update = TRUE, quiet = FALSE, dependencies=TRUE, force = TRUE, keep_outputs = TRUE) %in% rownames(installed.packages())) q(status = 0) else q(status = 1)'
'getOption("repos")' replaces Bioconductor standard repositories, see
'help("repositories", package = "BiocManager")' for details.
Replacement repositories:
    CRAN: https://p3m.dev/cran/__linux__/noble/latest
Bioconductor version 3.24 (BiocManager 1.30.27), R 4.6.1 (2026-06-24)
Installing package(s) 'Rega'
also installing the dependencies ‘V8’, ‘settings’, ‘jsonvalidate’, ‘validate’

trying URL 'https://p3m.dev/cran/__linux__/noble/latest/src/contrib/V8_8.2.0.tar.gz'
trying URL 'https://p3m.dev/cran/__linux__/noble/latest/src/contrib/settings_0.2.7.tar.gz'
trying URL 'https://p3m.dev/cran/__linux__/noble/latest/src/contrib/jsonvalidate_1.5.0.tar.gz'
trying URL 'https://p3m.dev/cran/__linux__/noble/latest/src/contrib/validate_1.1.7.tar.gz'
trying URL 'https://bioconductor.org/packages/3.24/bioc/src/contrib/Rega_1.1.1.tar.gz'
* installing *binary* package ‘V8’ ...
* package ‘V8’ successfully unpacked and SHA256 sums checked
* ‘V8’ was already a binary package and will not be rebuilt
* SHA256 sums
* creating tarball
packaged installation of ‘V8’ as ‘V8_8.2.0_R_x86_64-pc-linux-gnu.tar.gz’
* DONE (V8)
* installing *binary* package ‘settings’ ...
* package ‘settings’ successfully unpacked and SHA256 sums checked
* ‘settings’ was already a binary package and will not be rebuilt
* SHA256 sums
* creating tarball
packaged installation of ‘settings’ as ‘settings_0.2.7_R_x86_64-pc-linux-gnu.tar.gz’
* DONE (settings)
* installing *binary* package ‘jsonvalidate’ ...
* package ‘jsonvalidate’ successfully unpacked and SHA256 sums checked
* ‘jsonvalidate’ was already a binary package and will not be rebuilt
* SHA256 sums
* creating tarball
packaged installation of ‘jsonvalidate’ as ‘jsonvalidate_1.5.0_R_x86_64-pc-linux-gnu.tar.gz’
* DONE (jsonvalidate)
* installing *binary* package ‘validate’ ...
* package ‘validate’ successfully unpacked and SHA256 sums checked
* ‘validate’ was already a binary package and will not be rebuilt
* SHA256 sums
* creating tarball
packaged installation of ‘validate’ as ‘validate_1.1.7_R_x86_64-pc-linux-gnu.tar.gz’
* DONE (validate)
* installing *source* package ‘Rega’ ...
** this is package ‘Rega’ version ‘1.1.1’
** package ‘Rega’ successfully unpacked and MD5 sums checked
** using staged installation
** R
** inst
** byte-compile and prepare package for lazy loading
** help
*** installing help indices
** building package indices
** installing vignettes
** testing if installed package can be loaded from temporary location
** testing if installed package can be loaded from final location
** testing if installed package keeps a record of temporary installation path
* SHA256 sums
* creating tarball
packaged installation of ‘Rega’ as ‘Rega_1.1.1_R_x86_64-pc-linux-gnu.tar.gz’
* DONE (Rega)

The downloaded source packages are in
	‘/tmp/RtmpPTFaYX/downloaded_packages’

real	0m30.540s
user	0m15.843s
sys	0m3.520s
