+ Rscript -e 'Sys.setenv(BIOCONDUCTOR_USE_CONTAINER_REPOSITORY=FALSE);
  p <- .libPaths();
  p <- c('\''/tmp/library'\'', '\''/mnt/library'\'', p);
  .libPaths(p);
  if(BiocManager::install('\''SNAGEE'\'', INSTALL_opts = '\''--build'\'', update = TRUE, quiet = FALSE, dependencies=TRUE, force = TRUE, keep_outputs = TRUE) %in% rownames(installed.packages())) q(status = 0) else q(status = 1)'
'getOption("repos")' replaces Bioconductor standard repositories, see
'help("repositories", package = "BiocManager")' for details.
Replacement repositories:
    CRAN: https://p3m.dev/cran/__linux__/noble/latest
Bioconductor version 3.24 (BiocManager 1.30.27), R 4.6.1 (2026-06-24)
Installing package(s) 'SNAGEE'
also installing the dependency ‘SNAGEEdata’

trying URL 'https://bioconductor.org/packages/3.24/data/experiment/src/contrib/SNAGEEdata_1.49.0.tar.gz'
trying URL 'https://bioconductor.org/packages/3.24/bioc/src/contrib/SNAGEE_1.53.0.tar.gz'
* installing *source* package ‘SNAGEEdata’ ...
** this is package ‘SNAGEEdata’ version ‘1.49.0’
** using staged installation
** R
** inst
** byte-compile and prepare package for lazy loading
** help
*** installing help indices
** building package indices
** testing if installed package can be loaded from temporary location
** testing if installed package can be loaded from final location
** testing if installed package keeps a record of temporary installation path
* SHA256 sums
* creating tarball
packaged installation of ‘SNAGEEdata’ as ‘SNAGEEdata_1.49.0_R_x86_64-pc-linux-gnu.tar.gz’
* DONE (SNAGEEdata)
* installing *source* package ‘SNAGEE’ ...
** this is package ‘SNAGEE’ version ‘1.53.0’
** package ‘SNAGEE’ successfully unpacked and MD5 sums checked
** using staged installation
** R
** inst
** byte-compile and prepare package for lazy loading
** help
*** installing help indices
** building package indices
** installing vignettes
** testing if installed package can be loaded from temporary location
** testing if installed package can be loaded from final location
** testing if installed package keeps a record of temporary installation path
* SHA256 sums
* creating tarball
packaged installation of ‘SNAGEE’ as ‘SNAGEE_1.53.0_R_x86_64-pc-linux-gnu.tar.gz’
* DONE (SNAGEE)

The downloaded source packages are in
	‘/tmp/RtmpnOyOPS/downloaded_packages’

real	0m24.127s
user	0m8.734s
sys	0m3.817s
