+ Rscript -e 'Sys.setenv(BIOCONDUCTOR_USE_CONTAINER_REPOSITORY=FALSE);
  p <- .libPaths();
  p <- c('\''/tmp/library'\'', '\''/mnt/library'\'', p);
  .libPaths(p);
  if(BiocManager::install('\''BatchQC'\'', INSTALL_opts = '\''--build'\'', update = TRUE, quiet = FALSE, dependencies=TRUE, force = TRUE, keep_outputs = TRUE) %in% rownames(installed.packages())) q(status = 0) else q(status = 1)'
'getOption("repos")' replaces Bioconductor standard repositories, see
'help("repositories", package = "BiocManager")' for details.
Replacement repositories:
    CRAN: https://p3m.dev/cran/__linux__/noble/latest
Bioconductor version 3.24 (BiocManager 1.30.27), R 4.6.1 (2026-06-24)
Installing package(s) 'BatchQC'
also installing the dependencies ‘NCmisc’, ‘reader’, ‘curatedTBData’

trying URL 'https://p3m.dev/cran/__linux__/noble/latest/src/contrib/NCmisc_1.3.1.tar.gz'
trying URL 'https://p3m.dev/cran/__linux__/noble/latest/src/contrib/reader_1.1.0.tar.gz'
trying URL 'https://bioconductor.org/packages/3.24/data/experiment/src/contrib/curatedTBData_2.9.0.tar.gz'
trying URL 'https://bioconductor.org/packages/3.24/bioc/src/contrib/BatchQC_2.9.0.tar.gz'
* installing *binary* package ‘NCmisc’ ...
* package ‘NCmisc’ successfully unpacked and SHA256 sums checked
* ‘NCmisc’ was already a binary package and will not be rebuilt
* SHA256 sums
* creating tarball
packaged installation of ‘NCmisc’ as ‘NCmisc_1.3.1_R_x86_64-pc-linux-gnu.tar.gz’
* DONE (NCmisc)
* installing *source* package ‘curatedTBData’ ...
** this is package ‘curatedTBData’ version ‘2.9.0’
** using staged installation
** R
** data
** inst
** byte-compile and prepare package for lazy loading
** help
*** installing help indices
** building package indices
** installing vignettes
** testing if installed package can be loaded from temporary location
** testing if installed package can be loaded from final location
** testing if installed package keeps a record of temporary installation path
* SHA256 sums
* creating tarball
packaged installation of ‘curatedTBData’ as ‘curatedTBData_2.9.0_R_x86_64-pc-linux-gnu.tar.gz’
* DONE (curatedTBData)
* installing *binary* package ‘reader’ ...
* package ‘reader’ successfully unpacked and SHA256 sums checked
* ‘reader’ was already a binary package and will not be rebuilt
* SHA256 sums
* creating tarball
packaged installation of ‘reader’ as ‘reader_1.1.0_R_x86_64-pc-linux-gnu.tar.gz’
* DONE (reader)
* installing *source* package ‘BatchQC’ ...
** this is package ‘BatchQC’ version ‘2.9.0’
** package ‘BatchQC’ successfully unpacked and MD5 sums checked
** using staged installation
** R
** data
** inst
** byte-compile and prepare package for lazy loading
** help
*** installing help indices
** building package indices
** installing vignettes
** testing if installed package can be loaded from temporary location
** testing if installed package can be loaded from final location
** testing if installed package keeps a record of temporary installation path
* SHA256 sums
* creating tarball
packaged installation of ‘BatchQC’ as ‘BatchQC_2.9.0_R_x86_64-pc-linux-gnu.tar.gz’
* DONE (BatchQC)

The downloaded source packages are in
	‘/tmp/RtmpoaqCMW/downloaded_packages’

real	1m18.383s
user	1m4.103s
sys	0m9.947s
