+ Rscript -e 'Sys.setenv(BIOCONDUCTOR_USE_CONTAINER_REPOSITORY=FALSE);
  p <- .libPaths();
  p <- c('\''/tmp/library'\'', '\''/mnt/library'\'', p);
  .libPaths(p);
  if(BiocManager::install('\''QDNAseq'\'', INSTALL_opts = '\''--build'\'', update = TRUE, quiet = FALSE, dependencies=TRUE, force = TRUE, keep_outputs = TRUE) %in% rownames(installed.packages())) q(status = 0) else q(status = 1)'
'getOption("repos")' replaces Bioconductor standard repositories, see
'help("repositories", package = "BiocManager")' for details.
Replacement repositories:
    CRAN: https://p3m.dev/cran/__linux__/noble/latest
Bioconductor version 3.24 (BiocManager 1.30.27), R 4.6.1 (2026-06-24)
Installing package(s) 'QDNAseq'
also installing the dependencies ‘QDNAseq.hg19’, ‘QDNAseq.mm10’

trying URL 'https://bioconductor.org/packages/3.24/data/experiment/src/contrib/QDNAseq.hg19_1.43.0.tar.gz'
trying URL 'https://bioconductor.org/packages/3.24/data/experiment/src/contrib/QDNAseq.mm10_1.43.0.tar.gz'
trying URL 'https://bioconductor.org/packages/3.24/bioc/src/contrib/QDNAseq_1.49.0.tar.gz'
* installing *source* package ‘QDNAseq’ ...
** this is package ‘QDNAseq’ version ‘1.49.0’
** package ‘QDNAseq’ successfully unpacked and MD5 sums checked
** using staged installation
** R
** data
** inst
** byte-compile and prepare package for lazy loading
** help
*** installing help indices
** building package indices
** installing vignettes
** testing if installed package can be loaded from temporary location
** testing if installed package can be loaded from final location
** testing if installed package keeps a record of temporary installation path
* SHA256 sums
* creating tarball
packaged installation of ‘QDNAseq’ as ‘QDNAseq_1.49.0_R_x86_64-pc-linux-gnu.tar.gz’
* DONE (QDNAseq)
* installing *source* package ‘QDNAseq.hg19’ ...
** this is package ‘QDNAseq.hg19’ version ‘1.43.0’
** using staged installation
** R
** data
** byte-compile and prepare package for lazy loading
** help
*** installing help indices
** building package indices
** testing if installed package can be loaded from temporary location
** testing if installed package can be loaded from final location
** testing if installed package keeps a record of temporary installation path
* SHA256 sums
* creating tarball
packaged installation of ‘QDNAseq.hg19’ as ‘QDNAseq.hg19_1.43.0_R_x86_64-pc-linux-gnu.tar.gz’
* DONE (QDNAseq.hg19)
* installing *source* package ‘QDNAseq.mm10’ ...
** this is package ‘QDNAseq.mm10’ version ‘1.43.0’
** using staged installation
** R
** data
** byte-compile and prepare package for lazy loading
** help
*** installing help indices
** building package indices
** testing if installed package can be loaded from temporary location
** testing if installed package can be loaded from final location
** testing if installed package keeps a record of temporary installation path
* SHA256 sums
* creating tarball
packaged installation of ‘QDNAseq.mm10’ as ‘QDNAseq.mm10_1.43.0_R_x86_64-pc-linux-gnu.tar.gz’
* DONE (QDNAseq.mm10)

The downloaded source packages are in
	‘/tmp/RtmpJE4ovH/downloaded_packages’

real	1m2.821s
user	0m44.326s
sys	0m7.976s
