+ Rscript -e 'Sys.setenv(BIOCONDUCTOR_USE_CONTAINER_REPOSITORY=FALSE);
  p <- .libPaths();
  p <- c('\''/tmp/library'\'', '\''/mnt/library'\'', p);
  .libPaths(p);
  if(BiocManager::install('\''ASpli'\'', INSTALL_opts = '\''--build'\'', update = TRUE, quiet = FALSE, dependencies=TRUE, force = TRUE, keep_outputs = TRUE) %in% rownames(installed.packages())) q(status = 0) else q(status = 1)'
'getOption("repos")' replaces Bioconductor standard repositories, see
'help("repositories", package = "BiocManager")' for details.
Replacement repositories:
    CRAN: https://p3m.dev/cran/__linux__/noble/latest
Bioconductor version 3.24 (BiocManager 1.30.27), R 4.6.1 (2026-06-24)
Installing package(s) 'ASpli'
trying URL 'https://bioconductor.org/packages/3.24/bioc/src/contrib/ASpli_2.23.0.tar.gz'
Content type 'application/x-gzip' length 5012502 bytes (4.8 MB)
==================================================
downloaded 4.8 MB

* installing *source* package ‘ASpli’ ...
** this is package ‘ASpli’ version ‘2.23.0’
** package ‘ASpli’ successfully unpacked and MD5 sums checked
** using staged installation
** R
** inst
** byte-compile and prepare package for lazy loading
Warning: replacing previous import ‘utils::data’ by ‘BiocGenerics::data’ when loading ‘ASpli’
Warning: replacing previous import ‘utils::findMatches’ by ‘S4Vectors::findMatches’ when loading ‘ASpli’
** help
*** installing help indices
** building package indices
** installing vignettes
** testing if installed package can be loaded from temporary location
Warning: replacing previous import ‘utils::data’ by ‘BiocGenerics::data’ when loading ‘ASpli’
Warning: replacing previous import ‘utils::findMatches’ by ‘S4Vectors::findMatches’ when loading ‘ASpli’
** testing if installed package can be loaded from final location
Warning: replacing previous import ‘utils::data’ by ‘BiocGenerics::data’ when loading ‘ASpli’
Warning: replacing previous import ‘utils::findMatches’ by ‘S4Vectors::findMatches’ when loading ‘ASpli’
** testing if installed package keeps a record of temporary installation path
* SHA256 sums
* creating tarball
packaged installation of ‘ASpli’ as ‘ASpli_2.23.0_R_x86_64-pc-linux-gnu.tar.gz’
* DONE (ASpli)

The downloaded source packages are in
	‘/tmp/RtmpIhRoiY/downloaded_packages’

real	1m18.510s
user	1m0.144s
sys	0m7.531s
