+ Rscript -e 'Sys.setenv(BIOCONDUCTOR_USE_CONTAINER_REPOSITORY=FALSE);
  p <- .libPaths();
  p <- c('\''/tmp/library'\'', '\''/mnt/library'\'', p);
  .libPaths(p);
  if(BiocManager::install('\''fenr'\'', INSTALL_opts = '\''--build'\'', update = TRUE, quiet = FALSE, dependencies=TRUE, force = TRUE, keep_outputs = TRUE) %in% rownames(installed.packages())) q(status = 0) else q(status = 1)'
'getOption("repos")' replaces Bioconductor standard repositories, see
'help("repositories", package = "BiocManager")' for details.
Replacement repositories:
    CRAN: https://p3m.dev/cran/__linux__/noble/latest
Bioconductor version 3.24 (BiocManager 1.30.27), R 4.6.1 (2026-06-24)
Installing package(s) 'fenr'
also installing the dependency ‘topGO’

trying URL 'https://bioconductor.org/packages/3.24/bioc/src/contrib/topGO_2.65.0.tar.gz'
trying URL 'https://bioconductor.org/packages/3.24/bioc/src/contrib/fenr_1.11.1.tar.gz'
* installing *source* package ‘topGO’ ...
** this is package ‘topGO’ version ‘2.65.0’
** package ‘topGO’ successfully unpacked and MD5 sums checked
** using staged installation
** R
** data
** inst
** byte-compile and prepare package for lazy loading
** help
*** installing help indices
** building package indices
** installing vignettes
** testing if installed package can be loaded from temporary location

groupGOTerms: 	GOBPTerm, GOMFTerm, GOCCTerm environments built.
** testing if installed package can be loaded from final location

groupGOTerms: 	GOBPTerm, GOMFTerm, GOCCTerm environments built.
** testing if installed package keeps a record of temporary installation path
* SHA256 sums
* creating tarball
packaged installation of ‘topGO’ as ‘topGO_2.65.0_R_x86_64-pc-linux-gnu.tar.gz’
* DONE (topGO)
* installing *source* package ‘fenr’ ...
** this is package ‘fenr’ version ‘1.11.1’
** package ‘fenr’ successfully unpacked and MD5 sums checked
** using staged installation
** R
** data
** inst
** byte-compile and prepare package for lazy loading
** help
*** installing help indices
** building package indices
** installing vignettes
** testing if installed package can be loaded from temporary location
** testing if installed package can be loaded from final location
** testing if installed package keeps a record of temporary installation path
* SHA256 sums
* creating tarball
packaged installation of ‘fenr’ as ‘fenr_1.11.1_R_x86_64-pc-linux-gnu.tar.gz’
* DONE (fenr)

The downloaded source packages are in
	‘/tmp/RtmpgidkYD/downloaded_packages’
Old packages: 'diffobj'

real	0m31.021s
user	0m20.432s
sys	0m4.282s
