+ Rscript -e 'Sys.setenv(BIOCONDUCTOR_USE_CONTAINER_REPOSITORY=FALSE);
  p <- .libPaths();
  p <- c('\''/tmp/library'\'', '\''/mnt/library'\'', p);
  .libPaths(p);
  if(BiocManager::install('\''EpipwR'\'', INSTALL_opts = '\''--build'\'', update = TRUE, quiet = FALSE, dependencies=TRUE, force = TRUE, keep_outputs = TRUE) %in% rownames(installed.packages())) q(status = 0) else q(status = 1)'
'getOption("repos")' replaces Bioconductor standard repositories, see
'help("repositories", package = "BiocManager")' for details.
Replacement repositories:
    CRAN: https://p3m.dev/cran/__linux__/noble/latest
Bioconductor version 3.23 (BiocManager 1.30.27), R 4.6.1 (2026-06-24)
Installing package(s) 'EpipwR'
also installing the dependency ‘EpipwR.data’

trying URL 'https://bioconductor.org/packages/3.23/data/experiment/src/contrib/EpipwR.data_1.6.0.tar.gz'
trying URL 'https://bioconductor.org/packages/3.23/bioc/src/contrib/EpipwR_1.6.0.tar.gz'
* installing *source* package ‘EpipwR.data’ ...
** this is package ‘EpipwR.data’ version ‘1.6.0’
** using staged installation
** inst
** help
*** installing help indices
** building package indices
** installing vignettes
** testing if installed package can be loaded from temporary location
** testing if installed package can be loaded from final location
** testing if installed package keeps a record of temporary installation path
* SHA256 sums
* creating tarball
packaged installation of ‘EpipwR.data’ as ‘EpipwR.data_1.6.0_R_x86_64-pc-linux-gnu.tar.gz’
* DONE (EpipwR.data)
* installing *source* package ‘EpipwR’ ...
** this is package ‘EpipwR’ version ‘1.6.0’
** using staged installation
** R
** inst
** byte-compile and prepare package for lazy loading
** help
*** installing help indices
** building package indices
** installing vignettes
** testing if installed package can be loaded from temporary location
** testing if installed package can be loaded from final location
** testing if installed package keeps a record of temporary installation path
* SHA256 sums
* creating tarball
packaged installation of ‘EpipwR’ as ‘EpipwR_1.6.0_R_x86_64-pc-linux-gnu.tar.gz’
* DONE (EpipwR)

The downloaded source packages are in
	‘/tmp/RtmpQTbEGe/downloaded_packages’
Old packages: 'diffobj', 'httr2', 'pak', 'pkgdown', 'urlchecker', 'xfun',
  'zip', 'MASS', 'nlme', 'survival'

real	0m27.535s
user	0m18.266s
sys	0m4.647s
