+ Rscript -e 'Sys.setenv(BIOCONDUCTOR_USE_CONTAINER_REPOSITORY=FALSE);
  p <- .libPaths();
  p <- c('\''/tmp/library'\'', '\''/mnt/library'\'', p);
  .libPaths(p);
  if(BiocManager::install('\''transite'\'', INSTALL_opts = '\''--build'\'', update = TRUE, quiet = FALSE, dependencies=TRUE, force = TRUE, keep_outputs = TRUE) %in% rownames(installed.packages())) q(status = 0) else q(status = 1)'
'getOption("repos")' replaces Bioconductor standard repositories, see
'help("repositories", package = "BiocManager")' for details.
Replacement repositories:
    CRAN: https://p3m.dev/cran/__linux__/noble/latest
Bioconductor version 3.24 (BiocManager 1.30.27), R 4.6.1 (2026-06-24)
Installing package(s) 'transite'
trying URL 'https://bioconductor.org/packages/3.24/bioc/src/contrib/transite_1.31.0.tar.gz'
Content type 'application/x-gzip' length 655646 bytes (640 KB)
==================================================
downloaded 640 KB

Warning: SystemRequirements specified C++11: support has been removed
* installing *source* package ‘transite’ ...
** this is package ‘transite’ version ‘1.31.0’
** package ‘transite’ successfully unpacked and MD5 sums checked
** using staged installation
** libs
specified C++11
using C++ compiler: ‘g++ (Ubuntu 13.3.0-6ubuntu2~24.04.1) 13.3.0’
g++ -std=gnu++20 -I"/usr/local/lib/R/include" -DNDEBUG  -I'/usr/local/lib/R/site-library/Rcpp/include' -I/usr/local/include    -fpic  -g -O2 -fstack-protector-strong -Wformat -Werror=format-security -Wdate-time -D_FORTIFY_SOURCE=2 -g   -c RcppExports.cpp -o RcppExports.o
g++ -std=gnu++20 -I"/usr/local/lib/R/include" -DNDEBUG  -I'/usr/local/lib/R/site-library/Rcpp/include' -I/usr/local/include    -fpic  -g -O2 -fstack-protector-strong -Wformat -Werror=format-security -Wdate-time -D_FORTIFY_SOURCE=2 -g   -c scoring.cpp -o scoring.o
scoring.cpp: In function ‘Rcpp::List calculate_local_consistency(Rcpp::NumericVector, int, int, int)’:
scoring.cpp:125:28: warning: ‘void std::random_shuffle(_RAIter, _RAIter, _Generator&&) [with _RAIter = double*; _Generator = int (&)(int)]’ is deprecated: use 'std::shuffle' instead [-Wdeprecated-declarations]
  125 |         std::random_shuffle(shuffledSpectrum.begin(), shuffledSpectrum.end(),
      |         ~~~~~~~~~~~~~~~~~~~^~~~~~~~~~~~~~~~~~~~~~~~~~~~~~~~~~~~~~~~~~~~~~~~~~
  126 |                             randWrapper);
      |                             ~~~~~~~~~~~~
In file included from /usr/include/c++/13/functional:67,
                 from /usr/local/lib/R/site-library/Rcpp/include/RcppCommon.h:66,
                 from /usr/local/lib/R/site-library/Rcpp/include/Rcpp.h:27,
                 from scoring.cpp:3:
/usr/include/c++/13/bits/stl_algo.h:4620:5: note: declared here
 4620 |     random_shuffle(_RandomAccessIterator __first, _RandomAccessIterator __last,
      |     ^~~~~~~~~~~~~~
g++ -std=gnu++20 -shared -L/usr/local/lib/R/lib -L/usr/local/lib -o transite.so RcppExports.o scoring.o -L/usr/local/lib/R/lib -lR
installing to /tmp/library/00LOCK-transite/00new/transite/libs
** R
** data
** inst
** byte-compile and prepare package for lazy loading
** help
*** installing help indices
** building package indices
** installing vignettes
** testing if installed package can be loaded from temporary location
** checking absolute paths in shared objects and dynamic libraries
** testing if installed package can be loaded from final location
** testing if installed package keeps a record of temporary installation path
* SHA256 sums
* creating tarball
packaged installation of ‘transite’ as ‘transite_1.31.0_R_x86_64-pc-linux-gnu.tar.gz’
* DONE (transite)

The downloaded source packages are in
	‘/tmp/RtmpKebEfi/downloaded_packages’
Old packages: 'diffobj'

real	0m29.369s
user	0m23.471s
sys	0m3.862s
