+ Rscript -e 'Sys.setenv(BIOCONDUCTOR_USE_CONTAINER_REPOSITORY=FALSE);
  p <- .libPaths();
  p <- c('\''/tmp/library'\'', '\''/mnt/library'\'', p);
  .libPaths(p);
  if(BiocManager::install('\''EpiMix'\'', INSTALL_opts = '\''--build'\'', update = TRUE, quiet = FALSE, dependencies=TRUE, force = TRUE, keep_outputs = TRUE) %in% rownames(installed.packages())) q(status = 0) else q(status = 1)'
'getOption("repos")' replaces Bioconductor standard repositories, see
'help("repositories", package = "BiocManager")' for details.
Replacement repositories:
    CRAN: https://p3m.dev/cran/__linux__/noble/latest
Bioconductor version 3.23 (BiocManager 1.30.27), R 4.6.1 (2026-06-24)
Installing package(s) 'EpiMix'
also installing the dependencies ‘EpiMix.data’, ‘ELMER.data’

trying URL 'https://bioconductor.org/packages/3.23/data/experiment/src/contrib/EpiMix.data_1.14.0.tar.gz'
trying URL 'https://bioconductor.org/packages/3.23/data/experiment/src/contrib/ELMER.data_2.36.0.tar.gz'
trying URL 'https://bioconductor.org/packages/3.23/bioc/src/contrib/EpiMix_1.14.0.tar.gz'
* installing *source* package ‘EpiMix.data’ ...
** this is package ‘EpiMix.data’ version ‘1.14.0’
** using staged installation
** R
** data
** inst
** byte-compile and prepare package for lazy loading
** help
*** installing help indices
** building package indices
** installing vignettes
** testing if installed package can be loaded from temporary location
** testing if installed package can be loaded from final location
** testing if installed package keeps a record of temporary installation path
* SHA256 sums
* creating tarball
packaged installation of ‘EpiMix.data’ as ‘EpiMix.data_1.14.0_R_x86_64-pc-linux-gnu.tar.gz’
* DONE (EpiMix.data)
* installing *source* package ‘ELMER.data’ ...
** this is package ‘ELMER.data’ version ‘2.36.0’
** using staged installation
** R
** data
** inst
** byte-compile and prepare package for lazy loading
** help
*** installing help indices
** building package indices
** installing vignettes
** testing if installed package can be loaded from temporary location
** testing if installed package can be loaded from final location
** testing if installed package keeps a record of temporary installation path
* SHA256 sums
* creating tarball
packaged installation of ‘ELMER.data’ as ‘ELMER.data_2.36.0_R_x86_64-pc-linux-gnu.tar.gz’
* DONE (ELMER.data)
* installing *source* package ‘EpiMix’ ...
** this is package ‘EpiMix’ version ‘1.14.0’
** using staged installation
** R
** inst
** byte-compile and prepare package for lazy loading
** help
*** installing help indices
** building package indices
** installing vignettes
** testing if installed package can be loaded from temporary location
** testing if installed package can be loaded from final location
** testing if installed package keeps a record of temporary installation path
* SHA256 sums
* creating tarball
packaged installation of ‘EpiMix’ as ‘EpiMix_1.14.0_R_x86_64-pc-linux-gnu.tar.gz’
* DONE (EpiMix)

The downloaded source packages are in
	‘/tmp/RtmprjR0Cy/downloaded_packages’
Old packages: 'httr2', 'pak', 'pkgdown', 'urlchecker', 'xfun', 'zip', 'MASS',
  'nlme', 'survival'

real	1m44.237s
user	1m20.536s
sys	0m11.831s
