+ Rscript -e 'Sys.setenv(BIOCONDUCTOR_USE_CONTAINER_REPOSITORY=FALSE);
  p <- .libPaths();
  p <- c('\''/tmp/library'\'', '\''/mnt/library'\'', p);
  .libPaths(p);
  if(BiocManager::install('\''SigCheck'\'', INSTALL_opts = '\''--build'\'', update = TRUE, quiet = FALSE, dependencies=TRUE, force = TRUE, keep_outputs = TRUE) %in% rownames(installed.packages())) q(status = 0) else q(status = 1)'
'getOption("repos")' replaces Bioconductor standard repositories, see
'help("repositories", package = "BiocManager")' for details.
Replacement repositories:
    CRAN: https://p3m.dev/cran/__linux__/noble/latest
Bioconductor version 3.23 (BiocManager 1.30.27), R 4.6.1 (2026-06-24)
Installing package(s) 'SigCheck'
trying URL 'https://bioconductor.org/packages/3.23/bioc/src/contrib/SigCheck_2.44.0.tar.gz'
Content type 'application/x-gzip' length 378342 bytes (369 KB)
==================================================
downloaded 369 KB

* installing *source* package ‘SigCheck’ ...
** this is package ‘SigCheck’ version ‘2.44.0’
** using staged installation
** R
** data
** inst
** byte-compile and prepare package for lazy loading
Creating a new generic function for ‘signature’ in package ‘SigCheck’
** help
*** installing help indices
** building package indices
** installing vignettes
** testing if installed package can be loaded from temporary location
** testing if installed package can be loaded from final location
** testing if installed package keeps a record of temporary installation path
* SHA256 sums
* creating tarball
packaged installation of ‘SigCheck’ as ‘SigCheck_2.44.0_R_x86_64-pc-linux-gnu.tar.gz’
* DONE (SigCheck)

The downloaded source packages are in
	‘/tmp/RtmpUer1QG/downloaded_packages’
Old packages: 'httr2', 'pak', 'pkgdown', 'urlchecker', 'xfun', 'zip', 'MASS',
  'nlme', 'survival'

real	0m41.213s
user	0m32.341s
sys	0m5.017s
