+ Rscript -e 'Sys.setenv(BIOCONDUCTOR_USE_CONTAINER_REPOSITORY=FALSE);
  p <- .libPaths();
  p <- c('\''/tmp/library'\'', '\''/mnt/library'\'', p);
  .libPaths(p);
  if(BiocManager::install('\''seq2pathway'\'', INSTALL_opts = '\''--build'\'', update = TRUE, quiet = FALSE, dependencies=TRUE, force = TRUE, keep_outputs = TRUE) %in% rownames(installed.packages())) q(status = 0) else q(status = 1)'
'getOption("repos")' replaces Bioconductor standard repositories, see
'help("repositories", package = "BiocManager")' for details.
Replacement repositories:
    CRAN: https://p3m.dev/cran/__linux__/noble/latest
Bioconductor version 3.23 (BiocManager 1.30.27), R 4.6.1 (2026-06-24)
Installing package(s) 'seq2pathway'
also installing the dependency ‘seq2pathway.data’

trying URL 'https://bioconductor.org/packages/3.23/data/experiment/src/contrib/seq2pathway.data_1.44.0.tar.gz'
trying URL 'https://bioconductor.org/packages/3.23/bioc/src/contrib/seq2pathway_1.44.0.tar.gz'
* installing *source* package ‘seq2pathway.data’ ...
** this is package ‘seq2pathway.data’ version ‘1.44.0’
** using staged installation
** data
** inst
** help
*** installing help indices
** building package indices
** installing vignettes
** testing if installed package can be loaded from temporary location
** testing if installed package can be loaded from final location
** testing if installed package keeps a record of temporary installation path
* SHA256 sums
* creating tarball
packaged installation of ‘seq2pathway.data’ as ‘seq2pathway.data_1.44.0_R_x86_64-pc-linux-gnu.tar.gz’
* DONE (seq2pathway.data)
* installing *source* package ‘seq2pathway’ ...
** this is package ‘seq2pathway’ version ‘1.44.0’
** using staged installation
** R
** data
** inst
** byte-compile and prepare package for lazy loading
Warning: replacing previous import ‘WGCNA::cor’ by ‘stats::cor’ when loading ‘seq2pathway’
** help
*** installing help indices
** building package indices
** installing vignettes
** testing if installed package can be loaded from temporary location
Warning: replacing previous import ‘WGCNA::cor’ by ‘stats::cor’ when loading ‘seq2pathway’
** testing if installed package can be loaded from final location
Warning: replacing previous import ‘WGCNA::cor’ by ‘stats::cor’ when loading ‘seq2pathway’
** testing if installed package keeps a record of temporary installation path
* SHA256 sums
* creating tarball
packaged installation of ‘seq2pathway’ as ‘seq2pathway_1.44.0_R_x86_64-pc-linux-gnu.tar.gz’
* DONE (seq2pathway)

The downloaded source packages are in
	‘/tmp/RtmpfqTdql/downloaded_packages’
Old packages: 'httr2', 'pak', 'pkgdown', 'urlchecker', 'xfun', 'zip', 'MASS',
  'nlme', 'survival'

real	1m27.348s
user	1m6.722s
sys	0m6.242s
