+ Rscript -e 'Sys.setenv(BIOCONDUCTOR_USE_CONTAINER_REPOSITORY=FALSE);
  p <- .libPaths();
  p <- c('\''/tmp/library'\'', '\''/mnt/library'\'', p);
  .libPaths(p);
  if(BiocManager::install('\''geneRecommender'\'', INSTALL_opts = '\''--build'\'', update = TRUE, quiet = FALSE, dependencies=TRUE, force = TRUE, keep_outputs = TRUE) %in% rownames(installed.packages())) q(status = 0) else q(status = 1)'
'getOption("repos")' replaces Bioconductor standard repositories, see
'help("repositories", package = "BiocManager")' for details.
Replacement repositories:
    CRAN: https://p3m.dev/cran/__linux__/noble/latest
Bioconductor version 3.24 (BiocManager 1.30.27), R 4.6.1 (2026-06-24)
Installing package(s) 'geneRecommender'
trying URL 'https://bioconductor.org/packages/3.24/bioc/src/contrib/geneRecommender_1.85.0.tar.gz'
Content type 'application/x-gzip' length 246320 bytes (240 KB)
==================================================
downloaded 240 KB

* installing *source* package ‘geneRecommender’ ...
** this is package ‘geneRecommender’ version ‘1.85.0’
** package ‘geneRecommender’ successfully unpacked and MD5 sums checked
** using staged installation
** R
** inst
** byte-compile and prepare package for lazy loading
** help
*** installing help indices
** building package indices
** installing vignettes
** testing if installed package can be loaded from temporary location
** testing if installed package can be loaded from final location
** testing if installed package keeps a record of temporary installation path
* SHA256 sums
* creating tarball
packaged installation of ‘geneRecommender’ as ‘geneRecommender_1.85.0_R_x86_64-pc-linux-gnu.tar.gz’
* DONE (geneRecommender)

The downloaded source packages are in
	‘/tmp/RtmpFU4KYy/downloaded_packages’

real	0m15.990s
user	0m7.310s
sys	0m2.639s
