+ Rscript -e 'Sys.setenv(BIOCONDUCTOR_USE_CONTAINER_REPOSITORY=FALSE);
  p <- .libPaths();
  p <- c('\''/tmp/library'\'', '\''/mnt/library'\'', p);
  .libPaths(p);
  if(BiocManager::install('\''cogena'\'', INSTALL_opts = '\''--build'\'', update = TRUE, quiet = FALSE, dependencies=TRUE, force = TRUE, keep_outputs = TRUE) %in% rownames(installed.packages())) q(status = 0) else q(status = 1)'
'getOption("repos")' replaces Bioconductor standard repositories, see
'help("repositories", package = "BiocManager")' for details.
Replacement repositories:
    CRAN: https://p3m.dev/cran/__linux__/noble/latest
Bioconductor version 3.24 (BiocManager 1.30.27), R 4.6.1 (2026-06-24)
Installing package(s) 'cogena'
also installing the dependency ‘kohonen’

trying URL 'https://p3m.dev/cran/__linux__/noble/latest/src/contrib/kohonen_3.0.13.tar.gz'
trying URL 'https://bioconductor.org/packages/3.24/bioc/src/contrib/cogena_1.47.0.tar.gz'
* installing *binary* package ‘kohonen’ ...
* package ‘kohonen’ successfully unpacked and SHA256 sums checked
* ‘kohonen’ was already a binary package and will not be rebuilt
* SHA256 sums
* creating tarball
packaged installation of ‘kohonen’ as ‘kohonen_3.0.13_R_x86_64-pc-linux-gnu.tar.gz’
* DONE (kohonen)
* installing *source* package ‘cogena’ ...
** this is package ‘cogena’ version ‘1.47.0’
** package ‘cogena’ successfully unpacked and MD5 sums checked
** using staged installation
** R
** data
*** moving datasets to lazyload DB
** inst
** byte-compile and prepare package for lazy loading
Warning: replacing previous import ‘class::somgrid’ by ‘kohonen::somgrid’ when loading ‘cogena’
** help
*** installing help indices
** building package indices
** installing vignettes
** testing if installed package can be loaded from temporary location
Warning: replacing previous import ‘class::somgrid’ by ‘kohonen::somgrid’ when loading ‘cogena’
** testing if installed package can be loaded from final location
Warning: replacing previous import ‘class::somgrid’ by ‘kohonen::somgrid’ when loading ‘cogena’
** testing if installed package keeps a record of temporary installation path
* SHA256 sums
* creating tarball
packaged installation of ‘cogena’ as ‘cogena_1.47.0_R_x86_64-pc-linux-gnu.tar.gz’
* DONE (cogena)

The downloaded source packages are in
	‘/tmp/Rtmpq0E1Uf/downloaded_packages’
Old packages: 'diffobj'

real	0m24.661s
user	0m17.863s
sys	0m3.739s
