+ Rscript -e 'Sys.setenv(BIOCONDUCTOR_USE_CONTAINER_REPOSITORY=FALSE);
  p <- .libPaths();
  p <- c('\''/tmp/library'\'', '\''/mnt/library'\'', p);
  .libPaths(p);
  if(BiocManager::install('\''mitoClone2'\'', INSTALL_opts = '\''--build'\'', update = TRUE, quiet = FALSE, dependencies=TRUE, force = TRUE, keep_outputs = TRUE) %in% rownames(installed.packages())) q(status = 0) else q(status = 1)'
'getOption("repos")' replaces Bioconductor standard repositories, see
'help("repositories", package = "BiocManager")' for details.
Replacement repositories:
    CRAN: https://p3m.dev/cran/__linux__/noble/latest
Bioconductor version 3.24 (BiocManager 1.30.27), R 4.6.1 (2026-06-24)
Installing package(s) 'mitoClone2'
trying URL 'https://bioconductor.org/packages/3.24/bioc/src/contrib/mitoClone2_1.19.0.tar.gz'
Content type 'application/x-gzip' length 1519296 bytes (1.4 MB)
==================================================
downloaded 1.4 MB

* installing *source* package ‘mitoClone2’ ...
** this is package ‘mitoClone2’ version ‘1.19.0’
** package ‘mitoClone2’ successfully unpacked and MD5 sums checked
** using staged installation
** libs
using C++ compiler: ‘g++ (Ubuntu 13.3.0-6ubuntu2~24.04.1) 13.3.0’
g++ -std=gnu++20 -D_FILE_OFFSET_BITS=64 ../inst/SCITEpkg/*.cpp -o scite
../inst/SCITEpkg/findBestTrees.cpp:58:8: warning: built-in function ‘gamma’ declared as non-function [-Wbuiltin-declaration-mismatch]
   58 | double gamma = 1;
      |        ^~~~~
mkdir -p "/tmp/library/00LOCK-mitoClone2/00new/mitoClone2/SCITE/"
cp scite "/tmp/library/00LOCK-mitoClone2/00new/mitoClone2/SCITE/"
rm scite
g++ -std=gnu++20 -I"/usr/local/lib/R/include" -DNDEBUG -D_FILE_OFFSET_BITS=64 -I'/mnt/library/Rhtslib/include' -I/usr/local/include    -fpic  -g -O2 -fstack-protector-strong -Wformat -Werror=format-security -Wdate-time -D_FORTIFY_SOURCE=2 -g   -c bam2R_10x.cpp -o bam2R_10x.o
g++ -std=gnu++20 -shared -L/usr/local/lib/R/lib -L/usr/local/lib -o mitoClone2.so bam2R_10x.o /mnt/library/Rhtslib/usrlib/libhts.a -lcurl -lbz2 -llzma -lz -L/usr/local/lib/R/lib -lR
installing to /tmp/library/00LOCK-mitoClone2/00new/mitoClone2/libs
** R
** data
** inst
** byte-compile and prepare package for lazy loading
** help
*** installing help indices
*** copying figures
** building package indices
** installing vignettes
** testing if installed package can be loaded from temporary location
** checking absolute paths in shared objects and dynamic libraries
** testing if installed package can be loaded from final location
** testing if installed package keeps a record of temporary installation path
* SHA256 sums
* creating tarball
packaged installation of ‘mitoClone2’ as ‘mitoClone2_1.19.0_R_x86_64-pc-linux-gnu.tar.gz’
* DONE (mitoClone2)

The downloaded source packages are in
	‘/tmp/Rtmpu1uCQF/downloaded_packages’

real	1m24.385s
user	0m54.296s
sys	0m7.893s
