+ Rscript -e 'Sys.setenv(BIOCONDUCTOR_USE_CONTAINER_REPOSITORY=FALSE);
  p <- .libPaths();
  p <- c('\''/tmp/library'\'', '\''/mnt/library'\'', p);
  .libPaths(p);
  if(BiocManager::install('\''OMICsPCA'\'', INSTALL_opts = '\''--build'\'', update = TRUE, quiet = FALSE, dependencies=TRUE, force = TRUE, keep_outputs = TRUE) %in% rownames(installed.packages())) q(status = 0) else q(status = 1)'
'getOption("repos")' replaces Bioconductor standard repositories, see
'help("repositories", package = "BiocManager")' for details.
Replacement repositories:
    CRAN: https://p3m.dev/cran/__linux__/noble/latest
Bioconductor version 3.23 (BiocManager 1.30.27), R 4.6.1 (2026-06-24)
Installing package(s) 'OMICsPCA'
also installing the dependencies ‘OMICsPCAdata’, ‘PerformanceAnalytics’

trying URL 'https://bioconductor.org/packages/3.23/data/experiment/src/contrib/OMICsPCAdata_1.30.0.tar.gz'
trying URL 'https://p3m.dev/cran/__linux__/noble/latest/src/contrib/PerformanceAnalytics_2.1.0.tar.gz'
trying URL 'https://bioconductor.org/packages/3.23/bioc/src/contrib/OMICsPCA_1.30.0.tar.gz'
* installing *source* package ‘OMICsPCAdata’ ...
** this is package ‘OMICsPCAdata’ version ‘1.30.0’
** using staged installation
** data
*** moving datasets to lazyload DB
** inst
** help
*** installing help indices
** building package indices
** installing vignettes
** testing if installed package can be loaded from temporary location
** testing if installed package can be loaded from final location
** testing if installed package keeps a record of temporary installation path
* SHA256 sums
* creating tarball
packaged installation of ‘OMICsPCAdata’ as ‘OMICsPCAdata_1.30.0_R_x86_64-pc-linux-gnu.tar.gz’
* DONE (OMICsPCAdata)
* installing *binary* package ‘PerformanceAnalytics’ ...
* package ‘PerformanceAnalytics’ successfully unpacked and SHA256 sums checked
* ‘PerformanceAnalytics’ was already a binary package and will not be rebuilt
* SHA256 sums
* creating tarball
packaged installation of ‘PerformanceAnalytics’ as ‘PerformanceAnalytics_2.1.0_R_x86_64-pc-linux-gnu.tar.gz’
* DONE (PerformanceAnalytics)
* installing *source* package ‘OMICsPCA’ ...
** this is package ‘OMICsPCA’ version ‘1.30.0’
** using staged installation
** R
** inst
** byte-compile and prepare package for lazy loading
Warning: 'rgl.init' failed, will use the null device.
See '?rgl.useNULL' for ways to avoid this warning.
** help
*** installing help indices
** building package indices
** installing vignettes
** testing if installed package can be loaded from temporary location
Warning: 'rgl.init' failed, will use the null device.
See '?rgl.useNULL' for ways to avoid this warning.
** testing if installed package can be loaded from final location
Warning: 'rgl.init' failed, will use the null device.
See '?rgl.useNULL' for ways to avoid this warning.
** testing if installed package keeps a record of temporary installation path
* SHA256 sums
* creating tarball
packaged installation of ‘OMICsPCA’ as ‘OMICsPCA_1.30.0_R_x86_64-pc-linux-gnu.tar.gz’
* DONE (OMICsPCA)

The downloaded source packages are in
	‘/tmp/RtmptB22PR/downloaded_packages’
Old packages: 'httr2', 'pak', 'pkgdown', 'urlchecker', 'xfun', 'zip', 'MASS',
  'nlme', 'survival'

real	1m50.375s
user	1m29.689s
sys	0m9.938s
