+ Rscript -e 'Sys.setenv(BIOCONDUCTOR_USE_CONTAINER_REPOSITORY=FALSE);
  p <- .libPaths();
  p <- c('\''/tmp/library'\'', '\''/mnt/library'\'', p);
  .libPaths(p);
  if(BiocManager::install('\''maaslin3'\'', INSTALL_opts = '\''--build'\'', update = TRUE, quiet = FALSE, dependencies=TRUE, force = TRUE, keep_outputs = TRUE) %in% rownames(installed.packages())) q(status = 0) else q(status = 1)'
'getOption("repos")' replaces Bioconductor standard repositories, see
'help("repositories", package = "BiocManager")' for details.
Replacement repositories:
    CRAN: https://p3m.dev/cran/__linux__/noble/latest
Bioconductor version 3.23 (BiocManager 1.30.27), R 4.6.1 (2026-06-24)
Installing package(s) 'maaslin3'
also installing the dependencies ‘nanonext’, ‘optparse’, ‘mirai’

trying URL 'https://p3m.dev/cran/__linux__/noble/latest/src/contrib/nanonext_1.10.1.tar.gz'
trying URL 'https://p3m.dev/cran/__linux__/noble/latest/src/contrib/optparse_1.8.2.tar.gz'
trying URL 'https://p3m.dev/cran/__linux__/noble/latest/src/contrib/mirai_2.7.1.tar.gz'
trying URL 'https://bioconductor.org/packages/3.23/bioc/src/contrib/maaslin3_1.4.0.tar.gz'
* installing *binary* package ‘nanonext’ ...
* package ‘nanonext’ successfully unpacked and SHA256 sums checked
* ‘nanonext’ was already a binary package and will not be rebuilt
* SHA256 sums
* creating tarball
packaged installation of ‘nanonext’ as ‘nanonext_1.10.1_R_x86_64-pc-linux-gnu.tar.gz’
* DONE (nanonext)
* installing *binary* package ‘optparse’ ...
* package ‘optparse’ successfully unpacked and SHA256 sums checked
* ‘optparse’ was already a binary package and will not be rebuilt
* SHA256 sums
* creating tarball
packaged installation of ‘optparse’ as ‘optparse_1.8.2_R_x86_64-pc-linux-gnu.tar.gz’
* DONE (optparse)
* installing *binary* package ‘mirai’ ...
* package ‘mirai’ successfully unpacked and SHA256 sums checked
* ‘mirai’ was already a binary package and will not be rebuilt
* SHA256 sums
* creating tarball
packaged installation of ‘mirai’ as ‘mirai_2.7.1_R_x86_64-pc-linux-gnu.tar.gz’
* DONE (mirai)
* installing *source* package ‘maaslin3’ ...
** this is package ‘maaslin3’ version ‘1.4.0’
** using staged installation
** R
** inst
** byte-compile and prepare package for lazy loading
** help
*** installing help indices
** building package indices
** installing vignettes
** testing if installed package can be loaded from temporary location
** testing if installed package can be loaded from final location
** testing if installed package keeps a record of temporary installation path
* SHA256 sums
* creating tarball
packaged installation of ‘maaslin3’ as ‘maaslin3_1.4.0_R_x86_64-pc-linux-gnu.tar.gz’
* DONE (maaslin3)

The downloaded source packages are in
	‘/tmp/Rtmpe6qJST/downloaded_packages’
Old packages: 'httr2', 'pak', 'pkgdown', 'urlchecker', 'xfun', 'zip', 'MASS',
  'nlme', 'survival'

real	0m15.591s
user	0m11.228s
sys	0m2.628s
