+ Rscript -e 'Sys.setenv(BIOCONDUCTOR_USE_CONTAINER_REPOSITORY=FALSE);
  p <- .libPaths();
  p <- c('\''/tmp/library'\'', '\''/mnt/library'\'', p);
  .libPaths(p);
  if(BiocManager::install('\''flowCore'\'', INSTALL_opts = '\''--build'\'', update = TRUE, quiet = FALSE, dependencies=TRUE, force = TRUE, keep_outputs = TRUE) %in% rownames(installed.packages())) q(status = 0) else q(status = 1)'
'getOption("repos")' replaces Bioconductor standard repositories, see
'help("repositories", package = "BiocManager")' for details.
Replacement repositories:
    CRAN: https://p3m.dev/cran/__linux__/noble/latest
Bioconductor version 3.24 (BiocManager 1.30.27), R 4.6.1 (2026-06-24)
Installing package(s) 'flowCore'
also installing the dependencies ‘ncdfFlow’, ‘flowStats’, ‘flowWorkspace’, ‘flowWorkspaceData’, ‘openCyto’, ‘ggcyto’

trying URL 'https://bioconductor.org/packages/3.24/bioc/src/contrib/ncdfFlow_2.59.1.tar.gz'
trying URL 'https://bioconductor.org/packages/3.24/bioc/src/contrib/flowStats_4.25.0.tar.gz'
trying URL 'https://bioconductor.org/packages/3.24/bioc/src/contrib/flowWorkspace_4.25.1.tar.gz'
trying URL 'https://bioconductor.org/packages/3.24/data/experiment/src/contrib/flowWorkspaceData_3.25.0.tar.gz'
trying URL 'https://bioconductor.org/packages/3.24/bioc/src/contrib/openCyto_2.25.0.tar.gz'
trying URL 'https://bioconductor.org/packages/3.24/bioc/src/contrib/ggcyto_1.41.1.tar.gz'
trying URL 'https://bioconductor.org/packages/3.24/bioc/src/contrib/flowCore_2.25.1.tar.gz'
* installing *source* package ‘flowWorkspaceData’ ...
** this is package ‘flowWorkspaceData’ version ‘3.25.0’
** using staged installation
** R
** inst
** byte-compile and prepare package for lazy loading
** help
*** installing help indices
** building package indices
** testing if installed package can be loaded from temporary location
** testing if installed package can be loaded from final location
** testing if installed package keeps a record of temporary installation path
* SHA256 sums
* creating tarball
packaged installation of ‘flowWorkspaceData’ as ‘flowWorkspaceData_3.25.0_R_x86_64-pc-linux-gnu.tar.gz’
* DONE (flowWorkspaceData)
* installing *source* package ‘flowCore’ ...
** this is package ‘flowCore’ version ‘2.25.1’
** package ‘flowCore’ successfully unpacked and MD5 sums checked
** using staged installation
** libs
specified C++17
using C++ compiler: ‘g++ (Ubuntu 13.3.0-6ubuntu2~24.04.1) 13.3.0’
using C++17
g++ -std=gnu++17 -I"/usr/local/lib/R/include" -DNDEBUG -DBOOST_NO_AUTO_PTR -w -Wfatal-errors -I'/usr/local/lib/R/site-library/cpp11/include' -I'/mnt/library/BH/include' -I'/mnt/library/cytolib/include' -I'/mnt/library/RProtoBufLib/include' -I/usr/local/include    -fpic  -g -O2 -fstack-protector-strong -Wformat -Werror=format-security -Wdate-time -D_FORTIFY_SOURCE=2 -g   -c FastLogicle.cpp -o FastLogicle.o
g++ -std=gnu++17 -I"/usr/local/lib/R/include" -DNDEBUG -DBOOST_NO_AUTO_PTR -w -Wfatal-errors -I'/usr/local/lib/R/site-library/cpp11/include' -I'/mnt/library/BH/include' -I'/mnt/library/cytolib/include' -I'/mnt/library/RProtoBufLib/include' -I/usr/local/include    -fpic  -g -O2 -fstack-protector-strong -Wformat -Werror=format-security -Wdate-time -D_FORTIFY_SOURCE=2 -g   -c Hyperlog.cpp -o Hyperlog.o
g++ -std=gnu++17 -I"/usr/local/lib/R/include" -DNDEBUG -DBOOST_NO_AUTO_PTR -w -Wfatal-errors -I'/usr/local/lib/R/site-library/cpp11/include' -I'/mnt/library/BH/include' -I'/mnt/library/cytolib/include' -I'/mnt/library/RProtoBufLib/include' -I/usr/local/include    -fpic  -g -O2 -fstack-protector-strong -Wformat -Werror=format-security -Wdate-time -D_FORTIFY_SOURCE=2 -g   -c Logicle.cpp -o Logicle.o
g++ -std=gnu++17 -I"/usr/local/lib/R/include" -DNDEBUG -DBOOST_NO_AUTO_PTR -w -Wfatal-errors -I'/usr/local/lib/R/site-library/cpp11/include' -I'/mnt/library/BH/include' -I'/mnt/library/cytolib/include' -I'/mnt/library/RProtoBufLib/include' -I/usr/local/include    -fpic  -g -O2 -fstack-protector-strong -Wformat -Werror=format-security -Wdate-time -D_FORTIFY_SOURCE=2 -g   -c biexponential.cpp -o biexponential.o
g++ -std=gnu++17 -I"/usr/local/lib/R/include" -DNDEBUG -DBOOST_NO_AUTO_PTR -w -Wfatal-errors -I'/usr/local/lib/R/site-library/cpp11/include' -I'/mnt/library/BH/include' -I'/mnt/library/cytolib/include' -I'/mnt/library/RProtoBufLib/include' -I/usr/local/include    -fpic  -g -O2 -fstack-protector-strong -Wformat -Werror=format-security -Wdate-time -D_FORTIFY_SOURCE=2 -g   -c convertRawBytes.cpp -o convertRawBytes.o
g++ -std=gnu++17 -I"/usr/local/lib/R/include" -DNDEBUG -DBOOST_NO_AUTO_PTR -w -Wfatal-errors -I'/usr/local/lib/R/site-library/cpp11/include' -I'/mnt/library/BH/include' -I'/mnt/library/cytolib/include' -I'/mnt/library/RProtoBufLib/include' -I/usr/local/include    -fpic  -g -O2 -fstack-protector-strong -Wformat -Werror=format-security -Wdate-time -D_FORTIFY_SOURCE=2 -g   -c cpp11.cpp -o cpp11.o
g++ -std=gnu++17 -I"/usr/local/lib/R/include" -DNDEBUG -DBOOST_NO_AUTO_PTR -w -Wfatal-errors -I'/usr/local/lib/R/site-library/cpp11/include' -I'/mnt/library/BH/include' -I'/mnt/library/cytolib/include' -I'/mnt/library/RProtoBufLib/include' -I/usr/local/include    -fpic  -g -O2 -fstack-protector-strong -Wformat -Werror=format-security -Wdate-time -D_FORTIFY_SOURCE=2 -g   -c fcsTextParse.cpp -o fcsTextParse.o
g++ -std=gnu++17 -I"/usr/local/lib/R/include" -DNDEBUG -DBOOST_NO_AUTO_PTR -w -Wfatal-errors -I'/usr/local/lib/R/site-library/cpp11/include' -I'/mnt/library/BH/include' -I'/mnt/library/cytolib/include' -I'/mnt/library/RProtoBufLib/include' -I/usr/local/include    -fpic  -g -O2 -fstack-protector-strong -Wformat -Werror=format-security -Wdate-time -D_FORTIFY_SOURCE=2 -g   -c hyperlogTransform.cpp -o hyperlogTransform.o
g++ -std=gnu++17 -I"/usr/local/lib/R/include" -DNDEBUG -DBOOST_NO_AUTO_PTR -w -Wfatal-errors -I'/usr/local/lib/R/site-library/cpp11/include' -I'/mnt/library/BH/include' -I'/mnt/library/cytolib/include' -I'/mnt/library/RProtoBufLib/include' -I/usr/local/include    -fpic  -g -O2 -fstack-protector-strong -Wformat -Werror=format-security -Wdate-time -D_FORTIFY_SOURCE=2 -g   -c inPolygon.cpp -o inPolygon.o
g++ -std=gnu++17 -I"/usr/local/lib/R/include" -DNDEBUG -DBOOST_NO_AUTO_PTR -w -Wfatal-errors -I'/usr/local/lib/R/site-library/cpp11/include' -I'/mnt/library/BH/include' -I'/mnt/library/cytolib/include' -I'/mnt/library/RProtoBufLib/include' -I/usr/local/include    -fpic  -g -O2 -fstack-protector-strong -Wformat -Werror=format-security -Wdate-time -D_FORTIFY_SOURCE=2 -g   -c inPolytope.cpp -o inPolytope.o
g++ -std=gnu++17 -I"/usr/local/lib/R/include" -DNDEBUG -DBOOST_NO_AUTO_PTR -w -Wfatal-errors -I'/usr/local/lib/R/site-library/cpp11/include' -I'/mnt/library/BH/include' -I'/mnt/library/cytolib/include' -I'/mnt/library/RProtoBufLib/include' -I/usr/local/include    -fpic  -g -O2 -fstack-protector-strong -Wformat -Werror=format-security -Wdate-time -D_FORTIFY_SOURCE=2 -g   -c logicleTransform.cpp -o logicleTransform.o
g++ -std=gnu++17 -I"/usr/local/lib/R/include" -DNDEBUG -DBOOST_NO_AUTO_PTR -w -Wfatal-errors -I'/usr/local/lib/R/site-library/cpp11/include' -I'/mnt/library/BH/include' -I'/mnt/library/cytolib/include' -I'/mnt/library/RProtoBufLib/include' -I/usr/local/include    -fpic  -g -O2 -fstack-protector-strong -Wformat -Werror=format-security -Wdate-time -D_FORTIFY_SOURCE=2 -g   -c poly_centroid.cpp -o poly_centroid.o
g++ -std=gnu++17 -I"/usr/local/lib/R/include" -DNDEBUG -DBOOST_NO_AUTO_PTR -w -Wfatal-errors -I'/usr/local/lib/R/site-library/cpp11/include' -I'/mnt/library/BH/include' -I'/mnt/library/cytolib/include' -I'/mnt/library/RProtoBufLib/include' -I/usr/local/include    -fpic  -g -O2 -fstack-protector-strong -Wformat -Werror=format-security -Wdate-time -D_FORTIFY_SOURCE=2 -g   -c sortBytes.cpp -o sortBytes.o
g++ -std=gnu++17 -I"/usr/local/lib/R/include" -DNDEBUG -DBOOST_NO_AUTO_PTR -w -Wfatal-errors -I'/usr/local/lib/R/site-library/cpp11/include' -I'/mnt/library/BH/include' -I'/mnt/library/cytolib/include' -I'/mnt/library/RProtoBufLib/include' -I/usr/local/include    -fpic  -g -O2 -fstack-protector-strong -Wformat -Werror=format-security -Wdate-time -D_FORTIFY_SOURCE=2 -g   -c uint2double.cpp -o uint2double.o
g++ -std=gnu++17 -I"/usr/local/lib/R/include" -DNDEBUG -DBOOST_NO_AUTO_PTR -w -Wfatal-errors -I'/usr/local/lib/R/site-library/cpp11/include' -I'/mnt/library/BH/include' -I'/mnt/library/cytolib/include' -I'/mnt/library/RProtoBufLib/include' -I/usr/local/include    -fpic  -g -O2 -fstack-protector-strong -Wformat -Werror=format-security -Wdate-time -D_FORTIFY_SOURCE=2 -g   -c zeroin.cpp -o zeroin.o
g++ -std=gnu++17 -shared -L/usr/local/lib/R/lib -L/usr/local/lib -o flowCore.so FastLogicle.o Hyperlog.o Logicle.o biexponential.o convertRawBytes.o cpp11.o fcsTextParse.o hyperlogTransform.o inPolygon.o inPolytope.o logicleTransform.o poly_centroid.o sortBytes.o uint2double.o zeroin.o /mnt/library/cytolib/lib/libcytolib.a /mnt/library/Rhdf5lib/lib/libhdf5_cpp.a /mnt/library/Rhdf5lib/lib/libhdf5.a -L/mnt/library/Rhdf5lib/lib -lsz -lm -ldl -lcurl -lssl -lcrypto -llapack -lblas -L/usr/local/lib/R/lib -lR
if [ `uname -s` = 'Darwin' ]; then install_name_tool -change /usr/local/clang4/lib/libc++.1.dylib /usr/lib/libc++.1.dylib flowCore.so; fi
installing to /tmp/library/00LOCK-flowCore/00new/flowCore/libs
** R
** data
** inst
** byte-compile and prepare package for lazy loading
** help
*** installing help indices
** building package indices
** installing vignettes
** testing if installed package can be loaded from temporary location
** checking absolute paths in shared objects and dynamic libraries
** testing if installed package can be loaded from final location
** testing if installed package keeps a record of temporary installation path
* SHA256 sums
* creating tarball
packaged installation of ‘flowCore’ as ‘flowCore_2.25.1_R_x86_64-pc-linux-gnu.tar.gz’
* DONE (flowCore)
* installing *source* package ‘ncdfFlow’ ...
** this is package ‘ncdfFlow’ version ‘2.59.1’
** package ‘ncdfFlow’ successfully unpacked and MD5 sums checked
** using staged installation
** libs
specified C++11
using C++ compiler: ‘g++ (Ubuntu 13.3.0-6ubuntu2~24.04.1) 13.3.0’
g++ -std=gnu++20 -I"/usr/local/lib/R/include" -DNDEBUG  -I'/usr/local/lib/R/site-library/cpp11/include' -I'/mnt/library/BH/include' -I'/mnt/library/Rhdf5lib/include' -I/usr/local/include    -fpic  -g -O2 -fstack-protector-strong -Wformat -Werror=format-security -Wdate-time -D_FORTIFY_SOURCE=2 -g   -c cpp11.cpp -o cpp11.o
g++ -std=gnu++20 -I"/usr/local/lib/R/include" -DNDEBUG  -I'/usr/local/lib/R/site-library/cpp11/include' -I'/mnt/library/BH/include' -I'/mnt/library/Rhdf5lib/include' -I/usr/local/include    -fpic  -g -O2 -fstack-protector-strong -Wformat -Werror=format-security -Wdate-time -D_FORTIFY_SOURCE=2 -g   -c hdfFlow.cpp -o hdfFlow.o
mkdir -p "/tmp/library/00LOCK-ncdfFlow/00new/ncdfFlow/lib"
ar rs "/tmp/library/00LOCK-ncdfFlow/00new/ncdfFlow/lib/libncdfFlow.a" cpp11.o hdfFlow.o
ar: creating /tmp/library/00LOCK-ncdfFlow/00new/ncdfFlow/lib/libncdfFlow.a
g++ -std=gnu++20 -shared -L/usr/local/lib/R/lib -L/usr/local/lib -o ncdfFlow.so cpp11.o hdfFlow.o /mnt/library/Rhdf5lib/lib/libhdf5_cpp.a /mnt/library/Rhdf5lib/lib/libhdf5.a -L/mnt/library/Rhdf5lib/lib -lsz -lm -ldl -lcurl -lssl -lcrypto -L/usr/local/lib/R/lib -lR
installing to /tmp/library/00LOCK-ncdfFlow/00new/ncdfFlow/libs
** R
** inst
** byte-compile and prepare package for lazy loading
** help
*** installing help indices
** building package indices
** installing vignettes
** testing if installed package can be loaded from temporary location
** checking absolute paths in shared objects and dynamic libraries
** testing if installed package can be loaded from final location
** testing if installed package keeps a record of temporary installation path
* SHA256 sums
* creating tarball
packaged installation of ‘ncdfFlow’ as ‘ncdfFlow_2.59.1_R_x86_64-pc-linux-gnu.tar.gz’
* DONE (ncdfFlow)
* installing *source* package ‘flowWorkspace’ ...
** this is package ‘flowWorkspace’ version ‘4.25.1’
** package ‘flowWorkspace’ successfully unpacked and MD5 sums checked
** using staged installation
** libs
specified C++17
using C++ compiler: ‘g++ (Ubuntu 13.3.0-6ubuntu2~24.04.1) 13.3.0’
using C++17
g++ -std=gnu++17 -I"/usr/local/lib/R/include" -DNDEBUG -DROUT -I../inst/include -DBOOST_NO_AUTO_PTR -Wno-pedantic  -w -Wfatal-errors -I'/usr/local/lib/R/site-library/cpp11/include' -I'/mnt/library/BH/include' -I'/mnt/library/RProtoBufLib/include' -I'/mnt/library/cytolib/include' -I'/mnt/library/Rhdf5lib/include' -I/usr/local/include    -fpic  -g -O2 -fstack-protector-strong -Wformat -Werror=format-security -Wdate-time -D_FORTIFY_SOURCE=2 -g   -c R_API.cpp -o R_API.o
g++ -std=gnu++17 -I"/usr/local/lib/R/include" -DNDEBUG -DROUT -I../inst/include -DBOOST_NO_AUTO_PTR -Wno-pedantic  -w -Wfatal-errors -I'/usr/local/lib/R/site-library/cpp11/include' -I'/mnt/library/BH/include' -I'/mnt/library/RProtoBufLib/include' -I'/mnt/library/cytolib/include' -I'/mnt/library/Rhdf5lib/include' -I/usr/local/include    -fpic  -g -O2 -fstack-protector-strong -Wformat -Werror=format-security -Wdate-time -D_FORTIFY_SOURCE=2 -g   -c R_GatingHierarchy.cpp -o R_GatingHierarchy.o
g++ -std=gnu++17 -I"/usr/local/lib/R/include" -DNDEBUG -DROUT -I../inst/include -DBOOST_NO_AUTO_PTR -Wno-pedantic  -w -Wfatal-errors -I'/usr/local/lib/R/site-library/cpp11/include' -I'/mnt/library/BH/include' -I'/mnt/library/RProtoBufLib/include' -I'/mnt/library/cytolib/include' -I'/mnt/library/Rhdf5lib/include' -I/usr/local/include    -fpic  -g -O2 -fstack-protector-strong -Wformat -Werror=format-security -Wdate-time -D_FORTIFY_SOURCE=2 -g   -c R_GatingSet.cpp -o R_GatingSet.o
g++ -std=gnu++17 -I"/usr/local/lib/R/include" -DNDEBUG -DROUT -I../inst/include -DBOOST_NO_AUTO_PTR -Wno-pedantic  -w -Wfatal-errors -I'/usr/local/lib/R/site-library/cpp11/include' -I'/mnt/library/BH/include' -I'/mnt/library/RProtoBufLib/include' -I'/mnt/library/cytolib/include' -I'/mnt/library/Rhdf5lib/include' -I/usr/local/include    -fpic  -g -O2 -fstack-protector-strong -Wformat -Werror=format-security -Wdate-time -D_FORTIFY_SOURCE=2 -g   -c cpp11.cpp -o cpp11.o
g++ -std=gnu++17 -I"/usr/local/lib/R/include" -DNDEBUG -DROUT -I../inst/include -DBOOST_NO_AUTO_PTR -Wno-pedantic  -w -Wfatal-errors -I'/usr/local/lib/R/site-library/cpp11/include' -I'/mnt/library/BH/include' -I'/mnt/library/RProtoBufLib/include' -I'/mnt/library/cytolib/include' -I'/mnt/library/Rhdf5lib/include' -I/usr/local/include    -fpic  -g -O2 -fstack-protector-strong -Wformat -Werror=format-security -Wdate-time -D_FORTIFY_SOURCE=2 -g   -c cytoframeAPI.cpp -o cytoframeAPI.o
g++ -std=gnu++17 -I"/usr/local/lib/R/include" -DNDEBUG -DROUT -I../inst/include -DBOOST_NO_AUTO_PTR -Wno-pedantic  -w -Wfatal-errors -I'/usr/local/lib/R/site-library/cpp11/include' -I'/mnt/library/BH/include' -I'/mnt/library/RProtoBufLib/include' -I'/mnt/library/cytolib/include' -I'/mnt/library/Rhdf5lib/include' -I/usr/local/include    -fpic  -g -O2 -fstack-protector-strong -Wformat -Werror=format-security -Wdate-time -D_FORTIFY_SOURCE=2 -g   -c cytosetAPI.cpp -o cytosetAPI.o
g++ -std=gnu++17 -I"/usr/local/lib/R/include" -DNDEBUG -DROUT -I../inst/include -DBOOST_NO_AUTO_PTR -Wno-pedantic  -w -Wfatal-errors -I'/usr/local/lib/R/site-library/cpp11/include' -I'/mnt/library/BH/include' -I'/mnt/library/RProtoBufLib/include' -I'/mnt/library/cytolib/include' -I'/mnt/library/Rhdf5lib/include' -I/usr/local/include    -fpic  -g -O2 -fstack-protector-strong -Wformat -Werror=format-security -Wdate-time -D_FORTIFY_SOURCE=2 -g   -c getDescendants.cpp -o getDescendants.o
g++ -std=gnu++17 -I"/usr/local/lib/R/include" -DNDEBUG -DROUT -I../inst/include -DBOOST_NO_AUTO_PTR -Wno-pedantic  -w -Wfatal-errors -I'/usr/local/lib/R/site-library/cpp11/include' -I'/mnt/library/BH/include' -I'/mnt/library/RProtoBufLib/include' -I'/mnt/library/cytolib/include' -I'/mnt/library/Rhdf5lib/include' -I/usr/local/include    -fpic  -g -O2 -fstack-protector-strong -Wformat -Werror=format-security -Wdate-time -D_FORTIFY_SOURCE=2 -g   -c getPopStats.cpp -o getPopStats.o
g++ -std=gnu++17 -I"/usr/local/lib/R/include" -DNDEBUG -DROUT -I../inst/include -DBOOST_NO_AUTO_PTR -Wno-pedantic  -w -Wfatal-errors -I'/usr/local/lib/R/site-library/cpp11/include' -I'/mnt/library/BH/include' -I'/mnt/library/RProtoBufLib/include' -I'/mnt/library/cytolib/include' -I'/mnt/library/Rhdf5lib/include' -I/usr/local/include    -fpic  -g -O2 -fstack-protector-strong -Wformat -Werror=format-security -Wdate-time -D_FORTIFY_SOURCE=2 -g   -c getSingleCellExpression.cpp -o getSingleCellExpression.o
g++ -std=gnu++17 -I"/usr/local/lib/R/include" -DNDEBUG -DROUT -I../inst/include -DBOOST_NO_AUTO_PTR -Wno-pedantic  -w -Wfatal-errors -I'/usr/local/lib/R/site-library/cpp11/include' -I'/mnt/library/BH/include' -I'/mnt/library/RProtoBufLib/include' -I'/mnt/library/cytolib/include' -I'/mnt/library/Rhdf5lib/include' -I/usr/local/include    -fpic  -g -O2 -fstack-protector-strong -Wformat -Werror=format-security -Wdate-time -D_FORTIFY_SOURCE=2 -g   -c h5_error_r_handler.cpp -o h5_error_r_handler.o
g++ -std=gnu++17 -I"/usr/local/lib/R/include" -DNDEBUG -DROUT -I../inst/include -DBOOST_NO_AUTO_PTR -Wno-pedantic  -w -Wfatal-errors -I'/usr/local/lib/R/site-library/cpp11/include' -I'/mnt/library/BH/include' -I'/mnt/library/RProtoBufLib/include' -I'/mnt/library/cytolib/include' -I'/mnt/library/Rhdf5lib/include' -I/usr/local/include    -fpic  -g -O2 -fstack-protector-strong -Wformat -Werror=format-security -Wdate-time -D_FORTIFY_SOURCE=2 -g   -c setCounts.cpp -o setCounts.o
g++ -std=gnu++17 -shared -L/usr/local/lib/R/lib -L/usr/local/lib -o flowWorkspace.so R_API.o R_GatingHierarchy.o R_GatingSet.o cpp11.o cytoframeAPI.o cytosetAPI.o getDescendants.o getPopStats.o getSingleCellExpression.o h5_error_r_handler.o setCounts.o /mnt/library/cytolib/lib/libcytolib.a /mnt/library/Rhdf5lib/lib/libhdf5_cpp.a /mnt/library/Rhdf5lib/lib/libhdf5.a -L/mnt/library/Rhdf5lib/lib -lsz -lm -ldl -lcurl -lssl -lcrypto -llapack -lblas -L/usr/local/lib/R/lib -lR
installing to /tmp/library/00LOCK-flowWorkspace/00new/flowWorkspace/libs
** R
** inst
** byte-compile and prepare package for lazy loading
** help
*** installing help indices
** building package indices
** installing vignettes
** testing if installed package can be loaded from temporary location
** checking absolute paths in shared objects and dynamic libraries
** testing if installed package can be loaded from final location
** testing if installed package keeps a record of temporary installation path
* SHA256 sums
* creating tarball
packaged installation of ‘flowWorkspace’ as ‘flowWorkspace_4.25.1_R_x86_64-pc-linux-gnu.tar.gz’
* DONE (flowWorkspace)
* installing *source* package ‘flowStats’ ...
** this is package ‘flowStats’ version ‘4.25.0’
** package ‘flowStats’ successfully unpacked and MD5 sums checked
** using staged installation
** R
** data
** inst
** byte-compile and prepare package for lazy loading
Warning: replacing previous import ‘flowViz::contour’ by ‘graphics::contour’ when loading ‘flowStats’
** help
*** installing help indices
** building package indices
** installing vignettes
** testing if installed package can be loaded from temporary location
Warning: replacing previous import ‘flowViz::contour’ by ‘graphics::contour’ when loading ‘flowStats’
** testing if installed package can be loaded from final location
Warning: replacing previous import ‘flowViz::contour’ by ‘graphics::contour’ when loading ‘flowStats’
** testing if installed package keeps a record of temporary installation path
* SHA256 sums
* creating tarball
packaged installation of ‘flowStats’ as ‘flowStats_4.25.0_R_x86_64-pc-linux-gnu.tar.gz’
* DONE (flowStats)
* installing *source* package ‘openCyto’ ...
** this is package ‘openCyto’ version ‘2.25.0’
** package ‘openCyto’ successfully unpacked and MD5 sums checked
** using staged installation
** libs
specified C++17
using C++ compiler: ‘g++ (Ubuntu 13.3.0-6ubuntu2~24.04.1) 13.3.0’
using C++17
g++ -std=gnu++17 -I"/usr/local/lib/R/include" -DNDEBUG  -I'/usr/local/lib/R/site-library/cpp11/include' -I'/mnt/library/BH/include' -I/usr/local/include    -fpic  -g -O2 -fstack-protector-strong -Wformat -Werror=format-security -Wdate-time -D_FORTIFY_SOURCE=2 -g   -c Cdqrls.cpp -o Cdqrls.o
g++ -std=gnu++17 -I"/usr/local/lib/R/include" -DNDEBUG  -I'/usr/local/lib/R/site-library/cpp11/include' -I'/mnt/library/BH/include' -I/usr/local/include    -fpic  -g -O2 -fstack-protector-strong -Wformat -Werror=format-security -Wdate-time -D_FORTIFY_SOURCE=2 -g   -c Hungarian.cpp -o Hungarian.o
g++ -std=gnu++17 -I"/usr/local/lib/R/include" -DNDEBUG  -I'/usr/local/lib/R/site-library/cpp11/include' -I'/mnt/library/BH/include' -I/usr/local/include    -fpic  -g -O2 -fstack-protector-strong -Wformat -Werror=format-security -Wdate-time -D_FORTIFY_SOURCE=2 -g   -c cpp11.cpp -o cpp11.o
g++ -std=gnu++17 -I"/usr/local/lib/R/include" -DNDEBUG  -I'/usr/local/lib/R/site-library/cpp11/include' -I'/mnt/library/BH/include' -I/usr/local/include    -fpic  -g -O2 -fstack-protector-strong -Wformat -Werror=format-security -Wdate-time -D_FORTIFY_SOURCE=2 -g   -c lm_wfit.cpp -o lm_wfit.o
g++ -std=gnu++17 -I"/usr/local/lib/R/include" -DNDEBUG  -I'/usr/local/lib/R/site-library/cpp11/include' -I'/mnt/library/BH/include' -I/usr/local/include    -fpic  -g -O2 -fstack-protector-strong -Wformat -Werror=format-security -Wdate-time -D_FORTIFY_SOURCE=2 -g   -c misc.cpp -o misc.o
g++ -std=gnu++17 -I"/usr/local/lib/R/include" -DNDEBUG  -I'/usr/local/lib/R/site-library/cpp11/include' -I'/mnt/library/BH/include' -I/usr/local/include    -fpic  -g -O2 -fstack-protector-strong -Wformat -Werror=format-security -Wdate-time -D_FORTIFY_SOURCE=2 -g   -c rlm.cpp -o rlm.o
g++ -std=gnu++17 -I"/usr/local/lib/R/include" -DNDEBUG  -I'/usr/local/lib/R/site-library/cpp11/include' -I'/mnt/library/BH/include' -I/usr/local/include    -fpic  -g -O2 -fstack-protector-strong -Wformat -Werror=format-security -Wdate-time -D_FORTIFY_SOURCE=2 -g   -c solve_LSAP.cpp -o solve_LSAP.o
g++ -std=gnu++17 -shared -L/usr/local/lib/R/lib -L/usr/local/lib -o openCyto.so Cdqrls.o Hungarian.o cpp11.o lm_wfit.o misc.o rlm.o solve_LSAP.o -L/usr/local/lib/R/lib -lR
installing to /tmp/library/00LOCK-openCyto/00new/openCyto/libs
** R
** inst
** byte-compile and prepare package for lazy loading
** help
*** installing help indices
** building package indices
** installing vignettes
** testing if installed package can be loaded from temporary location
** checking absolute paths in shared objects and dynamic libraries
** testing if installed package can be loaded from final location
** testing if installed package keeps a record of temporary installation path
* SHA256 sums
* creating tarball
packaged installation of ‘openCyto’ as ‘openCyto_2.25.0_R_x86_64-pc-linux-gnu.tar.gz’
* DONE (openCyto)
* installing *source* package ‘ggcyto’ ...
** this is package ‘ggcyto’ version ‘1.41.1’
** package ‘ggcyto’ successfully unpacked and MD5 sums checked
** using staged installation
** R
** inst
** byte-compile and prepare package for lazy loading
** help
*** installing help indices
*** copying figures
** building package indices
** installing vignettes
** testing if installed package can be loaded from temporary location
** testing if installed package can be loaded from final location
** testing if installed package keeps a record of temporary installation path
* SHA256 sums
* creating tarball
packaged installation of ‘ggcyto’ as ‘ggcyto_1.41.1_R_x86_64-pc-linux-gnu.tar.gz’
* DONE (ggcyto)

The downloaded source packages are in
	‘/tmp/Rtmp6bw9i7/downloaded_packages’
Old packages: 'diffobj'

real	4m52.686s
user	4m9.659s
sys	0m33.412s
