+ Rscript -e 'Sys.setenv(BIOCONDUCTOR_USE_CONTAINER_REPOSITORY=FALSE);
  p <- .libPaths();
  p <- c('\''/tmp/library'\'', '\''/mnt/library'\'', p);
  .libPaths(p);
  if(BiocManager::install('\''hmdbQuery'\'', INSTALL_opts = '\''--build'\'', update = TRUE, quiet = FALSE, dependencies=TRUE, force = TRUE, keep_outputs = TRUE) %in% rownames(installed.packages())) q(status = 0) else q(status = 1)'
'getOption("repos")' replaces Bioconductor standard repositories, see
'help("repositories", package = "BiocManager")' for details.
Replacement repositories:
    CRAN: https://p3m.dev/cran/__linux__/noble/latest
Bioconductor version 3.23 (BiocManager 1.30.27), R 4.6.1 (2026-06-24)
Installing package(s) 'hmdbQuery'
trying URL 'https://bioconductor.org/packages/3.23/bioc/src/contrib/hmdbQuery_1.31.1.tar.gz'
Content type 'application/x-gzip' length 767526 bytes (749 KB)
==================================================
downloaded 749 KB

* installing *source* package ‘hmdbQuery’ ...
** this is package ‘hmdbQuery’ version ‘1.31.1’
** using staged installation
** R
** data
** inst
** byte-compile and prepare package for lazy loading
** help
*** installing help indices
** building package indices
** installing vignettes
** testing if installed package can be loaded from temporary location
Warning in fun(libname, pkgname) :
  Package 'hmdbQuery' is deprecated and will be removed from Bioconductor
  version 3.24
** testing if installed package can be loaded from final location
Warning in fun(libname, pkgname) :
  Package 'hmdbQuery' is deprecated and will be removed from Bioconductor
  version 3.24
** testing if installed package keeps a record of temporary installation path
* SHA256 sums
* creating tarball
packaged installation of ‘hmdbQuery’ as ‘hmdbQuery_1.31.1_R_x86_64-pc-linux-gnu.tar.gz’
* DONE (hmdbQuery)

The downloaded source packages are in
	‘/tmp/RtmpWoqY8J/downloaded_packages’
Old packages: 'diffobj', 'httr2', 'pak', 'pkgdown', 'urlchecker', 'xfun',
  'zip', 'MASS', 'nlme', 'survival'

real	0m15.345s
user	0m8.799s
sys	0m2.888s
