+ Rscript -e 'Sys.setenv(BIOCONDUCTOR_USE_CONTAINER_REPOSITORY=FALSE);
  p <- .libPaths();
  p <- c('\''/tmp/library'\'', '\''/mnt/library'\'', p);
  .libPaths(p);
  if(BiocManager::install('\''minfi'\'', INSTALL_opts = '\''--build'\'', update = TRUE, quiet = FALSE, dependencies=TRUE, force = TRUE, keep_outputs = TRUE) %in% rownames(installed.packages())) q(status = 0) else q(status = 1)'
'getOption("repos")' replaces Bioconductor standard repositories, see
'help("repositories", package = "BiocManager")' for details.
Replacement repositories:
    CRAN: https://p3m.dev/cran/__linux__/noble/latest
Bioconductor version 3.23 (BiocManager 1.30.27), R 4.6.1 (2026-06-24)
Installing package(s) 'minfi'
also installing the dependencies ‘IlluminaHumanMethylationEPICmanifest’, ‘IlluminaHumanMethylationEPICanno.ilm10b2.hg19’, ‘minfiDataEPIC’, ‘FlowSorted.Blood.450k’

trying URL 'https://bioconductor.org/packages/3.23/data/annotation/src/contrib/IlluminaHumanMethylationEPICmanifest_0.3.0.tar.gz'
trying URL 'https://bioconductor.org/packages/3.23/data/annotation/src/contrib/IlluminaHumanMethylationEPICanno.ilm10b2.hg19_0.6.0.tar.gz'
trying URL 'https://bioconductor.org/packages/3.23/data/experiment/src/contrib/minfiDataEPIC_1.38.0.tar.gz'
trying URL 'https://bioconductor.org/packages/3.23/data/experiment/src/contrib/FlowSorted.Blood.450k_1.50.0.tar.gz'
trying URL 'https://bioconductor.org/packages/3.23/bioc/src/contrib/minfi_1.58.0.tar.gz'
* installing *source* package ‘minfi’ ...
** this is package ‘minfi’ version ‘1.58.0’
** using staged installation
** R
** inst
** byte-compile and prepare package for lazy loading
** help
*** installing help indices
** building package indices
** installing vignettes
** testing if installed package can be loaded from temporary location
** testing if installed package can be loaded from final location
** testing if installed package keeps a record of temporary installation path
* SHA256 sums
* creating tarball
packaged installation of ‘minfi’ as ‘minfi_1.58.0_R_x86_64-pc-linux-gnu.tar.gz’
* DONE (minfi)
* installing *source* package ‘IlluminaHumanMethylationEPICmanifest’ ...
** this is package ‘IlluminaHumanMethylationEPICmanifest’ version ‘0.3.0’
** using staged installation
** data
*** moving datasets to lazyload DB
** inst
** help
*** installing help indices
** building package indices
** testing if installed package can be loaded from temporary location
** testing if installed package can be loaded from final location
** testing if installed package keeps a record of temporary installation path
* SHA256 sums
* creating tarball
packaged installation of ‘IlluminaHumanMethylationEPICmanifest’ as ‘IlluminaHumanMethylationEPICmanifest_0.3.0_R_x86_64-pc-linux-gnu.tar.gz’
* DONE (IlluminaHumanMethylationEPICmanifest)
* installing *source* package ‘IlluminaHumanMethylationEPICanno.ilm10b2.hg19’ ...
** this is package ‘IlluminaHumanMethylationEPICanno.ilm10b2.hg19’ version ‘0.6.0’
** using staged installation
** data
*** moving datasets to lazyload DB
** inst
** help
*** installing help indices
** building package indices
** testing if installed package can be loaded from temporary location
** testing if installed package can be loaded from final location
** testing if installed package keeps a record of temporary installation path
* SHA256 sums
* creating tarball
packaged installation of ‘IlluminaHumanMethylationEPICanno.ilm10b2.hg19’ as ‘IlluminaHumanMethylationEPICanno.ilm10b2.hg19_0.6.0_R_x86_64-pc-linux-gnu.tar.gz’
* DONE (IlluminaHumanMethylationEPICanno.ilm10b2.hg19)
* installing *source* package ‘FlowSorted.Blood.450k’ ...
** this is package ‘FlowSorted.Blood.450k’ version ‘1.50.0’
** using staged installation
** data
*** moving datasets to lazyload DB
** inst
** help
*** installing help indices
** building package indices
** installing vignettes
** testing if installed package can be loaded from temporary location
** testing if installed package can be loaded from final location
** testing if installed package keeps a record of temporary installation path
* SHA256 sums
* creating tarball
packaged installation of ‘FlowSorted.Blood.450k’ as ‘FlowSorted.Blood.450k_1.50.0_R_x86_64-pc-linux-gnu.tar.gz’
* DONE (FlowSorted.Blood.450k)
* installing *source* package ‘minfiDataEPIC’ ...
** this is package ‘minfiDataEPIC’ version ‘1.38.0’
** using staged installation
** data
*** moving datasets to lazyload DB
** inst
** help
*** installing help indices
** building package indices
** testing if installed package can be loaded from temporary location
** testing if installed package can be loaded from final location
** testing if installed package keeps a record of temporary installation path
* SHA256 sums
* creating tarball
packaged installation of ‘minfiDataEPIC’ as ‘minfiDataEPIC_1.38.0_R_x86_64-pc-linux-gnu.tar.gz’
* DONE (minfiDataEPIC)

The downloaded source packages are in
	‘/tmp/RtmpkEQ7YA/downloaded_packages’
Old packages: 'httr2', 'pak', 'pkgdown', 'urlchecker', 'xfun', 'zip', 'MASS',
  'nlme', 'survival'

real	6m58.918s
user	6m16.958s
sys	0m28.257s
