+ Rscript -e 'Sys.setenv(BIOCONDUCTOR_USE_CONTAINER_REPOSITORY=FALSE);
  p <- .libPaths();
  p <- c('\''/tmp/library'\'', '\''/mnt/library'\'', p);
  .libPaths(p);
  if(BiocManager::install('\''ggtree'\'', INSTALL_opts = '\''--build'\'', update = TRUE, quiet = FALSE, dependencies=TRUE, force = TRUE, keep_outputs = TRUE) %in% rownames(installed.packages())) q(status = 0) else q(status = 1)'
'getOption("repos")' replaces Bioconductor standard repositories, see
'help("repositories", package = "BiocManager")' for details.
Replacement repositories:
    CRAN: https://p3m.dev/cran/__linux__/noble/latest
Bioconductor version 3.23 (BiocManager 1.30.27), R 4.6.1 (2026-06-24)
Installing package(s) 'ggtree'
also installing the dependencies ‘ggimage’, ‘shadowtext’

trying URL 'https://p3m.dev/cran/__linux__/noble/latest/src/contrib/ggimage_0.3.5.tar.gz'
trying URL 'https://p3m.dev/cran/__linux__/noble/latest/src/contrib/shadowtext_0.1.6.tar.gz'
trying URL 'https://bioconductor.org/packages/3.23/bioc/src/contrib/ggtree_4.2.0.tar.gz'
* installing *binary* package ‘ggimage’ ...
* package ‘ggimage’ successfully unpacked and SHA256 sums checked
* ‘ggimage’ was already a binary package and will not be rebuilt
* SHA256 sums
* creating tarball
packaged installation of ‘ggimage’ as ‘ggimage_0.3.5_R_x86_64-pc-linux-gnu.tar.gz’
* DONE (ggimage)
* installing *binary* package ‘shadowtext’ ...
* package ‘shadowtext’ successfully unpacked and SHA256 sums checked
* ‘shadowtext’ was already a binary package and will not be rebuilt
* SHA256 sums
* creating tarball
packaged installation of ‘shadowtext’ as ‘shadowtext_0.1.6_R_x86_64-pc-linux-gnu.tar.gz’
* DONE (shadowtext)
