+ Rscript -e 'Sys.setenv(BIOCONDUCTOR_USE_CONTAINER_REPOSITORY=FALSE);
  p <- .libPaths();
  p <- c('\''/tmp/library'\'', '\''/mnt/library'\'', p);
  .libPaths(p);
  if(BiocManager::install('\''LBE'\'', INSTALL_opts = '\''--build'\'', update = TRUE, quiet = FALSE, dependencies=TRUE, force = TRUE, keep_outputs = TRUE) %in% rownames(installed.packages())) q(status = 0) else q(status = 1)'
'getOption("repos")' replaces Bioconductor standard repositories, see
'help("repositories", package = "BiocManager")' for details.
Replacement repositories:
    CRAN: https://p3m.dev/cran/__linux__/noble/latest
Bioconductor version 3.23 (BiocManager 1.30.27), R 4.6.1 (2026-06-24)
Installing package(s) 'LBE'
also installing the dependency ‘qvalue’

trying URL 'https://bioconductor.org/packages/3.23/bioc/src/contrib/qvalue_2.44.0.tar.gz'
trying URL 'https://bioconductor.org/packages/3.23/bioc/src/contrib/LBE_1.80.0.tar.gz'
* installing *source* package ‘qvalue’ ...
** this is package ‘qvalue’ version ‘2.44.0’
** using staged installation
** R
** data
** inst
** byte-compile and prepare package for lazy loading
** help
*** installing help indices
** building package indices
** installing vignettes
** testing if installed package can be loaded from temporary location
** testing if installed package can be loaded from final location
** testing if installed package keeps a record of temporary installation path
* SHA256 sums
* creating tarball
packaged installation of ‘qvalue’ as ‘qvalue_2.44.0_R_x86_64-pc-linux-gnu.tar.gz’
* DONE (qvalue)
* installing *source* package ‘LBE’ ...
** this is package ‘LBE’ version ‘1.80.0’
** using staged installation
** R
** data
** inst
** byte-compile and prepare package for lazy loading
** help
*** installing help indices
** building package indices
** installing vignettes
** testing if installed package can be loaded from temporary location
** testing if installed package can be loaded from final location
** testing if installed package keeps a record of temporary installation path
* SHA256 sums
* creating tarball
packaged installation of ‘LBE’ as ‘LBE_1.80.0_R_x86_64-pc-linux-gnu.tar.gz’
* DONE (LBE)

The downloaded source packages are in
	‘/tmp/RtmpaRtf9x/downloaded_packages’
Old packages: 'diffobj', 'httr2', 'pak', 'pkgdown', 'urlchecker', 'xfun',
  'zip', 'MASS', 'nlme', 'survival'

real	0m13.959s
user	0m6.998s
sys	0m3.145s
