+ Rscript -e 'Sys.setenv(BIOCONDUCTOR_USE_CONTAINER_REPOSITORY=FALSE);
  p <- .libPaths();
  p <- c('\''/tmp/library'\'', '\''/mnt/library'\'', p);
  .libPaths(p);
  if(BiocManager::install('\''miRBaseConverter'\'', INSTALL_opts = '\''--build'\'', update = TRUE, quiet = FALSE, dependencies=TRUE, force = TRUE, keep_outputs = TRUE) %in% rownames(installed.packages())) q(status = 0) else q(status = 1)'
'getOption("repos")' replaces Bioconductor standard repositories, see
'help("repositories", package = "BiocManager")' for details.
Replacement repositories:
    CRAN: https://p3m.dev/cran/__linux__/noble/latest
Bioconductor version 3.24 (BiocManager 1.30.27), R 4.6.1 (2026-06-24)
Installing package(s) 'miRBaseConverter'
trying URL 'https://bioconductor.org/packages/3.24/bioc/src/contrib/miRBaseConverter_1.37.0.tar.gz'
Content type 'application/x-gzip' length 2034056 bytes (1.9 MB)
==================================================
downloaded 1.9 MB

* installing *source* package ‘miRBaseConverter’ ...
** this is package ‘miRBaseConverter’ version ‘1.37.0’
** package ‘miRBaseConverter’ successfully unpacked and MD5 sums checked
** using staged installation
** R
** data
*** moving datasets to lazyload DB
** inst
** byte-compile and prepare package for lazy loading
** help
*** installing help indices
** building package indices
** installing vignettes
** testing if installed package can be loaded from temporary location
** testing if installed package can be loaded from final location
** testing if installed package keeps a record of temporary installation path
* SHA256 sums
* creating tarball
packaged installation of ‘miRBaseConverter’ as ‘miRBaseConverter_1.37.0_R_x86_64-pc-linux-gnu.tar.gz’
* DONE (miRBaseConverter)

The downloaded source packages are in
	‘/tmp/Rtmp6OQGxC/downloaded_packages’
Old packages: 'diffobj'

real	0m19.263s
user	0m9.983s
sys	0m2.252s
