+ Rscript -e 'Sys.setenv(BIOCONDUCTOR_USE_CONTAINER_REPOSITORY=FALSE);
  p <- .libPaths();
  p <- c('\''/tmp/library'\'', '\''/mnt/library'\'', p);
  .libPaths(p);
  if(BiocManager::install('\''RBedMethyl'\'', INSTALL_opts = '\''--build'\'', update = TRUE, quiet = FALSE, dependencies=TRUE, force = TRUE, keep_outputs = TRUE) %in% rownames(installed.packages())) q(status = 0) else q(status = 1)'
'getOption("repos")' replaces Bioconductor standard repositories, see
'help("repositories", package = "BiocManager")' for details.
Replacement repositories:
    CRAN: https://p3m.dev/cran/__linux__/noble/latest
Bioconductor version 3.24 (BiocManager 1.30.27), R 4.6.1 (2026-06-24)
Installing package(s) 'RBedMethyl'
trying URL 'https://bioconductor.org/packages/3.24/bioc/src/contrib/RBedMethyl_1.1.1.tar.gz'
Content type 'application/x-gzip' length 239306 bytes (233 KB)
==================================================
downloaded 233 KB

* installing *source* package ‘RBedMethyl’ ...
** this is package ‘RBedMethyl’ version ‘1.1.1’
** package ‘RBedMethyl’ successfully unpacked and MD5 sums checked
** using staged installation
** R
** inst
** byte-compile and prepare package for lazy loading
in method for ‘coerce’ with signature ‘"RBedMethyl","BSseq"’: no definition for class “BSseq”
** help
*** installing help indices
** building package indices
** installing vignettes
** testing if installed package can be loaded from temporary location
** testing if installed package can be loaded from final location
** testing if installed package keeps a record of temporary installation path
* SHA256 sums
* creating tarball
packaged installation of ‘RBedMethyl’ as ‘RBedMethyl_1.1.1_R_x86_64-pc-linux-gnu.tar.gz’
* DONE (RBedMethyl)

The downloaded source packages are in
	‘/tmp/RtmpuSGBR0/downloaded_packages’

real	0m43.299s
user	0m26.878s
sys	0m6.889s
