+ Rscript -e 'Sys.setenv(BIOCONDUCTOR_USE_CONTAINER_REPOSITORY=FALSE);
  p <- .libPaths();
  p <- c('\''/tmp/library'\'', '\''/mnt/library'\'', p);
  .libPaths(p);
  if(BiocManager::install('\''safe'\'', INSTALL_opts = '\''--build'\'', update = TRUE, quiet = FALSE, dependencies=TRUE, force = TRUE, keep_outputs = TRUE) %in% rownames(installed.packages())) q(status = 0) else q(status = 1)'
'getOption("repos")' replaces Bioconductor standard repositories, see
'help("repositories", package = "BiocManager")' for details.
Replacement repositories:
    CRAN: https://p3m.dev/cran/__linux__/noble/latest
Bioconductor version 3.24 (BiocManager 1.30.27), R 4.6.1 (2026-06-24)
Installing package(s) 'safe'
also installing the dependency ‘PFAM.db’

trying URL 'https://bioconductor.org/packages/3.24/data/annotation/src/contrib/PFAM.db_3.22.0.tar.gz'
trying URL 'https://bioconductor.org/packages/3.24/bioc/src/contrib/safe_3.53.1.tar.gz'
* installing *source* package ‘PFAM.db’ ...
** this is package ‘PFAM.db’ version ‘3.22.0’
** using staged installation
** R
** inst
** byte-compile and prepare package for lazy loading
** help
*** installing help indices
** building package indices
** testing if installed package can be loaded from temporary location
** testing if installed package can be loaded from final location
** testing if installed package keeps a record of temporary installation path
* SHA256 sums
* creating tarball
packaged installation of ‘PFAM.db’ as ‘PFAM.db_3.22.0_R_x86_64-pc-linux-gnu.tar.gz’
* DONE (PFAM.db)
* installing *source* package ‘safe’ ...
** this is package ‘safe’ version ‘3.53.1’
** package ‘safe’ successfully unpacked and MD5 sums checked
** using staged installation
** R
** data
** inst
** byte-compile and prepare package for lazy loading
** help
*** installing help indices
** building package indices
** installing vignettes
** testing if installed package can be loaded from temporary location
** testing if installed package can be loaded from final location
** testing if installed package keeps a record of temporary installation path
* SHA256 sums
* creating tarball
packaged installation of ‘safe’ as ‘safe_3.53.1_R_x86_64-pc-linux-gnu.tar.gz’
* DONE (safe)

The downloaded source packages are in
	‘/tmp/RtmpYiyi84/downloaded_packages’
Old packages: 'diffobj'

real	0m45.741s
user	0m36.269s
sys	0m4.959s
