+ Rscript -e 'Sys.setenv(BIOCONDUCTOR_USE_CONTAINER_REPOSITORY=FALSE);
  p <- .libPaths();
  p <- c('\''/tmp/library'\'', '\''/mnt/library'\'', p);
  .libPaths(p);
  if(BiocManager::install('\''MotifPeeker'\'', INSTALL_opts = '\''--build'\'', update = TRUE, quiet = FALSE, dependencies=TRUE, force = TRUE, keep_outputs = TRUE) %in% rownames(installed.packages())) q(status = 0) else q(status = 1)'
'getOption("repos")' replaces Bioconductor standard repositories, see
'help("repositories", package = "BiocManager")' for details.
Replacement repositories:
    CRAN: https://p3m.dev/cran/__linux__/noble/latest
Bioconductor version 3.24 (BiocManager 1.30.27), R 4.6.1 (2026-06-24)
Installing package(s) 'MotifPeeker'
also installing the dependencies ‘BSgenome.Mmusculus.UCSC.mm39’, ‘emoji’

trying URL 'https://bioconductor.org/packages/3.24/data/annotation/src/contrib/BSgenome.Mmusculus.UCSC.mm39_1.4.3.tar.gz'
trying URL 'https://p3m.dev/cran/__linux__/noble/latest/src/contrib/emoji_16.0.0.tar.gz'
trying URL 'https://bioconductor.org/packages/3.24/bioc/src/contrib/MotifPeeker_1.5.0.tar.gz'
* installing *source* package ‘BSgenome.Mmusculus.UCSC.mm39’ ...
** this is package ‘BSgenome.Mmusculus.UCSC.mm39’ version ‘1.4.3’
** using staged installation
** R
** inst
** byte-compile and prepare package for lazy loading
** help
*** installing help indices
** building package indices
** testing if installed package can be loaded from temporary location
** testing if installed package can be loaded from final location
** testing if installed package keeps a record of temporary installation path
* SHA256 sums
* creating tarball
packaged installation of ‘BSgenome.Mmusculus.UCSC.mm39’ as ‘BSgenome.Mmusculus.UCSC.mm39_1.4.3_R_x86_64-pc-linux-gnu.tar.gz’
* DONE (BSgenome.Mmusculus.UCSC.mm39)
* installing *binary* package ‘emoji’ ...
* package ‘emoji’ successfully unpacked and SHA256 sums checked
* ‘emoji’ was already a binary package and will not be rebuilt
* SHA256 sums
* creating tarball
packaged installation of ‘emoji’ as ‘emoji_16.0.0_R_x86_64-pc-linux-gnu.tar.gz’
* DONE (emoji)
* installing *source* package ‘MotifPeeker’ ...
** this is package ‘MotifPeeker’ version ‘1.5.0’
** package ‘MotifPeeker’ successfully unpacked and MD5 sums checked
** using staged installation
** R
** data
** inst
** byte-compile and prepare package for lazy loading
** help
*** installing help indices
** building package indices
** installing vignettes
** testing if installed package can be loaded from temporary location
** testing if installed package can be loaded from final location
** testing if installed package keeps a record of temporary installation path
* SHA256 sums
* creating tarball
packaged installation of ‘MotifPeeker’ as ‘MotifPeeker_1.5.0_R_x86_64-pc-linux-gnu.tar.gz’
* DONE (MotifPeeker)

The downloaded source packages are in
	‘/tmp/Rtmp0gEgbo/downloaded_packages’
Old packages: 'diffobj'

real	2m38.437s
user	2m1.498s
sys	0m13.781s
