+ Rscript -e 'Sys.setenv(BIOCONDUCTOR_USE_CONTAINER_REPOSITORY=FALSE);
  p <- .libPaths();
  p <- c('\''/tmp/library'\'', '\''/mnt/library'\'', p);
  .libPaths(p);
  if(BiocManager::install('\''MMDiff2'\'', INSTALL_opts = '\''--build'\'', update = TRUE, quiet = FALSE, dependencies=TRUE, force = TRUE, keep_outputs = TRUE) %in% rownames(installed.packages())) q(status = 0) else q(status = 1)'
'getOption("repos")' replaces Bioconductor standard repositories, see
'help("repositories", package = "BiocManager")' for details.
Replacement repositories:
    CRAN: https://p3m.dev/cran/__linux__/noble/latest
Bioconductor version 3.23 (BiocManager 1.30.27), R 4.6.1 (2026-06-24)
Installing package(s) 'MMDiff2'
also installing the dependency ‘MMDiffBamSubset’

trying URL 'https://bioconductor.org/packages/3.23/data/experiment/src/contrib/MMDiffBamSubset_1.48.0.tar.gz'
trying URL 'https://bioconductor.org/packages/3.23/bioc/src/contrib/MMDiff2_1.40.0.tar.gz'
* installing *source* package ‘MMDiffBamSubset’ ...
** this is package ‘MMDiffBamSubset’ version ‘1.48.0’
** using staged installation
** R
** inst
** byte-compile and prepare package for lazy loading
** help
*** installing help indices
** building package indices
** testing if installed package can be loaded from temporary location
** testing if installed package can be loaded from final location
** testing if installed package keeps a record of temporary installation path
* SHA256 sums
* creating tarball
packaged installation of ‘MMDiffBamSubset’ as ‘MMDiffBamSubset_1.48.0_R_x86_64-pc-linux-gnu.tar.gz’
* DONE (MMDiffBamSubset)
* installing *source* package ‘MMDiff2’ ...
** this is package ‘MMDiff2’ version ‘1.40.0’
** using staged installation
** R
** data
** inst
** byte-compile and prepare package for lazy loading
** help
*** installing help indices
** building package indices
** installing vignettes
** testing if installed package can be loaded from temporary location
** testing if installed package can be loaded from final location
** testing if installed package keeps a record of temporary installation path
* SHA256 sums
* creating tarball
packaged installation of ‘MMDiff2’ as ‘MMDiff2_1.40.0_R_x86_64-pc-linux-gnu.tar.gz’
* DONE (MMDiff2)

The downloaded source packages are in
	‘/tmp/RtmpzJNWms/downloaded_packages’
Old packages: 'httr2', 'pak', 'pkgdown', 'urlchecker', 'xfun', 'zip', 'MASS',
  'nlme', 'survival'

real	2m8.688s
user	1m28.158s
sys	0m11.668s
