+ Rscript -e 'Sys.setenv(BIOCONDUCTOR_USE_CONTAINER_REPOSITORY=FALSE);
  p <- .libPaths();
  p <- c('\''/tmp/library'\'', '\''/mnt/library'\'', p);
  .libPaths(p);
  if(BiocManager::install('\''rWikiPathways'\'', INSTALL_opts = '\''--build'\'', update = TRUE, quiet = FALSE, dependencies=TRUE, force = TRUE, keep_outputs = TRUE) %in% rownames(installed.packages())) q(status = 0) else q(status = 1)'
'getOption("repos")' replaces Bioconductor standard repositories, see
'help("repositories", package = "BiocManager")' for details.
Replacement repositories:
    CRAN: https://p3m.dev/cran/__linux__/noble/latest
Bioconductor version 3.23 (BiocManager 1.30.27), R 4.6.1 (2026-06-24)
Installing package(s) 'rWikiPathways'
trying URL 'https://bioconductor.org/packages/3.23/bioc/src/contrib/rWikiPathways_1.32.0.tar.gz'
Content type 'application/x-gzip' length 10888184 bytes (10.4 MB)
==================================================
downloaded 10.4 MB

* installing *source* package ‘rWikiPathways’ ...
** this is package ‘rWikiPathways’ version ‘1.32.0’
** using staged installation
** R
** inst
** byte-compile and prepare package for lazy loading
** help
*** installing help indices
** building package indices
** installing vignettes
** testing if installed package can be loaded from temporary location
** testing if installed package can be loaded from final location
** testing if installed package keeps a record of temporary installation path
* SHA256 sums
* creating tarball
packaged installation of ‘rWikiPathways’ as ‘rWikiPathways_1.32.0_R_x86_64-pc-linux-gnu.tar.gz’
* DONE (rWikiPathways)

The downloaded source packages are in
	‘/tmp/Rtmp11XKFL/downloaded_packages’
Old packages: 'httr2', 'pak', 'pkgdown', 'urlchecker', 'xfun', 'zip', 'MASS',
  'nlme', 'survival'

real	0m39.982s
user	0m7.867s
sys	0m2.887s
