+ Rscript -e 'Sys.setenv(BIOCONDUCTOR_USE_CONTAINER_REPOSITORY=FALSE);
  p <- .libPaths();
  p <- c('\''/tmp/library'\'', '\''/mnt/library'\'', p);
  .libPaths(p);
  if(BiocManager::install('\''pathifier'\'', INSTALL_opts = '\''--build'\'', update = TRUE, quiet = FALSE, dependencies=TRUE, force = TRUE, keep_outputs = TRUE) %in% rownames(installed.packages())) q(status = 0) else q(status = 1)'
'getOption("repos")' replaces Bioconductor standard repositories, see
'help("repositories", package = "BiocManager")' for details.
Replacement repositories:
    CRAN: https://p3m.dev/cran/__linux__/noble/latest
Bioconductor version 3.24 (BiocManager 1.30.27), R 4.6.1 (2026-06-24)
Installing package(s) 'pathifier'
also installing the dependency ‘princurve’

trying URL 'https://p3m.dev/cran/__linux__/noble/latest/src/contrib/princurve_2.1.6.tar.gz'
trying URL 'https://bioconductor.org/packages/3.24/bioc/src/contrib/pathifier_1.51.0.tar.gz'
* installing *binary* package ‘princurve’ ...
* package ‘princurve’ successfully unpacked and SHA256 sums checked
* ‘princurve’ was already a binary package and will not be rebuilt
* SHA256 sums
* creating tarball
packaged installation of ‘princurve’ as ‘princurve_2.1.6_R_x86_64-pc-linux-gnu.tar.gz’
* DONE (princurve)
* installing *source* package ‘pathifier’ ...
** this is package ‘pathifier’ version ‘1.51.0’
** package ‘pathifier’ successfully unpacked and MD5 sums checked
** using staged installation
** R
** data
** inst
** byte-compile and prepare package for lazy loading
** help
*** installing help indices
** building package indices
** installing vignettes
** testing if installed package can be loaded from temporary location
** testing if installed package can be loaded from final location
** testing if installed package keeps a record of temporary installation path
* SHA256 sums
* creating tarball
packaged installation of ‘pathifier’ as ‘pathifier_1.51.0_R_x86_64-pc-linux-gnu.tar.gz’
* DONE (pathifier)

The downloaded source packages are in
	‘/tmp/RtmpmyNWit/downloaded_packages’
Old packages: 'diffobj'

real	0m17.352s
user	0m4.702s
sys	0m2.271s
