+ Rscript -e 'Sys.setenv(BIOCONDUCTOR_USE_CONTAINER_REPOSITORY=FALSE);
  p <- .libPaths();
  p <- c('\''/tmp/library'\'', '\''/mnt/library'\'', p);
  .libPaths(p);
  if(BiocManager::install('\''TrIdent'\'', INSTALL_opts = '\''--build'\'', update = TRUE, quiet = FALSE, dependencies=TRUE, force = TRUE, keep_outputs = TRUE) %in% rownames(installed.packages())) q(status = 0) else q(status = 1)'
'getOption("repos")' replaces Bioconductor standard repositories, see
'help("repositories", package = "BiocManager")' for details.
Replacement repositories:
    CRAN: https://p3m.dev/cran/__linux__/noble/latest
Bioconductor version 3.24 (BiocManager 1.30.27), R 4.6.1 (2026-06-24)
Installing package(s) 'TrIdent'
also installing the dependencies ‘RcppParallel’, ‘svglite’, ‘roll’, ‘kableExtra’

trying URL 'https://p3m.dev/cran/__linux__/noble/latest/src/contrib/RcppParallel_5.1.11-2.tar.gz'
trying URL 'https://p3m.dev/cran/__linux__/noble/latest/src/contrib/svglite_2.2.2.tar.gz'
trying URL 'https://p3m.dev/cran/__linux__/noble/latest/src/contrib/roll_1.2.1.tar.gz'
trying URL 'https://p3m.dev/cran/__linux__/noble/latest/src/contrib/kableExtra_1.4.1.tar.gz'
trying URL 'https://bioconductor.org/packages/3.24/bioc/src/contrib/TrIdent_1.5.1.tar.gz'
* installing *binary* package ‘RcppParallel’ ...
* package ‘RcppParallel’ successfully unpacked and SHA256 sums checked
* ‘RcppParallel’ was already a binary package and will not be rebuilt
* SHA256 sums
* creating tarball
packaged installation of ‘RcppParallel’ as ‘RcppParallel_5.1.11-2_R_x86_64-pc-linux-gnu.tar.gz’
* DONE (RcppParallel)
* installing *binary* package ‘svglite’ ...
* package ‘svglite’ successfully unpacked and SHA256 sums checked
* ‘svglite’ was already a binary package and will not be rebuilt
* SHA256 sums
* creating tarball
packaged installation of ‘svglite’ as ‘svglite_2.2.2_R_x86_64-pc-linux-gnu.tar.gz’
* DONE (svglite)
* installing *binary* package ‘roll’ ...
* package ‘roll’ successfully unpacked and SHA256 sums checked
* ‘roll’ was already a binary package and will not be rebuilt
* SHA256 sums
* creating tarball
packaged installation of ‘roll’ as ‘roll_1.2.1_R_x86_64-pc-linux-gnu.tar.gz’
* DONE (roll)
* installing *binary* package ‘kableExtra’ ...
* package ‘kableExtra’ successfully unpacked and SHA256 sums checked
* ‘kableExtra’ was already a binary package and will not be rebuilt
* SHA256 sums
* creating tarball
packaged installation of ‘kableExtra’ as ‘kableExtra_1.4.1_R_x86_64-pc-linux-gnu.tar.gz’
* DONE (kableExtra)
* installing *source* package ‘TrIdent’ ...
** this is package ‘TrIdent’ version ‘1.5.1’
** package ‘TrIdent’ successfully unpacked and MD5 sums checked
** using staged installation
** R
** data
** inst
** byte-compile and prepare package for lazy loading
** help
*** installing help indices
*** copying figures
** building package indices
** installing vignettes
** testing if installed package can be loaded from temporary location
** testing if installed package can be loaded from final location
** testing if installed package keeps a record of temporary installation path
* SHA256 sums
* creating tarball
packaged installation of ‘TrIdent’ as ‘TrIdent_1.5.1_R_x86_64-pc-linux-gnu.tar.gz’
* DONE (TrIdent)

The downloaded source packages are in
	‘/tmp/RtmphcPyoL/downloaded_packages’

real	0m24.959s
user	0m12.091s
sys	0m3.351s
