+ Rscript -e 'Sys.setenv(BIOCONDUCTOR_USE_CONTAINER_REPOSITORY=FALSE);
  p <- .libPaths();
  p <- c('\''/tmp/library'\'', '\''/mnt/library'\'', p);
  .libPaths(p);
  if(BiocManager::install('\''NanoTube'\'', INSTALL_opts = '\''--build'\'', update = TRUE, quiet = FALSE, dependencies=TRUE, force = TRUE, keep_outputs = TRUE) %in% rownames(installed.packages())) q(status = 0) else q(status = 1)'
'getOption("repos")' replaces Bioconductor standard repositories, see
'help("repositories", package = "BiocManager")' for details.
Replacement repositories:
    CRAN: https://p3m.dev/cran/__linux__/noble/latest
Bioconductor version 3.24 (BiocManager 1.30.27), R 4.6.1 (2026-06-24)
Installing package(s) 'NanoTube'
also installing the dependencies ‘EDASeq’, ‘NanoStringDiff’, ‘ruv’, ‘RUVSeq’

trying URL 'https://bioconductor.org/packages/3.24/bioc/src/contrib/EDASeq_2.47.0.tar.gz'
trying URL 'https://bioconductor.org/packages/3.24/bioc/src/contrib/NanoStringDiff_1.43.0.tar.gz'
trying URL 'https://p3m.dev/cran/__linux__/noble/latest/src/contrib/ruv_0.9.7.1.tar.gz'
trying URL 'https://bioconductor.org/packages/3.24/bioc/src/contrib/RUVSeq_1.47.0.tar.gz'
trying URL 'https://bioconductor.org/packages/3.24/bioc/src/contrib/NanoTube_1.19.0.tar.gz'
* installing *source* package ‘EDASeq’ ...
** this is package ‘EDASeq’ version ‘2.47.0’
** package ‘EDASeq’ successfully unpacked and MD5 sums checked
** using staged installation
** R
** data
** inst
** byte-compile and prepare package for lazy loading
** help
*** installing help indices
** building package indices
** installing vignettes
** testing if installed package can be loaded from temporary location
** testing if installed package can be loaded from final location
** testing if installed package keeps a record of temporary installation path
* SHA256 sums
* creating tarball
packaged installation of ‘EDASeq’ as ‘EDASeq_2.47.0_R_x86_64-pc-linux-gnu.tar.gz’
* DONE (EDASeq)
* installing *source* package ‘NanoStringDiff’ ...
** this is package ‘NanoStringDiff’ version ‘1.43.0’
** package ‘NanoStringDiff’ successfully unpacked and MD5 sums checked
** using staged installation
** libs
using C++ compiler: ‘g++ (Ubuntu 13.3.0-6ubuntu2~24.04.1) 13.3.0’
g++ -std=gnu++20 -I"/usr/local/lib/R/include" -DNDEBUG  -I'/usr/local/lib/R/site-library/Rcpp/include' -I/usr/local/include    -fpic  -g -O2 -fstack-protector-strong -Wformat -Werror=format-security -Wdate-time -D_FORTIFY_SOURCE=2 -g   -c RcppExports.cpp -o RcppExports.o
g++ -std=gnu++20 -I"/usr/local/lib/R/include" -DNDEBUG  -I'/usr/local/lib/R/site-library/Rcpp/include' -I/usr/local/include    -fpic  -g -O2 -fstack-protector-strong -Wformat -Werror=format-security -Wdate-time -D_FORTIFY_SOURCE=2 -g   -c fun5.cpp -o fun5.o
g++ -std=gnu++20 -shared -L/usr/local/lib/R/lib -L/usr/local/lib -o NanoStringDiff.so RcppExports.o fun5.o -L/usr/local/lib/R/lib -lR
installing to /tmp/library/00LOCK-NanoStringDiff/00new/NanoStringDiff/libs
** R
** data
** inst
** byte-compile and prepare package for lazy loading
** help
*** installing help indices
** building package indices
** installing vignettes
** testing if installed package can be loaded from temporary location
** checking absolute paths in shared objects and dynamic libraries
** testing if installed package can be loaded from final location
** testing if installed package keeps a record of temporary installation path
* SHA256 sums
* creating tarball
packaged installation of ‘NanoStringDiff’ as ‘NanoStringDiff_1.43.0_R_x86_64-pc-linux-gnu.tar.gz’
* DONE (NanoStringDiff)
* installing *binary* package ‘ruv’ ...
* package ‘ruv’ successfully unpacked and SHA256 sums checked
* ‘ruv’ was already a binary package and will not be rebuilt
* SHA256 sums
* creating tarball
packaged installation of ‘ruv’ as ‘ruv_0.9.7.1_R_x86_64-pc-linux-gnu.tar.gz’
* DONE (ruv)
* installing *source* package ‘NanoTube’ ...
** this is package ‘NanoTube’ version ‘1.19.0’
** package ‘NanoTube’ successfully unpacked and MD5 sums checked
** using staged installation
** R
** data
** inst
** byte-compile and prepare package for lazy loading
** help
*** installing help indices
** building package indices
** installing vignettes
** testing if installed package can be loaded from temporary location
** testing if installed package can be loaded from final location
** testing if installed package keeps a record of temporary installation path
* SHA256 sums
* creating tarball
packaged installation of ‘NanoTube’ as ‘NanoTube_1.19.0_R_x86_64-pc-linux-gnu.tar.gz’
* DONE (NanoTube)
* installing *source* package ‘RUVSeq’ ...
** this is package ‘RUVSeq’ version ‘1.47.0’
** package ‘RUVSeq’ successfully unpacked and MD5 sums checked
** using staged installation
** R
** inst
** byte-compile and prepare package for lazy loading
** help
*** installing help indices
** building package indices
** installing vignettes
** testing if installed package can be loaded from temporary location
** testing if installed package can be loaded from final location
** testing if installed package keeps a record of temporary installation path
* SHA256 sums
* creating tarball
packaged installation of ‘RUVSeq’ as ‘RUVSeq_1.47.0_R_x86_64-pc-linux-gnu.tar.gz’
* DONE (RUVSeq)

The downloaded source packages are in
	‘/tmp/RtmpQfXbLR/downloaded_packages’

real	1m46.002s
user	1m30.501s
sys	0m12.585s
