+ Rscript -e 'Sys.setenv(BIOCONDUCTOR_USE_CONTAINER_REPOSITORY=FALSE);
  p <- .libPaths();
  p <- c('\''/tmp/library'\'', '\''/mnt/library'\'', p);
  .libPaths(p);
  if(BiocManager::install('\''imageFeatureTCGA'\'', INSTALL_opts = '\''--build'\'', update = TRUE, quiet = FALSE, dependencies=TRUE, force = TRUE, keep_outputs = TRUE) %in% rownames(installed.packages())) q(status = 0) else q(status = 1)'
'getOption("repos")' replaces Bioconductor standard repositories, see
'help("repositories", package = "BiocManager")' for details.
Replacement repositories:
    CRAN: https://p3m.dev/cran/__linux__/noble/latest
Bioconductor version 3.24 (BiocManager 1.30.27), R 4.6.1 (2026-06-24)
Installing package(s) 'imageFeatureTCGA'
trying URL 'https://bioconductor.org/packages/3.24/bioc/src/contrib/imageFeatureTCGA_1.1.6.tar.gz'
Content type 'application/x-gzip' length 332495 bytes (324 KB)
==================================================
downloaded 324 KB

* installing *source* package ‘imageFeatureTCGA’ ...
** this is package ‘imageFeatureTCGA’ version ‘1.1.6’
** package ‘imageFeatureTCGA’ successfully unpacked and MD5 sums checked
** using staged installation
** R
** inst
** byte-compile and prepare package for lazy loading
** help
*** installing help indices
** building package indices
** installing vignettes
** testing if installed package can be loaded from temporary location
** testing if installed package can be loaded from final location
** testing if installed package keeps a record of temporary installation path
* SHA256 sums
* creating tarball
packaged installation of ‘imageFeatureTCGA’ as ‘imageFeatureTCGA_1.1.6_R_x86_64-pc-linux-gnu.tar.gz’
* DONE (imageFeatureTCGA)

The downloaded source packages are in
	‘/tmp/Rtmpdf9oXt/downloaded_packages’
Old packages: 'diffobj'

real	0m39.713s
user	0m29.887s
sys	0m5.395s
