+ Rscript -e 'Sys.setenv(BIOCONDUCTOR_USE_CONTAINER_REPOSITORY=FALSE);
  p <- .libPaths();
  p <- c('\''/tmp/library'\'', '\''/mnt/library'\'', p);
  .libPaths(p);
  if(BiocManager::install('\''tLOH'\'', INSTALL_opts = '\''--build'\'', update = TRUE, quiet = FALSE, dependencies=TRUE, force = TRUE, keep_outputs = TRUE) %in% rownames(installed.packages())) q(status = 0) else q(status = 1)'
'getOption("repos")' replaces Bioconductor standard repositories, see
'help("repositories", package = "BiocManager")' for details.
Replacement repositories:
    CRAN: https://p3m.dev/cran/__linux__/noble/latest
Bioconductor version 3.23 (BiocManager 1.30.27), R 4.6.1 (2026-06-24)
Installing package(s) 'tLOH'
Warning: dependency ‘depmixS4’ is not available
also installing the dependencies ‘lamW’, ‘LambertW’, ‘butcher’, ‘visdat’, ‘bestNormalize’, ‘naniar’

trying URL 'https://p3m.dev/cran/__linux__/noble/latest/src/contrib/lamW_2.2.7.tar.gz'
trying URL 'https://p3m.dev/cran/__linux__/noble/latest/src/contrib/LambertW_0.6.9-2.tar.gz'
trying URL 'https://p3m.dev/cran/__linux__/noble/latest/src/contrib/butcher_0.4.0.tar.gz'
trying URL 'https://p3m.dev/cran/__linux__/noble/latest/src/contrib/visdat_0.6.0.tar.gz'
trying URL 'https://p3m.dev/cran/__linux__/noble/latest/src/contrib/bestNormalize_1.9.2.tar.gz'
trying URL 'https://p3m.dev/cran/__linux__/noble/latest/src/contrib/naniar_1.1.0.tar.gz'
trying URL 'https://bioconductor.org/packages/3.23/bioc/src/contrib/tLOH_1.19.0.tar.gz'
* installing *binary* package ‘lamW’ ...
* package ‘lamW’ successfully unpacked and SHA256 sums checked
* ‘lamW’ was already a binary package and will not be rebuilt
* SHA256 sums
* creating tarball
packaged installation of ‘lamW’ as ‘lamW_2.2.7_R_x86_64-pc-linux-gnu.tar.gz’
* DONE (lamW)
* installing *binary* package ‘butcher’ ...
* package ‘butcher’ successfully unpacked and SHA256 sums checked
* ‘butcher’ was already a binary package and will not be rebuilt
* SHA256 sums
* creating tarball
packaged installation of ‘butcher’ as ‘butcher_0.4.0_R_x86_64-pc-linux-gnu.tar.gz’
* DONE (butcher)
* installing *binary* package ‘visdat’ ...
* package ‘visdat’ successfully unpacked and SHA256 sums checked
* ‘visdat’ was already a binary package and will not be rebuilt
* SHA256 sums
* creating tarball
packaged installation of ‘visdat’ as ‘visdat_0.6.0_R_x86_64-pc-linux-gnu.tar.gz’
* DONE (visdat)
* installing *binary* package ‘LambertW’ ...
* package ‘LambertW’ successfully unpacked and SHA256 sums checked
* ‘LambertW’ was already a binary package and will not be rebuilt
* SHA256 sums
* creating tarball
packaged installation of ‘LambertW’ as ‘LambertW_0.6.9-2_R_x86_64-pc-linux-gnu.tar.gz’
* DONE (LambertW)
* installing *binary* package ‘naniar’ ...
* package ‘naniar’ successfully unpacked and SHA256 sums checked
* ‘naniar’ was already a binary package and will not be rebuilt
* SHA256 sums
* creating tarball
packaged installation of ‘naniar’ as ‘naniar_1.1.0_R_x86_64-pc-linux-gnu.tar.gz’
* DONE (naniar)
* installing *binary* package ‘bestNormalize’ ...
* package ‘bestNormalize’ successfully unpacked and SHA256 sums checked
* ‘bestNormalize’ was already a binary package and will not be rebuilt
* SHA256 sums
* creating tarball
packaged installation of ‘bestNormalize’ as ‘bestNormalize_1.9.2_R_x86_64-pc-linux-gnu.tar.gz’
* DONE (bestNormalize)
ERROR: dependency ‘depmixS4’ is not available for package ‘tLOH’
Perhaps try a variation of:
install.packages('depmixS4')
* removing ‘/tmp/library/tLOH’

The downloaded source packages are in
	‘/tmp/RtmpUrZwuG/downloaded_packages’
Old packages: 'diffobj', 'httr2', 'pak', 'pkgdown', 'urlchecker', 'xfun',
  'zip', 'MASS', 'nlme', 'survival'
Warning message:
In install.packages(...) :
  installation of package ‘tLOH’ had non-zero exit status

real	0m18.174s
user	0m10.413s
sys	0m3.257s
