+ Rscript -e 'Sys.setenv(BIOCONDUCTOR_USE_CONTAINER_REPOSITORY=FALSE);
  p <- .libPaths();
  p <- c('\''/tmp/library'\'', '\''/mnt/library'\'', p);
  .libPaths(p);
  if(BiocManager::install('\''marray'\'', INSTALL_opts = '\''--build'\'', update = TRUE, quiet = FALSE, dependencies=TRUE, force = TRUE, keep_outputs = TRUE) %in% rownames(installed.packages())) q(status = 0) else q(status = 1)'
'getOption("repos")' replaces Bioconductor standard repositories, see
'help("repositories", package = "BiocManager")' for details.
Replacement repositories:
    CRAN: https://p3m.dev/cran/__linux__/noble/latest
Bioconductor version 3.24 (BiocManager 1.30.27), R 4.6.1 (2026-06-24)
Installing package(s) 'marray'
also installing the dependency ‘tkWidgets’

trying URL 'https://bioconductor.org/packages/3.24/bioc/src/contrib/tkWidgets_1.91.1.tar.gz'
trying URL 'https://bioconductor.org/packages/3.24/bioc/src/contrib/marray_1.91.0.tar.gz'
* installing *source* package ‘tkWidgets’ ...
** this is package ‘tkWidgets’ version ‘1.91.1’
** package ‘tkWidgets’ successfully unpacked and MD5 sums checked
** using staged installation
** R
** inst
** byte-compile and prepare package for lazy loading
Warning message:
no DISPLAY variable so Tk is not available 
** help
*** installing help indices
** building package indices
** installing vignettes
** testing if installed package can be loaded from temporary location
Warning: no DISPLAY variable so Tk is not available
** testing if installed package can be loaded from final location
Warning: no DISPLAY variable so Tk is not available
** testing if installed package keeps a record of temporary installation path
* SHA256 sums
* creating tarball
packaged installation of ‘tkWidgets’ as ‘tkWidgets_1.91.1_R_x86_64-pc-linux-gnu.tar.gz’
* DONE (tkWidgets)
* installing *source* package ‘marray’ ...
** this is package ‘marray’ version ‘1.91.0’
** package ‘marray’ successfully unpacked and MD5 sums checked
** using staged installation
** R
** data
** inst
** byte-compile and prepare package for lazy loading
** help
*** installing help indices
** building package indices
** installing vignettes
** testing if installed package can be loaded from temporary location
** testing if installed package can be loaded from final location
** testing if installed package keeps a record of temporary installation path
* SHA256 sums
* creating tarball
packaged installation of ‘marray’ as ‘marray_1.91.0_R_x86_64-pc-linux-gnu.tar.gz’
* DONE (marray)

The downloaded source packages are in
	‘/tmp/RtmpxQBvHw/downloaded_packages’

real	0m24.521s
user	0m15.609s
sys	0m4.869s
