+ Rscript -e 'Sys.setenv(BIOCONDUCTOR_USE_CONTAINER_REPOSITORY=FALSE);
  p <- .libPaths();
  p <- c('\''/tmp/library'\'', '\''/mnt/library'\'', p);
  .libPaths(p);
  if(BiocManager::install('\''PAST'\'', INSTALL_opts = '\''--build'\'', update = TRUE, quiet = FALSE, dependencies=TRUE, force = TRUE, keep_outputs = TRUE) %in% rownames(installed.packages())) q(status = 0) else q(status = 1)'
'getOption("repos")' replaces Bioconductor standard repositories, see
'help("repositories", package = "BiocManager")' for details.
Replacement repositories:
    CRAN: https://p3m.dev/cran/__linux__/noble/latest
Bioconductor version 3.24 (BiocManager 1.30.27), R 4.6.1 (2026-06-24)
Installing package(s) 'PAST'
trying URL 'https://bioconductor.org/packages/3.24/bioc/src/contrib/PAST_1.29.0.tar.gz'
Content type 'application/x-gzip' length 977725 bytes (954 KB)
==================================================
downloaded 954 KB

* installing *source* package ‘PAST’ ...
** this is package ‘PAST’ version ‘1.29.0’
** package ‘PAST’ successfully unpacked and MD5 sums checked
** using staged installation
** R
** inst
** byte-compile and prepare package for lazy loading
Warning: replacing previous import ‘S4Vectors::first’ by ‘dplyr::first’ when loading ‘PAST’
Warning: replacing previous import ‘S4Vectors::setdiff’ by ‘dplyr::setdiff’ when loading ‘PAST’
Warning: replacing previous import ‘S4Vectors::rename’ by ‘dplyr::rename’ when loading ‘PAST’
Warning: replacing previous import ‘S4Vectors::intersect’ by ‘dplyr::intersect’ when loading ‘PAST’
Warning: replacing previous import ‘S4Vectors::union’ by ‘dplyr::union’ when loading ‘PAST’
Warning: replacing previous import ‘S4Vectors::setequal’ by ‘dplyr::setequal’ when loading ‘PAST’
Warning: replacing previous import ‘S4Vectors::findMatches’ by ‘utils::findMatches’ when loading ‘PAST’
Warning: replacing previous import ‘S4Vectors::tail’ by ‘utils::tail’ when loading ‘PAST’
Warning: replacing previous import ‘S4Vectors::stack’ by ‘utils::stack’ when loading ‘PAST’
Warning: replacing previous import ‘S4Vectors::head’ by ‘utils::head’ when loading ‘PAST’
Warning: replacing previous import ‘S4Vectors::complete.cases’ by ‘stats::complete.cases’ when loading ‘PAST’
Warning: replacing previous import ‘S4Vectors::sd’ by ‘stats::sd’ when loading ‘PAST’
** help
*** installing help indices
** building package indices
** installing vignettes
** testing if installed package can be loaded from temporary location
Warning: replacing previous import ‘S4Vectors::first’ by ‘dplyr::first’ when loading ‘PAST’
Warning: replacing previous import ‘S4Vectors::setdiff’ by ‘dplyr::setdiff’ when loading ‘PAST’
Warning: replacing previous import ‘S4Vectors::rename’ by ‘dplyr::rename’ when loading ‘PAST’
Warning: replacing previous import ‘S4Vectors::intersect’ by ‘dplyr::intersect’ when loading ‘PAST’
Warning: replacing previous import ‘S4Vectors::union’ by ‘dplyr::union’ when loading ‘PAST’
Warning: replacing previous import ‘S4Vectors::setequal’ by ‘dplyr::setequal’ when loading ‘PAST’
Warning: replacing previous import ‘S4Vectors::findMatches’ by ‘utils::findMatches’ when loading ‘PAST’
Warning: replacing previous import ‘S4Vectors::tail’ by ‘utils::tail’ when loading ‘PAST’
Warning: replacing previous import ‘S4Vectors::stack’ by ‘utils::stack’ when loading ‘PAST’
Warning: replacing previous import ‘S4Vectors::head’ by ‘utils::head’ when loading ‘PAST’
Warning: replacing previous import ‘S4Vectors::complete.cases’ by ‘stats::complete.cases’ when loading ‘PAST’
Warning: replacing previous import ‘S4Vectors::sd’ by ‘stats::sd’ when loading ‘PAST’
** testing if installed package can be loaded from final location
Warning: replacing previous import ‘S4Vectors::first’ by ‘dplyr::first’ when loading ‘PAST’
Warning: replacing previous import ‘S4Vectors::setdiff’ by ‘dplyr::setdiff’ when loading ‘PAST’
Warning: replacing previous import ‘S4Vectors::rename’ by ‘dplyr::rename’ when loading ‘PAST’
Warning: replacing previous import ‘S4Vectors::intersect’ by ‘dplyr::intersect’ when loading ‘PAST’
Warning: replacing previous import ‘S4Vectors::union’ by ‘dplyr::union’ when loading ‘PAST’
Warning: replacing previous import ‘S4Vectors::setequal’ by ‘dplyr::setequal’ when loading ‘PAST’
Warning: replacing previous import ‘S4Vectors::findMatches’ by ‘utils::findMatches’ when loading ‘PAST’
Warning: replacing previous import ‘S4Vectors::tail’ by ‘utils::tail’ when loading ‘PAST’
Warning: replacing previous import ‘S4Vectors::stack’ by ‘utils::stack’ when loading ‘PAST’
Warning: replacing previous import ‘S4Vectors::head’ by ‘utils::head’ when loading ‘PAST’
Warning: replacing previous import ‘S4Vectors::complete.cases’ by ‘stats::complete.cases’ when loading ‘PAST’
Warning: replacing previous import ‘S4Vectors::sd’ by ‘stats::sd’ when loading ‘PAST’
** testing if installed package keeps a record of temporary installation path
* SHA256 sums
* creating tarball
packaged installation of ‘PAST’ as ‘PAST_1.29.0_R_x86_64-pc-linux-gnu.tar.gz’
* DONE (PAST)

The downloaded source packages are in
	‘/tmp/RtmpuMLFJn/downloaded_packages’
Old packages: 'diffobj'

real	0m42.723s
user	0m34.345s
sys	0m4.384s
