+ Rscript -e 'Sys.setenv(BIOCONDUCTOR_USE_CONTAINER_REPOSITORY=FALSE);
  p <- .libPaths();
  p <- c('\''/tmp/library'\'', '\''/mnt/library'\'', p);
  .libPaths(p);
  if(BiocManager::install('\''flowStats'\'', INSTALL_opts = '\''--build'\'', update = TRUE, quiet = FALSE, dependencies=TRUE, force = TRUE, keep_outputs = TRUE) %in% rownames(installed.packages())) q(status = 0) else q(status = 1)'
'getOption("repos")' replaces Bioconductor standard repositories, see
'help("repositories", package = "BiocManager")' for details.
Replacement repositories:
    CRAN: https://p3m.dev/cran/__linux__/noble/latest
Bioconductor version 3.23 (BiocManager 1.30.27), R 4.6.1 (2026-06-24)
Installing package(s) 'flowStats'
trying URL 'https://bioconductor.org/packages/3.23/bioc/src/contrib/flowStats_4.24.0.tar.gz'
Content type 'application/x-gzip' length 11497213 bytes (11.0 MB)
==================================================
downloaded 11.0 MB

* installing *source* package ‘flowStats’ ...
** this is package ‘flowStats’ version ‘4.24.0’
** using staged installation
** R
** data
** inst
** byte-compile and prepare package for lazy loading
Warning: replacing previous import ‘flowViz::contour’ by ‘graphics::contour’ when loading ‘flowStats’
** help
*** installing help indices
** building package indices
** installing vignettes
** testing if installed package can be loaded from temporary location
Warning: replacing previous import ‘flowViz::contour’ by ‘graphics::contour’ when loading ‘flowStats’
** testing if installed package can be loaded from final location
Warning: replacing previous import ‘flowViz::contour’ by ‘graphics::contour’ when loading ‘flowStats’
** testing if installed package keeps a record of temporary installation path
* SHA256 sums
* creating tarball
packaged installation of ‘flowStats’ as ‘flowStats_4.24.0_R_x86_64-pc-linux-gnu.tar.gz’
* DONE (flowStats)

The downloaded source packages are in
	‘/tmp/RtmpAKqNaj/downloaded_packages’
Old packages: 'httr2', 'pak', 'pkgdown', 'urlchecker', 'xfun', 'zip', 'MASS',
  'nlme', 'survival'

real	0m31.544s
user	0m25.313s
sys	0m3.923s
