+ Rscript -e 'Sys.setenv(BIOCONDUCTOR_USE_CONTAINER_REPOSITORY=FALSE);
  p <- .libPaths();
  p <- c('\''/tmp/library'\'', '\''/mnt/library'\'', p);
  .libPaths(p);
  if(BiocManager::install('\''ASICS'\'', INSTALL_opts = '\''--build'\'', update = TRUE, quiet = FALSE, dependencies=TRUE, force = TRUE, keep_outputs = TRUE) %in% rownames(installed.packages())) q(status = 0) else q(status = 1)'
'getOption("repos")' replaces Bioconductor standard repositories, see
'help("repositories", package = "BiocManager")' for details.
Replacement repositories:
    CRAN: https://p3m.dev/cran/__linux__/noble/latest
Bioconductor version 3.23 (BiocManager 1.30.27), R 4.6.1 (2026-06-24)
Installing package(s) 'ASICS'
also installing the dependency ‘ASICSdata’

trying URL 'https://bioconductor.org/packages/3.23/data/experiment/src/contrib/ASICSdata_1.32.0.tar.gz'
trying URL 'https://bioconductor.org/packages/3.23/bioc/src/contrib/ASICS_2.28.0.tar.gz'
* installing *source* package ‘ASICSdata’ ...
** this is package ‘ASICSdata’ version ‘1.32.0’
** using staged installation
** R
** inst
** byte-compile and prepare package for lazy loading
** help
*** installing help indices
** building package indices
** installing vignettes
** testing if installed package can be loaded from temporary location
** testing if installed package can be loaded from final location
** testing if installed package keeps a record of temporary installation path
* SHA256 sums
* creating tarball
packaged installation of ‘ASICSdata’ as ‘ASICSdata_1.32.0_R_x86_64-pc-linux-gnu.tar.gz’
* DONE (ASICSdata)
* installing *source* package ‘ASICS’ ...
** this is package ‘ASICS’ version ‘2.28.0’
** using staged installation
** R
** data
*** moving datasets to lazyload DB
** inst
** byte-compile and prepare package for lazy loading
** help
*** installing help indices
** building package indices
** installing vignettes
** testing if installed package can be loaded from temporary location
** testing if installed package can be loaded from final location
** testing if installed package keeps a record of temporary installation path
* SHA256 sums
* creating tarball
packaged installation of ‘ASICS’ as ‘ASICS_2.28.0_R_x86_64-pc-linux-gnu.tar.gz’
* DONE (ASICS)

The downloaded source packages are in
	‘/tmp/RtmpRBSydN/downloaded_packages’
Old packages: 'diffobj', 'httr2', 'pak', 'pkgdown', 'urlchecker', 'xfun',
  'zip', 'MASS', 'nlme', 'survival'

real	0m56.604s
user	0m46.314s
sys	0m5.591s
