+ Rscript -e 'Sys.setenv(BIOCONDUCTOR_USE_CONTAINER_REPOSITORY=FALSE);
  p <- .libPaths();
  p <- c('\''/tmp/library'\'', '\''/mnt/library'\'', p);
  .libPaths(p);
  if(BiocManager::install('\''MBASED'\'', INSTALL_opts = '\''--build'\'', update = TRUE, quiet = FALSE, dependencies=TRUE, force = TRUE, keep_outputs = TRUE) %in% rownames(installed.packages())) q(status = 0) else q(status = 1)'
'getOption("repos")' replaces Bioconductor standard repositories, see
'help("repositories", package = "BiocManager")' for details.
Replacement repositories:
    CRAN: https://p3m.dev/cran/__linux__/noble/latest
Bioconductor version 3.24 (BiocManager 1.30.27), R 4.6.1 (2026-06-24)
Installing package(s) 'MBASED'
trying URL 'https://bioconductor.org/packages/3.24/bioc/src/contrib/MBASED_1.47.0.tar.gz'
Content type 'application/x-gzip' length 374249 bytes (365 KB)
==================================================
downloaded 365 KB

* installing *source* package ‘MBASED’ ...
** this is package ‘MBASED’ version ‘1.47.0’
** package ‘MBASED’ successfully unpacked and MD5 sums checked
** using staged installation
** R
** inst
** byte-compile and prepare package for lazy loading
** help
*** installing help indices
** building package indices
** installing vignettes
** testing if installed package can be loaded from temporary location
** testing if installed package can be loaded from final location
** testing if installed package keeps a record of temporary installation path
* SHA256 sums
* creating tarball
packaged installation of ‘MBASED’ as ‘MBASED_1.47.0_R_x86_64-pc-linux-gnu.tar.gz’
* DONE (MBASED)

The downloaded source packages are in
	‘/tmp/RtmpDhcwN2/downloaded_packages’

real	0m33.462s
user	0m24.259s
sys	0m4.748s
