+ Rscript -e 'Sys.setenv(BIOCONDUCTOR_USE_CONTAINER_REPOSITORY=FALSE);
  p <- .libPaths();
  p <- c('\''/tmp/library'\'', '\''/mnt/library'\'', p);
  .libPaths(p);
  if(BiocManager::install('\''AMOUNTAIN'\'', INSTALL_opts = '\''--build'\'', update = TRUE, quiet = FALSE, dependencies=TRUE, force = TRUE, keep_outputs = TRUE) %in% rownames(installed.packages())) q(status = 0) else q(status = 1)'
'getOption("repos")' replaces Bioconductor standard repositories, see
'help("repositories", package = "BiocManager")' for details.
Replacement repositories:
    CRAN: https://p3m.dev/cran/__linux__/noble/latest
Bioconductor version 3.24 (BiocManager 1.30.27), R 4.6.1 (2026-06-24)
Installing package(s) 'AMOUNTAIN'
also installing the dependencies ‘pbivnorm’, ‘quadprog’, ‘htmlTable’, ‘lavaan’, ‘Hmisc’, ‘jpeg’, ‘glasso’, ‘fdrtool’, ‘pbapply’, ‘qgraph’

trying URL 'https://p3m.dev/cran/__linux__/noble/latest/src/contrib/pbivnorm_0.6.0.tar.gz'
trying URL 'https://p3m.dev/cran/__linux__/noble/latest/src/contrib/quadprog_1.5-8.tar.gz'
trying URL 'https://p3m.dev/cran/__linux__/noble/latest/src/contrib/htmlTable_2.5.0.tar.gz'
trying URL 'https://p3m.dev/cran/__linux__/noble/latest/src/contrib/lavaan_0.7-2.tar.gz'
trying URL 'https://p3m.dev/cran/__linux__/noble/latest/src/contrib/Hmisc_5.2-6.tar.gz'
trying URL 'https://p3m.dev/cran/__linux__/noble/latest/src/contrib/jpeg_0.1-11.tar.gz'
trying URL 'https://p3m.dev/cran/__linux__/noble/latest/src/contrib/glasso_1.11.tar.gz'
trying URL 'https://p3m.dev/cran/__linux__/noble/latest/src/contrib/fdrtool_1.2.18.tar.gz'
trying URL 'https://p3m.dev/cran/__linux__/noble/latest/src/contrib/pbapply_1.7-4.tar.gz'
trying URL 'https://p3m.dev/cran/__linux__/noble/latest/src/contrib/qgraph_1.10.1.tar.gz'
trying URL 'https://bioconductor.org/packages/3.24/bioc/src/contrib/AMOUNTAIN_1.39.0.tar.gz'
* installing *binary* package ‘pbivnorm’ ...
* package ‘pbivnorm’ successfully unpacked and SHA256 sums checked
* ‘pbivnorm’ was already a binary package and will not be rebuilt
* SHA256 sums
* creating tarball
packaged installation of ‘pbivnorm’ as ‘pbivnorm_0.6.0_R_x86_64-pc-linux-gnu.tar.gz’
* DONE (pbivnorm)
* installing *binary* package ‘quadprog’ ...
* package ‘quadprog’ successfully unpacked and SHA256 sums checked
* ‘quadprog’ was already a binary package and will not be rebuilt
* SHA256 sums
* creating tarball
packaged installation of ‘quadprog’ as ‘quadprog_1.5-8_R_x86_64-pc-linux-gnu.tar.gz’
* DONE (quadprog)
* installing *binary* package ‘htmlTable’ ...
* package ‘htmlTable’ successfully unpacked and SHA256 sums checked
* ‘htmlTable’ was already a binary package and will not be rebuilt
* SHA256 sums
* creating tarball
packaged installation of ‘htmlTable’ as ‘htmlTable_2.5.0_R_x86_64-pc-linux-gnu.tar.gz’
* DONE (htmlTable)
* installing *binary* package ‘jpeg’ ...
* package ‘jpeg’ successfully unpacked and SHA256 sums checked
* ‘jpeg’ was already a binary package and will not be rebuilt
* SHA256 sums
* creating tarball
packaged installation of ‘jpeg’ as ‘jpeg_0.1-11_R_x86_64-pc-linux-gnu.tar.gz’
* DONE (jpeg)
* installing *binary* package ‘glasso’ ...
* package ‘glasso’ successfully unpacked and SHA256 sums checked
* ‘glasso’ was already a binary package and will not be rebuilt
* SHA256 sums
* creating tarball
packaged installation of ‘glasso’ as ‘glasso_1.11_R_x86_64-pc-linux-gnu.tar.gz’
* DONE (glasso)
* installing *binary* package ‘fdrtool’ ...
* package ‘fdrtool’ successfully unpacked and SHA256 sums checked
* ‘fdrtool’ was already a binary package and will not be rebuilt
* SHA256 sums
* creating tarball
packaged installation of ‘fdrtool’ as ‘fdrtool_1.2.18_R_x86_64-pc-linux-gnu.tar.gz’
* DONE (fdrtool)
* installing *binary* package ‘pbapply’ ...
* package ‘pbapply’ successfully unpacked and SHA256 sums checked
* ‘pbapply’ was already a binary package and will not be rebuilt
* SHA256 sums
* creating tarball
packaged installation of ‘pbapply’ as ‘pbapply_1.7-4_R_x86_64-pc-linux-gnu.tar.gz’
* DONE (pbapply)
* installing *source* package ‘AMOUNTAIN’ ...
** this is package ‘AMOUNTAIN’ version ‘1.39.0’
** package ‘AMOUNTAIN’ successfully unpacked and MD5 sums checked
** using staged installation
** libs
using C compiler: ‘gcc (Ubuntu 13.3.0-6ubuntu2~24.04.1) 13.3.0’
gcc -std=gnu2x -I"/usr/local/lib/R/include" -DNDEBUG   -I/usr/local/include   `gsl-config --cflags` -DR_DIRICHLETMULTINOMIAL -fpic  -g -O2 -fstack-protector-strong -Wformat -Werror=format-security -Wdate-time -D_FORTIFY_SOURCE=2 -g  -c AMOUNTAIN.c -o AMOUNTAIN.o
gcc -std=gnu2x -shared -L/usr/local/lib/R/lib -L/usr/local/lib -o AMOUNTAIN.so AMOUNTAIN.o -L/usr/lib/x86_64-linux-gnu -lgsl -lgslcblas -lm -L/usr/local/lib/R/lib -lR
installing to /tmp/library/00LOCK-AMOUNTAIN/00new/AMOUNTAIN/libs
** R
** inst
** byte-compile and prepare package for lazy loading
** help
*** installing help indices
** building package indices
** installing vignettes
** testing if installed package can be loaded from temporary location
** checking absolute paths in shared objects and dynamic libraries
** testing if installed package can be loaded from final location
** testing if installed package keeps a record of temporary installation path
* SHA256 sums
* creating tarball
packaged installation of ‘AMOUNTAIN’ as ‘AMOUNTAIN_1.39.0_R_x86_64-pc-linux-gnu.tar.gz’
* DONE (AMOUNTAIN)
* installing *binary* package ‘lavaan’ ...
* package ‘lavaan’ successfully unpacked and SHA256 sums checked
* ‘lavaan’ was already a binary package and will not be rebuilt
* SHA256 sums
* creating tarball
packaged installation of ‘lavaan’ as ‘lavaan_0.7-2_R_x86_64-pc-linux-gnu.tar.gz’
* DONE (lavaan)
* installing *binary* package ‘Hmisc’ ...
* package ‘Hmisc’ successfully unpacked and SHA256 sums checked
* ‘Hmisc’ was already a binary package and will not be rebuilt
* SHA256 sums
* creating tarball
packaged installation of ‘Hmisc’ as ‘Hmisc_5.2-6_R_x86_64-pc-linux-gnu.tar.gz’
* DONE (Hmisc)
* installing *binary* package ‘qgraph’ ...
* package ‘qgraph’ successfully unpacked and SHA256 sums checked
* ‘qgraph’ was already a binary package and will not be rebuilt
* SHA256 sums
* creating tarball
packaged installation of ‘qgraph’ as ‘qgraph_1.10.1_R_x86_64-pc-linux-gnu.tar.gz’
* DONE (qgraph)

The downloaded source packages are in
	‘/tmp/RtmpyHOojl/downloaded_packages’
Old packages: 'diffobj'

real	0m52.520s
user	0m7.861s
sys	0m4.728s
