+ Rscript -e 'Sys.setenv(BIOCONDUCTOR_USE_CONTAINER_REPOSITORY=FALSE);
  p <- .libPaths();
  p <- c('\''/tmp/library'\'', '\''/mnt/library'\'', p);
  .libPaths(p);
  if(BiocManager::install('\''PCAN'\'', INSTALL_opts = '\''--build'\'', update = TRUE, quiet = FALSE, dependencies=TRUE, force = TRUE, keep_outputs = TRUE) %in% rownames(installed.packages())) q(status = 0) else q(status = 1)'
'getOption("repos")' replaces Bioconductor standard repositories, see
'help("repositories", package = "BiocManager")' for details.
Replacement repositories:
    CRAN: https://p3m.dev/cran/__linux__/noble/latest
Bioconductor version 3.24 (BiocManager 1.30.27), R 4.6.1 (2026-06-24)
Installing package(s) 'PCAN'
also installing the dependency ‘STRINGdb’

trying URL 'https://bioconductor.org/packages/3.24/bioc/src/contrib/STRINGdb_2.25.0.tar.gz'
trying URL 'https://bioconductor.org/packages/3.24/bioc/src/contrib/PCAN_1.41.0.tar.gz'
* installing *source* package ‘STRINGdb’ ...
** this is package ‘STRINGdb’ version ‘2.25.0’
** package ‘STRINGdb’ successfully unpacked and MD5 sums checked
** using staged installation
** R
** data
** inst
** byte-compile and prepare package for lazy loading
** help
*** installing help indices
** building package indices
** installing vignettes
** testing if installed package can be loaded from temporary location
** testing if installed package can be loaded from final location
** testing if installed package keeps a record of temporary installation path
* SHA256 sums
* creating tarball
packaged installation of ‘STRINGdb’ as ‘STRINGdb_2.25.0_R_x86_64-pc-linux-gnu.tar.gz’
* DONE (STRINGdb)
* installing *source* package ‘PCAN’ ...
** this is package ‘PCAN’ version ‘1.41.0’
** package ‘PCAN’ successfully unpacked and MD5 sums checked
** using staged installation
** R
** data
** inst
** byte-compile and prepare package for lazy loading
** help
*** installing help indices
** building package indices
** installing vignettes
** testing if installed package can be loaded from temporary location
** testing if installed package can be loaded from final location
** testing if installed package keeps a record of temporary installation path
* SHA256 sums
* creating tarball
packaged installation of ‘PCAN’ as ‘PCAN_1.41.0_R_x86_64-pc-linux-gnu.tar.gz’
* DONE (PCAN)

The downloaded source packages are in
	‘/tmp/Rtmp0SizRG/downloaded_packages’

real	1m0.881s
user	0m10.577s
sys	0m4.111s
