+ Rscript -e 'Sys.setenv(BIOCONDUCTOR_USE_CONTAINER_REPOSITORY=FALSE);
  p <- .libPaths();
  p <- c('\''/tmp/library'\'', '\''/mnt/library'\'', p);
  .libPaths(p);
  if(BiocManager::install('\''M3C'\'', INSTALL_opts = '\''--build'\'', update = TRUE, quiet = FALSE, dependencies=TRUE, force = TRUE, keep_outputs = TRUE) %in% rownames(installed.packages())) q(status = 0) else q(status = 1)'
'getOption("repos")' replaces Bioconductor standard repositories, see
'help("repositories", package = "BiocManager")' for details.
Replacement repositories:
    CRAN: https://p3m.dev/cran/__linux__/noble/latest
Bioconductor version 3.24 (BiocManager 1.30.27), R 4.6.1 (2026-06-24)
Installing package(s) 'M3C'
also installing the dependencies ‘matrixcalc’, ‘umap’

trying URL 'https://p3m.dev/cran/__linux__/noble/latest/src/contrib/matrixcalc_1.0-6.tar.gz'
trying URL 'https://p3m.dev/cran/__linux__/noble/latest/src/contrib/umap_0.2.10.0.tar.gz'
trying URL 'https://bioconductor.org/packages/3.24/bioc/src/contrib/M3C_1.35.0.tar.gz'
* installing *binary* package ‘matrixcalc’ ...
* package ‘matrixcalc’ successfully unpacked and SHA256 sums checked
* ‘matrixcalc’ was already a binary package and will not be rebuilt
* SHA256 sums
* creating tarball
packaged installation of ‘matrixcalc’ as ‘matrixcalc_1.0-6_R_x86_64-pc-linux-gnu.tar.gz’
* DONE (matrixcalc)
* installing *binary* package ‘umap’ ...
* package ‘umap’ successfully unpacked and SHA256 sums checked
* ‘umap’ was already a binary package and will not be rebuilt
* SHA256 sums
* creating tarball
packaged installation of ‘umap’ as ‘umap_0.2.10.0_R_x86_64-pc-linux-gnu.tar.gz’
* DONE (umap)
* installing *source* package ‘M3C’ ...
** this is package ‘M3C’ version ‘1.35.0’
** package ‘M3C’ successfully unpacked and MD5 sums checked
** using staged installation
** R
** data
*** moving datasets to lazyload DB
** inst
** byte-compile and prepare package for lazy loading
** help
*** installing help indices
** building package indices
** installing vignettes
** testing if installed package can be loaded from temporary location
** testing if installed package can be loaded from final location
** testing if installed package keeps a record of temporary installation path
* SHA256 sums
* creating tarball
packaged installation of ‘M3C’ as ‘M3C_1.35.0_R_x86_64-pc-linux-gnu.tar.gz’
* DONE (M3C)

The downloaded source packages are in
	‘/tmp/Rtmp4cWw3g/downloaded_packages’

real	0m59.880s
user	0m11.153s
sys	0m3.386s
