+ Rscript -e 'Sys.setenv(BIOCONDUCTOR_USE_CONTAINER_REPOSITORY=FALSE);
  p <- .libPaths();
  p <- c('\''/tmp/library'\'', '\''/mnt/library'\'', p);
  .libPaths(p);
  if(BiocManager::install('\''GSgalgoR'\'', INSTALL_opts = '\''--build'\'', update = TRUE, quiet = FALSE, dependencies=TRUE, force = TRUE, keep_outputs = TRUE) %in% rownames(installed.packages())) q(status = 0) else q(status = 1)'
'getOption("repos")' replaces Bioconductor standard repositories, see
'help("repositories", package = "BiocManager")' for details.
Replacement repositories:
    CRAN: https://p3m.dev/cran/__linux__/noble/latest
Bioconductor version 3.23 (BiocManager 1.30.27), R 4.6.1 (2026-06-24)
Installing package(s) 'GSgalgoR'
also installing the dependencies ‘progressr’, ‘SQUAREM’, ‘lava’, ‘mco’, ‘prodlim’, ‘ipred’, ‘SuppDists’, ‘survivalROC’, ‘rmeta’, ‘maxstat’, ‘matchingR’, ‘nsga2R’, ‘proxy’, ‘survcomp’, ‘survminer’, ‘iC10TrainingData’, ‘pamr’

trying URL 'https://p3m.dev/cran/__linux__/noble/latest/src/contrib/progressr_1.0.0.tar.gz'
trying URL 'https://p3m.dev/cran/__linux__/noble/latest/src/contrib/SQUAREM_2026.1.tar.gz'
trying URL 'https://p3m.dev/cran/__linux__/noble/latest/src/contrib/lava_1.9.2.tar.gz'
trying URL 'https://p3m.dev/cran/__linux__/noble/latest/src/contrib/mco_1.17.tar.gz'
trying URL 'https://p3m.dev/cran/__linux__/noble/latest/src/contrib/prodlim_2026.03.11.tar.gz'
trying URL 'https://p3m.dev/cran/__linux__/noble/latest/src/contrib/ipred_0.9-15.tar.gz'
trying URL 'https://p3m.dev/cran/__linux__/noble/latest/src/contrib/SuppDists_1.1-9.9.tar.gz'
trying URL 'https://p3m.dev/cran/__linux__/noble/latest/src/contrib/survivalROC_1.0.3.1.tar.gz'
trying URL 'https://p3m.dev/cran/__linux__/noble/latest/src/contrib/rmeta_3.0.tar.gz'
trying URL 'https://p3m.dev/cran/__linux__/noble/latest/src/contrib/maxstat_0.7-26.tar.gz'
trying URL 'https://p3m.dev/cran/__linux__/noble/latest/src/contrib/matchingR_2.0.0.tar.gz'
trying URL 'https://p3m.dev/cran/__linux__/noble/latest/src/contrib/nsga2R_1.1.tar.gz'
trying URL 'https://p3m.dev/cran/__linux__/noble/latest/src/contrib/proxy_0.4-29.tar.gz'
trying URL 'https://bioconductor.org/packages/3.23/bioc/src/contrib/survcomp_1.62.0.tar.gz'
trying URL 'https://p3m.dev/cran/__linux__/noble/latest/src/contrib/survminer_0.5.2.tar.gz'
trying URL 'https://p3m.dev/cran/__linux__/noble/latest/src/contrib/iC10TrainingData_2.0.1.tar.gz'
trying URL 'https://p3m.dev/cran/__linux__/noble/latest/src/contrib/pamr_1.57.tar.gz'
trying URL 'https://bioconductor.org/packages/3.23/bioc/src/contrib/GSgalgoR_1.22.0.tar.gz'
* installing *binary* package ‘progressr’ ...
* package ‘progressr’ successfully unpacked and SHA256 sums checked
* ‘progressr’ was already a binary package and will not be rebuilt
* SHA256 sums
* creating tarball
packaged installation of ‘progressr’ as ‘progressr_1.0.0_R_x86_64-pc-linux-gnu.tar.gz’
* DONE (progressr)
* installing *binary* package ‘SQUAREM’ ...
* package ‘SQUAREM’ successfully unpacked and SHA256 sums checked
* ‘SQUAREM’ was already a binary package and will not be rebuilt
* SHA256 sums
* creating tarball
packaged installation of ‘SQUAREM’ as ‘SQUAREM_2026.1_R_x86_64-pc-linux-gnu.tar.gz’
* DONE (SQUAREM)
* installing *binary* package ‘mco’ ...
* package ‘mco’ successfully unpacked and SHA256 sums checked
* ‘mco’ was already a binary package and will not be rebuilt
* SHA256 sums
* creating tarball
packaged installation of ‘mco’ as ‘mco_1.17_R_x86_64-pc-linux-gnu.tar.gz’
* DONE (mco)
* installing *binary* package ‘SuppDists’ ...
* package ‘SuppDists’ successfully unpacked and SHA256 sums checked
* ‘SuppDists’ was already a binary package and will not be rebuilt
* SHA256 sums
* creating tarball
packaged installation of ‘SuppDists’ as ‘SuppDists_1.1-9.9_R_x86_64-pc-linux-gnu.tar.gz’
* DONE (SuppDists)
* installing *binary* package ‘survivalROC’ ...
* package ‘survivalROC’ successfully unpacked and SHA256 sums checked
* ‘survivalROC’ was already a binary package and will not be rebuilt
* SHA256 sums
* creating tarball
packaged installation of ‘survivalROC’ as ‘survivalROC_1.0.3.1_R_x86_64-pc-linux-gnu.tar.gz’
* DONE (survivalROC)
* installing *binary* package ‘rmeta’ ...
* package ‘rmeta’ successfully unpacked and SHA256 sums checked
* ‘rmeta’ was already a binary package and will not be rebuilt
* SHA256 sums
* creating tarball
packaged installation of ‘rmeta’ as ‘rmeta_3.0_R_x86_64-pc-linux-gnu.tar.gz’
* DONE (rmeta)
* installing *binary* package ‘maxstat’ ...
* package ‘maxstat’ successfully unpacked and SHA256 sums checked
* ‘maxstat’ was already a binary package and will not be rebuilt
* SHA256 sums
* creating tarball
packaged installation of ‘maxstat’ as ‘maxstat_0.7-26_R_x86_64-pc-linux-gnu.tar.gz’
* DONE (maxstat)
* installing *binary* package ‘matchingR’ ...
* package ‘matchingR’ successfully unpacked and SHA256 sums checked
* ‘matchingR’ was already a binary package and will not be rebuilt
* SHA256 sums
* creating tarball
packaged installation of ‘matchingR’ as ‘matchingR_2.0.0_R_x86_64-pc-linux-gnu.tar.gz’
* DONE (matchingR)
* installing *binary* package ‘proxy’ ...
* package ‘proxy’ successfully unpacked and SHA256 sums checked
* ‘proxy’ was already a binary package and will not be rebuilt
* SHA256 sums
* creating tarball
packaged installation of ‘proxy’ as ‘proxy_0.4-29_R_x86_64-pc-linux-gnu.tar.gz’
* DONE (proxy)
* installing *binary* package ‘iC10TrainingData’ ...
* package ‘iC10TrainingData’ successfully unpacked and SHA256 sums checked
* ‘iC10TrainingData’ was already a binary package and will not be rebuilt
* SHA256 sums
* creating tarball
packaged installation of ‘iC10TrainingData’ as ‘iC10TrainingData_2.0.1_R_x86_64-pc-linux-gnu.tar.gz’
* DONE (iC10TrainingData)
* installing *binary* package ‘pamr’ ...
* package ‘pamr’ successfully unpacked and SHA256 sums checked
* ‘pamr’ was already a binary package and will not be rebuilt
* SHA256 sums
* creating tarball
packaged installation of ‘pamr’ as ‘pamr_1.57_R_x86_64-pc-linux-gnu.tar.gz’
* DONE (pamr)
* installing *binary* package ‘lava’ ...
* package ‘lava’ successfully unpacked and SHA256 sums checked
* ‘lava’ was already a binary package and will not be rebuilt
* SHA256 sums
* creating tarball
packaged installation of ‘lava’ as ‘lava_1.9.2_R_x86_64-pc-linux-gnu.tar.gz’
* DONE (lava)
* installing *binary* package ‘nsga2R’ ...
* package ‘nsga2R’ successfully unpacked and SHA256 sums checked
* ‘nsga2R’ was already a binary package and will not be rebuilt
* SHA256 sums
* creating tarball
packaged installation of ‘nsga2R’ as ‘nsga2R_1.1_R_x86_64-pc-linux-gnu.tar.gz’
* DONE (nsga2R)
* installing *binary* package ‘survminer’ ...
* package ‘survminer’ successfully unpacked and SHA256 sums checked
* ‘survminer’ was already a binary package and will not be rebuilt
* SHA256 sums
* creating tarball
packaged installation of ‘survminer’ as ‘survminer_0.5.2_R_x86_64-pc-linux-gnu.tar.gz’
* DONE (survminer)
* installing *binary* package ‘prodlim’ ...
* package ‘prodlim’ successfully unpacked and SHA256 sums checked
* ‘prodlim’ was already a binary package and will not be rebuilt
* SHA256 sums
* creating tarball
packaged installation of ‘prodlim’ as ‘prodlim_2026.03.11_R_x86_64-pc-linux-gnu.tar.gz’
* DONE (prodlim)
* installing *source* package ‘GSgalgoR’ ...
** this is package ‘GSgalgoR’ version ‘1.22.0’
** using staged installation
** R
** inst
** byte-compile and prepare package for lazy loading
** help
*** installing help indices
** building package indices
** installing vignettes
** testing if installed package can be loaded from temporary location
** testing if installed package can be loaded from final location
** testing if installed package keeps a record of temporary installation path
* SHA256 sums
* creating tarball
packaged installation of ‘GSgalgoR’ as ‘GSgalgoR_1.22.0_R_x86_64-pc-linux-gnu.tar.gz’
* DONE (GSgalgoR)
* installing *binary* package ‘ipred’ ...
* package ‘ipred’ successfully unpacked and SHA256 sums checked
* ‘ipred’ was already a binary package and will not be rebuilt
* SHA256 sums
* creating tarball
packaged installation of ‘ipred’ as ‘ipred_0.9-15_R_x86_64-pc-linux-gnu.tar.gz’
* DONE (ipred)
* installing *source* package ‘survcomp’ ...
** this is package ‘survcomp’ version ‘1.62.0’
** using staged installation
** libs
using C compiler: ‘gcc (Ubuntu 13.3.0-6ubuntu2~24.04.1) 13.3.0’
using C++ compiler: ‘g++ (Ubuntu 13.3.0-6ubuntu2~24.04.1) 13.3.0’
gcc -std=gnu2x -I"/usr/local/lib/R/include" -DNDEBUG   -I/usr/local/include    -fpic  -g -O2 -fstack-protector-strong -Wformat -Werror=format-security -Wdate-time -D_FORTIFY_SOURCE=2 -g  -c concordance.index.c -o concordance.index.o
g++ -std=gnu++20 -I"/usr/local/lib/R/include" -DNDEBUG   -I/usr/local/include    -fpic  -g -O2 -fstack-protector-strong -Wformat -Werror=format-security -Wdate-time -D_FORTIFY_SOURCE=2 -g   -c foo_mrmr_ensemble_surv.cpp -o foo_mrmr_ensemble_surv.o
g++ -std=gnu++20 -I"/usr/local/lib/R/include" -DNDEBUG   -I/usr/local/include    -fpic  -g -O2 -fstack-protector-strong -Wformat -Werror=format-security -Wdate-time -D_FORTIFY_SOURCE=2 -g   -c foo_mrmr_surv.cpp -o foo_mrmr_surv.o
g++ -std=gnu++20 -I"/usr/local/lib/R/include" -DNDEBUG   -I/usr/local/include    -fpic  -g -O2 -fstack-protector-strong -Wformat -Werror=format-security -Wdate-time -D_FORTIFY_SOURCE=2 -g   -c survcomp_init.cpp -o survcomp_init.o
g++ -std=gnu++20 -shared -L/usr/local/lib/R/lib -L/usr/local/lib -o survcomp.so concordance.index.o foo_mrmr_ensemble_surv.o foo_mrmr_surv.o survcomp_init.o -L/usr/local/lib/R/lib -lR
installing to /tmp/library/00LOCK-survcomp/00new/survcomp/libs
** R
** data
** inst
** byte-compile and prepare package for lazy loading
Error: package or namespace load failed for ‘prodlim’ in loadNamespace(j <- i[[1L]], c(lib.loc, .libPaths()), versionCheck = vI[[j]]):
 there is no package called ‘listenv’
Execution halted
ERROR: lazy loading failed for package ‘survcomp’
* removing ‘/tmp/library/survcomp’

The downloaded source packages are in
	‘/tmp/RtmpMQkRNV/downloaded_packages’
Old packages: 'httr2', 'pak', 'pkgdown', 'urlchecker', 'xfun', 'zip', 'MASS',
  'nlme', 'survival'
Warning message:
In install.packages(...) :
  installation of package ‘survcomp’ had non-zero exit status

real	0m46.380s
user	0m14.229s
sys	0m6.497s
