+ Rscript -e 'Sys.setenv(BIOCONDUCTOR_USE_CONTAINER_REPOSITORY=FALSE);
  p <- .libPaths();
  p <- c('\''/tmp/library'\'', '\''/mnt/library'\'', p);
  .libPaths(p);
  if(BiocManager::install('\''periodicDNA'\'', INSTALL_opts = '\''--build'\'', update = TRUE, quiet = FALSE, dependencies=TRUE, force = TRUE, keep_outputs = TRUE) %in% rownames(installed.packages())) q(status = 0) else q(status = 1)'
'getOption("repos")' replaces Bioconductor standard repositories, see
'help("repositories", package = "BiocManager")' for details.
Replacement repositories:
    CRAN: https://p3m.dev/cran/__linux__/noble/latest
Bioconductor version 3.24 (BiocManager 1.30.27), R 4.6.1 (2026-06-24)
Installing package(s) 'periodicDNA'
trying URL 'https://bioconductor.org/packages/3.24/bioc/src/contrib/periodicDNA_1.23.0.tar.gz'
Content type 'application/x-gzip' length 3098978 bytes (3.0 MB)
==================================================
downloaded 3.0 MB

* installing *source* package ‘periodicDNA’ ...
** this is package ‘periodicDNA’ version ‘1.23.0’
** package ‘periodicDNA’ successfully unpacked and MD5 sums checked
** using staged installation
** R
** data
** inst
** byte-compile and prepare package for lazy loading
Warning: replacing previous import ‘GenomicRanges::subtract’ by ‘magrittr::subtract’ when loading ‘periodicDNA’
** help
*** installing help indices
*** copying figures
** building package indices
** installing vignettes
** testing if installed package can be loaded from temporary location
Warning: replacing previous import ‘GenomicRanges::subtract’ by ‘magrittr::subtract’ when loading ‘periodicDNA’
** testing if installed package can be loaded from final location
Warning: replacing previous import ‘GenomicRanges::subtract’ by ‘magrittr::subtract’ when loading ‘periodicDNA’
** testing if installed package keeps a record of temporary installation path
* SHA256 sums
* creating tarball
packaged installation of ‘periodicDNA’ as ‘periodicDNA_1.23.0_R_x86_64-pc-linux-gnu.tar.gz’
* DONE (periodicDNA)

The downloaded source packages are in
	‘/tmp/RtmpKgkmp7/downloaded_packages’
Old packages: 'diffobj'

real	1m0.870s
user	0m39.321s
sys	0m5.886s
