+ Rscript -e 'Sys.setenv(BIOCONDUCTOR_USE_CONTAINER_REPOSITORY=FALSE);
  p <- .libPaths();
  p <- c('\''/tmp/library'\'', '\''/mnt/library'\'', p);
  .libPaths(p);
  if(BiocManager::install('\''geNetClassifier'\'', INSTALL_opts = '\''--build'\'', update = TRUE, quiet = FALSE, dependencies=TRUE, force = TRUE, keep_outputs = TRUE) %in% rownames(installed.packages())) q(status = 0) else q(status = 1)'
'getOption("repos")' replaces Bioconductor standard repositories, see
'help("repositories", package = "BiocManager")' for details.
Replacement repositories:
    CRAN: https://p3m.dev/cran/__linux__/noble/latest
Bioconductor version 3.24 (BiocManager 1.30.27), R 4.6.1 (2026-06-24)
Installing package(s) 'geNetClassifier'
also installing the dependency ‘leukemiasEset’

trying URL 'https://bioconductor.org/packages/3.24/data/experiment/src/contrib/leukemiasEset_1.49.0.tar.gz'
trying URL 'https://bioconductor.org/packages/3.24/bioc/src/contrib/geNetClassifier_1.53.0.tar.gz'
* installing *source* package ‘leukemiasEset’ ...
** this is package ‘leukemiasEset’ version ‘1.49.0’
** using staged installation
** data
** help
*** installing help indices
** building package indices
** testing if installed package can be loaded from temporary location
** testing if installed package can be loaded from final location
** testing if installed package keeps a record of temporary installation path
* SHA256 sums
* creating tarball
packaged installation of ‘leukemiasEset’ as ‘leukemiasEset_1.49.0_R_x86_64-pc-linux-gnu.tar.gz’
* DONE (leukemiasEset)
* installing *source* package ‘geNetClassifier’ ...
** this is package ‘geNetClassifier’ version ‘1.53.0’
** package ‘geNetClassifier’ successfully unpacked and MD5 sums checked
** using staged installation
** R
** data
** inst
** byte-compile and prepare package for lazy loading
** help
*** installing help indices
** building package indices
** installing vignettes
** testing if installed package can be loaded from temporary location
** testing if installed package can be loaded from final location
** testing if installed package keeps a record of temporary installation path
* SHA256 sums
* creating tarball
packaged installation of ‘geNetClassifier’ as ‘geNetClassifier_1.53.0_R_x86_64-pc-linux-gnu.tar.gz’
* DONE (geNetClassifier)

The downloaded source packages are in
	‘/tmp/Rtmp6y1EZ5/downloaded_packages’

real	0m26.738s
user	0m13.693s
sys	0m4.350s
