+ Rscript -e 'Sys.setenv(BIOCONDUCTOR_USE_CONTAINER_REPOSITORY=FALSE);
  p <- .libPaths();
  p <- c('\''/tmp/library'\'', '\''/mnt/library'\'', p);
  .libPaths(p);
  if(BiocManager::install('\''genefu'\'', INSTALL_opts = '\''--build'\'', update = TRUE, quiet = FALSE, dependencies=TRUE, force = TRUE, keep_outputs = TRUE) %in% rownames(installed.packages())) q(status = 0) else q(status = 1)'
'getOption("repos")' replaces Bioconductor standard repositories, see
'help("repositories", package = "BiocManager")' for details.
Replacement repositories:
    CRAN: https://p3m.dev/cran/__linux__/noble/latest
Bioconductor version 3.23 (BiocManager 1.30.27), R 4.6.1 (2026-06-24)
Installing package(s) 'genefu'
also installing the dependencies ‘iC10’, ‘breastCancerUNT’, ‘breastCancerNKI’

trying URL 'https://p3m.dev/cran/__linux__/noble/latest/src/contrib/iC10_2.0.2.tar.gz'
trying URL 'https://bioconductor.org/packages/3.23/data/experiment/src/contrib/breastCancerUNT_1.50.0.tar.gz'
trying URL 'https://bioconductor.org/packages/3.23/data/experiment/src/contrib/breastCancerNKI_1.50.0.tar.gz'
trying URL 'https://bioconductor.org/packages/3.23/bioc/src/contrib/genefu_2.44.0.tar.gz'
* installing *binary* package ‘iC10’ ...
* package ‘iC10’ successfully unpacked and SHA256 sums checked
* ‘iC10’ was already a binary package and will not be rebuilt
* SHA256 sums
* creating tarball
packaged installation of ‘iC10’ as ‘iC10_2.0.2_R_x86_64-pc-linux-gnu.tar.gz’
* DONE (iC10)
* installing *source* package ‘breastCancerUNT’ ...
** this is package ‘breastCancerUNT’ version ‘1.50.0’
** using staged installation
** data
** help
*** installing help indices
** building package indices
** testing if installed package can be loaded from temporary location
** testing if installed package can be loaded from final location
** testing if installed package keeps a record of temporary installation path
* SHA256 sums
* creating tarball
packaged installation of ‘breastCancerUNT’ as ‘breastCancerUNT_1.50.0_R_x86_64-pc-linux-gnu.tar.gz’
* DONE (breastCancerUNT)
* installing *source* package ‘breastCancerNKI’ ...
** this is package ‘breastCancerNKI’ version ‘1.50.0’
** using staged installation
** data
** help
*** installing help indices
** building package indices
** testing if installed package can be loaded from temporary location
** testing if installed package can be loaded from final location
** testing if installed package keeps a record of temporary installation path
* SHA256 sums
* creating tarball
packaged installation of ‘breastCancerNKI’ as ‘breastCancerNKI_1.50.0_R_x86_64-pc-linux-gnu.tar.gz’
* DONE (breastCancerNKI)
* installing *source* package ‘genefu’ ...
** this is package ‘genefu’ version ‘2.44.0’
** using staged installation
** R
** data
** inst
** byte-compile and prepare package for lazy loading
Warning: replacing previous import ‘limma::logsumexp’ by ‘mclust::logsumexp’ when loading ‘genefu’
** help
*** installing help indices
** building package indices
** installing vignettes
** testing if installed package can be loaded from temporary location
Warning: replacing previous import ‘limma::logsumexp’ by ‘mclust::logsumexp’ when loading ‘genefu’
** testing if installed package can be loaded from final location
Warning: replacing previous import ‘limma::logsumexp’ by ‘mclust::logsumexp’ when loading ‘genefu’
** testing if installed package keeps a record of temporary installation path
* SHA256 sums
* creating tarball
packaged installation of ‘genefu’ as ‘genefu_2.44.0_R_x86_64-pc-linux-gnu.tar.gz’
* DONE (genefu)

The downloaded source packages are in
	‘/tmp/RtmpO7l0nE/downloaded_packages’
Old packages: 'httr2', 'pak', 'pkgdown', 'urlchecker', 'xfun', 'zip', 'MASS',
  'nlme', 'survival'

real	0m43.375s
user	0m31.671s
sys	0m6.007s
