+ Rscript -e 'Sys.setenv(BIOCONDUCTOR_USE_CONTAINER_REPOSITORY=FALSE);
  p <- .libPaths();
  p <- c('\''/tmp/library'\'', '\''/mnt/library'\'', p);
  .libPaths(p);
  if(BiocManager::install('\''GSEABenchmarkeR'\'', INSTALL_opts = '\''--build'\'', update = TRUE, quiet = FALSE, dependencies=TRUE, force = TRUE, keep_outputs = TRUE) %in% rownames(installed.packages())) q(status = 0) else q(status = 1)'
'getOption("repos")' replaces Bioconductor standard repositories, see
'help("repositories", package = "BiocManager")' for details.
Replacement repositories:
    CRAN: https://p3m.dev/cran/__linux__/noble/latest
Bioconductor version 3.24 (BiocManager 1.30.27), R 4.6.1 (2026-06-24)
Installing package(s) 'GSEABenchmarkeR'
also installing the dependency ‘GSE62944’

trying URL 'https://bioconductor.org/packages/3.24/data/experiment/src/contrib/GSE62944_1.41.0.tar.gz'
trying URL 'https://bioconductor.org/packages/3.24/bioc/src/contrib/GSEABenchmarkeR_1.33.1.tar.gz'
* installing *source* package ‘GSE62944’ ...
** this is package ‘GSE62944’ version ‘1.41.0’
** using staged installation
** inst
** help
*** installing help indices
** building package indices
** installing vignettes
** testing if installed package can be loaded from temporary location
** testing if installed package can be loaded from final location
** testing if installed package keeps a record of temporary installation path
* SHA256 sums
* creating tarball
packaged installation of ‘GSE62944’ as ‘GSE62944_1.41.0_R_x86_64-pc-linux-gnu.tar.gz’
* DONE (GSE62944)
* installing *source* package ‘GSEABenchmarkeR’ ...
** this is package ‘GSEABenchmarkeR’ version ‘1.33.1’
** package ‘GSEABenchmarkeR’ successfully unpacked and MD5 sums checked
** using staged installation
** R
** inst
** byte-compile and prepare package for lazy loading
** help
*** installing help indices
** building package indices
** installing vignettes
** testing if installed package can be loaded from temporary location
** testing if installed package can be loaded from final location
** testing if installed package keeps a record of temporary installation path
* SHA256 sums
* creating tarball
packaged installation of ‘GSEABenchmarkeR’ as ‘GSEABenchmarkeR_1.33.1_R_x86_64-pc-linux-gnu.tar.gz’
* DONE (GSEABenchmarkeR)

The downloaded source packages are in
	‘/tmp/RtmpvHB8bU/downloaded_packages’

real	0m47.553s
user	0m35.524s
sys	0m6.535s
