+ Rscript -e 'Sys.setenv(BIOCONDUCTOR_USE_CONTAINER_REPOSITORY=FALSE);
  p <- .libPaths();
  p <- c('\''/tmp/library'\'', '\''/mnt/library'\'', p);
  .libPaths(p);
  if(BiocManager::install('\''sangeranalyseR'\'', INSTALL_opts = '\''--build'\'', update = TRUE, quiet = FALSE, dependencies=TRUE, force = TRUE, keep_outputs = TRUE) %in% rownames(installed.packages())) q(status = 0) else q(status = 1)'
'getOption("repos")' replaces Bioconductor standard repositories, see
'help("repositories", package = "BiocManager")' for details.
Replacement repositories:
    CRAN: https://p3m.dev/cran/__linux__/noble/latest
Bioconductor version 3.24 (BiocManager 1.30.27), R 4.6.1 (2026-06-24)
Installing package(s) 'sangeranalyseR'
also installing the dependency ‘excelR’

trying URL 'https://p3m.dev/cran/__linux__/noble/latest/src/contrib/excelR_0.4.0.tar.gz'
trying URL 'https://bioconductor.org/packages/3.24/bioc/src/contrib/sangeranalyseR_1.23.0.tar.gz'
* installing *binary* package ‘excelR’ ...
* package ‘excelR’ successfully unpacked and SHA256 sums checked
* ‘excelR’ was already a binary package and will not be rebuilt
* SHA256 sums
* creating tarball
packaged installation of ‘excelR’ as ‘excelR_0.4.0_R_x86_64-pc-linux-gnu.tar.gz’
* DONE (excelR)
* installing *source* package ‘sangeranalyseR’ ...
** this is package ‘sangeranalyseR’ version ‘1.23.0’
** package ‘sangeranalyseR’ successfully unpacked and MD5 sums checked
** using staged installation
** R
** data
** inst
** byte-compile and prepare package for lazy loading
Note: wrong number of arguments to '==' 
** help
*** installing help indices
** building package indices
** installing vignettes
** testing if installed package can be loaded from temporary location
** testing if installed package can be loaded from final location
** testing if installed package keeps a record of temporary installation path
* SHA256 sums
* creating tarball
packaged installation of ‘sangeranalyseR’ as ‘sangeranalyseR_1.23.0_R_x86_64-pc-linux-gnu.tar.gz’
* DONE (sangeranalyseR)

The downloaded source packages are in
	‘/tmp/RtmpqZT5CO/downloaded_packages’

real	0m40.211s
user	0m25.824s
sys	0m4.984s
