+ Rscript -e 'Sys.setenv(BIOCONDUCTOR_USE_CONTAINER_REPOSITORY=FALSE);
  p <- .libPaths();
  p <- c('\''/tmp/library'\'', '\''/mnt/library'\'', p);
  .libPaths(p);
  if(BiocManager::install('\''HIBAG'\'', INSTALL_opts = '\''--build'\'', update = TRUE, quiet = FALSE, dependencies=TRUE, force = TRUE, keep_outputs = TRUE) %in% rownames(installed.packages())) q(status = 0) else q(status = 1)'
'getOption("repos")' replaces Bioconductor standard repositories, see
'help("repositories", package = "BiocManager")' for details.
Replacement repositories:
    CRAN: https://p3m.dev/cran/__linux__/noble/latest
Bioconductor version 3.23 (BiocManager 1.30.27), R 4.6.1 (2026-06-24)
Installing package(s) 'HIBAG'
also installing the dependency ‘SeqArray’

trying URL 'https://bioconductor.org/packages/3.23/bioc/src/contrib/SeqArray_1.52.1.tar.gz'
trying URL 'https://bioconductor.org/packages/3.23/bioc/src/contrib/HIBAG_1.48.1.tar.gz'
* installing *source* package ‘SeqArray’ ...
** this is package ‘SeqArray’ version ‘1.52.1’
** using staged installation
** libs
using C compiler: ‘gcc (Ubuntu 13.3.0-6ubuntu2~24.04.1) 13.3.0’
using C++ compiler: ‘g++ (Ubuntu 13.3.0-6ubuntu2~24.04.1) 13.3.0’
g++ -std=gnu++20 -I"/usr/local/lib/R/include" -DNDEBUG -DUSING_R -I'/mnt/library/gdsfmt/include' -I/usr/local/include    -fpic  -g -O2 -fstack-protector-strong -Wformat -Werror=format-security -Wdate-time -D_FORTIFY_SOURCE=2 -g   -c ConvGDS2VCF.cpp -o ConvGDS2VCF.o
g++ -std=gnu++20 -I"/usr/local/lib/R/include" -DNDEBUG -DUSING_R -I'/mnt/library/gdsfmt/include' -I/usr/local/include    -fpic  -g -O2 -fstack-protector-strong -Wformat -Werror=format-security -Wdate-time -D_FORTIFY_SOURCE=2 -g   -c ConvToGDS.cpp -o ConvToGDS.o
g++ -std=gnu++20 -I"/usr/local/lib/R/include" -DNDEBUG -DUSING_R -I'/mnt/library/gdsfmt/include' -I/usr/local/include    -fpic  -g -O2 -fstack-protector-strong -Wformat -Werror=format-security -Wdate-time -D_FORTIFY_SOURCE=2 -g   -c ConvVCF2GDS.cpp -o ConvVCF2GDS.o
g++ -std=gnu++20 -I"/usr/local/lib/R/include" -DNDEBUG -DUSING_R -I'/mnt/library/gdsfmt/include' -I/usr/local/include    -fpic  -g -O2 -fstack-protector-strong -Wformat -Werror=format-security -Wdate-time -D_FORTIFY_SOURCE=2 -g   -c FileMerge.cpp -o FileMerge.o
g++ -std=gnu++20 -I"/usr/local/lib/R/include" -DNDEBUG -DUSING_R -I'/mnt/library/gdsfmt/include' -I/usr/local/include    -fpic  -g -O2 -fstack-protector-strong -Wformat -Werror=format-security -Wdate-time -D_FORTIFY_SOURCE=2 -g   -c GetData.cpp -o GetData.o
g++ -std=gnu++20 -I"/usr/local/lib/R/include" -DNDEBUG -DUSING_R -I'/mnt/library/gdsfmt/include' -I/usr/local/include    -fpic  -g -O2 -fstack-protector-strong -Wformat -Werror=format-security -Wdate-time -D_FORTIFY_SOURCE=2 -g   -c Index.cpp -o Index.o
g++ -std=gnu++20 -I"/usr/local/lib/R/include" -DNDEBUG -DUSING_R -I'/mnt/library/gdsfmt/include' -I/usr/local/include    -fpic  -g -O2 -fstack-protector-strong -Wformat -Werror=format-security -Wdate-time -D_FORTIFY_SOURCE=2 -g   -c LinkSNPRelate.cpp -o LinkSNPRelate.o
g++ -std=gnu++20 -I"/usr/local/lib/R/include" -DNDEBUG -DUSING_R -I'/mnt/library/gdsfmt/include' -I/usr/local/include    -fpic  -g -O2 -fstack-protector-strong -Wformat -Werror=format-security -Wdate-time -D_FORTIFY_SOURCE=2 -g   -c Methods.cpp -o Methods.o
gcc -std=gnu2x -I"/usr/local/lib/R/include" -DNDEBUG -DUSING_R -I'/mnt/library/gdsfmt/include' -I/usr/local/include    -fpic  -g -O2 -fstack-protector-strong -Wformat -Werror=format-security -Wdate-time -D_FORTIFY_SOURCE=2 -g  -c R_SeqArray.c -o R_SeqArray.o
g++ -std=gnu++20 -I"/usr/local/lib/R/include" -DNDEBUG -DUSING_R -I'/mnt/library/gdsfmt/include' -I/usr/local/include    -fpic  -g -O2 -fstack-protector-strong -Wformat -Werror=format-security -Wdate-time -D_FORTIFY_SOURCE=2 -g   -c ReadBySample.cpp -o ReadBySample.o
g++ -std=gnu++20 -I"/usr/local/lib/R/include" -DNDEBUG -DUSING_R -I'/mnt/library/gdsfmt/include' -I/usr/local/include    -fpic  -g -O2 -fstack-protector-strong -Wformat -Werror=format-security -Wdate-time -D_FORTIFY_SOURCE=2 -g   -c ReadByUnit.cpp -o ReadByUnit.o
g++ -std=gnu++20 -I"/usr/local/lib/R/include" -DNDEBUG -DUSING_R -I'/mnt/library/gdsfmt/include' -I/usr/local/include    -fpic  -g -O2 -fstack-protector-strong -Wformat -Werror=format-security -Wdate-time -D_FORTIFY_SOURCE=2 -g   -c ReadByVariant.cpp -o ReadByVariant.o
g++ -std=gnu++20 -I"/usr/local/lib/R/include" -DNDEBUG -DUSING_R -I'/mnt/library/gdsfmt/include' -I/usr/local/include    -fpic  -g -O2 -fstack-protector-strong -Wformat -Werror=format-security -Wdate-time -D_FORTIFY_SOURCE=2 -g   -c SeqArray.cpp -o SeqArray.o
g++ -std=gnu++20 -I"/usr/local/lib/R/include" -DNDEBUG -DUSING_R -I'/mnt/library/gdsfmt/include' -I/usr/local/include    -fpic  -g -O2 -fstack-protector-strong -Wformat -Werror=format-security -Wdate-time -D_FORTIFY_SOURCE=2 -g   -c pkg_test.cpp -o pkg_test.o
gcc -std=gnu2x -I"/usr/local/lib/R/include" -DNDEBUG -DUSING_R -I'/mnt/library/gdsfmt/include' -I/usr/local/include    -fpic  -g -O2 -fstack-protector-strong -Wformat -Werror=format-security -Wdate-time -D_FORTIFY_SOURCE=2 -g  -c samtools_ext.c -o samtools_ext.o
g++ -std=gnu++20 -I"/usr/local/lib/R/include" -DNDEBUG -DUSING_R -I'/mnt/library/gdsfmt/include' -I/usr/local/include    -fpic  -g -O2 -fstack-protector-strong -Wformat -Werror=format-security -Wdate-time -D_FORTIFY_SOURCE=2 -g   -c vectorization.cpp -o vectorization.o
g++ -std=gnu++20 -shared -L/usr/local/lib/R/lib -L/usr/local/lib -o SeqArray.so ConvGDS2VCF.o ConvToGDS.o ConvVCF2GDS.o FileMerge.o GetData.o Index.o LinkSNPRelate.o Methods.o R_SeqArray.o ReadBySample.o ReadByUnit.o ReadByVariant.o SeqArray.o pkg_test.o samtools_ext.o vectorization.o -L/usr/local/lib/R/lib -lR
installing to /tmp/library/00LOCK-SeqArray/00new/SeqArray/libs
** R
** data
*** moving datasets to lazyload DB
** inst
** byte-compile and prepare package for lazy loading
** help
*** installing help indices
** building package indices
** installing vignettes
** testing if installed package can be loaded from temporary location
** checking absolute paths in shared objects and dynamic libraries
** testing if installed package can be loaded from final location
** testing if installed package keeps a record of temporary installation path
* SHA256 sums
* creating tarball
packaged installation of ‘SeqArray’ as ‘SeqArray_1.52.1_R_x86_64-pc-linux-gnu.tar.gz’
* DONE (SeqArray)
* installing *source* package ‘HIBAG’ ...
** this is package ‘HIBAG’ version ‘1.48.1’
** using staged installation
** libs
specified C++11
using C compiler: ‘gcc (Ubuntu 13.3.0-6ubuntu2~24.04.1) 13.3.0’
using C++ compiler: ‘g++ (Ubuntu 13.3.0-6ubuntu2~24.04.1) 13.3.0’
g++ -std=gnu++20 -I"/usr/local/lib/R/include" -DNDEBUG -I../inst/include -I'/mnt/library/RcppParallel/include' -I/usr/local/include    -fpic  -g -O2 -fstack-protector-strong -Wformat -Werror=format-security -Wdate-time -D_FORTIFY_SOURCE=2 -g   -c HIBAG.cpp -o HIBAG.o
g++ -std=gnu++20 -I"/usr/local/lib/R/include" -DNDEBUG -I../inst/include -I'/mnt/library/RcppParallel/include' -I/usr/local/include    -fpic  -g -O2 -fstack-protector-strong -Wformat -Werror=format-security -Wdate-time -D_FORTIFY_SOURCE=2 -g   -c LibHLA.cpp -o LibHLA.o
g++ -std=gnu++20 -I"/usr/local/lib/R/include" -DNDEBUG -I../inst/include -I'/mnt/library/RcppParallel/include' -I/usr/local/include    -fpic  -g -O2 -fstack-protector-strong -Wformat -Werror=format-security -Wdate-time -D_FORTIFY_SOURCE=2 -g   -c LibHLA_ext_avx.cpp -o LibHLA_ext_avx.o
g++ -std=gnu++20 -I"/usr/local/lib/R/include" -DNDEBUG -I../inst/include -I'/mnt/library/RcppParallel/include' -I/usr/local/include    -fpic  -g -O2 -fstack-protector-strong -Wformat -Werror=format-security -Wdate-time -D_FORTIFY_SOURCE=2 -g   -c LibHLA_ext_avx2.cpp -o LibHLA_ext_avx2.o
g++ -std=gnu++20 -I"/usr/local/lib/R/include" -DNDEBUG -I../inst/include -I'/mnt/library/RcppParallel/include' -I/usr/local/include    -fpic  -g -O2 -fstack-protector-strong -Wformat -Werror=format-security -Wdate-time -D_FORTIFY_SOURCE=2 -g   -c LibHLA_ext_avx512bw.cpp -o LibHLA_ext_avx512bw.o
g++ -std=gnu++20 -I"/usr/local/lib/R/include" -DNDEBUG -I../inst/include -I'/mnt/library/RcppParallel/include' -I/usr/local/include    -fpic  -g -O2 -fstack-protector-strong -Wformat -Werror=format-security -Wdate-time -D_FORTIFY_SOURCE=2 -g   -c LibHLA_ext_avx512f.cpp -o LibHLA_ext_avx512f.o
g++ -std=gnu++20 -I"/usr/local/lib/R/include" -DNDEBUG -I../inst/include -I'/mnt/library/RcppParallel/include' -I/usr/local/include    -fpic  -g -O2 -fstack-protector-strong -Wformat -Werror=format-security -Wdate-time -D_FORTIFY_SOURCE=2 -g   -c LibHLA_ext_avx512vpopcnt.cpp -o LibHLA_ext_avx512vpopcnt.o
g++ -std=gnu++20 -I"/usr/local/lib/R/include" -DNDEBUG -I../inst/include -I'/mnt/library/RcppParallel/include' -I/usr/local/include    -fpic  -g -O2 -fstack-protector-strong -Wformat -Werror=format-security -Wdate-time -D_FORTIFY_SOURCE=2 -g   -c LibHLA_ext_sse2.cpp -o LibHLA_ext_sse2.o
g++ -std=gnu++20 -I"/usr/local/lib/R/include" -DNDEBUG -I../inst/include -I'/mnt/library/RcppParallel/include' -I/usr/local/include    -fpic  -g -O2 -fstack-protector-strong -Wformat -Werror=format-security -Wdate-time -D_FORTIFY_SOURCE=2 -g   -c LibHLA_ext_sse4_2.cpp -o LibHLA_ext_sse4_2.o
gcc -std=gnu2x -I"/usr/local/lib/R/include" -DNDEBUG -I../inst/include -I'/mnt/library/RcppParallel/include' -I/usr/local/include    -fpic  -g -O2 -fstack-protector-strong -Wformat -Werror=format-security -Wdate-time -D_FORTIFY_SOURCE=2 -g  -c samtools_ext.c -o samtools_ext.o
g++ -std=gnu++20 -shared -L/usr/local/lib/R/lib -L/usr/local/lib -o HIBAG.so HIBAG.o LibHLA.o LibHLA_ext_avx.o LibHLA_ext_avx2.o LibHLA_ext_avx512bw.o LibHLA_ext_avx512f.o LibHLA_ext_avx512vpopcnt.o LibHLA_ext_sse2.o LibHLA_ext_sse4_2.o samtools_ext.o -lgcc -L/usr/local/lib/R/lib -lR
installing to /tmp/library/00LOCK-HIBAG/00new/HIBAG/libs
** R
** data
*** moving datasets to lazyload DB
** inst
** byte-compile and prepare package for lazy loading
** help
*** installing help indices
** building package indices
** installing vignettes
** testing if installed package can be loaded from temporary location
** checking absolute paths in shared objects and dynamic libraries
** testing if installed package can be loaded from final location
** testing if installed package keeps a record of temporary installation path
* SHA256 sums
* creating tarball
packaged installation of ‘HIBAG’ as ‘HIBAG_1.48.1_R_x86_64-pc-linux-gnu.tar.gz’
* DONE (HIBAG)

The downloaded source packages are in
	‘/tmp/RtmpuYIu0Z/downloaded_packages’
Old packages: 'httr2', 'pak', 'pkgdown', 'urlchecker', 'xfun', 'zip', 'MASS',
  'nlme', 'survival'

real	1m21.773s
user	1m3.312s
sys	0m10.164s
