+ Rscript -e 'Sys.setenv(BIOCONDUCTOR_USE_CONTAINER_REPOSITORY=FALSE);
  p <- .libPaths();
  p <- c('\''/tmp/library'\'', '\''/mnt/library'\'', p);
  .libPaths(p);
  if(BiocManager::install('\''trackViewer'\'', INSTALL_opts = '\''--build'\'', update = TRUE, quiet = FALSE, dependencies=TRUE, force = TRUE, keep_outputs = TRUE) %in% rownames(installed.packages())) q(status = 0) else q(status = 1)'
'getOption("repos")' replaces Bioconductor standard repositories, see
'help("repositories", package = "BiocManager")' for details.
Replacement repositories:
    CRAN: https://p3m.dev/cran/__linux__/noble/latest
Bioconductor version 3.23 (BiocManager 1.30.27), R 4.6.1 (2026-06-24)
Installing package(s) 'trackViewer'
trying URL 'https://bioconductor.org/packages/3.23/bioc/src/contrib/trackViewer_1.48.0.tar.gz'
Content type 'application/x-gzip' length 11149184 bytes (10.6 MB)
==================================================
downloaded 10.6 MB

* installing *source* package ‘trackViewer’ ...
** this is package ‘trackViewer’ version ‘1.48.0’
** using staged installation
** R
** inst
** byte-compile and prepare package for lazy loading
** help
*** installing help indices
** building package indices
** installing vignettes
** testing if installed package can be loaded from temporary location
** testing if installed package can be loaded from final location
** testing if installed package keeps a record of temporary installation path
* SHA256 sums
* creating tarball
packaged installation of ‘trackViewer’ as ‘trackViewer_1.48.0_R_x86_64-pc-linux-gnu.tar.gz’
* DONE (trackViewer)

The downloaded source packages are in
	‘/tmp/RtmpYtGSpo/downloaded_packages’
Old packages: 'httr2', 'pak', 'pkgdown', 'urlchecker', 'xfun', 'zip', 'MASS',
  'nlme', 'survival'

real	1m50.342s
user	1m1.886s
sys	0m8.104s
