+ Rscript -e 'Sys.setenv(BIOCONDUCTOR_USE_CONTAINER_REPOSITORY=FALSE);
  p <- .libPaths();
  p <- c('\''/tmp/library'\'', '\''/mnt/library'\'', p);
  .libPaths(p);
  if(BiocManager::install('\''DOTSeq'\'', INSTALL_opts = '\''--build'\'', update = TRUE, quiet = FALSE, dependencies=TRUE, force = TRUE, keep_outputs = TRUE) %in% rownames(installed.packages())) q(status = 0) else q(status = 1)'
'getOption("repos")' replaces Bioconductor standard repositories, see
'help("repositories", package = "BiocManager")' for details.
Replacement repositories:
    CRAN: https://p3m.dev/cran/__linux__/noble/latest
Bioconductor version 3.23 (BiocManager 1.30.27), R 4.6.1 (2026-06-24)
Installing package(s) 'DOTSeq'
also installing the dependencies ‘qgam’, ‘DHARMa’

trying URL 'https://p3m.dev/cran/__linux__/noble/latest/src/contrib/qgam_2.0.0.tar.gz'
trying URL 'https://p3m.dev/cran/__linux__/noble/latest/src/contrib/DHARMa_0.5.0.tar.gz'
trying URL 'https://bioconductor.org/packages/3.23/bioc/src/contrib/DOTSeq_1.0.0.tar.gz'
* installing *binary* package ‘qgam’ ...
* package ‘qgam’ successfully unpacked and SHA256 sums checked
* ‘qgam’ was already a binary package and will not be rebuilt
* SHA256 sums
* creating tarball
packaged installation of ‘qgam’ as ‘qgam_2.0.0_R_x86_64-pc-linux-gnu.tar.gz’
* DONE (qgam)
* installing *source* package ‘DOTSeq’ ...
** this is package ‘DOTSeq’ version ‘1.0.0’
** using staged installation
** libs
using C++ compiler: ‘g++ (Ubuntu 13.3.0-6ubuntu2~24.04.1) 13.3.0’
g++ -std=gnu++20 -I"/usr/local/lib/R/include" -DNDEBUG  -I'/usr/local/lib/R/site-library/Rcpp/include' -I/usr/local/include    -fpic  -g -O2 -fstack-protector-strong -Wformat -Werror=format-security -Wdate-time -D_FORTIFY_SOURCE=2 -g   -c RcppExports.cpp -o RcppExports.o
g++ -std=gnu++20 -I"/usr/local/lib/R/include" -DNDEBUG  -I'/usr/local/lib/R/site-library/Rcpp/include' -I/usr/local/include    -fpic  -g -O2 -fstack-protector-strong -Wformat -Werror=format-security -Wdate-time -D_FORTIFY_SOURCE=2 -g   -c findORFsFasta.cpp -o findORFsFasta.o
g++ -std=gnu++20 -I"/usr/local/lib/R/include" -DNDEBUG  -I'/usr/local/lib/R/site-library/Rcpp/include' -I/usr/local/include    -fpic  -g -O2 -fstack-protector-strong -Wformat -Werror=format-security -Wdate-time -D_FORTIFY_SOURCE=2 -g   -c findORFsHelpers.cpp -o findORFsHelpers.o
g++ -std=gnu++20 -shared -L/usr/local/lib/R/lib -L/usr/local/lib -o DOTSeq.so RcppExports.o findORFsFasta.o findORFsHelpers.o -L/usr/local/lib/R/lib -lR
installing to /tmp/library/00LOCK-DOTSeq/00new/DOTSeq/libs
** R
** inst
** byte-compile and prepare package for lazy loading
** help
*** installing help indices
** building package indices
** installing vignettes
** testing if installed package can be loaded from temporary location
** checking absolute paths in shared objects and dynamic libraries
** testing if installed package can be loaded from final location
** testing if installed package keeps a record of temporary installation path
* SHA256 sums
* creating tarball
packaged installation of ‘DOTSeq’ as ‘DOTSeq_1.0.0_R_x86_64-pc-linux-gnu.tar.gz’
* DONE (DOTSeq)
* installing *binary* package ‘DHARMa’ ...
* package ‘DHARMa’ successfully unpacked and SHA256 sums checked
* ‘DHARMa’ was already a binary package and will not be rebuilt
* SHA256 sums
* creating tarball
packaged installation of ‘DHARMa’ as ‘DHARMa_0.5.0_R_x86_64-pc-linux-gnu.tar.gz’
* DONE (DHARMa)

The downloaded source packages are in
	‘/tmp/RtmpZPS1sL/downloaded_packages’
Old packages: 'httr2', 'pak', 'pkgdown', 'urlchecker', 'xfun', 'zip', 'MASS',
  'nlme', 'survival'

real	1m19.978s
user	1m0.432s
sys	0m8.504s
