+ Rscript -e 'Sys.setenv(BIOCONDUCTOR_USE_CONTAINER_REPOSITORY=FALSE);
  p <- .libPaths();
  p <- c('\''/tmp/library'\'', '\''/mnt/library'\'', p);
  .libPaths(p);
  if(BiocManager::install('\''memes'\'', INSTALL_opts = '\''--build'\'', update = TRUE, quiet = FALSE, dependencies=TRUE, force = TRUE, keep_outputs = TRUE) %in% rownames(installed.packages())) q(status = 0) else q(status = 1)'
'getOption("repos")' replaces Bioconductor standard repositories, see
'help("repositories", package = "BiocManager")' for details.
Replacement repositories:
    CRAN: https://p3m.dev/cran/__linux__/noble/latest
Bioconductor version 3.24 (BiocManager 1.30.27), R 4.6.1 (2026-06-24)
Installing package(s) 'memes'
also installing the dependencies ‘BWStest’, ‘PMCMRplus’

trying URL 'https://p3m.dev/cran/__linux__/noble/latest/src/contrib/BWStest_0.2.3.tar.gz'
trying URL 'https://p3m.dev/cran/__linux__/noble/latest/src/contrib/PMCMRplus_1.9.12.tar.gz'
trying URL 'https://bioconductor.org/packages/3.24/bioc/src/contrib/memes_1.21.0.tar.gz'
* installing *binary* package ‘BWStest’ ...
* package ‘BWStest’ successfully unpacked and SHA256 sums checked
* ‘BWStest’ was already a binary package and will not be rebuilt
* SHA256 sums
* creating tarball
packaged installation of ‘BWStest’ as ‘BWStest_0.2.3_R_x86_64-pc-linux-gnu.tar.gz’
* DONE (BWStest)
* installing *source* package ‘memes’ ...
** this is package ‘memes’ version ‘1.21.0’
** package ‘memes’ successfully unpacked and MD5 sums checked
** using staged installation
** R
** data
*** moving datasets to lazyload DB
** inst
** byte-compile and prepare package for lazy loading
** help
*** installing help indices
*** copying figures
** building package indices
** installing vignettes
** testing if installed package can be loaded from temporary location
** testing if installed package can be loaded from final location
** testing if installed package keeps a record of temporary installation path
* SHA256 sums
* creating tarball
packaged installation of ‘memes’ as ‘memes_1.21.0_R_x86_64-pc-linux-gnu.tar.gz’
* DONE (memes)
* installing *binary* package ‘PMCMRplus’ ...
* package ‘PMCMRplus’ successfully unpacked and SHA256 sums checked
* ‘PMCMRplus’ was already a binary package and will not be rebuilt
* SHA256 sums
* creating tarball
packaged installation of ‘PMCMRplus’ as ‘PMCMRplus_1.9.12_R_x86_64-pc-linux-gnu.tar.gz’
* DONE (PMCMRplus)

The downloaded source packages are in
	‘/tmp/RtmpsFbHtP/downloaded_packages’
Old packages: 'diffobj'

real	0m23.756s
user	0m18.131s
sys	0m3.981s
