+ Rscript -e 'Sys.setenv(BIOCONDUCTOR_USE_CONTAINER_REPOSITORY=FALSE);
  p <- .libPaths();
  p <- c('\''/tmp/library'\'', '\''/mnt/library'\'', p);
  .libPaths(p);
  if(BiocManager::install('\''biovizBase'\'', INSTALL_opts = '\''--build'\'', update = TRUE, quiet = FALSE, dependencies=TRUE, force = TRUE, keep_outputs = TRUE) %in% rownames(installed.packages())) q(status = 0) else q(status = 1)'
'getOption("repos")' replaces Bioconductor standard repositories, see
'help("repositories", package = "BiocManager")' for details.
Replacement repositories:
    CRAN: https://p3m.dev/cran/__linux__/noble/latest
Bioconductor version 3.24 (BiocManager 1.30.27), R 4.6.1 (2026-06-24)
Installing package(s) 'biovizBase'
trying URL 'https://bioconductor.org/packages/3.24/bioc/src/contrib/biovizBase_1.61.0.tar.gz'
Content type 'application/x-gzip' length 2517459 bytes (2.4 MB)
==================================================
downloaded 2.4 MB

* installing *source* package ‘biovizBase’ ...
** this is package ‘biovizBase’ version ‘1.61.0’
** package ‘biovizBase’ successfully unpacked and MD5 sums checked
** using staged installation
** libs
using C compiler: ‘gcc (Ubuntu 13.3.0-6ubuntu2~24.04.1) 13.3.0’
gcc -std=gnu2x -I"/usr/local/lib/R/include" -DNDEBUG   -I/usr/local/include    -fpic  -g -O2 -fstack-protector-strong -Wformat -Werror=format-security -Wdate-time -D_FORTIFY_SOURCE=2 -g  -c R_init_biovizBase.c -o R_init_biovizBase.o
gcc -std=gnu2x -I"/usr/local/lib/R/include" -DNDEBUG   -I/usr/local/include    -fpic  -g -O2 -fstack-protector-strong -Wformat -Werror=format-security -Wdate-time -D_FORTIFY_SOURCE=2 -g  -c bin_offsets.c -o bin_offsets.o
gcc -std=gnu2x -shared -L/usr/local/lib/R/lib -L/usr/local/lib -o biovizBase.so R_init_biovizBase.o bin_offsets.o -L/usr/local/lib/R/lib -lR
installing to /tmp/library/00LOCK-biovizBase/00new/biovizBase/libs
** R
** data
*** moving datasets to lazyload DB
** inst
** byte-compile and prepare package for lazy loading
** help
*** installing help indices
** building package indices
** installing vignettes
** testing if installed package can be loaded from temporary location
** checking absolute paths in shared objects and dynamic libraries
** testing if installed package can be loaded from final location
** testing if installed package keeps a record of temporary installation path
* SHA256 sums
* creating tarball
packaged installation of ‘biovizBase’ as ‘biovizBase_1.61.0_R_x86_64-pc-linux-gnu.tar.gz’
* DONE (biovizBase)

The downloaded source packages are in
	‘/tmp/Rtmp6hSnou/downloaded_packages’

real	1m18.701s
user	0m48.310s
sys	0m6.684s
