+ Rscript -e 'Sys.setenv(BIOCONDUCTOR_USE_CONTAINER_REPOSITORY=FALSE);
  p <- .libPaths();
  p <- c('\''/tmp/library'\'', '\''/mnt/library'\'', p);
  .libPaths(p);
  if(BiocManager::install('\''GSEAlm'\'', INSTALL_opts = '\''--build'\'', update = TRUE, quiet = FALSE, dependencies=TRUE, force = TRUE, keep_outputs = TRUE) %in% rownames(installed.packages())) q(status = 0) else q(status = 1)'
'getOption("repos")' replaces Bioconductor standard repositories, see
'help("repositories", package = "BiocManager")' for details.
Replacement repositories:
    CRAN: https://p3m.dev/cran/__linux__/noble/latest
Bioconductor version 3.24 (BiocManager 1.30.27), R 4.6.1 (2026-06-24)
Installing package(s) 'GSEAlm'
also installing the dependencies ‘Category’, ‘GOstats’

trying URL 'https://bioconductor.org/packages/3.24/bioc/src/contrib/Category_2.79.0.tar.gz'
trying URL 'https://bioconductor.org/packages/3.24/bioc/src/contrib/GOstats_2.79.0.tar.gz'
trying URL 'https://bioconductor.org/packages/3.24/bioc/src/contrib/GSEAlm_1.73.0.tar.gz'
* installing *source* package ‘Category’ ...
** this is package ‘Category’ version ‘2.79.0’
** package ‘Category’ successfully unpacked and MD5 sums checked
** using staged installation
** R
** inst
** byte-compile and prepare package for lazy loading
** help
*** installing help indices
** building package indices
** installing vignettes
** testing if installed package can be loaded from temporary location
** testing if installed package can be loaded from final location
** testing if installed package keeps a record of temporary installation path
* SHA256 sums
* creating tarball
packaged installation of ‘Category’ as ‘Category_2.79.0_R_x86_64-pc-linux-gnu.tar.gz’
* DONE (Category)
* installing *source* package ‘GSEAlm’ ...
** this is package ‘GSEAlm’ version ‘1.73.0’
** package ‘GSEAlm’ successfully unpacked and MD5 sums checked
** using staged installation
** R
** inst
** byte-compile and prepare package for lazy loading
** help
*** installing help indices
** building package indices
** installing vignettes
** testing if installed package can be loaded from temporary location
** testing if installed package can be loaded from final location
** testing if installed package keeps a record of temporary installation path
* SHA256 sums
* creating tarball
packaged installation of ‘GSEAlm’ as ‘GSEAlm_1.73.0_R_x86_64-pc-linux-gnu.tar.gz’
* DONE (GSEAlm)
* installing *source* package ‘GOstats’ ...
** this is package ‘GOstats’ version ‘2.79.0’
** package ‘GOstats’ successfully unpacked and MD5 sums checked
** using staged installation
** R
** data
** inst
** byte-compile and prepare package for lazy loading
** help
*** installing help indices
** building package indices
** installing vignettes
** testing if installed package can be loaded from temporary location
** testing if installed package can be loaded from final location
** testing if installed package keeps a record of temporary installation path
* SHA256 sums
* creating tarball
packaged installation of ‘GOstats’ as ‘GOstats_2.79.0_R_x86_64-pc-linux-gnu.tar.gz’
* DONE (GOstats)

The downloaded source packages are in
	‘/tmp/Rtmp7JkPwc/downloaded_packages’
Old packages: 'diffobj'

real	0m52.321s
user	0m44.446s
sys	0m7.267s
