+ Rscript -e 'Sys.setenv(BIOCONDUCTOR_USE_CONTAINER_REPOSITORY=FALSE);
  p <- .libPaths();
  p <- c('\''/tmp/library'\'', '\''/mnt/library'\'', p);
  .libPaths(p);
  if(BiocManager::install('\''reconsi'\'', INSTALL_opts = '\''--build'\'', update = TRUE, quiet = FALSE, dependencies=TRUE, force = TRUE, keep_outputs = TRUE) %in% rownames(installed.packages())) q(status = 0) else q(status = 1)'
'getOption("repos")' replaces Bioconductor standard repositories, see
'help("repositories", package = "BiocManager")' for details.
Replacement repositories:
    CRAN: https://p3m.dev/cran/__linux__/noble/latest
Bioconductor version 3.24 (BiocManager 1.30.27), R 4.6.1 (2026-06-24)
Installing package(s) 'reconsi'
trying URL 'https://bioconductor.org/packages/3.24/bioc/src/contrib/reconsi_1.25.0.tar.gz'
Content type 'application/x-gzip' length 130098 bytes (127 KB)
==================================================
downloaded 127 KB

* installing *source* package ‘reconsi’ ...
** this is package ‘reconsi’ version ‘1.25.0’
** package ‘reconsi’ successfully unpacked and MD5 sums checked
** using staged installation
** R
** data
*** moving datasets to lazyload DB
** inst
** byte-compile and prepare package for lazy loading
** help
*** installing help indices
** building package indices
** installing vignettes
** testing if installed package can be loaded from temporary location
** testing if installed package can be loaded from final location
** testing if installed package keeps a record of temporary installation path
* SHA256 sums
* creating tarball
packaged installation of ‘reconsi’ as ‘reconsi_1.25.0_R_x86_64-pc-linux-gnu.tar.gz’
* DONE (reconsi)

The downloaded source packages are in
	‘/tmp/RtmpL0fp27/downloaded_packages’

real	0m26.823s
user	0m20.524s
sys	0m4.224s
