+ Rscript -e 'Sys.setenv(BIOCONDUCTOR_USE_CONTAINER_REPOSITORY=FALSE);
  p <- .libPaths();
  p <- c('\''/tmp/library'\'', '\''/mnt/library'\'', p);
  .libPaths(p);
  if(BiocManager::install('\''gDRutils'\'', INSTALL_opts = '\''--build'\'', update = TRUE, quiet = FALSE, dependencies=TRUE, force = TRUE, keep_outputs = TRUE) %in% rownames(installed.packages())) q(status = 0) else q(status = 1)'
'getOption("repos")' replaces Bioconductor standard repositories, see
'help("repositories", package = "BiocManager")' for details.
Replacement repositories:
    CRAN: https://p3m.dev/cran/__linux__/noble/latest
Bioconductor version 3.24 (BiocManager 1.30.27), R 4.6.1 (2026-06-24)
Installing package(s) 'gDRutils'
also installing the dependency ‘gDRtestData’

trying URL 'https://bioconductor.org/packages/3.24/data/experiment/src/contrib/gDRtestData_1.11.7.tar.gz'
trying URL 'https://bioconductor.org/packages/3.24/bioc/src/contrib/gDRutils_1.11.4.tar.gz'
* installing *source* package ‘gDRtestData’ ...
** this is package ‘gDRtestData’ version ‘1.11.7’
** using staged installation
** R
** inst
** byte-compile and prepare package for lazy loading
** help
*** installing help indices
** building package indices
** installing vignettes
** testing if installed package can be loaded from temporary location
** testing if installed package can be loaded from final location
** testing if installed package keeps a record of temporary installation path
* SHA256 sums
* creating tarball
packaged installation of ‘gDRtestData’ as ‘gDRtestData_1.11.7_R_x86_64-pc-linux-gnu.tar.gz’
* DONE (gDRtestData)
* installing *source* package ‘gDRutils’ ...
** this is package ‘gDRutils’ version ‘1.11.4’
** package ‘gDRutils’ successfully unpacked and MD5 sums checked
** using staged installation
** R
** inst
** byte-compile and prepare package for lazy loading
** help
*** installing help indices
** building package indices
** installing vignettes
** testing if installed package can be loaded from temporary location
** testing if installed package can be loaded from final location
** testing if installed package keeps a record of temporary installation path
* SHA256 sums
* creating tarball
packaged installation of ‘gDRutils’ as ‘gDRutils_1.11.4_R_x86_64-pc-linux-gnu.tar.gz’
* DONE (gDRutils)

The downloaded source packages are in
	‘/tmp/RtmpGWayBh/downloaded_packages’

real	0m40.869s
user	0m28.471s
sys	0m5.531s
