+ Rscript -e 'Sys.setenv(BIOCONDUCTOR_USE_CONTAINER_REPOSITORY=FALSE);
  p <- .libPaths();
  p <- c('\''/tmp/library'\'', '\''/mnt/library'\'', p);
  .libPaths(p);
  if(BiocManager::install('\''TADCompare'\'', INSTALL_opts = '\''--build'\'', update = TRUE, quiet = FALSE, dependencies=TRUE, force = TRUE, keep_outputs = TRUE) %in% rownames(installed.packages())) q(status = 0) else q(status = 1)'
'getOption("repos")' replaces Bioconductor standard repositories, see
'help("repositories", package = "BiocManager")' for details.
Replacement repositories:
    CRAN: https://p3m.dev/cran/__linux__/noble/latest
Bioconductor version 3.24 (BiocManager 1.30.27), R 4.6.1 (2026-06-24)
Installing package(s) 'TADCompare'
Warning: dependency ‘PRIMME’ is not available
also installing the dependency ‘SpectralTAD’

trying URL 'https://bioconductor.org/packages/3.24/bioc/src/contrib/SpectralTAD_1.29.0.tar.gz'
trying URL 'https://bioconductor.org/packages/3.24/bioc/src/contrib/TADCompare_1.23.0.tar.gz'
ERROR: dependency ‘PRIMME’ is not available for package ‘SpectralTAD’
Perhaps try a variation of:
install.packages('PRIMME')
* removing ‘/tmp/library/SpectralTAD’
ERROR: dependency ‘PRIMME’ is not available for package ‘TADCompare’
Perhaps try a variation of:
install.packages('PRIMME')
* removing ‘/tmp/library/TADCompare’

The downloaded source packages are in
	‘/tmp/Rtmp2Piu2x/downloaded_packages’
Warning messages:
1: In install.packages(...) :
  installation of package ‘SpectralTAD’ had non-zero exit status
2: In install.packages(...) :
  installation of package ‘TADCompare’ had non-zero exit status

real	0m25.486s
user	0m9.269s
sys	0m3.239s
