+ Rscript -e 'Sys.setenv(BIOCONDUCTOR_USE_CONTAINER_REPOSITORY=FALSE);
  p <- .libPaths();
  p <- c('\''/tmp/library'\'', '\''/mnt/library'\'', p);
  .libPaths(p);
  if(BiocManager::install('\''plotGrouper'\'', INSTALL_opts = '\''--build'\'', update = TRUE, quiet = FALSE, dependencies=TRUE, force = TRUE, keep_outputs = TRUE) %in% rownames(installed.packages())) q(status = 0) else q(status = 1)'
'getOption("repos")' replaces Bioconductor standard repositories, see
'help("repositories", package = "BiocManager")' for details.
Replacement repositories:
    CRAN: https://p3m.dev/cran/__linux__/noble/latest
Bioconductor version 3.24 (BiocManager 1.30.27), R 4.6.1 (2026-06-24)
Installing package(s) 'plotGrouper'
also installing the dependencies ‘egg’, ‘colourpicker’

trying URL 'https://p3m.dev/cran/__linux__/noble/latest/src/contrib/egg_0.4.5.tar.gz'
trying URL 'https://p3m.dev/cran/__linux__/noble/latest/src/contrib/colourpicker_1.3.0.tar.gz'
trying URL 'https://bioconductor.org/packages/3.24/bioc/src/contrib/plotGrouper_1.31.0.tar.gz'
* installing *binary* package ‘egg’ ...
* package ‘egg’ successfully unpacked and SHA256 sums checked
* ‘egg’ was already a binary package and will not be rebuilt
* SHA256 sums
* creating tarball
packaged installation of ‘egg’ as ‘egg_0.4.5_R_x86_64-pc-linux-gnu.tar.gz’
* DONE (egg)
* installing *binary* package ‘colourpicker’ ...
* package ‘colourpicker’ successfully unpacked and SHA256 sums checked
* ‘colourpicker’ was already a binary package and will not be rebuilt
* SHA256 sums
* creating tarball
packaged installation of ‘colourpicker’ as ‘colourpicker_1.3.0_R_x86_64-pc-linux-gnu.tar.gz’
* DONE (colourpicker)
* installing *source* package ‘plotGrouper’ ...
** this is package ‘plotGrouper’ version ‘1.31.0’
** package ‘plotGrouper’ successfully unpacked and MD5 sums checked
** using staged installation
** R
** inst
** byte-compile and prepare package for lazy loading
** help
*** installing help indices
** building package indices
** installing vignettes
** testing if installed package can be loaded from temporary location
** testing if installed package can be loaded from final location
** testing if installed package keeps a record of temporary installation path
* SHA256 sums
* creating tarball
packaged installation of ‘plotGrouper’ as ‘plotGrouper_1.31.0_R_x86_64-pc-linux-gnu.tar.gz’
* DONE (plotGrouper)

The downloaded source packages are in
	‘/tmp/RtmptZjyOH/downloaded_packages’

real	0m29.700s
user	0m8.679s
sys	0m3.227s
