+ Rscript -e 'Sys.setenv(BIOCONDUCTOR_USE_CONTAINER_REPOSITORY=FALSE);
  p <- .libPaths();
  p <- c('\''/tmp/library'\'', '\''/mnt/library'\'', p);
  .libPaths(p);
  if(BiocManager::install('\''scFastDE'\'', INSTALL_opts = '\''--build'\'', update = TRUE, quiet = FALSE, dependencies=TRUE, force = TRUE, keep_outputs = TRUE) %in% rownames(installed.packages())) q(status = 0) else q(status = 1)'
'getOption("repos")' replaces Bioconductor standard repositories, see
'help("repositories", package = "BiocManager")' for details.
Replacement repositories:
    CRAN: https://p3m.dev/cran/__linux__/noble/latest
Bioconductor version 3.24 (BiocManager 1.30.27), R 4.6.1 (2026-06-24)
Installing package(s) 'scFastDE'
trying URL 'https://bioconductor.org/packages/3.24/bioc/src/contrib/scFastDE_0.99.3.tar.gz'
Content type 'application/x-gzip' length 495695 bytes (484 KB)
==================================================
downloaded 484 KB

* installing *source* package ‘scFastDE’ ...
** this is package ‘scFastDE’ version ‘0.99.3’
** package ‘scFastDE’ successfully unpacked and MD5 sums checked
** using staged installation
** R
** inst
** byte-compile and prepare package for lazy loading
** help
*** installing help indices
** building package indices
** installing vignettes
** testing if installed package can be loaded from temporary location
** testing if installed package can be loaded from final location
** testing if installed package keeps a record of temporary installation path
* SHA256 sums
* creating tarball
packaged installation of ‘scFastDE’ as ‘scFastDE_0.99.3_R_x86_64-pc-linux-gnu.tar.gz’
* DONE (scFastDE)

The downloaded source packages are in
	‘/tmp/RtmpXK06yz/downloaded_packages’
Old packages: 'diffobj'

real	0m38.712s
user	0m28.629s
sys	0m4.966s
