+ Rscript -e 'Sys.setenv(BIOCONDUCTOR_USE_CONTAINER_REPOSITORY=FALSE);
  p <- .libPaths();
  p <- c('\''/tmp/library'\'', '\''/mnt/library'\'', p);
  .libPaths(p);
  if(BiocManager::install('\''DMCHMM'\'', INSTALL_opts = '\''--build'\'', update = TRUE, quiet = FALSE, dependencies=TRUE, force = TRUE, keep_outputs = TRUE) %in% rownames(installed.packages())) q(status = 0) else q(status = 1)'
'getOption("repos")' replaces Bioconductor standard repositories, see
'help("repositories", package = "BiocManager")' for details.
Replacement repositories:
    CRAN: https://p3m.dev/cran/__linux__/noble/latest
Bioconductor version 3.24 (BiocManager 1.30.27), R 4.6.1 (2026-06-24)
Installing package(s) 'DMCHMM'
trying URL 'https://bioconductor.org/packages/3.24/bioc/src/contrib/DMCHMM_1.35.0.tar.gz'
Content type 'application/x-gzip' length 764095 bytes (746 KB)
==================================================
downloaded 746 KB

* installing *source* package ‘DMCHMM’ ...
** this is package ‘DMCHMM’ version ‘1.35.0’
** package ‘DMCHMM’ successfully unpacked and MD5 sums checked
** using staged installation
** R
** inst
** byte-compile and prepare package for lazy loading
** help
*** installing help indices
** building package indices
** installing vignettes
** testing if installed package can be loaded from temporary location
** testing if installed package can be loaded from final location
** testing if installed package keeps a record of temporary installation path
* SHA256 sums
* creating tarball
packaged installation of ‘DMCHMM’ as ‘DMCHMM_1.35.0_R_x86_64-pc-linux-gnu.tar.gz’
* DONE (DMCHMM)

The downloaded source packages are in
	‘/tmp/Rtmp8Bv5O3/downloaded_packages’

real	0m49.818s
user	0m38.086s
sys	0m5.607s
