+ Rscript -e 'Sys.setenv(BIOCONDUCTOR_USE_CONTAINER_REPOSITORY=FALSE);
  p <- .libPaths();
  p <- c('\''/tmp/library'\'', '\''/mnt/library'\'', p);
  .libPaths(p);
  if(BiocManager::install('\''evaluomeR'\'', INSTALL_opts = '\''--build'\'', update = TRUE, quiet = FALSE, dependencies=TRUE, force = TRUE, keep_outputs = TRUE) %in% rownames(installed.packages())) q(status = 0) else q(status = 1)'
'getOption("repos")' replaces Bioconductor standard repositories, see
'help("repositories", package = "BiocManager")' for details.
Replacement repositories:
    CRAN: https://p3m.dev/cran/__linux__/noble/latest
Bioconductor version 3.24 (BiocManager 1.30.27), R 4.6.1 (2026-06-24)
Installing package(s) 'evaluomeR'
also installing the dependencies ‘RSKC’, ‘sparcl’

trying URL 'https://p3m.dev/cran/__linux__/noble/latest/src/contrib/RSKC_2.4.2.tar.gz'
trying URL 'https://p3m.dev/cran/__linux__/noble/latest/src/contrib/sparcl_1.0.4.tar.gz'
trying URL 'https://bioconductor.org/packages/3.24/bioc/src/contrib/evaluomeR_1.29.0.tar.gz'
* installing *binary* package ‘RSKC’ ...
* package ‘RSKC’ successfully unpacked and SHA256 sums checked
* ‘RSKC’ was already a binary package and will not be rebuilt
* SHA256 sums
* creating tarball
packaged installation of ‘RSKC’ as ‘RSKC_2.4.2_R_x86_64-pc-linux-gnu.tar.gz’
* DONE (RSKC)
* installing *binary* package ‘sparcl’ ...
* package ‘sparcl’ successfully unpacked and SHA256 sums checked
* ‘sparcl’ was already a binary package and will not be rebuilt
* SHA256 sums
* creating tarball
packaged installation of ‘sparcl’ as ‘sparcl_1.0.4_R_x86_64-pc-linux-gnu.tar.gz’
* DONE (sparcl)
* installing *source* package ‘evaluomeR’ ...
** this is package ‘evaluomeR’ version ‘1.29.0’
** package ‘evaluomeR’ successfully unpacked and MD5 sums checked
** using staged installation
** R
** data
*** moving datasets to lazyload DB
** inst
** byte-compile and prepare package for lazy loading
** help
*** installing help indices
** building package indices
** installing vignettes
** testing if installed package can be loaded from temporary location
** testing if installed package can be loaded from final location
** testing if installed package keeps a record of temporary installation path
* SHA256 sums
* creating tarball
packaged installation of ‘evaluomeR’ as ‘evaluomeR_1.29.0_R_x86_64-pc-linux-gnu.tar.gz’
* DONE (evaluomeR)

The downloaded source packages are in
	‘/tmp/RtmpqE3USZ/downloaded_packages’

real	0m43.715s
user	0m33.621s
sys	0m5.819s
