+ Rscript -e 'Sys.setenv(BIOCONDUCTOR_USE_CONTAINER_REPOSITORY=FALSE);
  p <- .libPaths();
  p <- c('\''/tmp/library'\'', '\''/mnt/library'\'', p);
  .libPaths(p);
  if(BiocManager::install('\''FindIT2'\'', INSTALL_opts = '\''--build'\'', update = TRUE, quiet = FALSE, dependencies=TRUE, force = TRUE, keep_outputs = TRUE) %in% rownames(installed.packages())) q(status = 0) else q(status = 1)'
'getOption("repos")' replaces Bioconductor standard repositories, see
'help("repositories", package = "BiocManager")' for details.
Replacement repositories:
    CRAN: https://p3m.dev/cran/__linux__/noble/latest
Bioconductor version 3.24 (BiocManager 1.30.27), R 4.6.1 (2026-06-24)
Installing package(s) 'FindIT2'
also installing the dependency ‘TxDb.Athaliana.BioMart.plantsmart28’

trying URL 'https://bioconductor.org/packages/3.24/data/annotation/src/contrib/TxDb.Athaliana.BioMart.plantsmart28_3.2.2.tar.gz'
trying URL 'https://bioconductor.org/packages/3.24/bioc/src/contrib/FindIT2_1.19.0.tar.gz'
* installing *source* package ‘TxDb.Athaliana.BioMart.plantsmart28’ ...
** this is package ‘TxDb.Athaliana.BioMart.plantsmart28’ version ‘3.2.2’
** using staged installation
** R
** inst
** byte-compile and prepare package for lazy loading
** help
*** installing help indices
** building package indices
** testing if installed package can be loaded from temporary location
** testing if installed package can be loaded from final location
** testing if installed package keeps a record of temporary installation path
* SHA256 sums
* creating tarball
packaged installation of ‘TxDb.Athaliana.BioMart.plantsmart28’ as ‘TxDb.Athaliana.BioMart.plantsmart28_3.2.2_R_x86_64-pc-linux-gnu.tar.gz’
* DONE (TxDb.Athaliana.BioMart.plantsmart28)
* installing *source* package ‘FindIT2’ ...
** this is package ‘FindIT2’ version ‘1.19.0’
** package ‘FindIT2’ successfully unpacked and MD5 sums checked
** using staged installation
** R
** data
** inst
** byte-compile and prepare package for lazy loading
** help
*** installing help indices
** building package indices
** installing vignettes
** testing if installed package can be loaded from temporary location
** testing if installed package can be loaded from final location
** testing if installed package keeps a record of temporary installation path
* SHA256 sums
* creating tarball
packaged installation of ‘FindIT2’ as ‘FindIT2_1.19.0_R_x86_64-pc-linux-gnu.tar.gz’
* DONE (FindIT2)

The downloaded source packages are in
	‘/tmp/Rtmprsjd1X/downloaded_packages’

real	1m26.574s
user	1m12.462s
sys	0m8.796s
