+ Rscript -e 'Sys.setenv(BIOCONDUCTOR_USE_CONTAINER_REPOSITORY=FALSE);
  p <- .libPaths();
  p <- c('\''/tmp/library'\'', '\''/mnt/library'\'', p);
  .libPaths(p);
  if(BiocManager::install('\''scifer'\'', INSTALL_opts = '\''--build'\'', update = TRUE, quiet = FALSE, dependencies=TRUE, force = TRUE, keep_outputs = TRUE) %in% rownames(installed.packages())) q(status = 0) else q(status = 1)'
'getOption("repos")' replaces Bioconductor standard repositories, see
'help("repositories", package = "BiocManager")' for details.
Replacement repositories:
    CRAN: https://p3m.dev/cran/__linux__/noble/latest
Bioconductor version 3.24 (BiocManager 1.30.27), R 4.6.1 (2026-06-24)
Installing package(s) 'scifer'
trying URL 'https://bioconductor.org/packages/3.24/bioc/src/contrib/scifer_1.15.1.tar.gz'
Content type 'application/x-gzip' length 1578792 bytes (1.5 MB)
==================================================
downloaded 1.5 MB

* installing *source* package ‘scifer’ ...
** this is package ‘scifer’ version ‘1.15.1’
** package ‘scifer’ successfully unpacked and MD5 sums checked
** using non-staged installation via StagedInstall field
** R
** inst
** byte-compile and prepare package for lazy loading
** help
*** installing help indices
*** copying figures
** building package indices
** installing vignettes
** testing if installed package can be loaded
* SHA256 sums
* creating tarball
packaged installation of ‘scifer’ as ‘scifer_1.15.1_R_x86_64-pc-linux-gnu.tar.gz’
* DONE (scifer)

The downloaded source packages are in
	‘/tmp/RtmpsCfVjX/downloaded_packages’

real	0m31.264s
user	0m17.932s
sys	0m3.882s
