+ Rscript -e 'Sys.setenv(BIOCONDUCTOR_USE_CONTAINER_REPOSITORY=FALSE);
  p <- .libPaths();
  p <- c('\''/tmp/library'\'', '\''/mnt/library'\'', p);
  .libPaths(p);
  if(BiocManager::install('\''SETA'\'', INSTALL_opts = '\''--build'\'', update = TRUE, quiet = FALSE, dependencies=TRUE, force = TRUE, keep_outputs = TRUE) %in% rownames(installed.packages())) q(status = 0) else q(status = 1)'
'getOption("repos")' replaces Bioconductor standard repositories, see
'help("repositories", package = "BiocManager")' for details.
Replacement repositories:
    CRAN: https://p3m.dev/cran/__linux__/noble/latest
Bioconductor version 3.23 (BiocManager 1.30.27), R 4.6.1 (2026-06-24)
Installing package(s) 'SETA'
also installing the dependency ‘TabulaMurisSenisData’

trying URL 'https://bioconductor.org/packages/3.23/data/experiment/src/contrib/TabulaMurisSenisData_1.18.0.tar.gz'
trying URL 'https://bioconductor.org/packages/3.23/bioc/src/contrib/SETA_1.2.0.tar.gz'
* installing *source* package ‘TabulaMurisSenisData’ ...
** this is package ‘TabulaMurisSenisData’ version ‘1.18.0’
** using staged installation
** R
** inst
** byte-compile and prepare package for lazy loading
** help
*** installing help indices
** building package indices
** installing vignettes
** testing if installed package can be loaded from temporary location
** testing if installed package can be loaded from final location
** testing if installed package keeps a record of temporary installation path
* SHA256 sums
* creating tarball
packaged installation of ‘TabulaMurisSenisData’ as ‘TabulaMurisSenisData_1.18.0_R_x86_64-pc-linux-gnu.tar.gz’
* DONE (TabulaMurisSenisData)
* installing *source* package ‘SETA’ ...
** this is package ‘SETA’ version ‘1.2.0’
** using staged installation
** R
** inst
** byte-compile and prepare package for lazy loading
** help
*** installing help indices
*** copying figures
** building package indices
** installing vignettes
** testing if installed package can be loaded from temporary location
** testing if installed package can be loaded from final location
** testing if installed package keeps a record of temporary installation path
* SHA256 sums
* creating tarball
packaged installation of ‘SETA’ as ‘SETA_1.2.0_R_x86_64-pc-linux-gnu.tar.gz’
* DONE (SETA)

The downloaded source packages are in
	‘/tmp/RtmpzeVMxu/downloaded_packages’
Old packages: 'httr2', 'pak', 'pkgdown', 'urlchecker', 'xfun', 'zip', 'MASS',
  'nlme', 'survival'

real	1m19.064s
user	0m54.212s
sys	0m8.389s
