+ Rscript -e 'Sys.setenv(BIOCONDUCTOR_USE_CONTAINER_REPOSITORY=FALSE);
  p <- .libPaths();
  p <- c('\''/tmp/library'\'', '\''/mnt/library'\'', p);
  .libPaths(p);
  if(BiocManager::install('\''geva'\'', INSTALL_opts = '\''--build'\'', update = TRUE, quiet = FALSE, dependencies=TRUE, force = TRUE, keep_outputs = TRUE) %in% rownames(installed.packages())) q(status = 0) else q(status = 1)'
'getOption("repos")' replaces Bioconductor standard repositories, see
'help("repositories", package = "BiocManager")' for details.
Replacement repositories:
    CRAN: https://p3m.dev/cran/__linux__/noble/latest
Bioconductor version 3.23 (BiocManager 1.30.27), R 4.6.1 (2026-06-24)
Installing package(s) 'geva'
also installing the dependencies ‘dbscan’, ‘fastcluster’

trying URL 'https://p3m.dev/cran/__linux__/noble/latest/src/contrib/dbscan_1.2.5.tar.gz'
trying URL 'https://p3m.dev/cran/__linux__/noble/latest/src/contrib/fastcluster_1.3.0.tar.gz'
trying URL 'https://bioconductor.org/packages/3.23/bioc/src/contrib/geva_1.20.0.tar.gz'
* installing *binary* package ‘dbscan’ ...
* package ‘dbscan’ successfully unpacked and SHA256 sums checked
* ‘dbscan’ was already a binary package and will not be rebuilt
* SHA256 sums
* creating tarball
packaged installation of ‘dbscan’ as ‘dbscan_1.2.5_R_x86_64-pc-linux-gnu.tar.gz’
* DONE (dbscan)
* installing *binary* package ‘fastcluster’ ...
* package ‘fastcluster’ successfully unpacked and SHA256 sums checked
* ‘fastcluster’ was already a binary package and will not be rebuilt
* SHA256 sums
* creating tarball
packaged installation of ‘fastcluster’ as ‘fastcluster_1.3.0_R_x86_64-pc-linux-gnu.tar.gz’
* DONE (fastcluster)
* installing *source* package ‘geva’ ...
** this is package ‘geva’ version ‘1.20.0’
** using staged installation
** R
** inst
** byte-compile and prepare package for lazy loading
** help
*** installing help indices
** building package indices
** installing vignettes
** testing if installed package can be loaded from temporary location
** testing if installed package can be loaded from final location
** testing if installed package keeps a record of temporary installation path
* SHA256 sums
* creating tarball
packaged installation of ‘geva’ as ‘geva_1.20.0_R_x86_64-pc-linux-gnu.tar.gz’
* DONE (geva)

The downloaded source packages are in
	‘/tmp/RtmpldQXYW/downloaded_packages’
Old packages: 'diffobj', 'httr2', 'pak', 'pkgdown', 'urlchecker', 'xfun',
  'zip', 'MASS', 'nlme', 'survival'

real	0m35.443s
user	0m8.855s
sys	0m3.213s
