+ Rscript -e 'Sys.setenv(BIOCONDUCTOR_USE_CONTAINER_REPOSITORY=FALSE);
  p <- .libPaths();
  p <- c('\''/tmp/library'\'', '\''/mnt/library'\'', p);
  .libPaths(p);
  if(BiocManager::install('\''ACME'\'', INSTALL_opts = '\''--build'\'', update = TRUE, quiet = FALSE, dependencies=TRUE, force = TRUE, keep_outputs = TRUE) %in% rownames(installed.packages())) q(status = 0) else q(status = 1)'
'getOption("repos")' replaces Bioconductor standard repositories, see
'help("repositories", package = "BiocManager")' for details.
Replacement repositories:
    CRAN: https://p3m.dev/cran/__linux__/noble/latest
Bioconductor version 3.24 (BiocManager 1.30.27), R 4.6.1 (2026-06-24)
Installing package(s) 'ACME'
trying URL 'https://bioconductor.org/packages/3.24/bioc/src/contrib/ACME_2.69.0.tar.gz'
Content type 'application/x-gzip' length 10392627 bytes (9.9 MB)
==================================================
downloaded 9.9 MB

* installing *source* package ‘ACME’ ...
** this is package ‘ACME’ version ‘2.69.0’
** package ‘ACME’ successfully unpacked and MD5 sums checked
** using staged installation
** libs
using C compiler: ‘gcc (Ubuntu 13.3.0-6ubuntu2~24.04.1) 13.3.0’
gcc -std=gnu2x -I"/usr/local/lib/R/include" -DNDEBUG   -I/usr/local/include    -fpic  -g -O2 -fstack-protector-strong -Wformat -Werror=format-security -Wdate-time -D_FORTIFY_SOURCE=2 -g  -c windowChisq.c -o windowChisq.o
gcc -std=gnu2x -shared -L/usr/local/lib/R/lib -L/usr/local/lib -o ACME.so windowChisq.o -L/usr/local/lib/R/lib -lR
installing to /tmp/library/00LOCK-ACME/00new/ACME/libs
** R
** data
** inst
** byte-compile and prepare package for lazy loading
Warning: replacing previous import ‘utils::data’ by ‘BiocGenerics::data’ when loading ‘ACME’
** help
*** installing help indices
** building package indices
** installing vignettes
** testing if installed package can be loaded from temporary location
Warning: replacing previous import ‘utils::data’ by ‘BiocGenerics::data’ when loading ‘ACME’
** checking absolute paths in shared objects and dynamic libraries
** testing if installed package can be loaded from final location
Warning: replacing previous import ‘utils::data’ by ‘BiocGenerics::data’ when loading ‘ACME’
** testing if installed package keeps a record of temporary installation path
* SHA256 sums
* creating tarball
packaged installation of ‘ACME’ as ‘ACME_2.69.0_R_x86_64-pc-linux-gnu.tar.gz’
* DONE (ACME)

The downloaded source packages are in
	‘/tmp/RtmpSJNC9D/downloaded_packages’

real	0m25.156s
user	0m12.218s
sys	0m3.210s
