+ Rscript -e 'Sys.setenv(BIOCONDUCTOR_USE_CONTAINER_REPOSITORY=FALSE);
  p <- .libPaths();
  p <- c('\''/tmp/library'\'', '\''/mnt/library'\'', p);
  .libPaths(p);
  if(BiocManager::install('\''sangerseqR'\'', INSTALL_opts = '\''--build'\'', update = TRUE, quiet = FALSE, dependencies=TRUE, force = TRUE, keep_outputs = TRUE) %in% rownames(installed.packages())) q(status = 0) else q(status = 1)'
'getOption("repos")' replaces Bioconductor standard repositories, see
'help("repositories", package = "BiocManager")' for details.
Replacement repositories:
    CRAN: https://p3m.dev/cran/__linux__/noble/latest
Bioconductor version 3.24 (BiocManager 1.30.27), R 4.6.1 (2026-06-24)
Installing package(s) 'sangerseqR'
trying URL 'https://bioconductor.org/packages/3.24/bioc/src/contrib/sangerseqR_1.49.0.tar.gz'
Content type 'application/x-gzip' length 2986117 bytes (2.8 MB)
==================================================
downloaded 2.8 MB

* installing *source* package ‘sangerseqR’ ...
** this is package ‘sangerseqR’ version ‘1.49.0’
** package ‘sangerseqR’ successfully unpacked and MD5 sums checked
** using staged installation
** R
** inst
** byte-compile and prepare package for lazy loading
** help
*** installing help indices
** building package indices
** installing vignettes
** testing if installed package can be loaded from temporary location
** testing if installed package can be loaded from final location
** testing if installed package keeps a record of temporary installation path
* SHA256 sums
* creating tarball
packaged installation of ‘sangerseqR’ as ‘sangerseqR_1.49.0_R_x86_64-pc-linux-gnu.tar.gz’
* DONE (sangerseqR)

The downloaded source packages are in
	‘/tmp/RtmpHj2XSx/downloaded_packages’
Old packages: 'diffobj'

real	0m22.672s
user	0m16.331s
sys	0m3.521s
