+ Rscript -e 'Sys.setenv(BIOCONDUCTOR_USE_CONTAINER_REPOSITORY=FALSE);
  p <- .libPaths();
  p <- c('\''/tmp/library'\'', '\''/mnt/library'\'', p);
  .libPaths(p);
  if(BiocManager::install('\''PICB'\'', INSTALL_opts = '\''--build'\'', update = TRUE, quiet = FALSE, dependencies=TRUE, force = TRUE, keep_outputs = TRUE) %in% rownames(installed.packages())) q(status = 0) else q(status = 1)'
'getOption("repos")' replaces Bioconductor standard repositories, see
'help("repositories", package = "BiocManager")' for details.
Replacement repositories:
    CRAN: https://p3m.dev/cran/__linux__/noble/latest
Bioconductor version 3.24 (BiocManager 1.30.27), R 4.6.1 (2026-06-24)
Installing package(s) 'PICB'
also installing the dependency ‘BSgenome.Dmelanogaster.UCSC.dm6’

trying URL 'https://bioconductor.org/packages/3.24/data/annotation/src/contrib/BSgenome.Dmelanogaster.UCSC.dm6_1.4.1.tar.gz'
trying URL 'https://bioconductor.org/packages/3.24/bioc/src/contrib/PICB_1.5.0.tar.gz'
* installing *source* package ‘BSgenome.Dmelanogaster.UCSC.dm6’ ...
** this is package ‘BSgenome.Dmelanogaster.UCSC.dm6’ version ‘1.4.1’
** using staged installation
** R
** inst
** byte-compile and prepare package for lazy loading
** help
*** installing help indices
** building package indices
** testing if installed package can be loaded from temporary location
** testing if installed package can be loaded from final location
** testing if installed package keeps a record of temporary installation path
* SHA256 sums
* creating tarball
packaged installation of ‘BSgenome.Dmelanogaster.UCSC.dm6’ as ‘BSgenome.Dmelanogaster.UCSC.dm6_1.4.1_R_x86_64-pc-linux-gnu.tar.gz’
* DONE (BSgenome.Dmelanogaster.UCSC.dm6)
* installing *source* package ‘PICB’ ...
** this is package ‘PICB’ version ‘1.5.0’
** package ‘PICB’ successfully unpacked and MD5 sums checked
** using staged installation
** R
** inst
** byte-compile and prepare package for lazy loading
** help
*** installing help indices
** building package indices
** installing vignettes
** testing if installed package can be loaded from temporary location
** testing if installed package can be loaded from final location
** testing if installed package keeps a record of temporary installation path
* SHA256 sums
* creating tarball
packaged installation of ‘PICB’ as ‘PICB_1.5.0_R_x86_64-pc-linux-gnu.tar.gz’
* DONE (PICB)

The downloaded source packages are in
	‘/tmp/RtmpdcYRgu/downloaded_packages’
Old packages: 'diffobj'

real	0m43.813s
user	0m35.253s
sys	0m5.630s
