+ Rscript -e 'Sys.setenv(BIOCONDUCTOR_USE_CONTAINER_REPOSITORY=FALSE);
  p <- .libPaths();
  p <- c('\''/tmp/library'\'', '\''/mnt/library'\'', p);
  .libPaths(p);
  if(BiocManager::install('\''csdR'\'', INSTALL_opts = '\''--build'\'', update = TRUE, quiet = FALSE, dependencies=TRUE, force = TRUE, keep_outputs = TRUE) %in% rownames(installed.packages())) q(status = 0) else q(status = 1)'
'getOption("repos")' replaces Bioconductor standard repositories, see
'help("repositories", package = "BiocManager")' for details.
Replacement repositories:
    CRAN: https://p3m.dev/cran/__linux__/noble/latest
Bioconductor version 3.24 (BiocManager 1.30.27), R 4.6.1 (2026-06-24)
Installing package(s) 'csdR'
also installing the dependencies ‘dynamicTreeCut’, ‘WGCNA’

trying URL 'https://p3m.dev/cran/__linux__/noble/latest/src/contrib/dynamicTreeCut_1.63-1.tar.gz'
trying URL 'https://p3m.dev/cran/__linux__/noble/latest/src/contrib/WGCNA_1.74.tar.gz'
trying URL 'https://bioconductor.org/packages/3.24/bioc/src/contrib/csdR_1.19.0.tar.gz'
* installing *binary* package ‘dynamicTreeCut’ ...
* package ‘dynamicTreeCut’ successfully unpacked and SHA256 sums checked
* ‘dynamicTreeCut’ was already a binary package and will not be rebuilt
* SHA256 sums
* creating tarball
packaged installation of ‘dynamicTreeCut’ as ‘dynamicTreeCut_1.63-1_R_x86_64-pc-linux-gnu.tar.gz’
* DONE (dynamicTreeCut)
* installing *binary* package ‘WGCNA’ ...
* package ‘WGCNA’ successfully unpacked and SHA256 sums checked
* ‘WGCNA’ was already a binary package and will not be rebuilt
* SHA256 sums
* creating tarball
packaged installation of ‘WGCNA’ as ‘WGCNA_1.74_R_x86_64-pc-linux-gnu.tar.gz’
* DONE (WGCNA)
* installing *source* package ‘csdR’ ...
** this is package ‘csdR’ version ‘1.19.0’
** package ‘csdR’ successfully unpacked and MD5 sums checked
** using staged installation
** libs
using C++ compiler: ‘g++ (Ubuntu 13.3.0-6ubuntu2~24.04.1) 13.3.0’
g++ -std=gnu++20 -I"/usr/local/lib/R/include" -DNDEBUG  -I'/usr/local/lib/R/site-library/Rcpp/include' -I/usr/local/include   -fopenmp -fpic  -g -O2 -fstack-protector-strong -Wformat -Werror=format-security -Wdate-time -D_FORTIFY_SOURCE=2 -g   -c RcppExports.cpp -o RcppExports.o
g++ -std=gnu++20 -I"/usr/local/lib/R/include" -DNDEBUG  -I'/usr/local/lib/R/site-library/Rcpp/include' -I/usr/local/include   -fopenmp -fpic  -g -O2 -fstack-protector-strong -Wformat -Werror=format-security -Wdate-time -D_FORTIFY_SOURCE=2 -g   -c partial_argsort.cpp -o partial_argsort.o
g++ -std=gnu++20 -I"/usr/local/lib/R/include" -DNDEBUG  -I'/usr/local/lib/R/site-library/Rcpp/include' -I/usr/local/include   -fopenmp -fpic  -g -O2 -fstack-protector-strong -Wformat -Werror=format-security -Wdate-time -D_FORTIFY_SOURCE=2 -g   -c summarize_results.cpp -o summarize_results.o
g++ -std=gnu++20 -I"/usr/local/lib/R/include" -DNDEBUG  -I'/usr/local/lib/R/site-library/Rcpp/include' -I/usr/local/include   -fopenmp -fpic  -g -O2 -fstack-protector-strong -Wformat -Werror=format-security -Wdate-time -D_FORTIFY_SOURCE=2 -g   -c welford.cpp -o welford.o
g++ -std=gnu++20 -shared -L/usr/local/lib/R/lib -L/usr/local/lib -o csdR.so RcppExports.o partial_argsort.o summarize_results.o welford.o -fopenmp -L/usr/local/lib/R/lib -lR
installing to /tmp/library/00LOCK-csdR/00new/csdR/libs
** R
** data
** inst
** byte-compile and prepare package for lazy loading
** help
*** installing help indices
** building package indices
** installing vignettes
** testing if installed package can be loaded from temporary location
** checking absolute paths in shared objects and dynamic libraries
** testing if installed package can be loaded from final location
** testing if installed package keeps a record of temporary installation path
* SHA256 sums
* creating tarball
packaged installation of ‘csdR’ as ‘csdR_1.19.0_R_x86_64-pc-linux-gnu.tar.gz’
* DONE (csdR)

The downloaded source packages are in
	‘/tmp/RtmpRUHT7f/downloaded_packages’

real	1m51.776s
user	0m21.836s
sys	0m5.335s
