+ Rscript -e 'Sys.setenv(BIOCONDUCTOR_USE_CONTAINER_REPOSITORY=FALSE);
  p <- .libPaths();
  p <- c('\''/tmp/library'\'', '\''/mnt/library'\'', p);
  .libPaths(p);
  if(BiocManager::install('\''MSA2dist'\'', INSTALL_opts = '\''--build'\'', update = TRUE, quiet = FALSE, dependencies=TRUE, force = TRUE, keep_outputs = TRUE) %in% rownames(installed.packages())) q(status = 0) else q(status = 1)'
'getOption("repos")' replaces Bioconductor standard repositories, see
'help("repositories", package = "BiocManager")' for details.
Replacement repositories:
    CRAN: https://p3m.dev/cran/__linux__/noble/latest
Bioconductor version 3.23 (BiocManager 1.30.27), R 4.6.1 (2026-06-24)
Installing package(s) 'MSA2dist'
also installing the dependency ‘RcppThread’

trying URL 'https://p3m.dev/cran/__linux__/noble/latest/src/contrib/RcppThread_2.4.0.tar.gz'
trying URL 'https://bioconductor.org/packages/3.23/bioc/src/contrib/MSA2dist_1.16.0.tar.gz'
* installing *binary* package ‘RcppThread’ ...
* package ‘RcppThread’ successfully unpacked and SHA256 sums checked
* ‘RcppThread’ was already a binary package and will not be rebuilt
* SHA256 sums
* creating tarball
packaged installation of ‘RcppThread’ as ‘RcppThread_2.4.0_R_x86_64-pc-linux-gnu.tar.gz’
* DONE (RcppThread)
Warning: SystemRequirements specified C++11: support has been removed
* installing *source* package ‘MSA2dist’ ...
** this is package ‘MSA2dist’ version ‘1.16.0’
** using staged installation
** libs
specified C++11
using C++ compiler: ‘g++ (Ubuntu 13.3.0-6ubuntu2~24.04.1) 13.3.0’
g++ -std=gnu++20 -I"/usr/local/lib/R/include" -DNDEBUG  -I'/usr/local/lib/R/site-library/Rcpp/include' -I'/tmp/library/RcppThread/include' -I/usr/local/include    -fpic  -g -O2 -fstack-protector-strong -Wformat -Werror=format-security -Wdate-time -D_FORTIFY_SOURCE=2 -g   -c GY94.cpp -o GY94.o
g++ -std=gnu++20 -I"/usr/local/lib/R/include" -DNDEBUG  -I'/usr/local/lib/R/site-library/Rcpp/include' -I'/tmp/library/RcppThread/include' -I/usr/local/include    -fpic  -g -O2 -fstack-protector-strong -Wformat -Werror=format-security -Wdate-time -D_FORTIFY_SOURCE=2 -g   -c KaKs.cpp -o KaKs.o
g++ -std=gnu++20 -I"/usr/local/lib/R/include" -DNDEBUG  -I'/usr/local/lib/R/site-library/Rcpp/include' -I'/tmp/library/RcppThread/include' -I/usr/local/include    -fpic  -g -O2 -fstack-protector-strong -Wformat -Werror=format-security -Wdate-time -D_FORTIFY_SOURCE=2 -g   -c LPB93.cpp -o LPB93.o
g++ -std=gnu++20 -I"/usr/local/lib/R/include" -DNDEBUG  -I'/usr/local/lib/R/site-library/Rcpp/include' -I'/tmp/library/RcppThread/include' -I/usr/local/include    -fpic  -g -O2 -fstack-protector-strong -Wformat -Werror=format-security -Wdate-time -D_FORTIFY_SOURCE=2 -g   -c LWL85.cpp -o LWL85.o
g++ -std=gnu++20 -I"/usr/local/lib/R/include" -DNDEBUG  -I'/usr/local/lib/R/site-library/Rcpp/include' -I'/tmp/library/RcppThread/include' -I/usr/local/include    -fpic  -g -O2 -fstack-protector-strong -Wformat -Werror=format-security -Wdate-time -D_FORTIFY_SOURCE=2 -g   -c MSMA.cpp -o MSMA.o
g++ -std=gnu++20 -I"/usr/local/lib/R/include" -DNDEBUG  -I'/usr/local/lib/R/site-library/Rcpp/include' -I'/tmp/library/RcppThread/include' -I/usr/local/include    -fpic  -g -O2 -fstack-protector-strong -Wformat -Werror=format-security -Wdate-time -D_FORTIFY_SOURCE=2 -g   -c MYN.cpp -o MYN.o
g++ -std=gnu++20 -I"/usr/local/lib/R/include" -DNDEBUG  -I'/usr/local/lib/R/site-library/Rcpp/include' -I'/tmp/library/RcppThread/include' -I/usr/local/include    -fpic  -g -O2 -fstack-protector-strong -Wformat -Werror=format-security -Wdate-time -D_FORTIFY_SOURCE=2 -g   -c NG86.cpp -o NG86.o
g++ -std=gnu++20 -I"/usr/local/lib/R/include" -DNDEBUG  -I'/usr/local/lib/R/site-library/Rcpp/include' -I'/tmp/library/RcppThread/include' -I/usr/local/include    -fpic  -g -O2 -fstack-protector-strong -Wformat -Werror=format-security -Wdate-time -D_FORTIFY_SOURCE=2 -g   -c RcppExports.cpp -o RcppExports.o
In file included from /usr/local/lib/R/site-library/Rcpp/include/RcppCommon.h:29,
                 from /usr/local/lib/R/site-library/Rcpp/include/Rcpp.h:27,
                 from RcppExports.cpp:5:
/usr/local/lib/R/site-library/Rcpp/include/Rcpp/r/check_r_headers.h:27:21: note: ‘#pragma message: R.h has been included before any Rcpp headers. This can lead to hard-to-debug errors, and is not necessary. See https://github.com/RcppCore/Rcpp/issues/1410’
   27 |     #pragma message "R.h has been included before any Rcpp headers. This can lead to hard-to-debug errors, and is not necessary. See https://github.com/RcppCore/Rcpp/issues/1410"
      |                     ^~~~~~~~~~~~~~~~~~~~~~~~~~~~~~~~~~~~~~~~~~~~~~~~~~~~~~~~~~~~~~~~~~~~~~~~~~~~~~~~~~~~~~~~~~~~~~~~~~~~~~~~~~~~~~~~~~~~~~~~~~~~~~~~~~~~~~~~~~~~~~~~~~~~~~~~~~~~~~
/usr/local/lib/R/site-library/Rcpp/include/Rcpp/r/check_r_headers.h:35:21: note: ‘#pragma message: Rinternals.h has been included before any Rcpp headers. This can lead to hard-to-debug errors, and is not necessary. See https://github.com/RcppCore/Rcpp/issues/1410’
   35 |     #pragma message "Rinternals.h has been included before any Rcpp headers. This can lead to hard-to-debug errors, and is not necessary. See https://github.com/RcppCore/Rcpp/issues/1410"
      |                     ^~~~~~~~~~~~~~~~~~~~~~~~~~~~~~~~~~~~~~~~~~~~~~~~~~~~~~~~~~~~~~~~~~~~~~~~~~~~~~~~~~~~~~~~~~~~~~~~~~~~~~~~~~~~~~~~~~~~~~~~~~~~~~~~~~~~~~~~~~~~~~~~~~~~~~~~~~~~~~~~~~~~~~~
g++ -std=gnu++20 -I"/usr/local/lib/R/include" -DNDEBUG  -I'/usr/local/lib/R/site-library/Rcpp/include' -I'/tmp/library/RcppThread/include' -I/usr/local/include    -fpic  -g -O2 -fstack-protector-strong -Wformat -Werror=format-security -Wdate-time -D_FORTIFY_SOURCE=2 -g   -c YN00.cpp -o YN00.o
g++ -std=gnu++20 -I"/usr/local/lib/R/include" -DNDEBUG  -I'/usr/local/lib/R/site-library/Rcpp/include' -I'/tmp/library/RcppThread/include' -I/usr/local/include    -fpic  -g -O2 -fstack-protector-strong -Wformat -Werror=format-security -Wdate-time -D_FORTIFY_SOURCE=2 -g   -c base.cpp -o base.o
g++ -std=gnu++20 -I"/usr/local/lib/R/include" -DNDEBUG  -I'/usr/local/lib/R/site-library/Rcpp/include' -I'/tmp/library/RcppThread/include' -I/usr/local/include    -fpic  -g -O2 -fstack-protector-strong -Wformat -Werror=format-security -Wdate-time -D_FORTIFY_SOURCE=2 -g   -c rcpp_KaKs.cpp -o rcpp_KaKs.o
g++ -std=gnu++20 -I"/usr/local/lib/R/include" -DNDEBUG  -I'/usr/local/lib/R/site-library/Rcpp/include' -I'/tmp/library/RcppThread/include' -I/usr/local/include    -fpic  -g -O2 -fstack-protector-strong -Wformat -Werror=format-security -Wdate-time -D_FORTIFY_SOURCE=2 -g   -c rcpp_distSTRING.cpp -o rcpp_distSTRING.o
g++ -std=gnu++20 -I"/usr/local/lib/R/include" -DNDEBUG  -I'/usr/local/lib/R/site-library/Rcpp/include' -I'/tmp/library/RcppThread/include' -I/usr/local/include    -fpic  -g -O2 -fstack-protector-strong -Wformat -Werror=format-security -Wdate-time -D_FORTIFY_SOURCE=2 -g   -c rcpp_pairwiseDeletionAA.cpp -o rcpp_pairwiseDeletionAA.o
g++ -std=gnu++20 -I"/usr/local/lib/R/include" -DNDEBUG  -I'/usr/local/lib/R/site-library/Rcpp/include' -I'/tmp/library/RcppThread/include' -I/usr/local/include    -fpic  -g -O2 -fstack-protector-strong -Wformat -Werror=format-security -Wdate-time -D_FORTIFY_SOURCE=2 -g   -c rcpp_pairwiseDeletionDNA.cpp -o rcpp_pairwiseDeletionDNA.o
g++ -std=gnu++20 -shared -L/usr/local/lib/R/lib -L/usr/local/lib -o MSA2dist.so GY94.o KaKs.o LPB93.o LWL85.o MSMA.o MYN.o NG86.o RcppExports.o YN00.o base.o rcpp_KaKs.o rcpp_distSTRING.o rcpp_pairwiseDeletionAA.o rcpp_pairwiseDeletionDNA.o -L/usr/local/lib/R/lib -lR
installing to /tmp/library/00LOCK-MSA2dist/00new/MSA2dist/libs
** R
** data
** inst
** byte-compile and prepare package for lazy loading
** help
*** installing help indices
*** copying figures
** building package indices
** installing vignettes
** testing if installed package can be loaded from temporary location
** checking absolute paths in shared objects and dynamic libraries
** testing if installed package can be loaded from final location
** testing if installed package keeps a record of temporary installation path
* SHA256 sums
* creating tarball
packaged installation of ‘MSA2dist’ as ‘MSA2dist_1.16.0_R_x86_64-pc-linux-gnu.tar.gz’
* DONE (MSA2dist)

The downloaded source packages are in
	‘/tmp/Rtmp7bmqC3/downloaded_packages’
Old packages: 'httr2', 'pak', 'pkgdown', 'urlchecker', 'xfun', 'zip', 'MASS',
  'nlme', 'survival'

real	1m21.154s
user	1m6.952s
sys	0m8.847s
