+ Rscript -e 'Sys.setenv(BIOCONDUCTOR_USE_CONTAINER_REPOSITORY=FALSE);
  p <- .libPaths();
  p <- c('\''/tmp/library'\'', '\''/mnt/library'\'', p);
  .libPaths(p);
  if(BiocManager::install('\''ZygosityPredictor'\'', INSTALL_opts = '\''--build'\'', update = TRUE, quiet = FALSE, dependencies=TRUE, force = TRUE, keep_outputs = TRUE) %in% rownames(installed.packages())) q(status = 0) else q(status = 1)'
'getOption("repos")' replaces Bioconductor standard repositories, see
'help("repositories", package = "BiocManager")' for details.
Replacement repositories:
    CRAN: https://p3m.dev/cran/__linux__/noble/latest
Bioconductor version 3.23 (BiocManager 1.30.27), R 4.6.1 (2026-06-24)
Installing package(s) 'ZygosityPredictor'
trying URL 'https://bioconductor.org/packages/3.23/bioc/src/contrib/ZygosityPredictor_1.12.0.tar.gz'
Content type 'application/x-gzip' length 846390 bytes (826 KB)
==================================================
downloaded 826 KB

* installing *source* package ‘ZygosityPredictor’ ...
** this is package ‘ZygosityPredictor’ version ‘1.12.0’
** using staged installation
** R
** data
** inst
** byte-compile and prepare package for lazy loading
** help
*** installing help indices
** building package indices
** installing vignettes
** testing if installed package can be loaded from temporary location
** testing if installed package can be loaded from final location
** testing if installed package keeps a record of temporary installation path
* SHA256 sums
* creating tarball
packaged installation of ‘ZygosityPredictor’ as ‘ZygosityPredictor_1.12.0_R_x86_64-pc-linux-gnu.tar.gz’
* DONE (ZygosityPredictor)

The downloaded source packages are in
	‘/tmp/RtmpC8nH3d/downloaded_packages’
Old packages: 'diffobj', 'httr2', 'pak', 'pkgdown', 'urlchecker', 'xfun',
  'zip', 'MASS', 'nlme', 'survival'

real	0m59.191s
user	0m42.915s
sys	0m6.553s
