+ Rscript -e 'Sys.setenv(BIOCONDUCTOR_USE_CONTAINER_REPOSITORY=FALSE);
  p <- .libPaths();
  p <- c('\''/tmp/library'\'', '\''/mnt/library'\'', p);
  .libPaths(p);
  if(BiocManager::install('\''GA4GHshiny'\'', INSTALL_opts = '\''--build'\'', update = TRUE, quiet = FALSE, dependencies=TRUE, force = TRUE, keep_outputs = TRUE) %in% rownames(installed.packages())) q(status = 0) else q(status = 1)'
'getOption("repos")' replaces Bioconductor standard repositories, see
'help("repositories", package = "BiocManager")' for details.
Replacement repositories:
    CRAN: https://p3m.dev/cran/__linux__/noble/latest
Bioconductor version 3.24 (BiocManager 1.30.27), R 4.6.1 (2026-06-24)
Installing package(s) 'GA4GHshiny'
trying URL 'https://bioconductor.org/packages/3.24/bioc/src/contrib/GA4GHshiny_1.35.0.tar.gz'
Content type 'application/x-gzip' length 306581 bytes (299 KB)
==================================================
downloaded 299 KB

* installing *source* package ‘GA4GHshiny’ ...
** this is package ‘GA4GHshiny’ version ‘1.35.0’
** package ‘GA4GHshiny’ successfully unpacked and MD5 sums checked
** using staged installation
** R
** inst
** byte-compile and prepare package for lazy loading
No methods found in package ‘BiocGenerics’ for request: ‘lengths’ when loading ‘GA4GHclient’
** help
*** installing help indices
** building package indices
** installing vignettes
** testing if installed package can be loaded from temporary location
No methods found in package ‘BiocGenerics’ for request: ‘lengths’ when loading ‘GA4GHclient’
** testing if installed package can be loaded from final location
No methods found in package ‘BiocGenerics’ for request: ‘lengths’ when loading ‘GA4GHclient’
** testing if installed package keeps a record of temporary installation path
* SHA256 sums
* creating tarball
packaged installation of ‘GA4GHshiny’ as ‘GA4GHshiny_1.35.0_R_x86_64-pc-linux-gnu.tar.gz’
* DONE (GA4GHshiny)

The downloaded source packages are in
	‘/tmp/RtmpTFVyzz/downloaded_packages’

real	0m55.318s
user	0m42.228s
sys	0m5.839s
