+ Rscript -e 'Sys.setenv(BIOCONDUCTOR_USE_CONTAINER_REPOSITORY=FALSE);
  p <- .libPaths();
  p <- c('\''/tmp/library'\'', '\''/mnt/library'\'', p);
  .libPaths(p);
  if(BiocManager::install('\''diffUTR'\'', INSTALL_opts = '\''--build'\'', update = TRUE, quiet = FALSE, dependencies=TRUE, force = TRUE, keep_outputs = TRUE) %in% rownames(installed.packages())) q(status = 0) else q(status = 1)'
'getOption("repos")' replaces Bioconductor standard repositories, see
'help("repositories", package = "BiocManager")' for details.
Replacement repositories:
    CRAN: https://p3m.dev/cran/__linux__/noble/latest
Bioconductor version 3.23 (BiocManager 1.30.27), R 4.6.1 (2026-06-24)
Installing package(s) 'diffUTR'
trying URL 'https://bioconductor.org/packages/3.23/bioc/src/contrib/diffUTR_1.20.0.tar.gz'
Content type 'application/x-gzip' length 1439335 bytes (1.4 MB)
==================================================
downloaded 1.4 MB

* installing *source* package ‘diffUTR’ ...
** this is package ‘diffUTR’ version ‘1.20.0’
** using staged installation
** R
** data
** inst
** byte-compile and prepare package for lazy loading
** help
*** installing help indices
** building package indices
** installing vignettes
** testing if installed package can be loaded from temporary location
** testing if installed package can be loaded from final location
** testing if installed package keeps a record of temporary installation path
* SHA256 sums
* creating tarball
packaged installation of ‘diffUTR’ as ‘diffUTR_1.20.0_R_x86_64-pc-linux-gnu.tar.gz’
* DONE (diffUTR)

The downloaded source packages are in
	‘/tmp/RtmpUrsViU/downloaded_packages’
Old packages: 'httr2', 'pak', 'pkgdown', 'urlchecker', 'xfun', 'zip', 'MASS',
  'nlme', 'survival'

real	0m57.043s
user	0m46.592s
sys	0m6.038s
