+ Rscript -e 'Sys.setenv(BIOCONDUCTOR_USE_CONTAINER_REPOSITORY=FALSE);
  p <- .libPaths();
  p <- c('\''/tmp/library'\'', '\''/mnt/library'\'', p);
  .libPaths(p);
  if(BiocManager::install('\''hyperdraw'\'', INSTALL_opts = '\''--build'\'', update = TRUE, quiet = FALSE, dependencies=TRUE, force = TRUE, keep_outputs = TRUE) %in% rownames(installed.packages())) q(status = 0) else q(status = 1)'
'getOption("repos")' replaces Bioconductor standard repositories, see
'help("repositories", package = "BiocManager")' for details.
Replacement repositories:
    CRAN: https://p3m.dev/cran/__linux__/noble/latest
Bioconductor version 3.24 (BiocManager 1.30.27), R 4.6.1 (2026-06-24)
Installing package(s) 'hyperdraw'
trying URL 'https://bioconductor.org/packages/3.24/bioc/src/contrib/hyperdraw_1.65.0.tar.gz'
Content type 'application/x-gzip' length 209422 bytes (204 KB)
==================================================
downloaded 204 KB

* installing *source* package ‘hyperdraw’ ...
** this is package ‘hyperdraw’ version ‘1.65.0’
** package ‘hyperdraw’ successfully unpacked and MD5 sums checked
** using staged installation
** R
** inst
** byte-compile and prepare package for lazy loading
Creating a new generic function for ‘graphLayout’ in package ‘hyperdraw’
** help
*** installing help indices
** building package indices
** installing vignettes
** testing if installed package can be loaded from temporary location
** testing if installed package can be loaded from final location
** testing if installed package keeps a record of temporary installation path
* SHA256 sums
* creating tarball
packaged installation of ‘hyperdraw’ as ‘hyperdraw_1.65.0_R_x86_64-pc-linux-gnu.tar.gz’
* DONE (hyperdraw)

The downloaded source packages are in
	‘/tmp/RtmpFbDJXV/downloaded_packages’

real	0m18.778s
user	0m8.523s
sys	0m2.624s
