+ Rscript -e 'Sys.setenv(BIOCONDUCTOR_USE_CONTAINER_REPOSITORY=FALSE);
  p <- .libPaths();
  p <- c('\''/tmp/library'\'', '\''/mnt/library'\'', p);
  .libPaths(p);
  if(BiocManager::install('\''Clomial'\'', INSTALL_opts = '\''--build'\'', update = TRUE, quiet = FALSE, dependencies=TRUE, force = TRUE, keep_outputs = TRUE) %in% rownames(installed.packages())) q(status = 0) else q(status = 1)'
'getOption("repos")' replaces Bioconductor standard repositories, see
'help("repositories", package = "BiocManager")' for details.
Replacement repositories:
    CRAN: https://p3m.dev/cran/__linux__/noble/latest
Bioconductor version 3.23 (BiocManager 1.30.27), R 4.6.1 (2026-06-24)
Installing package(s) 'Clomial'
also installing the dependencies ‘matrixStats’, ‘permute’

trying URL 'https://p3m.dev/cran/__linux__/noble/latest/src/contrib/matrixStats_1.5.0.tar.gz'
trying URL 'https://p3m.dev/cran/__linux__/noble/latest/src/contrib/permute_0.9-10.tar.gz'
trying URL 'https://bioconductor.org/packages/3.23/bioc/src/contrib/Clomial_1.48.0.tar.gz'
* installing *binary* package ‘matrixStats’ ...
* package ‘matrixStats’ successfully unpacked and SHA256 sums checked
* ‘matrixStats’ was already a binary package and will not be rebuilt
* SHA256 sums
* creating tarball
packaged installation of ‘matrixStats’ as ‘matrixStats_1.5.0_R_x86_64-pc-linux-gnu.tar.gz’
* DONE (matrixStats)
* installing *binary* package ‘permute’ ...
* package ‘permute’ successfully unpacked and SHA256 sums checked
* ‘permute’ was already a binary package and will not be rebuilt
* SHA256 sums
* creating tarball
packaged installation of ‘permute’ as ‘permute_0.9-10_R_x86_64-pc-linux-gnu.tar.gz’
* DONE (permute)
* installing *source* package ‘Clomial’ ...
** this is package ‘Clomial’ version ‘1.48.0’
** using staged installation
** R
** data
** inst
** byte-compile and prepare package for lazy loading
** help
*** installing help indices
** building package indices
** installing vignettes
** testing if installed package can be loaded from temporary location
** testing if installed package can be loaded from final location
** testing if installed package keeps a record of temporary installation path
* SHA256 sums
* creating tarball
packaged installation of ‘Clomial’ as ‘Clomial_1.48.0_R_x86_64-pc-linux-gnu.tar.gz’
* DONE (Clomial)

The downloaded source packages are in
	‘/tmp/Rtmpsjuoan/downloaded_packages’
Error in readRDS(file) : error reading from connection
Old packages: 'diffobj', 'httr2', 'pak', 'pkgdown', 'urlchecker', 'xfun',
  'zip', 'MASS', 'nlme', 'survival'

real	0m6.118s
user	0m4.133s
sys	0m2.247s
