+ Rscript -e 'Sys.setenv(BIOCONDUCTOR_USE_CONTAINER_REPOSITORY=FALSE);
  p <- .libPaths();
  p <- c('\''/tmp/library'\'', '\''/mnt/library'\'', p);
  .libPaths(p);
  if(BiocManager::install('\''GeDi'\'', INSTALL_opts = '\''--build'\'', update = TRUE, quiet = FALSE, dependencies=TRUE, force = TRUE, keep_outputs = TRUE) %in% rownames(installed.packages())) q(status = 0) else q(status = 1)'
'getOption("repos")' replaces Bioconductor standard repositories, see
'help("repositories", package = "BiocManager")' for details.
Replacement repositories:
    CRAN: https://p3m.dev/cran/__linux__/noble/latest
Bioconductor version 3.23 (BiocManager 1.30.27), R 4.6.1 (2026-06-24)
Installing package(s) 'GeDi'
also installing the dependencies ‘backbone’, ‘tippy’, ‘bs4Dash’, ‘GeneTonic’

trying URL 'https://p3m.dev/cran/__linux__/noble/latest/src/contrib/backbone_3.0.4.tar.gz'
trying URL 'https://p3m.dev/cran/__linux__/noble/latest/src/contrib/tippy_0.1.0.tar.gz'
trying URL 'https://p3m.dev/cran/__linux__/noble/latest/src/contrib/bs4Dash_2.3.5.tar.gz'
trying URL 'https://bioconductor.org/packages/3.23/bioc/src/contrib/GeneTonic_3.6.0.tar.gz'
trying URL 'https://bioconductor.org/packages/3.23/bioc/src/contrib/GeDi_1.7.1.tar.gz'
* installing *binary* package ‘backbone’ ...
* package ‘backbone’ successfully unpacked and SHA256 sums checked
* ‘backbone’ was already a binary package and will not be rebuilt
* SHA256 sums
* creating tarball
packaged installation of ‘backbone’ as ‘backbone_3.0.4_R_x86_64-pc-linux-gnu.tar.gz’
* DONE (backbone)
* installing *binary* package ‘tippy’ ...
* package ‘tippy’ successfully unpacked and SHA256 sums checked
* ‘tippy’ was already a binary package and will not be rebuilt
* SHA256 sums
* creating tarball
packaged installation of ‘tippy’ as ‘tippy_0.1.0_R_x86_64-pc-linux-gnu.tar.gz’
* DONE (tippy)
* installing *binary* package ‘bs4Dash’ ...
* package ‘bs4Dash’ successfully unpacked and SHA256 sums checked
* ‘bs4Dash’ was already a binary package and will not be rebuilt
* SHA256 sums
* creating tarball
packaged installation of ‘bs4Dash’ as ‘bs4Dash_2.3.5_R_x86_64-pc-linux-gnu.tar.gz’
* DONE (bs4Dash)
* installing *source* package ‘GeneTonic’ ...
** this is package ‘GeneTonic’ version ‘3.6.0’
** using staged installation
** R
** data
** inst
** byte-compile and prepare package for lazy loading
** help
*** installing help indices
*** copying figures
** building package indices
** installing vignettes
** testing if installed package can be loaded from temporary location
** testing if installed package can be loaded from final location
** testing if installed package keeps a record of temporary installation path
* SHA256 sums
* creating tarball
packaged installation of ‘GeneTonic’ as ‘GeneTonic_3.6.0_R_x86_64-pc-linux-gnu.tar.gz’
* DONE (GeneTonic)
* installing *source* package ‘GeDi’ ...
** this is package ‘GeDi’ version ‘1.7.1’
** using staged installation
** R
** data
** inst
** byte-compile and prepare package for lazy loading
** help
*** installing help indices
*** copying figures
** building package indices
** installing vignettes
** testing if installed package can be loaded from temporary location
** testing if installed package can be loaded from final location
** testing if installed package keeps a record of temporary installation path
* SHA256 sums
* creating tarball
packaged installation of ‘GeDi’ as ‘GeDi_1.7.1_R_x86_64-pc-linux-gnu.tar.gz’
* DONE (GeDi)

The downloaded source packages are in
	‘/tmp/Rtmp6iJdbd/downloaded_packages’
Old packages: 'httr2', 'pak', 'pkgdown', 'urlchecker', 'xfun', 'zip', 'MASS',
  'nlme', 'survival'

real	1m27.338s
user	1m12.101s
sys	0m9.063s
