+ Rscript -e 'Sys.setenv(BIOCONDUCTOR_USE_CONTAINER_REPOSITORY=FALSE);
  p <- .libPaths();
  p <- c('\''/tmp/library'\'', '\''/mnt/library'\'', p);
  .libPaths(p);
  if(BiocManager::install('\''PhenoGeneRanker'\'', INSTALL_opts = '\''--build'\'', update = TRUE, quiet = FALSE, dependencies=TRUE, force = TRUE, keep_outputs = TRUE) %in% rownames(installed.packages())) q(status = 0) else q(status = 1)'
'getOption("repos")' replaces Bioconductor standard repositories, see
'help("repositories", package = "BiocManager")' for details.
Replacement repositories:
    CRAN: https://p3m.dev/cran/__linux__/noble/latest
Bioconductor version 3.23 (BiocManager 1.30.27), R 4.6.1 (2026-06-24)
Installing package(s) 'PhenoGeneRanker'
also installing the dependency ‘doParallel’

trying URL 'https://p3m.dev/cran/__linux__/noble/latest/src/contrib/doParallel_1.0.17.tar.gz'
trying URL 'https://bioconductor.org/packages/3.23/bioc/src/contrib/PhenoGeneRanker_1.20.0.tar.gz'
* installing *binary* package ‘doParallel’ ...
* package ‘doParallel’ successfully unpacked and SHA256 sums checked
* ‘doParallel’ was already a binary package and will not be rebuilt
* SHA256 sums
* creating tarball
packaged installation of ‘doParallel’ as ‘doParallel_1.0.17_R_x86_64-pc-linux-gnu.tar.gz’
* DONE (doParallel)
* installing *source* package ‘PhenoGeneRanker’ ...
** this is package ‘PhenoGeneRanker’ version ‘1.20.0’
** using staged installation
** R
** inst
** byte-compile and prepare package for lazy loading
** help
*** installing help indices
** building package indices
** installing vignettes
** testing if installed package can be loaded from temporary location
** testing if installed package can be loaded from final location
** testing if installed package keeps a record of temporary installation path
* SHA256 sums
* creating tarball
packaged installation of ‘PhenoGeneRanker’ as ‘PhenoGeneRanker_1.20.0_R_x86_64-pc-linux-gnu.tar.gz’
* DONE (PhenoGeneRanker)

The downloaded source packages are in
	‘/tmp/RtmpD6VGih/downloaded_packages’
Old packages: 'diffobj', 'httr2', 'pak', 'pkgdown', 'urlchecker', 'xfun',
  'zip', 'MASS', 'nlme', 'survival'

real	0m18.952s
user	0m7.319s
sys	0m2.437s
