+ Rscript -e 'Sys.setenv(BIOCONDUCTOR_USE_CONTAINER_REPOSITORY=FALSE);
  p <- .libPaths();
  p <- c('\''/tmp/library'\'', '\''/mnt/library'\'', p);
  .libPaths(p);
  if(BiocManager::install('\''SpectralTAD'\'', INSTALL_opts = '\''--build'\'', update = TRUE, quiet = FALSE, dependencies=TRUE, force = TRUE, keep_outputs = TRUE) %in% rownames(installed.packages())) q(status = 0) else q(status = 1)'
'getOption("repos")' replaces Bioconductor standard repositories, see
'help("repositories", package = "BiocManager")' for details.
Replacement repositories:
    CRAN: https://p3m.dev/cran/__linux__/noble/latest
Bioconductor version 3.24 (BiocManager 1.30.27), R 4.6.1 (2026-06-24)
Installing package(s) 'SpectralTAD'
Warning: dependency ‘PRIMME’ is not available
trying URL 'https://bioconductor.org/packages/3.24/bioc/src/contrib/SpectralTAD_1.29.0.tar.gz'
Content type 'application/x-gzip' length 1565566 bytes (1.5 MB)
==================================================
downloaded 1.5 MB

ERROR: dependency ‘PRIMME’ is not available for package ‘SpectralTAD’
Perhaps try a variation of:
install.packages('PRIMME')
* removing ‘/tmp/library/SpectralTAD’

The downloaded source packages are in
	‘/tmp/RtmpYOA6zA/downloaded_packages’
