+ Rscript -e 'Sys.setenv(BIOCONDUCTOR_USE_CONTAINER_REPOSITORY=FALSE);
  p <- .libPaths();
  p <- c('\''/tmp/library'\'', '\''/mnt/library'\'', p);
  .libPaths(p);
  if(BiocManager::install('\''fishpond'\'', INSTALL_opts = '\''--build'\'', update = TRUE, quiet = FALSE, dependencies=TRUE, force = TRUE, keep_outputs = TRUE) %in% rownames(installed.packages())) q(status = 0) else q(status = 1)'
'getOption("repos")' replaces Bioconductor standard repositories, see
'help("repositories", package = "BiocManager")' for details.
Replacement repositories:
    CRAN: https://p3m.dev/cran/__linux__/noble/latest
Bioconductor version 3.23 (BiocManager 1.30.27), R 4.6.1 (2026-06-24)
Installing package(s) 'fishpond'
also installing the dependency ‘svMisc’

trying URL 'https://p3m.dev/cran/__linux__/noble/latest/src/contrib/svMisc_1.4.3.tar.gz'
trying URL 'https://bioconductor.org/packages/3.23/bioc/src/contrib/fishpond_2.18.0.tar.gz'
* installing *binary* package ‘svMisc’ ...
* package ‘svMisc’ successfully unpacked and SHA256 sums checked
* ‘svMisc’ was already a binary package and will not be rebuilt
* SHA256 sums
* creating tarball
packaged installation of ‘svMisc’ as ‘svMisc_1.4.3_R_x86_64-pc-linux-gnu.tar.gz’
* DONE (svMisc)
* installing *source* package ‘fishpond’ ...
** this is package ‘fishpond’ version ‘2.18.0’
** using staged installation
** R
** inst
** byte-compile and prepare package for lazy loading
** help
*** installing help indices
*** copying figures
** building package indices
** installing vignettes
** testing if installed package can be loaded from temporary location
** testing if installed package can be loaded from final location
** testing if installed package keeps a record of temporary installation path
* SHA256 sums
* creating tarball
packaged installation of ‘fishpond’ as ‘fishpond_2.18.0_R_x86_64-pc-linux-gnu.tar.gz’
* DONE (fishpond)

The downloaded source packages are in
	‘/tmp/RtmpmQrtGA/downloaded_packages’
Old packages: 'httr2', 'pak', 'pkgdown', 'urlchecker', 'xfun', 'zip', 'MASS',
  'nlme', 'survival'

real	0m35.707s
user	0m26.933s
sys	0m4.294s
