+ Rscript -e 'Sys.setenv(BIOCONDUCTOR_USE_CONTAINER_REPOSITORY=FALSE);
  p <- .libPaths();
  p <- c('\''/tmp/library'\'', '\''/mnt/library'\'', p);
  .libPaths(p);
  if(BiocManager::install('\''widgetTools'\'', INSTALL_opts = '\''--build'\'', update = TRUE, quiet = FALSE, dependencies=TRUE, force = TRUE, keep_outputs = TRUE) %in% rownames(installed.packages())) q(status = 0) else q(status = 1)'
'getOption("repos")' replaces Bioconductor standard repositories, see
'help("repositories", package = "BiocManager")' for details.
Replacement repositories:
    CRAN: https://p3m.dev/cran/__linux__/noble/latest
Bioconductor version 3.24 (BiocManager 1.30.27), R 4.6.1 (2026-06-24)
Installing package(s) 'widgetTools'
trying URL 'https://bioconductor.org/packages/3.24/bioc/src/contrib/widgetTools_1.91.0.tar.gz'
Content type 'application/x-gzip' length 233761 bytes (228 KB)
==================================================
downloaded 228 KB

* installing *source* package ‘widgetTools’ ...
** this is package ‘widgetTools’ version ‘1.91.0’
** package ‘widgetTools’ successfully unpacked and MD5 sums checked
** using staged installation
** R
** inst
** byte-compile and prepare package for lazy loading
Warning message:
no DISPLAY variable so Tk is not available 
** help
*** installing help indices
** building package indices
** installing vignettes
** testing if installed package can be loaded from temporary location
Warning: no DISPLAY variable so Tk is not available
** testing if installed package can be loaded from final location
Warning: no DISPLAY variable so Tk is not available
** testing if installed package keeps a record of temporary installation path
* SHA256 sums
* creating tarball
packaged installation of ‘widgetTools’ as ‘widgetTools_1.91.0_R_x86_64-pc-linux-gnu.tar.gz’
* DONE (widgetTools)

The downloaded source packages are in
	‘/tmp/RtmptSux78/downloaded_packages’

real	0m18.872s
user	0m5.358s
sys	0m2.622s
