+ Rscript -e 'Sys.setenv(BIOCONDUCTOR_USE_CONTAINER_REPOSITORY=FALSE);
  p <- .libPaths();
  p <- c('\''/tmp/library'\'', '\''/mnt/library'\'', p);
  .libPaths(p);
  if(BiocManager::install('\''PinPath'\'', INSTALL_opts = '\''--build'\'', update = TRUE, quiet = FALSE, dependencies=TRUE, force = TRUE, keep_outputs = TRUE) %in% rownames(installed.packages())) q(status = 0) else q(status = 1)'
'getOption("repos")' replaces Bioconductor standard repositories, see
'help("repositories", package = "BiocManager")' for details.
Replacement repositories:
    CRAN: https://p3m.dev/cran/__linux__/noble/latest
Bioconductor version 3.24 (BiocManager 1.30.27), R 4.6.1 (2026-06-24)
Installing package(s) 'PinPath'
also installing the dependency ‘metaboliteIDmapping’

trying URL 'https://bioconductor.org/packages/3.24/data/annotation/src/contrib/metaboliteIDmapping_1.0.0.tar.gz'
trying URL 'https://bioconductor.org/packages/3.24/bioc/src/contrib/PinPath_0.99.3.tar.gz'
* installing *source* package ‘metaboliteIDmapping’ ...
** this is package ‘metaboliteIDmapping’ version ‘1.0.0’
** using staged installation
** R
** inst
** byte-compile and prepare package for lazy loading
** help
*** installing help indices
** building package indices
** installing vignettes
** testing if installed package can be loaded from temporary location

downloading 1 resources
retrieving 1 resource

loading from cache
** testing if installed package can be loaded from final location
loading from cache
** testing if installed package keeps a record of temporary installation path
* SHA256 sums
* creating tarball
packaged installation of ‘metaboliteIDmapping’ as ‘metaboliteIDmapping_1.0.0_R_x86_64-pc-linux-gnu.tar.gz’
* DONE (metaboliteIDmapping)
* installing *source* package ‘PinPath’ ...
** this is package ‘PinPath’ version ‘0.99.3’
** package ‘PinPath’ successfully unpacked and MD5 sums checked
** using staged installation
** R
** inst
** byte-compile and prepare package for lazy loading
** help
*** installing help indices
** building package indices
** installing vignettes
** testing if installed package can be loaded from temporary location
** testing if installed package can be loaded from final location
** testing if installed package keeps a record of temporary installation path
* SHA256 sums
* creating tarball
packaged installation of ‘PinPath’ as ‘PinPath_0.99.3_R_x86_64-pc-linux-gnu.tar.gz’
* DONE (PinPath)

The downloaded source packages are in
	‘/tmp/RtmpJW36kI/downloaded_packages’

real	1m5.164s
user	0m53.151s
sys	0m6.666s
