+ Rscript -e 'Sys.setenv(BIOCONDUCTOR_USE_CONTAINER_REPOSITORY=FALSE);
  p <- .libPaths();
  p <- c('\''/tmp/library'\'', '\''/mnt/library'\'', p);
  .libPaths(p);
  if(BiocManager::install('\''cellxgenedp'\'', INSTALL_opts = '\''--build'\'', update = TRUE, quiet = FALSE, dependencies=TRUE, force = TRUE, keep_outputs = TRUE) %in% rownames(installed.packages())) q(status = 0) else q(status = 1)'
'getOption("repos")' replaces Bioconductor standard repositories, see
'help("repositories", package = "BiocManager")' for details.
Replacement repositories:
    CRAN: https://p3m.dev/cran/__linux__/noble/latest
Bioconductor version 3.24 (BiocManager 1.30.27), R 4.6.1 (2026-06-24)
Installing package(s) 'cellxgenedp'
also installing the dependencies ‘basilisk’, ‘zellkonverter’

trying URL 'https://bioconductor.org/packages/3.24/bioc/src/contrib/basilisk_1.25.0.tar.gz'
trying URL 'https://bioconductor.org/packages/3.24/bioc/src/contrib/zellkonverter_1.23.0.tar.gz'
trying URL 'https://bioconductor.org/packages/3.24/bioc/src/contrib/cellxgenedp_1.17.1.tar.gz'
* installing *source* package ‘basilisk’ ...
** this is package ‘basilisk’ version ‘1.25.0’
** package ‘basilisk’ successfully unpacked and MD5 sums checked
** using non-staged installation via StagedInstall field
** R
** inst
** byte-compile and prepare package for lazy loading
** help
*** installing help indices
** building package indices
** installing vignettes
** testing if installed package can be loaded
* SHA256 sums
* creating tarball
packaged installation of ‘basilisk’ as ‘basilisk_1.25.0_R_x86_64-pc-linux-gnu.tar.gz’
* DONE (basilisk)
* installing *source* package ‘cellxgenedp’ ...
** this is package ‘cellxgenedp’ version ‘1.17.1’
** package ‘cellxgenedp’ successfully unpacked and MD5 sums checked
** using staged installation
** R
** inst
** byte-compile and prepare package for lazy loading
** help
*** installing help indices
** building package indices
** installing vignettes
** testing if installed package can be loaded from temporary location
** testing if installed package can be loaded from final location
** testing if installed package keeps a record of temporary installation path
* SHA256 sums
* creating tarball
packaged installation of ‘cellxgenedp’ as ‘cellxgenedp_1.17.1_R_x86_64-pc-linux-gnu.tar.gz’
* DONE (cellxgenedp)
* installing *source* package ‘zellkonverter’ ...
** this is package ‘zellkonverter’ version ‘1.23.0’
** package ‘zellkonverter’ successfully unpacked and MD5 sums checked
** using non-staged installation via StagedInstall field
** R
** inst
** byte-compile and prepare package for lazy loading
** help
*** installing help indices
*** copying figures
** building package indices
** installing vignettes
** testing if installed package can be loaded
* SHA256 sums
* creating tarball
packaged installation of ‘zellkonverter’ as ‘zellkonverter_1.23.0_R_x86_64-pc-linux-gnu.tar.gz’
* DONE (zellkonverter)

The downloaded source packages are in
	‘/tmp/RtmpKHRuZ7/downloaded_packages’

real	1m11.191s
user	0m26.408s
sys	0m6.102s
