+ Rscript -e 'Sys.setenv(BIOCONDUCTOR_USE_CONTAINER_REPOSITORY=FALSE);
  p <- .libPaths();
  p <- c('\''/tmp/library'\'', '\''/mnt/library'\'', p);
  .libPaths(p);
  if(BiocManager::install('\''bettr'\'', INSTALL_opts = '\''--build'\'', update = TRUE, quiet = FALSE, dependencies=TRUE, force = TRUE, keep_outputs = TRUE) %in% rownames(installed.packages())) q(status = 0) else q(status = 1)'
'getOption("repos")' replaces Bioconductor standard repositories, see
'help("repositories", package = "BiocManager")' for details.
Replacement repositories:
    CRAN: https://p3m.dev/cran/__linux__/noble/latest
Bioconductor version 3.23 (BiocManager 1.30.27), R 4.6.1 (2026-06-24)
Installing package(s) 'bettr'
also installing the dependency ‘sortable’

trying URL 'https://p3m.dev/cran/__linux__/noble/latest/src/contrib/sortable_0.6.0.tar.gz'
trying URL 'https://bioconductor.org/packages/3.23/bioc/src/contrib/bettr_1.8.0.tar.gz'
* installing *binary* package ‘sortable’ ...
* package ‘sortable’ successfully unpacked and SHA256 sums checked
* ‘sortable’ was already a binary package and will not be rebuilt
* SHA256 sums
* creating tarball
packaged installation of ‘sortable’ as ‘sortable_0.6.0_R_x86_64-pc-linux-gnu.tar.gz’
* DONE (sortable)
* installing *source* package ‘bettr’ ...
** this is package ‘bettr’ version ‘1.8.0’
** using staged installation
** R
** inst
** byte-compile and prepare package for lazy loading
** help
*** installing help indices
*** copying figures
** building package indices
** installing vignettes
** testing if installed package can be loaded from temporary location
** testing if installed package can be loaded from final location
** testing if installed package keeps a record of temporary installation path
* SHA256 sums
* creating tarball
packaged installation of ‘bettr’ as ‘bettr_1.8.0_R_x86_64-pc-linux-gnu.tar.gz’
* DONE (bettr)

The downloaded source packages are in
	‘/tmp/Rtmptv3PRv/downloaded_packages’
Old packages: 'diffobj', 'httr2', 'pak', 'pkgdown', 'urlchecker', 'xfun',
  'zip', 'MASS', 'nlme', 'survival'

real	0m36.750s
user	0m29.373s
sys	0m4.552s
