+ Rscript -e 'Sys.setenv(BIOCONDUCTOR_USE_CONTAINER_REPOSITORY=FALSE);
  p <- .libPaths();
  p <- c('\''/tmp/library'\'', '\''/mnt/library'\'', p);
  .libPaths(p);
  if(BiocManager::install('\''jazzPanda'\'', INSTALL_opts = '\''--build'\'', update = TRUE, quiet = FALSE, dependencies=TRUE, force = TRUE, keep_outputs = TRUE) %in% rownames(installed.packages())) q(status = 0) else q(status = 1)'
'getOption("repos")' replaces Bioconductor standard repositories, see
'help("repositories", package = "BiocManager")' for details.
Replacement repositories:
    CRAN: https://p3m.dev/cran/__linux__/noble/latest
Bioconductor version 3.24 (BiocManager 1.30.27), R 4.6.1 (2026-06-24)
Installing package(s) 'jazzPanda'
also installing the dependencies ‘spatstat.linnet’, ‘spatstat’, ‘TENxXeniumData’

trying URL 'https://p3m.dev/cran/__linux__/noble/latest/src/contrib/spatstat.linnet_3.5-1.tar.gz'
trying URL 'https://p3m.dev/cran/__linux__/noble/latest/src/contrib/spatstat_3.6-1.tar.gz'
trying URL 'https://bioconductor.org/packages/3.24/data/experiment/src/contrib/TENxXeniumData_1.9.0.tar.gz'
trying URL 'https://bioconductor.org/packages/3.24/bioc/src/contrib/jazzPanda_1.5.0.tar.gz'
* installing *binary* package ‘spatstat.linnet’ ...
* package ‘spatstat.linnet’ successfully unpacked and SHA256 sums checked
* ‘spatstat.linnet’ was already a binary package and will not be rebuilt
* SHA256 sums
* creating tarball
packaged installation of ‘spatstat.linnet’ as ‘spatstat.linnet_3.5-1_R_x86_64-pc-linux-gnu.tar.gz’
* DONE (spatstat.linnet)
* installing *source* package ‘TENxXeniumData’ ...
** this is package ‘TENxXeniumData’ version ‘1.9.0’
** using staged installation
** R
** inst
** byte-compile and prepare package for lazy loading
** help
*** installing help indices
** building package indices
** installing vignettes
** testing if installed package can be loaded from temporary location
** testing if installed package can be loaded from final location
** testing if installed package keeps a record of temporary installation path
* SHA256 sums
* creating tarball
packaged installation of ‘TENxXeniumData’ as ‘TENxXeniumData_1.9.0_R_x86_64-pc-linux-gnu.tar.gz’
* DONE (TENxXeniumData)
* installing *source* package ‘jazzPanda’ ...
** this is package ‘jazzPanda’ version ‘1.5.0’
** package ‘jazzPanda’ successfully unpacked and MD5 sums checked
** using staged installation
** R
** data
** inst
** byte-compile and prepare package for lazy loading
** help
*** installing help indices
** building package indices
** installing vignettes
** testing if installed package can be loaded from temporary location
** testing if installed package can be loaded from final location
** testing if installed package keeps a record of temporary installation path
* SHA256 sums
* creating tarball
packaged installation of ‘jazzPanda’ as ‘jazzPanda_1.5.0_R_x86_64-pc-linux-gnu.tar.gz’
* DONE (jazzPanda)
* installing *binary* package ‘spatstat’ ...
* package ‘spatstat’ successfully unpacked and SHA256 sums checked
* ‘spatstat’ was already a binary package and will not be rebuilt
* SHA256 sums
* creating tarball
packaged installation of ‘spatstat’ as ‘spatstat_3.6-1_R_x86_64-pc-linux-gnu.tar.gz’
* DONE (spatstat)

The downloaded source packages are in
	‘/tmp/Rtmp7gW5LF/downloaded_packages’

real	1m38.156s
user	1m23.377s
sys	0m10.701s
