+ Rscript -e 'Sys.setenv(BIOCONDUCTOR_USE_CONTAINER_REPOSITORY=FALSE);
  p <- .libPaths();
  p <- c('\''/tmp/library'\'', '\''/mnt/library'\'', p);
  .libPaths(p);
  if(BiocManager::install('\''snifter'\'', INSTALL_opts = '\''--build'\'', update = TRUE, quiet = FALSE, dependencies=TRUE, force = TRUE, keep_outputs = TRUE) %in% rownames(installed.packages())) q(status = 0) else q(status = 1)'
'getOption("repos")' replaces Bioconductor standard repositories, see
'help("repositories", package = "BiocManager")' for details.
Replacement repositories:
    CRAN: https://p3m.dev/cran/__linux__/noble/latest
Bioconductor version 3.23 (BiocManager 1.30.27), R 4.6.1 (2026-06-24)
Installing package(s) 'snifter'
trying URL 'https://bioconductor.org/packages/3.23/bioc/src/contrib/snifter_1.22.0.tar.gz'
Content type 'application/x-gzip' length 749155 bytes (731 KB)
==================================================
downloaded 731 KB

* installing *source* package ‘snifter’ ...
** this is package ‘snifter’ version ‘1.22.0’
** using non-staged installation via StagedInstall field
** R
** inst
** byte-compile and prepare package for lazy loading
** help
*** installing help indices
*** copying figures
** building package indices
** installing vignettes
** testing if installed package can be loaded
* SHA256 sums
* creating tarball
packaged installation of ‘snifter’ as ‘snifter_1.22.0_R_x86_64-pc-linux-gnu.tar.gz’
* DONE (snifter)

The downloaded source packages are in
	‘/tmp/RtmpFSx95l/downloaded_packages’
Old packages: 'diffobj', 'httr2', 'pak', 'pkgdown', 'urlchecker', 'xfun',
  'zip', 'MASS', 'nlme', 'survival'

real	0m11.989s
user	0m8.237s
sys	0m3.046s
