+ Rscript -e 'Sys.setenv(BIOCONDUCTOR_USE_CONTAINER_REPOSITORY=FALSE);
  p <- .libPaths();
  p <- c('\''/tmp/library'\'', '\''/mnt/library'\'', p);
  .libPaths(p);
  if(BiocManager::install('\''MSnbase'\'', INSTALL_opts = '\''--build'\'', update = TRUE, quiet = FALSE, dependencies=TRUE, force = TRUE, keep_outputs = TRUE) %in% rownames(installed.packages())) q(status = 0) else q(status = 1)'
'getOption("repos")' replaces Bioconductor standard repositories, see
'help("repositories", package = "BiocManager")' for details.
Replacement repositories:
    CRAN: https://p3m.dev/cran/__linux__/noble/latest
Bioconductor version 3.23 (BiocManager 1.30.27), R 4.6.1 (2026-06-24)
Installing package(s) 'MSnbase'
Warning: dependency ‘pryr’ is not available
also installing the dependencies ‘sampling’, ‘pRoloc’, ‘pRolocdata’

trying URL 'https://p3m.dev/cran/__linux__/noble/latest/src/contrib/sampling_2.11.tar.gz'
trying URL 'https://bioconductor.org/packages/3.23/bioc/src/contrib/pRoloc_1.52.0.tar.gz'
trying URL 'https://bioconductor.org/packages/3.23/data/experiment/src/contrib/pRolocdata_1.50.0.tar.gz'
trying URL 'https://bioconductor.org/packages/3.23/bioc/src/contrib/MSnbase_2.37.0.tar.gz'
* installing *binary* package ‘sampling’ ...
* package ‘sampling’ successfully unpacked and SHA256 sums checked
* ‘sampling’ was already a binary package and will not be rebuilt
* SHA256 sums
* creating tarball
packaged installation of ‘sampling’ as ‘sampling_2.11_R_x86_64-pc-linux-gnu.tar.gz’
* DONE (sampling)
* installing *source* package ‘MSnbase’ ...
** this is package ‘MSnbase’ version ‘2.37.0’
** using staged installation
** libs
using C compiler: ‘gcc (Ubuntu 13.3.0-6ubuntu2~24.04.1) 13.3.0’
using C++ compiler: ‘g++ (Ubuntu 13.3.0-6ubuntu2~24.04.1) 13.3.0’
g++ -std=gnu++20 -I"/usr/local/lib/R/include" -DNDEBUG  -I'/usr/local/lib/R/site-library/Rcpp/include' -I/usr/local/include    -fpic  -g -O2 -fstack-protector-strong -Wformat -Werror=format-security -Wdate-time -D_FORTIFY_SOURCE=2 -g   -c RcppExports.cpp -o RcppExports.o
gcc -std=gnu2x -I"/usr/local/lib/R/include" -DNDEBUG  -I'/usr/local/lib/R/site-library/Rcpp/include' -I/usr/local/include    -fpic  -g -O2 -fstack-protector-strong -Wformat -Werror=format-security -Wdate-time -D_FORTIFY_SOURCE=2 -g  -c Spectrum1_class.c -o Spectrum1_class.o
gcc -std=gnu2x -I"/usr/local/lib/R/include" -DNDEBUG  -I'/usr/local/lib/R/site-library/Rcpp/include' -I/usr/local/include    -fpic  -g -O2 -fstack-protector-strong -Wformat -Werror=format-security -Wdate-time -D_FORTIFY_SOURCE=2 -g  -c Spectrum2_class.c -o Spectrum2_class.o
g++ -std=gnu++20 -I"/usr/local/lib/R/include" -DNDEBUG  -I'/usr/local/lib/R/site-library/Rcpp/include' -I/usr/local/include    -fpic  -g -O2 -fstack-protector-strong -Wformat -Werror=format-security -Wdate-time -D_FORTIFY_SOURCE=2 -g   -c imp_neighbour_avg.cpp -o imp_neighbour_avg.o
gcc -std=gnu2x -I"/usr/local/lib/R/include" -DNDEBUG  -I'/usr/local/lib/R/site-library/Rcpp/include' -I/usr/local/include    -fpic  -g -O2 -fstack-protector-strong -Wformat -Werror=format-security -Wdate-time -D_FORTIFY_SOURCE=2 -g  -c utils.c -o utils.o
g++ -std=gnu++20 -shared -L/usr/local/lib/R/lib -L/usr/local/lib -o MSnbase.so RcppExports.o Spectrum1_class.o Spectrum2_class.o imp_neighbour_avg.o utils.o -L/usr/local/lib/R/lib -lR
installing to /tmp/library/00LOCK-MSnbase/00new/MSnbase/libs
** R
** data
*** moving datasets to lazyload DB
Creating a new generic function for ‘trimws’ in package ‘MSnbase’
in method for ‘coerce’ with signature ‘"IBSpectra","MSnSet"’: no definition for class “IBSpectra”
in method for ‘plotMzDelta’ with signature ‘"mzRramp"’: no definition for class “mzRramp”
** inst
** byte-compile and prepare package for lazy loading
Creating a new generic function for ‘trimws’ in package ‘MSnbase’
in method for ‘coerce’ with signature ‘"IBSpectra","MSnSet"’: no definition for class “IBSpectra”
in method for ‘plotMzDelta’ with signature ‘"mzRramp"’: no definition for class “mzRramp”
** help
*** installing help indices
** building package indices
** installing vignettes
** testing if installed package can be loaded from temporary location
** checking absolute paths in shared objects and dynamic libraries
** testing if installed package can be loaded from final location
** testing if installed package keeps a record of temporary installation path
* SHA256 sums
* creating tarball
packaged installation of ‘MSnbase’ as ‘MSnbase_2.37.0_R_x86_64-pc-linux-gnu.tar.gz’
* DONE (MSnbase)
* installing *source* package ‘pRoloc’ ...
** this is package ‘pRoloc’ version ‘1.52.0’
** using staged installation
** libs
using C++ compiler: ‘g++ (Ubuntu 13.3.0-6ubuntu2~24.04.1) 13.3.0’
g++ -std=gnu++20 -I"/usr/local/lib/R/include" -DNDEBUG  -I'/usr/local/lib/R/site-library/Rcpp/include' -I'/mnt/library/RcppArmadillo/include' -I/usr/local/include    -fpic  -g -O2 -fstack-protector-strong -Wformat -Werror=format-security -Wdate-time -D_FORTIFY_SOURCE=2 -g   -c RcppExports.cpp -o RcppExports.o
g++ -std=gnu++20 -I"/usr/local/lib/R/include" -DNDEBUG  -I'/usr/local/lib/R/site-library/Rcpp/include' -I'/mnt/library/RcppArmadillo/include' -I/usr/local/include    -fpic  -g -O2 -fstack-protector-strong -Wformat -Werror=format-security -Wdate-time -D_FORTIFY_SOURCE=2 -g   -c dmvtCpp.cpp -o dmvtCpp.o
g++ -std=gnu++20 -I"/usr/local/lib/R/include" -DNDEBUG  -I'/usr/local/lib/R/site-library/Rcpp/include' -I'/mnt/library/RcppArmadillo/include' -I/usr/local/include    -fpic  -g -O2 -fstack-protector-strong -Wformat -Werror=format-security -Wdate-time -D_FORTIFY_SOURCE=2 -g   -c pRoloc.cpp -o pRoloc.o
'Rcpp:::LdFlags' has not been needed since 2013 (!!) and may get removed in 2027. Please update your 'Makevars'.
'RcppLdFlags' has not been needed since 2013 (!!) and may get removed in 2027. Please update your 'Makevars'.
g++ -std=gnu++20 -shared -L/usr/local/lib/R/lib -L/usr/local/lib -o pRoloc.so RcppExports.o dmvtCpp.o pRoloc.o -llapack -lblas -lgfortran -lm -lquadmath -L/usr/local/lib/R/lib -lR
'Rcpp:::LdFlags' has not been needed since 2013 (!!) and may get removed in 2027. Please update your 'Makevars'.
'RcppLdFlags' has not been needed since 2013 (!!) and may get removed in 2027. Please update your 'Makevars'.
installing to /tmp/library/00LOCK-pRoloc/00new/pRoloc/libs
** R
** data
** inst
** byte-compile and prepare package for lazy loading
** help
*** installing help indices
** building package indices
** installing vignettes
** testing if installed package can be loaded from temporary location
** checking absolute paths in shared objects and dynamic libraries
** testing if installed package can be loaded from final location
** testing if installed package keeps a record of temporary installation path
* SHA256 sums
* creating tarball
packaged installation of ‘pRoloc’ as ‘pRoloc_1.52.0_R_x86_64-pc-linux-gnu.tar.gz’
* DONE (pRoloc)
* installing *source* package ‘pRolocdata’ ...
** this is package ‘pRolocdata’ version ‘1.50.0’
** using staged installation
** R
** data
** inst
** byte-compile and prepare package for lazy loading
** help
*** installing help indices
** building package indices
** testing if installed package can be loaded from temporary location
** testing if installed package can be loaded from final location
** testing if installed package keeps a record of temporary installation path
* SHA256 sums
* creating tarball
packaged installation of ‘pRolocdata’ as ‘pRolocdata_1.50.0_R_x86_64-pc-linux-gnu.tar.gz’
* DONE (pRolocdata)

The downloaded source packages are in
	‘/tmp/Rtmpx16NES/downloaded_packages’
Old packages: 'httr2', 'pak', 'pkgdown', 'urlchecker', 'xfun', 'zip', 'MASS',
  'nlme', 'survival'

real	3m39.324s
user	3m13.747s
sys	0m21.286s
