+ Rscript -e 'Sys.setenv(BIOCONDUCTOR_USE_CONTAINER_REPOSITORY=FALSE);
  p <- .libPaths();
  p <- c('\''/tmp/library'\'', '\''/mnt/library'\'', p);
  .libPaths(p);
  if(BiocManager::install('\''CNAnorm'\'', INSTALL_opts = '\''--build'\'', update = TRUE, quiet = FALSE, dependencies=TRUE, force = TRUE, keep_outputs = TRUE) %in% rownames(installed.packages())) q(status = 0) else q(status = 1)'
'getOption("repos")' replaces Bioconductor standard repositories, see
'help("repositories", package = "BiocManager")' for details.
Replacement repositories:
    CRAN: https://p3m.dev/cran/__linux__/noble/latest
Bioconductor version 3.23 (BiocManager 1.30.27), R 4.6.1 (2026-06-24)
Installing package(s) 'CNAnorm'
trying URL 'https://bioconductor.org/packages/3.23/bioc/src/contrib/CNAnorm_1.58.0.tar.gz'
Content type 'application/x-gzip' length 1594706 bytes (1.5 MB)
==================================================
downloaded 1.5 MB

* installing *source* package ‘CNAnorm’ ...
** this is package ‘CNAnorm’ version ‘1.58.0’
** using staged installation
** libs
using Fortran compiler: ‘GNU Fortran (Ubuntu 13.3.0-6ubuntu2~24.04.1) 13.3.0’
gfortran  -fpic  -g -O2  -c daxpy.f -o daxpy.o
gfortran  -fpic  -g -O2  -c ddot.f -o ddot.o
gfortran  -fpic  -g -O2  -c dgbfa.f -o dgbfa.o
gfortran  -fpic  -g -O2  -c dgbsl.f -o dgbsl.o
gfortran  -fpic  -g -O2  -c dscal.f -o dscal.o
gfortran  -fpic  -g -O2  -c dsmooth.f -o dsmooth.o
gfortran  -fpic  -g -O2  -c idamax.f -o idamax.o
gcc -std=gnu2x -shared -L/usr/local/lib/R/lib -L/usr/local/lib -o CNAnorm.so daxpy.o ddot.o dgbfa.o dgbsl.o dscal.o dsmooth.o idamax.o -lgfortran -lm -lquadmath -L/usr/local/lib/R/lib -lR
installing to /tmp/library/00LOCK-CNAnorm/00new/CNAnorm/libs
** R
** data
** inst
** byte-compile and prepare package for lazy loading
** help
*** installing help indices
** building package indices
** installing vignettes
** testing if installed package can be loaded from temporary location
** checking absolute paths in shared objects and dynamic libraries
** testing if installed package can be loaded from final location
** testing if installed package keeps a record of temporary installation path
* SHA256 sums
* creating tarball
packaged installation of ‘CNAnorm’ as ‘CNAnorm_1.58.0_R_x86_64-pc-linux-gnu.tar.gz’
* DONE (CNAnorm)

The downloaded source packages are in
	‘/tmp/Rtmp3V5d0M/downloaded_packages’
Old packages: 'httr2', 'pak', 'pkgdown', 'urlchecker', 'xfun', 'zip', 'MASS',
  'nlme', 'survival'

real	0m39.161s
user	0m6.402s
sys	0m2.424s
