+ Rscript -e 'Sys.setenv(BIOCONDUCTOR_USE_CONTAINER_REPOSITORY=FALSE);
  p <- .libPaths();
  p <- c('\''/tmp/library'\'', '\''/mnt/library'\'', p);
  .libPaths(p);
  if(BiocManager::install('\''augere.gsea'\'', INSTALL_opts = '\''--build'\'', update = TRUE, quiet = FALSE, dependencies=TRUE, force = TRUE, keep_outputs = TRUE) %in% rownames(installed.packages())) q(status = 0) else q(status = 1)'
'getOption("repos")' replaces Bioconductor standard repositories, see
'help("repositories", package = "BiocManager")' for details.
Replacement repositories:
    CRAN: https://p3m.dev/cran/__linux__/noble/latest
Bioconductor version 3.24 (BiocManager 1.30.27), R 4.6.1 (2026-06-24)
Installing package(s) 'augere.gsea'
trying URL 'https://bioconductor.org/packages/3.24/bioc/src/contrib/augere.gsea_0.99.1.tar.gz'
Content type 'application/x-gzip' length 260440 bytes (254 KB)
==================================================
downloaded 254 KB

* installing *source* package ‘augere.gsea’ ...
** this is package ‘augere.gsea’ version ‘0.99.1’
** package ‘augere.gsea’ successfully unpacked and MD5 sums checked
** using staged installation
** R
** inst
** byte-compile and prepare package for lazy loading
** help
*** installing help indices
** building package indices
** installing vignettes
** testing if installed package can be loaded from temporary location
** testing if installed package can be loaded from final location
** testing if installed package keeps a record of temporary installation path
* SHA256 sums
* creating tarball
packaged installation of ‘augere.gsea’ as ‘augere.gsea_0.99.1_R_x86_64-pc-linux-gnu.tar.gz’
* DONE (augere.gsea)

The downloaded source packages are in
	‘/tmp/Rtmp0n083a/downloaded_packages’
Old packages: 'diffobj'

real	0m37.292s
user	0m28.039s
sys	0m4.496s
