+ Rscript -e 'Sys.setenv(BIOCONDUCTOR_USE_CONTAINER_REPOSITORY=FALSE);
  p <- .libPaths();
  p <- c('\''/tmp/library'\'', '\''/mnt/library'\'', p);
  .libPaths(p);
  if(BiocManager::install('\''MBCB'\'', INSTALL_opts = '\''--build'\'', update = TRUE, quiet = FALSE, dependencies=TRUE, force = TRUE, keep_outputs = TRUE) %in% rownames(installed.packages())) q(status = 0) else q(status = 1)'
'getOption("repos")' replaces Bioconductor standard repositories, see
'help("repositories", package = "BiocManager")' for details.
Replacement repositories:
    CRAN: https://p3m.dev/cran/__linux__/noble/latest
Bioconductor version 3.24 (BiocManager 1.30.27), R 4.6.1 (2026-06-24)
Installing package(s) 'MBCB'
trying URL 'https://bioconductor.org/packages/3.24/bioc/src/contrib/MBCB_1.67.0.tar.gz'
Content type 'application/x-gzip' length 420506 bytes (410 KB)
==================================================
downloaded 410 KB

* installing *source* package ‘MBCB’ ...
** this is package ‘MBCB’ version ‘1.67.0’
** package ‘MBCB’ successfully unpacked and MD5 sums checked
** using staged installation
** R
** data
** inst
** byte-compile and prepare package for lazy loading
Warning message:
no DISPLAY variable so Tk is not available 
** help
*** installing help indices
** building package indices
** installing vignettes
** testing if installed package can be loaded from temporary location
Warning: no DISPLAY variable so Tk is not available
** testing if installed package can be loaded from final location
Warning: no DISPLAY variable so Tk is not available
** testing if installed package keeps a record of temporary installation path
* SHA256 sums
* creating tarball
packaged installation of ‘MBCB’ as ‘MBCB_1.67.0_R_x86_64-pc-linux-gnu.tar.gz’
* DONE (MBCB)

The downloaded source packages are in
	‘/tmp/Rtmp7VdX7k/downloaded_packages’
Old packages: 'diffobj'

real	0m13.736s
user	0m6.468s
sys	0m3.078s
