+ Rscript -e 'Sys.setenv(BIOCONDUCTOR_USE_CONTAINER_REPOSITORY=FALSE);
  p <- .libPaths();
  p <- c('\''/tmp/library'\'', '\''/mnt/library'\'', p);
  .libPaths(p);
  if(BiocManager::install('\''splatter'\'', INSTALL_opts = '\''--build'\'', update = TRUE, quiet = FALSE, dependencies=TRUE, force = TRUE, keep_outputs = TRUE) %in% rownames(installed.packages())) q(status = 0) else q(status = 1)'
'getOption("repos")' replaces Bioconductor standard repositories, see
'help("repositories", package = "BiocManager")' for details.
Replacement repositories:
    CRAN: https://p3m.dev/cran/__linux__/noble/latest
Bioconductor version 3.24 (BiocManager 1.30.27), R 4.6.1 (2026-06-24)
Installing package(s) 'splatter'
also installing the dependencies ‘BASiCS’, ‘scDD’, ‘SparseDC’

trying URL 'https://bioconductor.org/packages/3.24/bioc/src/contrib/BASiCS_2.25.0.tar.gz'
trying URL 'https://bioconductor.org/packages/3.24/bioc/src/contrib/scDD_1.37.0.tar.gz'
trying URL 'https://p3m.dev/cran/__linux__/noble/latest/src/contrib/SparseDC_0.1.17.tar.gz'
trying URL 'https://bioconductor.org/packages/3.24/bioc/src/contrib/splatter_1.37.1.tar.gz'
* installing *source* package ‘BASiCS’ ...
** this is package ‘BASiCS’ version ‘2.25.0’
** package ‘BASiCS’ successfully unpacked and MD5 sums checked
** using staged installation
** libs
using C++ compiler: ‘g++ (Ubuntu 13.3.0-6ubuntu2~24.04.1) 13.3.0’
g++ -std=gnu++20 -I"/usr/local/lib/R/include" -DNDEBUG  -I'/usr/local/lib/R/site-library/Rcpp/include' -I'/mnt/library/RcppArmadillo/include' -I/usr/local/include   -fopenmp -fpic  -g -O2 -fstack-protector-strong -Wformat -Werror=format-security -Wdate-time -D_FORTIFY_SOURCE=2 -g   -c BASiCS.cpp -o BASiCS.o
In file included from /usr/local/lib/R/site-library/Rcpp/include/RcppCommon.h:29,
                 from /mnt/library/RcppArmadillo/include/RcppArmadillo/interface/RcppArmadilloForward.h:26,
                 from /mnt/library/RcppArmadillo/include/RcppArmadillo.h:29,
                 from libraries.h:11,
                 from utils.h:4,
                 from updates.h:4,
                 from BASiCS.cpp:1:
/usr/local/lib/R/site-library/Rcpp/include/Rcpp/r/check_r_headers.h:27:21: note: ‘#pragma message: R.h has been included before any Rcpp headers. This can lead to hard-to-debug errors, and is not necessary. See https://github.com/RcppCore/Rcpp/issues/1410’
   27 |     #pragma message "R.h has been included before any Rcpp headers. This can lead to hard-to-debug errors, and is not necessary. See https://github.com/RcppCore/Rcpp/issues/1410"
      |                     ^~~~~~~~~~~~~~~~~~~~~~~~~~~~~~~~~~~~~~~~~~~~~~~~~~~~~~~~~~~~~~~~~~~~~~~~~~~~~~~~~~~~~~~~~~~~~~~~~~~~~~~~~~~~~~~~~~~~~~~~~~~~~~~~~~~~~~~~~~~~~~~~~~~~~~~~~~~~~~
g++ -std=gnu++20 -I"/usr/local/lib/R/include" -DNDEBUG  -I'/usr/local/lib/R/site-library/Rcpp/include' -I'/mnt/library/RcppArmadillo/include' -I/usr/local/include   -fopenmp -fpic  -g -O2 -fstack-protector-strong -Wformat -Werror=format-security -Wdate-time -D_FORTIFY_SOURCE=2 -g   -c RcppExports.cpp -o RcppExports.o
g++ -std=gnu++20 -shared -L/usr/local/lib/R/lib -L/usr/local/lib -o BASiCS.so BASiCS.o RcppExports.o -llapack -lblas -lgfortran -lm -lquadmath -fopenmp -L/usr/local/lib/R/lib -lR
installing to /tmp/library/00LOCK-BASiCS/00new/BASiCS/libs
** R
** data
** inst
** byte-compile and prepare package for lazy loading
** help
*** installing help indices
** building package indices
** installing vignettes
** testing if installed package can be loaded from temporary location
** checking absolute paths in shared objects and dynamic libraries
** testing if installed package can be loaded from final location
** testing if installed package keeps a record of temporary installation path
* SHA256 sums
* creating tarball
packaged installation of ‘BASiCS’ as ‘BASiCS_2.25.0_R_x86_64-pc-linux-gnu.tar.gz’
* DONE (BASiCS)
* installing *source* package ‘scDD’ ...
** this is package ‘scDD’ version ‘1.37.0’
** package ‘scDD’ successfully unpacked and MD5 sums checked
** using staged installation
** R
** data
** inst
** byte-compile and prepare package for lazy loading
** help
*** installing help indices
** building package indices
** installing vignettes
** testing if installed package can be loaded from temporary location
** testing if installed package can be loaded from final location
** testing if installed package keeps a record of temporary installation path
* SHA256 sums
* creating tarball
packaged installation of ‘scDD’ as ‘scDD_1.37.0_R_x86_64-pc-linux-gnu.tar.gz’
* DONE (scDD)
* installing *binary* package ‘SparseDC’ ...
* package ‘SparseDC’ successfully unpacked and SHA256 sums checked
* ‘SparseDC’ was already a binary package and will not be rebuilt
* SHA256 sums
* creating tarball
packaged installation of ‘SparseDC’ as ‘SparseDC_0.1.17_R_x86_64-pc-linux-gnu.tar.gz’
* DONE (SparseDC)
* installing *source* package ‘splatter’ ...
** this is package ‘splatter’ version ‘1.37.1’
** package ‘splatter’ successfully unpacked and MD5 sums checked
** using staged installation
** R
** inst
** byte-compile and prepare package for lazy loading
** help
*** installing help indices
*** copying figures
** building package indices
** installing vignettes
** testing if installed package can be loaded from temporary location
** testing if installed package can be loaded from final location
** testing if installed package keeps a record of temporary installation path
* SHA256 sums
* creating tarball
packaged installation of ‘splatter’ as ‘splatter_1.37.1_R_x86_64-pc-linux-gnu.tar.gz’
* DONE (splatter)

The downloaded source packages are in
	‘/tmp/RtmpOLwdRo/downloaded_packages’

real	2m39.101s
user	2m4.049s
sys	0m15.008s
