+ Rscript -e 'Sys.setenv(BIOCONDUCTOR_USE_CONTAINER_REPOSITORY=FALSE);
  p <- .libPaths();
  p <- c('\''/tmp/library'\'', '\''/mnt/library'\'', p);
  .libPaths(p);
  if(BiocManager::install('\''semisup'\'', INSTALL_opts = '\''--build'\'', update = TRUE, quiet = FALSE, dependencies=TRUE, force = TRUE, keep_outputs = TRUE) %in% rownames(installed.packages())) q(status = 0) else q(status = 1)'
'getOption("repos")' replaces Bioconductor standard repositories, see
'help("repositories", package = "BiocManager")' for details.
Replacement repositories:
    CRAN: https://p3m.dev/cran/__linux__/noble/latest
Bioconductor version 3.24 (BiocManager 1.30.27), R 4.6.1 (2026-06-24)
Installing package(s) 'semisup'
also installing the dependency ‘VGAM’

trying URL 'https://p3m.dev/cran/__linux__/noble/latest/src/contrib/VGAM_1.1-14.tar.gz'
trying URL 'https://bioconductor.org/packages/3.24/bioc/src/contrib/semisup_1.37.0.tar.gz'
* installing *binary* package ‘VGAM’ ...
* package ‘VGAM’ successfully unpacked and SHA256 sums checked
* ‘VGAM’ was already a binary package and will not be rebuilt
* SHA256 sums
* creating tarball
packaged installation of ‘VGAM’ as ‘VGAM_1.1-14_R_x86_64-pc-linux-gnu.tar.gz’
* DONE (VGAM)
* installing *source* package ‘semisup’ ...
** this is package ‘semisup’ version ‘1.37.0’
** package ‘semisup’ successfully unpacked and MD5 sums checked
** using staged installation
** R
** data
*** moving datasets to lazyload DB
** inst
** byte-compile and prepare package for lazy loading
** help
*** installing help indices
** building package indices
** installing vignettes
** testing if installed package can be loaded from temporary location
** testing if installed package can be loaded from final location
** testing if installed package keeps a record of temporary installation path
* SHA256 sums
* creating tarball
packaged installation of ‘semisup’ as ‘semisup_1.37.0_R_x86_64-pc-linux-gnu.tar.gz’
* DONE (semisup)

The downloaded source packages are in
	‘/tmp/RtmprozuzD/downloaded_packages’

real	0m17.856s
user	0m5.021s
sys	0m2.074s
