+ Rscript -e 'Sys.setenv(BIOCONDUCTOR_USE_CONTAINER_REPOSITORY=FALSE);
  p <- .libPaths();
  p <- c('\''/tmp/library'\'', '\''/mnt/library'\'', p);
  .libPaths(p);
  if(BiocManager::install('\''stepNorm'\'', INSTALL_opts = '\''--build'\'', update = TRUE, quiet = FALSE, dependencies=TRUE, force = TRUE, keep_outputs = TRUE) %in% rownames(installed.packages())) q(status = 0) else q(status = 1)'
'getOption("repos")' replaces Bioconductor standard repositories, see
'help("repositories", package = "BiocManager")' for details.
Replacement repositories:
    CRAN: https://p3m.dev/cran/__linux__/noble/latest
Bioconductor version 3.24 (BiocManager 1.30.27), R 4.6.1 (2026-06-24)
Installing package(s) 'stepNorm'
trying URL 'https://bioconductor.org/packages/3.24/bioc/src/contrib/stepNorm_1.85.0.tar.gz'
Content type 'application/x-gzip' length 471891 bytes (460 KB)
==================================================
downloaded 460 KB

* installing *source* package ‘stepNorm’ ...
** this is package ‘stepNorm’ version ‘1.85.0’
** package ‘stepNorm’ successfully unpacked and MD5 sums checked
** using staged installation
** R
** inst
** byte-compile and prepare package for lazy loading
** help
*** installing help indices
** building package indices
** testing if installed package can be loaded from temporary location
** testing if installed package can be loaded from final location
** testing if installed package keeps a record of temporary installation path
* SHA256 sums
* creating tarball
packaged installation of ‘stepNorm’ as ‘stepNorm_1.85.0_R_x86_64-pc-linux-gnu.tar.gz’
* DONE (stepNorm)

The downloaded source packages are in
	‘/tmp/RtmpHQTpob/downloaded_packages’
Old packages: 'diffobj'

real	0m11.226s
user	0m6.198s
sys	0m2.168s
