+ Rscript -e 'Sys.setenv(BIOCONDUCTOR_USE_CONTAINER_REPOSITORY=FALSE);
  p <- .libPaths();
  p <- c('\''/tmp/library'\'', '\''/mnt/library'\'', p);
  .libPaths(p);
  if(BiocManager::install('\''SVMDO'\'', INSTALL_opts = '\''--build'\'', update = TRUE, quiet = FALSE, dependencies=TRUE, force = TRUE, keep_outputs = TRUE) %in% rownames(installed.packages())) q(status = 0) else q(status = 1)'
'getOption("repos")' replaces Bioconductor standard repositories, see
'help("repositories", package = "BiocManager")' for details.
Replacement repositories:
    CRAN: https://p3m.dev/cran/__linux__/noble/latest
Bioconductor version 3.23 (BiocManager 1.30.27), R 4.6.1 (2026-06-24)
Installing package(s) 'SVMDO'
also installing the dependencies ‘sjlabelled’, ‘shinytitle’, ‘BSDA’, ‘sjmisc’

trying URL 'https://p3m.dev/cran/__linux__/noble/latest/src/contrib/sjlabelled_1.2.0.tar.gz'
trying URL 'https://p3m.dev/cran/__linux__/noble/latest/src/contrib/shinytitle_0.1.0.tar.gz'
trying URL 'https://p3m.dev/cran/__linux__/noble/latest/src/contrib/BSDA_1.2.2.tar.gz'
trying URL 'https://p3m.dev/cran/__linux__/noble/latest/src/contrib/sjmisc_2.8.11.tar.gz'
trying URL 'https://bioconductor.org/packages/3.23/bioc/src/contrib/SVMDO_1.11.0.tar.gz'
* installing *binary* package ‘sjlabelled’ ...
* package ‘sjlabelled’ successfully unpacked and SHA256 sums checked
* ‘sjlabelled’ was already a binary package and will not be rebuilt
* SHA256 sums
* creating tarball
packaged installation of ‘sjlabelled’ as ‘sjlabelled_1.2.0_R_x86_64-pc-linux-gnu.tar.gz’
* DONE (sjlabelled)
* installing *binary* package ‘shinytitle’ ...
* package ‘shinytitle’ successfully unpacked and SHA256 sums checked
* ‘shinytitle’ was already a binary package and will not be rebuilt
* SHA256 sums
* creating tarball
packaged installation of ‘shinytitle’ as ‘shinytitle_0.1.0_R_x86_64-pc-linux-gnu.tar.gz’
* DONE (shinytitle)
* installing *binary* package ‘BSDA’ ...
* package ‘BSDA’ successfully unpacked and SHA256 sums checked
* ‘BSDA’ was already a binary package and will not be rebuilt
* SHA256 sums
* creating tarball
packaged installation of ‘BSDA’ as ‘BSDA_1.2.2_R_x86_64-pc-linux-gnu.tar.gz’
* DONE (BSDA)
* installing *binary* package ‘sjmisc’ ...
* package ‘sjmisc’ successfully unpacked and SHA256 sums checked
* ‘sjmisc’ was already a binary package and will not be rebuilt
* SHA256 sums
* creating tarball
packaged installation of ‘sjmisc’ as ‘sjmisc_2.8.11_R_x86_64-pc-linux-gnu.tar.gz’
* DONE (sjmisc)
* installing *source* package ‘SVMDO’ ...
** this is package ‘SVMDO’ version ‘1.11.0’
** using staged installation
** R
** inst
** byte-compile and prepare package for lazy loading
Error in loadNamespace(j <- i[[1L]], c(lib.loc, .libPaths()), versionCheck = vI[[j]]) : 
  there is no package called ‘ModelMetrics’
Calls: <Anonymous> ... loadNamespace -> withRestarts -> withOneRestart -> doWithOneRestart
Execution halted
ERROR: lazy loading failed for package ‘SVMDO’
* removing ‘/tmp/library/SVMDO’

The downloaded source packages are in
	‘/tmp/RtmpPhT3zK/downloaded_packages’
Old packages: 'diffobj', 'httr2', 'pak', 'pkgdown', 'urlchecker', 'xfun',
  'zip', 'MASS', 'nlme', 'survival'
Warning message:
In install.packages(...) :
  installation of package ‘SVMDO’ had non-zero exit status

real	0m26.080s
user	0m18.154s
sys	0m4.389s
