+ Rscript -e 'Sys.setenv(BIOCONDUCTOR_USE_CONTAINER_REPOSITORY=FALSE);
  p <- .libPaths();
  p <- c('\''/tmp/library'\'', '\''/mnt/library'\'', p);
  .libPaths(p);
  if(BiocManager::install('\''ExpoRiskR'\'', INSTALL_opts = '\''--build'\'', update = TRUE, quiet = FALSE, dependencies=TRUE, force = TRUE, keep_outputs = TRUE) %in% rownames(installed.packages())) q(status = 0) else q(status = 1)'
'getOption("repos")' replaces Bioconductor standard repositories, see
'help("repositories", package = "BiocManager")' for details.
Replacement repositories:
    CRAN: https://p3m.dev/cran/__linux__/noble/latest
Bioconductor version 3.24 (BiocManager 1.30.27), R 4.6.1 (2026-06-24)
Installing package(s) 'ExpoRiskR'
trying URL 'https://bioconductor.org/packages/3.24/bioc/src/contrib/ExpoRiskR_1.1.0.tar.gz'
Content type 'application/x-gzip' length 498065 bytes (486 KB)
==================================================
downloaded 486 KB

* installing *source* package ‘ExpoRiskR’ ...
** this is package ‘ExpoRiskR’ version ‘1.1.0’
** package ‘ExpoRiskR’ successfully unpacked and MD5 sums checked
** using staged installation
** R
** inst
** byte-compile and prepare package for lazy loading
** help
*** installing help indices
** building package indices
** installing vignettes
** testing if installed package can be loaded from temporary location
** testing if installed package can be loaded from final location
** testing if installed package keeps a record of temporary installation path
* SHA256 sums
* creating tarball
packaged installation of ‘ExpoRiskR’ as ‘ExpoRiskR_1.1.0_R_x86_64-pc-linux-gnu.tar.gz’
* DONE (ExpoRiskR)

The downloaded source packages are in
	‘/tmp/RtmpAWDtkM/downloaded_packages’

real	0m30.252s
user	0m21.863s
sys	0m4.521s
