+ Rscript -e 'Sys.setenv(BIOCONDUCTOR_USE_CONTAINER_REPOSITORY=FALSE);
  p <- .libPaths();
  p <- c('\''/tmp/library'\'', '\''/mnt/library'\'', p);
  .libPaths(p);
  if(BiocManager::install('\''iSEEhub'\'', INSTALL_opts = '\''--build'\'', update = TRUE, quiet = FALSE, dependencies=TRUE, force = TRUE, keep_outputs = TRUE) %in% rownames(installed.packages())) q(status = 0) else q(status = 1)'
'getOption("repos")' replaces Bioconductor standard repositories, see
'help("repositories", package = "BiocManager")' for details.
Replacement repositories:
    CRAN: https://p3m.dev/cran/__linux__/noble/latest
Bioconductor version 3.23 (BiocManager 1.30.27), R 4.6.1 (2026-06-24)
Installing package(s) 'iSEEhub'
also installing the dependency ‘nullrangesData’

trying URL 'https://bioconductor.org/packages/3.23/data/experiment/src/contrib/nullrangesData_1.18.0.tar.gz'
trying URL 'https://bioconductor.org/packages/3.23/bioc/src/contrib/iSEEhub_1.14.0.tar.gz'
* installing *source* package ‘nullrangesData’ ...
** this is package ‘nullrangesData’ version ‘1.18.0’
** using staged installation
** R
** data
*** moving datasets to lazyload DB
** inst
** byte-compile and prepare package for lazy loading
** help
*** installing help indices
** building package indices
** installing vignettes
** testing if installed package can be loaded from temporary location
** testing if installed package can be loaded from final location
** testing if installed package keeps a record of temporary installation path
* SHA256 sums
* creating tarball
packaged installation of ‘nullrangesData’ as ‘nullrangesData_1.18.0_R_x86_64-pc-linux-gnu.tar.gz’
* DONE (nullrangesData)
* installing *source* package ‘iSEEhub’ ...
** this is package ‘iSEEhub’ version ‘1.14.0’
** using staged installation
** R
** inst
** byte-compile and prepare package for lazy loading
** help
*** installing help indices
** building package indices
** installing vignettes
** testing if installed package can be loaded from temporary location
** testing if installed package can be loaded from final location
** testing if installed package keeps a record of temporary installation path
* SHA256 sums
* creating tarball
packaged installation of ‘iSEEhub’ as ‘iSEEhub_1.14.0_R_x86_64-pc-linux-gnu.tar.gz’
* DONE (iSEEhub)

The downloaded source packages are in
	‘/tmp/RtmppYiEN8/downloaded_packages’
Old packages: 'diffobj', 'httr2', 'pak', 'pkgdown', 'urlchecker', 'xfun',
  'zip', 'MASS', 'nlme', 'survival'

real	1m17.222s
user	1m2.349s
sys	0m8.056s
