+ Rscript -e 'Sys.setenv(BIOCONDUCTOR_USE_CONTAINER_REPOSITORY=FALSE);
  p <- .libPaths();
  p <- c('\''/tmp/library'\'', '\''/mnt/library'\'', p);
  .libPaths(p);
  if(BiocManager::install('\''ILoReg'\'', INSTALL_opts = '\''--build'\'', update = TRUE, quiet = FALSE, dependencies=TRUE, force = TRUE, keep_outputs = TRUE) %in% rownames(installed.packages())) q(status = 0) else q(status = 1)'
'getOption("repos")' replaces Bioconductor standard repositories, see
'help("repositories", package = "BiocManager")' for details.
Replacement repositories:
    CRAN: https://p3m.dev/cran/__linux__/noble/latest
Bioconductor version 3.24 (BiocManager 1.30.27), R 4.6.1 (2026-06-24)
Installing package(s) 'ILoReg'
trying URL 'https://bioconductor.org/packages/3.24/bioc/src/contrib/ILoReg_1.23.0.tar.gz'
Content type 'application/x-gzip' length 2796661 bytes (2.7 MB)
==================================================
downloaded 2.7 MB

* installing *source* package ‘ILoReg’ ...
** this is package ‘ILoReg’ version ‘1.23.0’
** package ‘ILoReg’ successfully unpacked and MD5 sums checked
** using staged installation
** R
** data
*** moving datasets to lazyload DB
** inst
** byte-compile and prepare package for lazy loading
Warning: replacing previous import ‘Matrix::det’ by ‘SparseM::det’ when loading ‘ILoReg’
** help
*** installing help indices
** building package indices
** installing vignettes
** testing if installed package can be loaded from temporary location
Warning: replacing previous import ‘Matrix::det’ by ‘SparseM::det’ when loading ‘ILoReg’
** testing if installed package can be loaded from final location
Warning: replacing previous import ‘Matrix::det’ by ‘SparseM::det’ when loading ‘ILoReg’
** testing if installed package keeps a record of temporary installation path
* SHA256 sums
* creating tarball
packaged installation of ‘ILoReg’ as ‘ILoReg_1.23.0_R_x86_64-pc-linux-gnu.tar.gz’
* DONE (ILoReg)

The downloaded source packages are in
	‘/tmp/RtmpD5mUIT/downloaded_packages’
Old packages: 'diffobj'

real	0m47.641s
user	0m30.791s
sys	0m4.836s
