+ Rscript -e 'Sys.setenv(BIOCONDUCTOR_USE_CONTAINER_REPOSITORY=FALSE);
  p <- .libPaths();
  p <- c('\''/tmp/library'\'', '\''/mnt/library'\'', p);
  .libPaths(p);
  if(BiocManager::install('\''SIAMCAT'\'', INSTALL_opts = '\''--build'\'', update = TRUE, quiet = FALSE, dependencies=TRUE, force = TRUE, keep_outputs = TRUE) %in% rownames(installed.packages())) q(status = 0) else q(status = 1)'
'getOption("repos")' replaces Bioconductor standard repositories, see
'help("repositories", package = "BiocManager")' for details.
Replacement repositories:
    CRAN: https://p3m.dev/cran/__linux__/noble/latest
Bioconductor version 3.23 (BiocManager 1.30.27), R 4.6.1 (2026-06-24)
Installing package(s) 'SIAMCAT'
also installing the dependency ‘LiblineaR’

trying URL 'https://p3m.dev/cran/__linux__/noble/latest/src/contrib/LiblineaR_2.10-24.tar.gz'
trying URL 'https://bioconductor.org/packages/3.23/bioc/src/contrib/SIAMCAT_2.16.0.tar.gz'
* installing *binary* package ‘LiblineaR’ ...
* package ‘LiblineaR’ successfully unpacked and SHA256 sums checked
* ‘LiblineaR’ was already a binary package and will not be rebuilt
* SHA256 sums
* creating tarball
packaged installation of ‘LiblineaR’ as ‘LiblineaR_2.10-24_R_x86_64-pc-linux-gnu.tar.gz’
* DONE (LiblineaR)
* installing *source* package ‘SIAMCAT’ ...
** this is package ‘SIAMCAT’ version ‘2.16.0’
** using staged installation
** R
** data
*** moving datasets to lazyload DB
** inst
** byte-compile and prepare package for lazy loading
** help
*** installing help indices
*** copying figures
** building package indices
** installing vignettes
** testing if installed package can be loaded from temporary location
** testing if installed package can be loaded from final location
** testing if installed package keeps a record of temporary installation path
* SHA256 sums
* creating tarball
packaged installation of ‘SIAMCAT’ as ‘SIAMCAT_2.16.0_R_x86_64-pc-linux-gnu.tar.gz’
* DONE (SIAMCAT)

The downloaded source packages are in
	‘/tmp/RtmpGRL5xR/downloaded_packages’
Old packages: 'diffobj', 'httr2', 'pak', 'pkgdown', 'urlchecker', 'xfun',
  'zip', 'MASS', 'nlme', 'survival'

real	0m38.520s
user	0m31.367s
sys	0m4.421s
