+ Rscript -e 'Sys.setenv(BIOCONDUCTOR_USE_CONTAINER_REPOSITORY=FALSE);
  p <- .libPaths();
  p <- c('\''/tmp/library'\'', '\''/mnt/library'\'', p);
  .libPaths(p);
  if(BiocManager::install('\''EmpiricalBrownsMethod'\'', INSTALL_opts = '\''--build'\'', update = TRUE, quiet = FALSE, dependencies=TRUE, force = TRUE, keep_outputs = TRUE) %in% rownames(installed.packages())) q(status = 0) else q(status = 1)'
'getOption("repos")' replaces Bioconductor standard repositories, see
'help("repositories", package = "BiocManager")' for details.
Replacement repositories:
    CRAN: https://p3m.dev/cran/__linux__/noble/latest
Bioconductor version 3.24 (BiocManager 1.30.27), R 4.6.1 (2026-06-24)
Installing package(s) 'EmpiricalBrownsMethod'
trying URL 'https://bioconductor.org/packages/3.24/bioc/src/contrib/EmpiricalBrownsMethod_1.41.0.tar.gz'
Content type 'application/x-gzip' length 40103 bytes (39 KB)
==================================================
downloaded 39 KB

* installing *source* package ‘EmpiricalBrownsMethod’ ...
** this is package ‘EmpiricalBrownsMethod’ version ‘1.41.0’
** package ‘EmpiricalBrownsMethod’ successfully unpacked and MD5 sums checked
** using staged installation
** R
** data
*** moving datasets to lazyload DB
** inst
** byte-compile and prepare package for lazy loading
** help
*** installing help indices
** building package indices
** installing vignettes
** testing if installed package can be loaded from temporary location
** testing if installed package can be loaded from final location
** testing if installed package keeps a record of temporary installation path
* SHA256 sums
* creating tarball
packaged installation of ‘EmpiricalBrownsMethod’ as ‘EmpiricalBrownsMethod_1.41.0_R_x86_64-pc-linux-gnu.tar.gz’
* DONE (EmpiricalBrownsMethod)

The downloaded source packages are in
	‘/tmp/Rtmpx9VCIR/downloaded_packages’
Error in readRDS(file) : error reading from connection

real	0m4.887s
user	0m2.691s
sys	0m1.520s
