+ Rscript -e 'Sys.setenv(BIOCONDUCTOR_USE_CONTAINER_REPOSITORY=FALSE);
  p <- .libPaths();
  p <- c('\''/tmp/library'\'', '\''/mnt/library'\'', p);
  .libPaths(p);
  if(BiocManager::install('\''AIMS'\'', INSTALL_opts = '\''--build'\'', update = TRUE, quiet = FALSE, dependencies=TRUE, force = TRUE, keep_outputs = TRUE) %in% rownames(installed.packages())) q(status = 0) else q(status = 1)'
'getOption("repos")' replaces Bioconductor standard repositories, see
'help("repositories", package = "BiocManager")' for details.
Replacement repositories:
    CRAN: https://p3m.dev/cran/__linux__/noble/latest
Bioconductor version 3.23 (BiocManager 1.30.27), R 4.6.1 (2026-06-24)
Installing package(s) 'AIMS'
also installing the dependency ‘hgu133a.db’

trying URL 'https://bioconductor.org/packages/3.23/data/annotation/src/contrib/hgu133a.db_3.13.0.tar.gz'
trying URL 'https://bioconductor.org/packages/3.23/bioc/src/contrib/AIMS_1.44.0.tar.gz'
* installing *source* package ‘hgu133a.db’ ...
** this is package ‘hgu133a.db’ version ‘3.13.0’
** using staged installation
** R
** inst
** byte-compile and prepare package for lazy loading
** help
*** installing help indices
** building package indices
** testing if installed package can be loaded from temporary location
** testing if installed package can be loaded from final location
** testing if installed package keeps a record of temporary installation path
* SHA256 sums
* creating tarball
packaged installation of ‘hgu133a.db’ as ‘hgu133a.db_3.13.0_R_x86_64-pc-linux-gnu.tar.gz’
* DONE (hgu133a.db)
* installing *source* package ‘AIMS’ ...
** this is package ‘AIMS’ version ‘1.44.0’
** using staged installation
** R
** data
*** moving datasets to lazyload DB
** inst
** byte-compile and prepare package for lazy loading
** help
*** installing help indices
** building package indices
** installing vignettes
** testing if installed package can be loaded from temporary location
** testing if installed package can be loaded from final location
** testing if installed package keeps a record of temporary installation path
* SHA256 sums
* creating tarball
packaged installation of ‘AIMS’ as ‘AIMS_1.44.0_R_x86_64-pc-linux-gnu.tar.gz’
* DONE (AIMS)

The downloaded source packages are in
	‘/tmp/RtmppjHvUs/downloaded_packages’
Old packages: 'httr2', 'pak', 'pkgdown', 'urlchecker', 'xfun', 'zip', 'MASS',
  'nlme', 'survival'

real	0m21.895s
user	0m17.107s
sys	0m4.592s
