+ Rscript -e 'Sys.setenv(BIOCONDUCTOR_USE_CONTAINER_REPOSITORY=FALSE);
  p <- .libPaths();
  p <- c('\''/tmp/library'\'', '\''/mnt/library'\'', p);
  .libPaths(p);
  if(BiocManager::install('\''nondetects'\'', INSTALL_opts = '\''--build'\'', update = TRUE, quiet = FALSE, dependencies=TRUE, force = TRUE, keep_outputs = TRUE) %in% rownames(installed.packages())) q(status = 0) else q(status = 1)'
'getOption("repos")' replaces Bioconductor standard repositories, see
'help("repositories", package = "BiocManager")' for details.
Replacement repositories:
    CRAN: https://p3m.dev/cran/__linux__/noble/latest
Bioconductor version 3.24 (BiocManager 1.30.27), R 4.6.1 (2026-06-24)
Installing package(s) 'nondetects'
also installing the dependency ‘arm’

trying URL 'https://p3m.dev/cran/__linux__/noble/latest/src/contrib/arm_1.15-3.tar.gz'
trying URL 'https://bioconductor.org/packages/3.24/bioc/src/contrib/nondetects_2.43.0.tar.gz'
* installing *binary* package ‘arm’ ...
* package ‘arm’ successfully unpacked and SHA256 sums checked
* ‘arm’ was already a binary package and will not be rebuilt
* SHA256 sums
* creating tarball
packaged installation of ‘arm’ as ‘arm_1.15-3_R_x86_64-pc-linux-gnu.tar.gz’
* DONE (arm)
* installing *source* package ‘nondetects’ ...
** this is package ‘nondetects’ version ‘2.43.0’
** package ‘nondetects’ successfully unpacked and MD5 sums checked
** using staged installation
** R
** data
** inst
** byte-compile and prepare package for lazy loading
** help
*** installing help indices
** building package indices
** installing vignettes
** testing if installed package can be loaded from temporary location
** testing if installed package can be loaded from final location
** testing if installed package keeps a record of temporary installation path
* SHA256 sums
* creating tarball
packaged installation of ‘nondetects’ as ‘nondetects_2.43.0_R_x86_64-pc-linux-gnu.tar.gz’
* DONE (nondetects)

The downloaded source packages are in
	‘/tmp/RtmpOMsk8H/downloaded_packages’
Old packages: 'diffobj'

real	0m15.718s
user	0m11.517s
sys	0m3.147s
