+ Rscript -e 'Sys.setenv(BIOCONDUCTOR_USE_CONTAINER_REPOSITORY=FALSE);
  p <- .libPaths();
  p <- c('\''/tmp/library'\'', '\''/mnt/library'\'', p);
  .libPaths(p);
  if(BiocManager::install('\''yamss'\'', INSTALL_opts = '\''--build'\'', update = TRUE, quiet = FALSE, dependencies=TRUE, force = TRUE, keep_outputs = TRUE) %in% rownames(installed.packages())) q(status = 0) else q(status = 1)'
'getOption("repos")' replaces Bioconductor standard repositories, see
'help("repositories", package = "BiocManager")' for details.
Replacement repositories:
    CRAN: https://p3m.dev/cran/__linux__/noble/latest
Bioconductor version 3.23 (BiocManager 1.30.27), R 4.6.1 (2026-06-24)
Installing package(s) 'yamss'
also installing the dependency ‘mtbls2’

trying URL 'https://bioconductor.org/packages/3.23/data/experiment/src/contrib/mtbls2_1.42.0.tar.gz'
trying URL 'https://bioconductor.org/packages/3.23/bioc/src/contrib/yamss_1.38.0.tar.gz'
* installing *source* package ‘mtbls2’ ...
** this is package ‘mtbls2’ version ‘1.42.0’
** using staged installation
** R
** data
** inst
** byte-compile and prepare package for lazy loading
** help
*** installing help indices
** building package indices
** installing vignettes
** testing if installed package can be loaded from temporary location
** testing if installed package can be loaded from final location
** testing if installed package keeps a record of temporary installation path
* SHA256 sums
* creating tarball
packaged installation of ‘mtbls2’ as ‘mtbls2_1.42.0_R_x86_64-pc-linux-gnu.tar.gz’
* DONE (mtbls2)
* installing *source* package ‘yamss’ ...
** this is package ‘yamss’ version ‘1.38.0’
** using staged installation
** R
** data
** inst
** byte-compile and prepare package for lazy loading
** help
*** installing help indices
** building package indices
** installing vignettes
** testing if installed package can be loaded from temporary location
** testing if installed package can be loaded from final location
** testing if installed package keeps a record of temporary installation path
* SHA256 sums
* creating tarball
packaged installation of ‘yamss’ as ‘yamss_1.38.0_R_x86_64-pc-linux-gnu.tar.gz’
* DONE (yamss)

The downloaded source packages are in
	‘/tmp/Rtmp5iHBRZ/downloaded_packages’
Old packages: 'httr2', 'pak', 'pkgdown', 'urlchecker', 'xfun', 'zip', 'MASS',
  'nlme', 'survival'

real	2m45.066s
user	2m23.993s
sys	0m10.853s
