+ Rscript -e 'Sys.setenv(BIOCONDUCTOR_USE_CONTAINER_REPOSITORY=FALSE);
  p <- .libPaths();
  p <- c('\''/tmp/library'\'', '\''/mnt/library'\'', p);
  .libPaths(p);
  if(BiocManager::install('\''FGNet'\'', INSTALL_opts = '\''--build'\'', update = TRUE, quiet = FALSE, dependencies=TRUE, force = TRUE, keep_outputs = TRUE) %in% rownames(installed.packages())) q(status = 0) else q(status = 1)'
'getOption("repos")' replaces Bioconductor standard repositories, see
'help("repositories", package = "BiocManager")' for details.
Replacement repositories:
    CRAN: https://p3m.dev/cran/__linux__/noble/latest
Bioconductor version 3.23 (BiocManager 1.30.27), R 4.6.1 (2026-06-24)
Installing package(s) 'FGNet'
also installing the dependencies ‘gage’, ‘reactome.db’, ‘org.Sc.sgd.db’

trying URL 'https://bioconductor.org/packages/3.23/bioc/src/contrib/gage_2.62.0.tar.gz'
trying URL 'https://bioconductor.org/packages/3.23/data/annotation/src/contrib/reactome.db_1.96.0.tar.gz'
trying URL 'https://bioconductor.org/packages/3.23/data/annotation/src/contrib/org.Sc.sgd.db_3.22.0.tar.gz'
trying URL 'https://bioconductor.org/packages/3.23/bioc/src/contrib/FGNet_3.46.0.tar.gz'
* installing *source* package ‘gage’ ...
** this is package ‘gage’ version ‘2.62.0’
** using staged installation
** R
** data
** inst
** byte-compile and prepare package for lazy loading
** help
*** installing help indices
** building package indices
** installing vignettes
** testing if installed package can be loaded from temporary location
** testing if installed package can be loaded from final location
** testing if installed package keeps a record of temporary installation path
* SHA256 sums
* creating tarball
packaged installation of ‘gage’ as ‘gage_2.62.0_R_x86_64-pc-linux-gnu.tar.gz’
* DONE (gage)
* installing *source* package ‘reactome.db’ ...
** this is package ‘reactome.db’ version ‘1.96.0’
** using staged installation
** R
** inst
** byte-compile and prepare package for lazy loading
** help
*** installing help indices
** building package indices
** testing if installed package can be loaded from temporary location
** testing if installed package can be loaded from final location
** testing if installed package keeps a record of temporary installation path
* SHA256 sums
* creating tarball
packaged installation of ‘reactome.db’ as ‘reactome.db_1.96.0_R_x86_64-pc-linux-gnu.tar.gz’
* DONE (reactome.db)
* installing *source* package ‘org.Sc.sgd.db’ ...
** this is package ‘org.Sc.sgd.db’ version ‘3.22.0’
** using staged installation
** R
** inst
** byte-compile and prepare package for lazy loading
** help
*** installing help indices
** building package indices
** testing if installed package can be loaded from temporary location
** testing if installed package can be loaded from final location
** testing if installed package keeps a record of temporary installation path
* SHA256 sums
* creating tarball
packaged installation of ‘org.Sc.sgd.db’ as ‘org.Sc.sgd.db_3.22.0_R_x86_64-pc-linux-gnu.tar.gz’
* DONE (org.Sc.sgd.db)
* installing *source* package ‘FGNet’ ...
** this is package ‘FGNet’ version ‘3.46.0’
** using staged installation
** R
** data
** inst
** byte-compile and prepare package for lazy loading
** help
*** installing help indices
** building package indices
** installing vignettes
** testing if installed package can be loaded from temporary location
** testing if installed package can be loaded from final location
** testing if installed package keeps a record of temporary installation path
* SHA256 sums
* creating tarball
packaged installation of ‘FGNet’ as ‘FGNet_3.46.0_R_x86_64-pc-linux-gnu.tar.gz’
* DONE (FGNet)

The downloaded source packages are in
	‘/tmp/Rtmp9SpvkN/downloaded_packages’
Old packages: 'httr2', 'pak', 'pkgdown', 'urlchecker', 'xfun', 'zip', 'MASS',
  'nlme', 'survival'

real	8m29.047s
user	8m4.921s
sys	0m15.754s
