+ Rscript -e 'Sys.setenv(BIOCONDUCTOR_USE_CONTAINER_REPOSITORY=FALSE);
  p <- .libPaths();
  p <- c('\''/tmp/library'\'', '\''/mnt/library'\'', p);
  .libPaths(p);
  if(BiocManager::install('\''GeneOverlap'\'', INSTALL_opts = '\''--build'\'', update = TRUE, quiet = FALSE, dependencies=TRUE, force = TRUE, keep_outputs = TRUE) %in% rownames(installed.packages())) q(status = 0) else q(status = 1)'
'getOption("repos")' replaces Bioconductor standard repositories, see
'help("repositories", package = "BiocManager")' for details.
Replacement repositories:
    CRAN: https://p3m.dev/cran/__linux__/noble/latest
Bioconductor version 3.23 (BiocManager 1.30.27), R 4.6.1 (2026-06-24)
Installing package(s) 'GeneOverlap'
also installing the dependencies ‘caTools’, ‘gplots’

trying URL 'https://p3m.dev/cran/__linux__/noble/latest/src/contrib/caTools_1.18.3.tar.gz'
trying URL 'https://p3m.dev/cran/__linux__/noble/latest/src/contrib/gplots_3.3.0.tar.gz'
trying URL 'https://bioconductor.org/packages/3.23/bioc/src/contrib/GeneOverlap_1.48.0.tar.gz'
* installing *binary* package ‘caTools’ ...
* package ‘caTools’ successfully unpacked and SHA256 sums checked
* ‘caTools’ was already a binary package and will not be rebuilt
* SHA256 sums
* creating tarball
packaged installation of ‘caTools’ as ‘caTools_1.18.3_R_x86_64-pc-linux-gnu.tar.gz’
* DONE (caTools)
* installing *binary* package ‘gplots’ ...
* package ‘gplots’ successfully unpacked and SHA256 sums checked
* ‘gplots’ was already a binary package and will not be rebuilt
* SHA256 sums
* creating tarball
packaged installation of ‘gplots’ as ‘gplots_3.3.0_R_x86_64-pc-linux-gnu.tar.gz’
* DONE (gplots)
* installing *source* package ‘GeneOverlap’ ...
** this is package ‘GeneOverlap’ version ‘1.48.0’
** using staged installation
** R
** data
** inst
** byte-compile and prepare package for lazy loading
** help
*** installing help indices
** building package indices
** installing vignettes
** testing if installed package can be loaded from temporary location
** testing if installed package can be loaded from final location
** testing if installed package keeps a record of temporary installation path
* SHA256 sums
* creating tarball
packaged installation of ‘GeneOverlap’ as ‘GeneOverlap_1.48.0_R_x86_64-pc-linux-gnu.tar.gz’
* DONE (GeneOverlap)

The downloaded source packages are in
	‘/tmp/RtmpxS9FvR/downloaded_packages’
Old packages: 'diffobj', 'httr2', 'pak', 'pkgdown', 'urlchecker', 'xfun',
  'zip', 'MASS', 'nlme', 'survival'

real	0m8.665s
user	0m5.413s
sys	0m2.141s
