+ Rscript -e 'Sys.setenv(BIOCONDUCTOR_USE_CONTAINER_REPOSITORY=FALSE);
  p <- .libPaths();
  p <- c('\''/tmp/library'\'', '\''/mnt/library'\'', p);
  .libPaths(p);
  if(BiocManager::install('\''MultipleAlignment'\'', INSTALL_opts = '\''--build'\'', update = TRUE, quiet = FALSE, dependencies=TRUE, force = TRUE, keep_outputs = TRUE) %in% rownames(installed.packages())) q(status = 0) else q(status = 1)'
'getOption("repos")' replaces Bioconductor standard repositories, see
'help("repositories", package = "BiocManager")' for details.
Replacement repositories:
    CRAN: https://p3m.dev/cran/__linux__/noble/latest
Bioconductor version 3.24 (BiocManager 1.30.27), R 4.6.1 (2026-06-24)
Installing package(s) 'MultipleAlignment'
trying URL 'https://bioconductor.org/packages/3.24/bioc/src/contrib/MultipleAlignment_0.99.5.tar.gz'
Content type 'application/x-gzip' length 289560 bytes (282 KB)
==================================================
downloaded 282 KB

* installing *source* package ‘MultipleAlignment’ ...
** this is package ‘MultipleAlignment’ version ‘0.99.5’
** package ‘MultipleAlignment’ successfully unpacked and MD5 sums checked
** using staged installation
** R
** inst
** byte-compile and prepare package for lazy loading
Creating a new generic function for ‘rowmask<-’ in package ‘MultipleAlignment’
Creating a new generic function for ‘colmask<-’ in package ‘MultipleAlignment’
** help
*** installing help indices
** building package indices
** installing vignettes
** testing if installed package can be loaded from temporary location
** testing if installed package can be loaded from final location
** testing if installed package keeps a record of temporary installation path
* SHA256 sums
* creating tarball
packaged installation of ‘MultipleAlignment’ as ‘MultipleAlignment_0.99.5_R_x86_64-pc-linux-gnu.tar.gz’
* DONE (MultipleAlignment)

The downloaded source packages are in
	‘/tmp/RtmpT3wH0J/downloaded_packages’

real	0m19.022s
user	0m14.324s
sys	0m3.349s
