+ Rscript -e 'Sys.setenv(BIOCONDUCTOR_USE_CONTAINER_REPOSITORY=FALSE);
  p <- .libPaths();
  p <- c('\''/tmp/library'\'', '\''/mnt/library'\'', p);
  .libPaths(p);
  if(BiocManager::install('\''MSTree'\'', INSTALL_opts = '\''--build'\'', update = TRUE, quiet = FALSE, dependencies=TRUE, force = TRUE, keep_outputs = TRUE) %in% rownames(installed.packages())) q(status = 0) else q(status = 1)'
'getOption("repos")' replaces Bioconductor standard repositories, see
'help("repositories", package = "BiocManager")' for details.
Replacement repositories:
    CRAN: https://p3m.dev/cran/__linux__/noble/latest
Bioconductor version 3.24 (BiocManager 1.30.27), R 4.6.1 (2026-06-24)
Installing package(s) 'MSTree'
trying URL 'https://bioconductor.org/packages/3.24/bioc/src/contrib/MSTree_0.99.6.tar.gz'
Content type 'application/x-gzip' length 247390 bytes (241 KB)
==================================================
downloaded 241 KB

* installing *source* package ‘MSTree’ ...
** this is package ‘MSTree’ version ‘0.99.6’
** package ‘MSTree’ successfully unpacked and MD5 sums checked
** using staged installation
** R
** inst
** byte-compile and prepare package for lazy loading
** help
*** installing help indices
** building package indices
** installing vignettes
** testing if installed package can be loaded from temporary location
** testing if installed package can be loaded from final location
** testing if installed package keeps a record of temporary installation path
* SHA256 sums
* creating tarball
packaged installation of ‘MSTree’ as ‘MSTree_0.99.6_R_x86_64-pc-linux-gnu.tar.gz’
* DONE (MSTree)

The downloaded source packages are in
	‘/tmp/Rtmp3YE1Lv/downloaded_packages’
Old packages: 'diffobj'

real	1m8.249s
user	0m7.569s
sys	0m3.091s
