+ Rscript -e 'Sys.setenv(BIOCONDUCTOR_USE_CONTAINER_REPOSITORY=FALSE);
  p <- .libPaths();
  p <- c('\''/tmp/library'\'', '\''/mnt/library'\'', p);
  .libPaths(p);
  if(BiocManager::install('\''katdetectr'\'', INSTALL_opts = '\''--build'\'', update = TRUE, quiet = FALSE, dependencies=TRUE, force = TRUE, keep_outputs = TRUE) %in% rownames(installed.packages())) q(status = 0) else q(status = 1)'
'getOption("repos")' replaces Bioconductor standard repositories, see
'help("repositories", package = "BiocManager")' for details.
Replacement repositories:
    CRAN: https://p3m.dev/cran/__linux__/noble/latest
Bioconductor version 3.23 (BiocManager 1.30.27), R 4.6.1 (2026-06-24)
Installing package(s) 'katdetectr'
also installing the dependency ‘changepoint.np’

trying URL 'https://p3m.dev/cran/__linux__/noble/latest/src/contrib/changepoint.np_1.0.5.tar.gz'
trying URL 'https://bioconductor.org/packages/3.23/bioc/src/contrib/katdetectr_1.14.0.tar.gz'
* installing *binary* package ‘changepoint.np’ ...
* package ‘changepoint.np’ successfully unpacked and SHA256 sums checked
* ‘changepoint.np’ was already a binary package and will not be rebuilt
* SHA256 sums
* creating tarball
packaged installation of ‘changepoint.np’ as ‘changepoint.np_1.0.5_R_x86_64-pc-linux-gnu.tar.gz’
* DONE (changepoint.np)
* installing *source* package ‘katdetectr’ ...
** this is package ‘katdetectr’ version ‘1.14.0’
** using staged installation
** R
** inst
** byte-compile and prepare package for lazy loading
** help
*** installing help indices
** building package indices
** installing vignettes
** testing if installed package can be loaded from temporary location
** testing if installed package can be loaded from final location
** testing if installed package keeps a record of temporary installation path
* SHA256 sums
* creating tarball
packaged installation of ‘katdetectr’ as ‘katdetectr_1.14.0_R_x86_64-pc-linux-gnu.tar.gz’
* DONE (katdetectr)

The downloaded source packages are in
	‘/tmp/RtmpyPdXzr/downloaded_packages’
Old packages: 'httr2', 'pak', 'pkgdown', 'urlchecker', 'xfun', 'zip', 'MASS',
  'nlme', 'survival'

real	1m9.695s
user	0m42.758s
sys	0m6.612s
