+ Rscript -e 'Sys.setenv(BIOCONDUCTOR_USE_CONTAINER_REPOSITORY=FALSE);
  p <- .libPaths();
  p <- c('\''/tmp/library'\'', '\''/mnt/library'\'', p);
  .libPaths(p);
  if(BiocManager::install('\''HiTC'\'', INSTALL_opts = '\''--build'\'', update = TRUE, quiet = FALSE, dependencies=TRUE, force = TRUE, keep_outputs = TRUE) %in% rownames(installed.packages())) q(status = 0) else q(status = 1)'
'getOption("repos")' replaces Bioconductor standard repositories, see
'help("repositories", package = "BiocManager")' for details.
Replacement repositories:
    CRAN: https://p3m.dev/cran/__linux__/noble/latest
Bioconductor version 3.24 (BiocManager 1.30.27), R 4.6.1 (2026-06-24)
Installing package(s) 'HiTC'
also installing the dependency ‘HiCDataHumanIMR90’

trying URL 'https://bioconductor.org/packages/3.24/data/experiment/src/contrib/HiCDataHumanIMR90_1.33.0.tar.gz'
trying URL 'https://bioconductor.org/packages/3.24/bioc/src/contrib/HiTC_1.57.0.tar.gz'
* installing *source* package ‘HiCDataHumanIMR90’ ...
** this is package ‘HiCDataHumanIMR90’ version ‘1.33.0’
** using staged installation
** data
** inst
** help
*** installing help indices
** building package indices
** installing vignettes
** testing if installed package can be loaded from temporary location
** testing if installed package can be loaded from final location
** testing if installed package keeps a record of temporary installation path
* SHA256 sums
* creating tarball
packaged installation of ‘HiCDataHumanIMR90’ as ‘HiCDataHumanIMR90_1.33.0_R_x86_64-pc-linux-gnu.tar.gz’
* DONE (HiCDataHumanIMR90)
