+ Rscript -e 'Sys.setenv(BIOCONDUCTOR_USE_CONTAINER_REPOSITORY=FALSE);
  p <- .libPaths();
  p <- c('\''/tmp/library'\'', '\''/mnt/library'\'', p);
  .libPaths(p);
  if(BiocManager::install('\''MuData'\'', INSTALL_opts = '\''--build'\'', update = TRUE, quiet = FALSE, dependencies=TRUE, force = TRUE, keep_outputs = TRUE) %in% rownames(installed.packages())) q(status = 0) else q(status = 1)'
'getOption("repos")' replaces Bioconductor standard repositories, see
'help("repositories", package = "BiocManager")' for details.
Replacement repositories:
    CRAN: https://p3m.dev/cran/__linux__/noble/latest
Bioconductor version 3.24 (BiocManager 1.30.27), R 4.6.1 (2026-06-24)
Installing package(s) 'MuData'
also installing the dependency ‘CiteFuse’

trying URL 'https://bioconductor.org/packages/3.24/bioc/src/contrib/CiteFuse_1.25.0.tar.gz'
trying URL 'https://bioconductor.org/packages/3.24/bioc/src/contrib/MuData_1.17.0.tar.gz'
* installing *source* package ‘CiteFuse’ ...
** this is package ‘CiteFuse’ version ‘1.25.0’
** package ‘CiteFuse’ successfully unpacked and MD5 sums checked
** using staged installation
** libs
using C++ compiler: ‘g++ (Ubuntu 13.3.0-6ubuntu2~24.04.1) 13.3.0’
g++ -std=gnu++20 -I"/usr/local/lib/R/include" -DNDEBUG  -I'/usr/local/lib/R/site-library/Rcpp/include' -I/usr/local/include    -fpic  -g -O2 -fstack-protector-strong -Wformat -Werror=format-security -Wdate-time -D_FORTIFY_SOURCE=2 -g   -c RcppExports.cpp -o RcppExports.o
g++ -std=gnu++20 -I"/usr/local/lib/R/include" -DNDEBUG  -I'/usr/local/lib/R/site-library/Rcpp/include' -I/usr/local/include    -fpic  -g -O2 -fstack-protector-strong -Wformat -Werror=format-security -Wdate-time -D_FORTIFY_SOURCE=2 -g   -c backend.cpp -o backend.o
g++ -std=gnu++20 -I"/usr/local/lib/R/include" -DNDEBUG  -I'/usr/local/lib/R/site-library/Rcpp/include' -I/usr/local/include    -fpic  -g -O2 -fstack-protector-strong -Wformat -Werror=format-security -Wdate-time -D_FORTIFY_SOURCE=2 -g   -c lr2propr.cpp -o lr2propr.o
g++ -std=gnu++20 -shared -L/usr/local/lib/R/lib -L/usr/local/lib -o CiteFuse.so RcppExports.o backend.o lr2propr.o -L/usr/local/lib/R/lib -lR
installing to /tmp/library/00LOCK-CiteFuse/00new/CiteFuse/libs
** R
** data
** inst
** byte-compile and prepare package for lazy loading
** help
*** installing help indices
** building package indices
** installing vignettes
** testing if installed package can be loaded from temporary location
** checking absolute paths in shared objects and dynamic libraries
** testing if installed package can be loaded from final location
** testing if installed package keeps a record of temporary installation path
* SHA256 sums
* creating tarball
packaged installation of ‘CiteFuse’ as ‘CiteFuse_1.25.0_R_x86_64-pc-linux-gnu.tar.gz’
* DONE (CiteFuse)
* installing *source* package ‘MuData’ ...
** this is package ‘MuData’ version ‘1.17.0’
** package ‘MuData’ successfully unpacked and MD5 sums checked
** using staged installation
** R
** inst
** byte-compile and prepare package for lazy loading
** help
*** installing help indices
** building package indices
** installing vignettes
** testing if installed package can be loaded from temporary location
** testing if installed package can be loaded from final location
** testing if installed package keeps a record of temporary installation path
* SHA256 sums
* creating tarball
packaged installation of ‘MuData’ as ‘MuData_1.17.0_R_x86_64-pc-linux-gnu.tar.gz’
* DONE (MuData)

The downloaded source packages are in
	‘/tmp/Rtmpl6HYFP/downloaded_packages’
Old packages: 'diffobj'

real	1m14.644s
user	1m4.606s
sys	0m7.827s
