+ Rscript -e 'Sys.setenv(BIOCONDUCTOR_USE_CONTAINER_REPOSITORY=FALSE);
  p <- .libPaths();
  p <- c('\''/tmp/library'\'', '\''/mnt/library'\'', p);
  .libPaths(p);
  if(BiocManager::install('\''OpenStats'\'', INSTALL_opts = '\''--build'\'', update = TRUE, quiet = FALSE, dependencies=TRUE, force = TRUE, keep_outputs = TRUE) %in% rownames(installed.packages())) q(status = 0) else q(status = 1)'
'getOption("repos")' replaces Bioconductor standard repositories, see
'help("repositories", package = "BiocManager")' for details.
Replacement repositories:
    CRAN: https://p3m.dev/cran/__linux__/noble/latest
Bioconductor version 3.23 (BiocManager 1.30.27), R 4.6.1 (2026-06-24)
Installing package(s) 'OpenStats'
also installing the dependencies ‘TMB’, ‘timechange’, ‘unmarked’, ‘VGAM’, ‘lubridate’, ‘rapportools’, ‘AICcmodavg’, ‘summarytools’

trying URL 'https://p3m.dev/cran/__linux__/noble/latest/src/contrib/TMB_1.9.21.tar.gz'
trying URL 'https://p3m.dev/cran/__linux__/noble/latest/src/contrib/timechange_0.4.0.tar.gz'
trying URL 'https://p3m.dev/cran/__linux__/noble/latest/src/contrib/unmarked_1.5.1.tar.gz'
trying URL 'https://p3m.dev/cran/__linux__/noble/latest/src/contrib/VGAM_1.1-14.tar.gz'
trying URL 'https://p3m.dev/cran/__linux__/noble/latest/src/contrib/lubridate_1.9.5.tar.gz'
trying URL 'https://p3m.dev/cran/__linux__/noble/latest/src/contrib/rapportools_1.2.tar.gz'
trying URL 'https://p3m.dev/cran/__linux__/noble/latest/src/contrib/AICcmodavg_2.3-4.tar.gz'
trying URL 'https://p3m.dev/cran/__linux__/noble/latest/src/contrib/summarytools_1.1.5.tar.gz'
trying URL 'https://bioconductor.org/packages/3.23/bioc/src/contrib/OpenStats_1.24.0.tar.gz'
* installing *binary* package ‘TMB’ ...
* package ‘TMB’ successfully unpacked and SHA256 sums checked
* ‘TMB’ was already a binary package and will not be rebuilt
* SHA256 sums
* creating tarball
packaged installation of ‘TMB’ as ‘TMB_1.9.21_R_x86_64-pc-linux-gnu.tar.gz’
* DONE (TMB)
* installing *binary* package ‘timechange’ ...
* package ‘timechange’ successfully unpacked and SHA256 sums checked
* ‘timechange’ was already a binary package and will not be rebuilt
* SHA256 sums
* creating tarball
packaged installation of ‘timechange’ as ‘timechange_0.4.0_R_x86_64-pc-linux-gnu.tar.gz’
* DONE (timechange)
* installing *binary* package ‘VGAM’ ...
* package ‘VGAM’ successfully unpacked and SHA256 sums checked
* ‘VGAM’ was already a binary package and will not be rebuilt
* SHA256 sums
* creating tarball
packaged installation of ‘VGAM’ as ‘VGAM_1.1-14_R_x86_64-pc-linux-gnu.tar.gz’
* DONE (VGAM)
* installing *binary* package ‘rapportools’ ...
* package ‘rapportools’ successfully unpacked and SHA256 sums checked
* ‘rapportools’ was already a binary package and will not be rebuilt
* SHA256 sums
* creating tarball
packaged installation of ‘rapportools’ as ‘rapportools_1.2_R_x86_64-pc-linux-gnu.tar.gz’
* DONE (rapportools)
* installing *binary* package ‘unmarked’ ...
* package ‘unmarked’ successfully unpacked and SHA256 sums checked
* ‘unmarked’ was already a binary package and will not be rebuilt
* SHA256 sums
* creating tarball
packaged installation of ‘unmarked’ as ‘unmarked_1.5.1_R_x86_64-pc-linux-gnu.tar.gz’
* DONE (unmarked)
* installing *binary* package ‘lubridate’ ...
* package ‘lubridate’ successfully unpacked and SHA256 sums checked
* ‘lubridate’ was already a binary package and will not be rebuilt
* SHA256 sums
* creating tarball
packaged installation of ‘lubridate’ as ‘lubridate_1.9.5_R_x86_64-pc-linux-gnu.tar.gz’
* DONE (lubridate)
* installing *binary* package ‘AICcmodavg’ ...
* package ‘AICcmodavg’ successfully unpacked and SHA256 sums checked
* ‘AICcmodavg’ was already a binary package and will not be rebuilt
* SHA256 sums
* creating tarball
packaged installation of ‘AICcmodavg’ as ‘AICcmodavg_2.3-4_R_x86_64-pc-linux-gnu.tar.gz’
* DONE (AICcmodavg)
* installing *binary* package ‘summarytools’ ...
* package ‘summarytools’ successfully unpacked and SHA256 sums checked
* ‘summarytools’ was already a binary package and will not be rebuilt
* SHA256 sums
* creating tarball
packaged installation of ‘summarytools’ as ‘summarytools_1.1.5_R_x86_64-pc-linux-gnu.tar.gz’
* DONE (summarytools)
* installing *source* package ‘OpenStats’ ...
** this is package ‘OpenStats’ version ‘1.24.0’
** using staged installation
** R
** inst
** byte-compile and prepare package for lazy loading
** help
*** installing help indices
** building package indices
** installing vignettes
** testing if installed package can be loaded from temporary location
** testing if installed package can be loaded from final location
** testing if installed package keeps a record of temporary installation path
* SHA256 sums
* creating tarball
packaged installation of ‘OpenStats’ as ‘OpenStats_1.24.0_R_x86_64-pc-linux-gnu.tar.gz’
* DONE (OpenStats)

The downloaded source packages are in
	‘/tmp/Rtmp9oEXZu/downloaded_packages’
Old packages: 'httr2', 'pak', 'pkgdown', 'urlchecker', 'xfun', 'zip', 'MASS',
  'nlme', 'survival'

real	1m24.454s
user	0m19.295s
sys	0m5.688s
