+ Rscript -e 'Sys.setenv(BIOCONDUCTOR_USE_CONTAINER_REPOSITORY=FALSE);
  p <- .libPaths();
  p <- c('\''/tmp/library'\'', '\''/mnt/library'\'', p);
  .libPaths(p);
  if(BiocManager::install('\''frenchFISH'\'', INSTALL_opts = '\''--build'\'', update = TRUE, quiet = FALSE, dependencies=TRUE, force = TRUE, keep_outputs = TRUE) %in% rownames(installed.packages())) q(status = 0) else q(status = 1)'
'getOption("repos")' replaces Bioconductor standard repositories, see
'help("repositories", package = "BiocManager")' for details.
Replacement repositories:
    CRAN: https://p3m.dev/cran/__linux__/noble/latest
Bioconductor version 3.24 (BiocManager 1.30.27), R 4.6.1 (2026-06-24)
Installing package(s) 'frenchFISH'
also installing the dependencies ‘coda’, ‘mcmc’, ‘MCMCpack’, ‘NHPoisson’

trying URL 'https://p3m.dev/cran/__linux__/noble/latest/src/contrib/coda_0.19-4.1.tar.gz'
trying URL 'https://p3m.dev/cran/__linux__/noble/latest/src/contrib/mcmc_0.9-8.tar.gz'
trying URL 'https://p3m.dev/cran/__linux__/noble/latest/src/contrib/MCMCpack_1.7-1.tar.gz'
trying URL 'https://p3m.dev/cran/__linux__/noble/latest/src/contrib/NHPoisson_3.4.tar.gz'
trying URL 'https://bioconductor.org/packages/3.24/bioc/src/contrib/frenchFISH_1.25.0.tar.gz'
* installing *binary* package ‘coda’ ...
* package ‘coda’ successfully unpacked and SHA256 sums checked
* ‘coda’ was already a binary package and will not be rebuilt
* SHA256 sums
* creating tarball
packaged installation of ‘coda’ as ‘coda_0.19-4.1_R_x86_64-pc-linux-gnu.tar.gz’
* DONE (coda)
* installing *binary* package ‘mcmc’ ...
* package ‘mcmc’ successfully unpacked and SHA256 sums checked
* ‘mcmc’ was already a binary package and will not be rebuilt
* SHA256 sums
* creating tarball
packaged installation of ‘mcmc’ as ‘mcmc_0.9-8_R_x86_64-pc-linux-gnu.tar.gz’
* DONE (mcmc)
* installing *binary* package ‘NHPoisson’ ...
* package ‘NHPoisson’ successfully unpacked and SHA256 sums checked
* ‘NHPoisson’ was already a binary package and will not be rebuilt
* SHA256 sums
* creating tarball
packaged installation of ‘NHPoisson’ as ‘NHPoisson_3.4_R_x86_64-pc-linux-gnu.tar.gz’
* DONE (NHPoisson)
* installing *binary* package ‘MCMCpack’ ...
* package ‘MCMCpack’ successfully unpacked and SHA256 sums checked
* ‘MCMCpack’ was already a binary package and will not be rebuilt
* SHA256 sums
* creating tarball
packaged installation of ‘MCMCpack’ as ‘MCMCpack_1.7-1_R_x86_64-pc-linux-gnu.tar.gz’
* DONE (MCMCpack)
* installing *source* package ‘frenchFISH’ ...
** this is package ‘frenchFISH’ version ‘1.25.0’
** package ‘frenchFISH’ successfully unpacked and MD5 sums checked
** using staged installation
** R
** inst
** byte-compile and prepare package for lazy loading
** help
*** installing help indices
** building package indices
** installing vignettes
** testing if installed package can be loaded from temporary location
** testing if installed package can be loaded from final location
** testing if installed package keeps a record of temporary installation path
* SHA256 sums
* creating tarball
packaged installation of ‘frenchFISH’ as ‘frenchFISH_1.25.0_R_x86_64-pc-linux-gnu.tar.gz’
* DONE (frenchFISH)

The downloaded source packages are in
	‘/tmp/RtmpsA4Uqg/downloaded_packages’
Old packages: 'diffobj'

real	0m15.460s
user	0m4.985s
sys	0m3.036s
