+ Rscript -e 'Sys.setenv(BIOCONDUCTOR_USE_CONTAINER_REPOSITORY=FALSE);
  p <- .libPaths();
  p <- c('\''/tmp/library'\'', '\''/mnt/library'\'', p);
  .libPaths(p);
  if(BiocManager::install('\''BulkSignalR'\'', INSTALL_opts = '\''--build'\'', update = TRUE, quiet = FALSE, dependencies=TRUE, force = TRUE, keep_outputs = TRUE) %in% rownames(installed.packages())) q(status = 0) else q(status = 1)'
'getOption("repos")' replaces Bioconductor standard repositories, see
'help("repositories", package = "BiocManager")' for details.
Replacement repositories:
    CRAN: https://p3m.dev/cran/__linux__/noble/latest
Bioconductor version 3.23 (BiocManager 1.30.27), R 4.6.1 (2026-06-24)
Installing package(s) 'BulkSignalR'
trying URL 'https://bioconductor.org/packages/3.23/bioc/src/contrib/BulkSignalR_1.4.0.tar.gz'
Content type 'application/x-gzip' length 3128961 bytes (3.0 MB)
==================================================
downloaded 3.0 MB

* installing *source* package ‘BulkSignalR’ ...
** this is package ‘BulkSignalR’ version ‘1.4.0’
** using staged installation
** R
** data
** inst
** byte-compile and prepare package for lazy loading
** help
*** installing help indices
*** copying figures
** building package indices
** installing vignettes
** testing if installed package can be loaded from temporary location
ℹ /root/.cache/R/BulkSignalR first set up.

ℹ "GO-BP" added to cache with success.

ℹ "Reactome" added to cache with success.

ℹ "Network" added to cache with success.

ℹ "LRdb" added to cache with success.
** testing if installed package can be loaded from final location
** testing if installed package keeps a record of temporary installation path
* SHA256 sums
* creating tarball
packaged installation of ‘BulkSignalR’ as ‘BulkSignalR_1.4.0_R_x86_64-pc-linux-gnu.tar.gz’
* DONE (BulkSignalR)

The downloaded source packages are in
	‘/tmp/RtmpvPeKUJ/downloaded_packages’
Old packages: 'diffobj', 'httr2', 'pak', 'pkgdown', 'urlchecker', 'xfun',
  'zip', 'MASS', 'nlme', 'survival'

real	0m57.367s
user	0m42.202s
sys	0m5.200s
