+ Rscript -e 'Sys.setenv(BIOCONDUCTOR_USE_CONTAINER_REPOSITORY=FALSE);
  p <- .libPaths();
  p <- c('\''/tmp/library'\'', '\''/mnt/library'\'', p);
  .libPaths(p);
  if(BiocManager::install('\''SDAMS'\'', INSTALL_opts = '\''--build'\'', update = TRUE, quiet = FALSE, dependencies=TRUE, force = TRUE, keep_outputs = TRUE) %in% rownames(installed.packages())) q(status = 0) else q(status = 1)'
'getOption("repos")' replaces Bioconductor standard repositories, see
'help("repositories", package = "BiocManager")' for details.
Replacement repositories:
    CRAN: https://p3m.dev/cran/__linux__/noble/latest
Bioconductor version 3.24 (BiocManager 1.30.27), R 4.6.1 (2026-06-24)
Installing package(s) 'SDAMS'
also installing the dependency ‘trust’

trying URL 'https://p3m.dev/cran/__linux__/noble/latest/src/contrib/trust_0.1-9.tar.gz'
trying URL 'https://bioconductor.org/packages/3.24/bioc/src/contrib/SDAMS_1.33.0.tar.gz'
* installing *binary* package ‘trust’ ...
* package ‘trust’ successfully unpacked and SHA256 sums checked
* ‘trust’ was already a binary package and will not be rebuilt
* SHA256 sums
* creating tarball
packaged installation of ‘trust’ as ‘trust_0.1-9_R_x86_64-pc-linux-gnu.tar.gz’
* DONE (trust)
* installing *source* package ‘SDAMS’ ...
** this is package ‘SDAMS’ version ‘1.33.0’
** package ‘SDAMS’ successfully unpacked and MD5 sums checked
** using staged installation
** R
** data
** inst
** byte-compile and prepare package for lazy loading
** help
*** installing help indices
** building package indices
** installing vignettes
** testing if installed package can be loaded from temporary location
** testing if installed package can be loaded from final location
** testing if installed package keeps a record of temporary installation path
* SHA256 sums
* creating tarball
packaged installation of ‘SDAMS’ as ‘SDAMS_1.33.0_R_x86_64-pc-linux-gnu.tar.gz’
* DONE (SDAMS)

The downloaded source packages are in
	‘/tmp/Rtmp4FpPRC/downloaded_packages’

real	0m49.177s
user	0m32.725s
sys	0m5.001s
