+ Rscript -e 'Sys.setenv(BIOCONDUCTOR_USE_CONTAINER_REPOSITORY=FALSE);
  p <- .libPaths();
  p <- c('\''/tmp/library'\'', '\''/mnt/library'\'', p);
  .libPaths(p);
  if(BiocManager::install('\''protGear'\'', INSTALL_opts = '\''--build'\'', update = TRUE, quiet = FALSE, dependencies=TRUE, force = TRUE, keep_outputs = TRUE) %in% rownames(installed.packages())) q(status = 0) else q(status = 1)'
'getOption("repos")' replaces Bioconductor standard repositories, see
'help("repositories", package = "BiocManager")' for details.
Replacement repositories:
    CRAN: https://p3m.dev/cran/__linux__/noble/latest
Bioconductor version 3.23 (BiocManager 1.30.27), R 4.6.1 (2026-06-24)
Installing package(s) 'protGear'
also installing the dependencies ‘Kendall’, ‘shinyalert’

trying URL 'https://p3m.dev/cran/__linux__/noble/latest/src/contrib/Kendall_2.2.2.tar.gz'
trying URL 'https://p3m.dev/cran/__linux__/noble/latest/src/contrib/shinyalert_3.1.0.tar.gz'
trying URL 'https://bioconductor.org/packages/3.23/bioc/src/contrib/protGear_1.16.0.tar.gz'
* installing *binary* package ‘Kendall’ ...
* package ‘Kendall’ successfully unpacked and SHA256 sums checked
* ‘Kendall’ was already a binary package and will not be rebuilt
* SHA256 sums
* creating tarball
packaged installation of ‘Kendall’ as ‘Kendall_2.2.2_R_x86_64-pc-linux-gnu.tar.gz’
* DONE (Kendall)
* installing *binary* package ‘shinyalert’ ...
* package ‘shinyalert’ successfully unpacked and SHA256 sums checked
* ‘shinyalert’ was already a binary package and will not be rebuilt
* SHA256 sums
* creating tarball
packaged installation of ‘shinyalert’ as ‘shinyalert_3.1.0_R_x86_64-pc-linux-gnu.tar.gz’
* DONE (shinyalert)
* installing *source* package ‘protGear’ ...
** this is package ‘protGear’ version ‘1.16.0’
** using staged installation
** R
** inst
** byte-compile and prepare package for lazy loading
** help
*** installing help indices
*** copying figures
** building package indices
** installing vignettes
** testing if installed package can be loaded from temporary location
** testing if installed package can be loaded from final location
** testing if installed package keeps a record of temporary installation path
* SHA256 sums
* creating tarball
packaged installation of ‘protGear’ as ‘protGear_1.16.0_R_x86_64-pc-linux-gnu.tar.gz’
* DONE (protGear)

The downloaded source packages are in
	‘/tmp/RtmpkFDx4n/downloaded_packages’
Old packages: 'diffobj', 'httr2', 'pak', 'pkgdown', 'urlchecker', 'xfun',
  'zip', 'MASS', 'nlme', 'survival'

real	0m38.107s
user	0m28.562s
sys	0m5.418s
