+ Rscript -e 'Sys.setenv(BIOCONDUCTOR_USE_CONTAINER_REPOSITORY=FALSE);
  p <- .libPaths();
  p <- c('\''/tmp/library'\'', '\''/mnt/library'\'', p);
  .libPaths(p);
  if(BiocManager::install('\''ctsGE'\'', INSTALL_opts = '\''--build'\'', update = TRUE, quiet = FALSE, dependencies=TRUE, force = TRUE, keep_outputs = TRUE) %in% rownames(installed.packages())) q(status = 0) else q(status = 1)'
'getOption("repos")' replaces Bioconductor standard repositories, see
'help("repositories", package = "BiocManager")' for details.
Replacement repositories:
    CRAN: https://p3m.dev/cran/__linux__/noble/latest
Bioconductor version 3.24 (BiocManager 1.30.27), R 4.6.1 (2026-06-24)
Installing package(s) 'ctsGE'
also installing the dependency ‘ccaPP’

trying URL 'https://p3m.dev/cran/__linux__/noble/latest/src/contrib/ccaPP_0.3.6.tar.gz'
trying URL 'https://bioconductor.org/packages/3.24/bioc/src/contrib/ctsGE_1.39.0.tar.gz'
* installing *binary* package ‘ccaPP’ ...
* package ‘ccaPP’ successfully unpacked and SHA256 sums checked
* ‘ccaPP’ was already a binary package and will not be rebuilt
* SHA256 sums
* creating tarball
packaged installation of ‘ccaPP’ as ‘ccaPP_0.3.6_R_x86_64-pc-linux-gnu.tar.gz’
* DONE (ccaPP)
* installing *source* package ‘ctsGE’ ...
** this is package ‘ctsGE’ version ‘1.39.0’
** package ‘ctsGE’ successfully unpacked and MD5 sums checked
** using staged installation
** R
** inst
** byte-compile and prepare package for lazy loading
** help
*** installing help indices
** building package indices
** installing vignettes
** testing if installed package can be loaded from temporary location
** testing if installed package can be loaded from final location
** testing if installed package keeps a record of temporary installation path
* SHA256 sums
* creating tarball
packaged installation of ‘ctsGE’ as ‘ctsGE_1.39.0_R_x86_64-pc-linux-gnu.tar.gz’
* DONE (ctsGE)

The downloaded source packages are in
	‘/tmp/Rtmp1htEvv/downloaded_packages’

real	0m18.582s
user	0m10.181s
sys	0m3.435s
