+ Rscript -e 'Sys.setenv(BIOCONDUCTOR_USE_CONTAINER_REPOSITORY=FALSE);
  p <- .libPaths();
  p <- c('\''/tmp/library'\'', '\''/mnt/library'\'', p);
  .libPaths(p);
  if(BiocManager::install('\''RCX'\'', INSTALL_opts = '\''--build'\'', update = TRUE, quiet = FALSE, dependencies=TRUE, force = TRUE, keep_outputs = TRUE) %in% rownames(installed.packages())) q(status = 0) else q(status = 1)'
'getOption("repos")' replaces Bioconductor standard repositories, see
'help("repositories", package = "BiocManager")' for details.
Replacement repositories:
    CRAN: https://p3m.dev/cran/__linux__/noble/latest
Bioconductor version 3.24 (BiocManager 1.30.27), R 4.6.1 (2026-06-24)
Installing package(s) 'RCX'
trying URL 'https://bioconductor.org/packages/3.24/bioc/src/contrib/RCX_1.17.0.tar.gz'
Content type 'application/x-gzip' length 4802088 bytes (4.6 MB)
==================================================
downloaded 4.6 MB

* installing *source* package ‘RCX’ ...
** this is package ‘RCX’ version ‘1.17.0’
** package ‘RCX’ successfully unpacked and MD5 sums checked
** using staged installation
** R
** inst
** byte-compile and prepare package for lazy loading
** help
*** installing help indices
** building package indices
** installing vignettes
** testing if installed package can be loaded from temporary location
** testing if installed package can be loaded from final location
** testing if installed package keeps a record of temporary installation path
* SHA256 sums
* creating tarball
packaged installation of ‘RCX’ as ‘RCX_1.17.0_R_x86_64-pc-linux-gnu.tar.gz’
* DONE (RCX)

The downloaded source packages are in
	‘/tmp/Rtmpn7KIJ5/downloaded_packages’
Old packages: 'diffobj'

real	0m19.033s
user	0m7.369s
sys	0m2.440s
