+ Rscript -e 'Sys.setenv(BIOCONDUCTOR_USE_CONTAINER_REPOSITORY=FALSE);
  p <- .libPaths();
  p <- c('\''/tmp/library'\'', '\''/mnt/library'\'', p);
  .libPaths(p);
  if(BiocManager::install('\''sigFeature'\'', INSTALL_opts = '\''--build'\'', update = TRUE, quiet = FALSE, dependencies=TRUE, force = TRUE, keep_outputs = TRUE) %in% rownames(installed.packages())) q(status = 0) else q(status = 1)'
'getOption("repos")' replaces Bioconductor standard repositories, see
'help("repositories", package = "BiocManager")' for details.
Replacement repositories:
    CRAN: https://p3m.dev/cran/__linux__/noble/latest
Bioconductor version 3.23 (BiocManager 1.30.27), R 4.6.1 (2026-06-24)
Installing package(s) 'sigFeature'
trying URL 'https://bioconductor.org/packages/3.23/bioc/src/contrib/sigFeature_1.30.0.tar.gz'
Content type 'application/x-gzip' length 378146 bytes (369 KB)
==================================================
downloaded 369 KB

* installing *source* package ‘sigFeature’ ...
** this is package ‘sigFeature’ version ‘1.30.0’
** using staged installation
** R
** data
*** moving datasets to lazyload DB
** inst
** byte-compile and prepare package for lazy loading
Warning: replacing previous import ‘Matrix::det’ by ‘SparseM::det’ when loading ‘sigFeature’
** help
*** installing help indices
** building package indices
** installing vignettes
** testing if installed package can be loaded from temporary location
Warning: replacing previous import ‘Matrix::det’ by ‘SparseM::det’ when loading ‘sigFeature’
** testing if installed package can be loaded from final location
Warning: replacing previous import ‘Matrix::det’ by ‘SparseM::det’ when loading ‘sigFeature’
** testing if installed package keeps a record of temporary installation path
* SHA256 sums
* creating tarball
packaged installation of ‘sigFeature’ as ‘sigFeature_1.30.0_R_x86_64-pc-linux-gnu.tar.gz’
* DONE (sigFeature)

The downloaded source packages are in
	‘/tmp/RtmpF8hbzy/downloaded_packages’
Old packages: 'diffobj', 'httr2', 'pak', 'pkgdown', 'urlchecker', 'xfun',
  'zip', 'MASS', 'nlme', 'survival'

real	0m36.726s
user	0m28.256s
sys	0m4.893s
