+ Rscript -e 'Sys.setenv(BIOCONDUCTOR_USE_CONTAINER_REPOSITORY=FALSE);
  p <- .libPaths();
  p <- c('\''/tmp/library'\'', '\''/mnt/library'\'', p);
  .libPaths(p);
  if(BiocManager::install('\''cosmiq'\'', INSTALL_opts = '\''--build'\'', update = TRUE, quiet = FALSE, dependencies=TRUE, force = TRUE, keep_outputs = TRUE) %in% rownames(installed.packages())) q(status = 0) else q(status = 1)'
'getOption("repos")' replaces Bioconductor standard repositories, see
'help("repositories", package = "BiocManager")' for details.
Replacement repositories:
    CRAN: https://p3m.dev/cran/__linux__/noble/latest
Bioconductor version 3.24 (BiocManager 1.30.27), R 4.6.1 (2026-06-24)
Installing package(s) 'cosmiq'
trying URL 'https://bioconductor.org/packages/3.24/bioc/src/contrib/cosmiq_1.47.0.tar.gz'
Content type 'application/x-gzip' length 554916 bytes (541 KB)
==================================================
downloaded 541 KB

* installing *source* package ‘cosmiq’ ...
** this is package ‘cosmiq’ version ‘1.47.0’
** package ‘cosmiq’ successfully unpacked and MD5 sums checked
** using staged installation
** libs
using C compiler: ‘gcc (Ubuntu 13.3.0-6ubuntu2~24.04.1) 13.3.0’
gcc -std=gnu2x -I"/usr/local/lib/R/include" -DNDEBUG   -I/usr/local/include    -fpic  -g -O2 -fstack-protector-strong -Wformat -Werror=format-security -Wdate-time -D_FORTIFY_SOURCE=2 -g  -c util.c -o util.o
gcc -std=gnu2x -shared -L/usr/local/lib/R/lib -L/usr/local/lib -o cosmiq.so util.o -L/usr/local/lib/R/lib -lR
installing to /tmp/library/00LOCK-cosmiq/00new/cosmiq/libs
** R
** inst
** byte-compile and prepare package for lazy loading
** help
*** installing help indices
** building package indices
** installing vignettes
** testing if installed package can be loaded from temporary location
** checking absolute paths in shared objects and dynamic libraries
** testing if installed package can be loaded from final location
** testing if installed package keeps a record of temporary installation path
* SHA256 sums
* creating tarball
packaged installation of ‘cosmiq’ as ‘cosmiq_1.47.0_R_x86_64-pc-linux-gnu.tar.gz’
* DONE (cosmiq)

The downloaded source packages are in
	‘/tmp/RtmpwLS51z/downloaded_packages’

real	0m50.816s
user	0m41.574s
sys	0m5.333s
