+ Rscript -e 'Sys.setenv(BIOCONDUCTOR_USE_CONTAINER_REPOSITORY=FALSE);
  p <- .libPaths();
  p <- c('\''/tmp/library'\'', '\''/mnt/library'\'', p);
  .libPaths(p);
  if(BiocManager::install('\''scatterHatch'\'', INSTALL_opts = '\''--build'\'', update = TRUE, quiet = FALSE, dependencies=TRUE, force = TRUE, keep_outputs = TRUE) %in% rownames(installed.packages())) q(status = 0) else q(status = 1)'
'getOption("repos")' replaces Bioconductor standard repositories, see
'help("repositories", package = "BiocManager")' for details.
Replacement repositories:
    CRAN: https://p3m.dev/cran/__linux__/noble/latest
Bioconductor version 3.24 (BiocManager 1.30.27), R 4.6.1 (2026-06-24)
Installing package(s) 'scatterHatch'
also installing the dependencies ‘spatstat.data’, ‘spatstat.univar’, ‘spatstat.utils’, ‘polyclip’, ‘spatstat.geom’

trying URL 'https://p3m.dev/cran/__linux__/noble/latest/src/contrib/spatstat.data_3.1-9.tar.gz'
trying URL 'https://p3m.dev/cran/__linux__/noble/latest/src/contrib/spatstat.univar_3.2-0.tar.gz'
trying URL 'https://p3m.dev/cran/__linux__/noble/latest/src/contrib/spatstat.utils_3.2-4.tar.gz'
trying URL 'https://p3m.dev/cran/__linux__/noble/latest/src/contrib/polyclip_1.10-7.tar.gz'
trying URL 'https://p3m.dev/cran/__linux__/noble/latest/src/contrib/spatstat.geom_3.8-1.tar.gz'
trying URL 'https://bioconductor.org/packages/3.24/bioc/src/contrib/scatterHatch_1.19.0.tar.gz'
* installing *binary* package ‘spatstat.utils’ ...
* package ‘spatstat.utils’ successfully unpacked and SHA256 sums checked
* ‘spatstat.utils’ was already a binary package and will not be rebuilt
* SHA256 sums
* creating tarball
packaged installation of ‘spatstat.utils’ as ‘spatstat.utils_3.2-4_R_x86_64-pc-linux-gnu.tar.gz’
* DONE (spatstat.utils)
* installing *binary* package ‘polyclip’ ...
* package ‘polyclip’ successfully unpacked and SHA256 sums checked
* ‘polyclip’ was already a binary package and will not be rebuilt
* SHA256 sums
* creating tarball
packaged installation of ‘polyclip’ as ‘polyclip_1.10-7_R_x86_64-pc-linux-gnu.tar.gz’
* DONE (polyclip)
* installing *binary* package ‘spatstat.data’ ...
* package ‘spatstat.data’ successfully unpacked and SHA256 sums checked
* ‘spatstat.data’ was already a binary package and will not be rebuilt
* SHA256 sums
* creating tarball
packaged installation of ‘spatstat.data’ as ‘spatstat.data_3.1-9_R_x86_64-pc-linux-gnu.tar.gz’
* DONE (spatstat.data)
* installing *binary* package ‘spatstat.univar’ ...
* package ‘spatstat.univar’ successfully unpacked and SHA256 sums checked
* ‘spatstat.univar’ was already a binary package and will not be rebuilt
* SHA256 sums
* creating tarball
packaged installation of ‘spatstat.univar’ as ‘spatstat.univar_3.2-0_R_x86_64-pc-linux-gnu.tar.gz’
* DONE (spatstat.univar)
* installing *binary* package ‘spatstat.geom’ ...
* package ‘spatstat.geom’ successfully unpacked and SHA256 sums checked
* ‘spatstat.geom’ was already a binary package and will not be rebuilt
* SHA256 sums
* creating tarball
packaged installation of ‘spatstat.geom’ as ‘spatstat.geom_3.8-1_R_x86_64-pc-linux-gnu.tar.gz’
* DONE (spatstat.geom)
* installing *source* package ‘scatterHatch’ ...
** this is package ‘scatterHatch’ version ‘1.19.0’
** package ‘scatterHatch’ successfully unpacked and MD5 sums checked
** using staged installation
** R
** data
** inst
** byte-compile and prepare package for lazy loading
** help
*** installing help indices
** building package indices
** installing vignettes
** testing if installed package can be loaded from temporary location
** testing if installed package can be loaded from final location
** testing if installed package keeps a record of temporary installation path
* SHA256 sums
* creating tarball
packaged installation of ‘scatterHatch’ as ‘scatterHatch_1.19.0_R_x86_64-pc-linux-gnu.tar.gz’
* DONE (scatterHatch)

The downloaded source packages are in
	‘/tmp/RtmpwEhUEp/downloaded_packages’

real	0m32.636s
user	0m10.204s
sys	0m3.718s
