+ Rscript -e 'Sys.setenv(BIOCONDUCTOR_USE_CONTAINER_REPOSITORY=FALSE);
  p <- .libPaths();
  p <- c('\''/tmp/library'\'', '\''/mnt/library'\'', p);
  .libPaths(p);
  if(BiocManager::install('\''MesKit'\'', INSTALL_opts = '\''--build'\'', update = TRUE, quiet = FALSE, dependencies=TRUE, force = TRUE, keep_outputs = TRUE) %in% rownames(installed.packages())) q(status = 0) else q(status = 1)'
'getOption("repos")' replaces Bioconductor standard repositories, see
'help("repositories", package = "BiocManager")' for details.
Replacement repositories:
    CRAN: https://p3m.dev/cran/__linux__/noble/latest
Bioconductor version 3.24 (BiocManager 1.30.27), R 4.6.1 (2026-06-24)
Installing package(s) 'MesKit'
trying URL 'https://bioconductor.org/packages/3.24/bioc/src/contrib/MesKit_1.23.0.tar.gz'
Content type 'application/x-gzip' length 3937586 bytes (3.8 MB)
==================================================
downloaded 3.8 MB

* installing *source* package ‘MesKit’ ...
** this is package ‘MesKit’ version ‘1.23.0’
** package ‘MesKit’ successfully unpacked and MD5 sums checked
** using staged installation
** R
** inst
** byte-compile and prepare package for lazy loading
Warning: replacing previous import ‘ape::degree’ by ‘circlize::degree’ when loading ‘MesKit’
Warning: replacing previous import ‘ape::where’ by ‘dplyr::where’ when loading ‘MesKit’
Warning: replacing previous import ‘dplyr::count’ by ‘mclust::count’ when loading ‘MesKit’
** help
*** installing help indices
** building package indices
** installing vignettes
** testing if installed package can be loaded from temporary location
Warning: replacing previous import ‘ape::degree’ by ‘circlize::degree’ when loading ‘MesKit’
Warning: replacing previous import ‘ape::where’ by ‘dplyr::where’ when loading ‘MesKit’
Warning: replacing previous import ‘dplyr::count’ by ‘mclust::count’ when loading ‘MesKit’
** testing if installed package can be loaded from final location
Warning: replacing previous import ‘ape::degree’ by ‘circlize::degree’ when loading ‘MesKit’
Warning: replacing previous import ‘ape::where’ by ‘dplyr::where’ when loading ‘MesKit’
Warning: replacing previous import ‘dplyr::count’ by ‘mclust::count’ when loading ‘MesKit’
** testing if installed package keeps a record of temporary installation path
* SHA256 sums
* creating tarball
packaged installation of ‘MesKit’ as ‘MesKit_1.23.0_R_x86_64-pc-linux-gnu.tar.gz’
* DONE (MesKit)

The downloaded source packages are in
	‘/tmp/RtmpaGX8rH/downloaded_packages’

real	0m31.965s
user	0m24.751s
sys	0m4.235s
