+ Rscript -e 'Sys.setenv(BIOCONDUCTOR_USE_CONTAINER_REPOSITORY=FALSE);
  p <- .libPaths();
  p <- c('\''/tmp/library'\'', '\''/mnt/library'\'', p);
  .libPaths(p);
  if(BiocManager::install('\''cnvGSA'\'', INSTALL_opts = '\''--build'\'', update = TRUE, quiet = FALSE, dependencies=TRUE, force = TRUE, keep_outputs = TRUE) %in% rownames(installed.packages())) q(status = 0) else q(status = 1)'
'getOption("repos")' replaces Bioconductor standard repositories, see
'help("repositories", package = "BiocManager")' for details.
Replacement repositories:
    CRAN: https://p3m.dev/cran/__linux__/noble/latest
Bioconductor version 3.24 (BiocManager 1.30.27), R 4.6.1 (2026-06-24)
Installing package(s) 'cnvGSA'
also installing the dependency ‘cnvGSAdata’

trying URL 'https://bioconductor.org/packages/3.24/data/experiment/src/contrib/cnvGSAdata_1.49.0.tar.gz'
trying URL 'https://bioconductor.org/packages/3.24/bioc/src/contrib/cnvGSA_1.57.0.tar.gz'
* installing *source* package ‘cnvGSA’ ...
** this is package ‘cnvGSA’ version ‘1.57.0’
** package ‘cnvGSA’ successfully unpacked and MD5 sums checked
** using staged installation
** R
** inst
** byte-compile and prepare package for lazy loading
** help
*** installing help indices
** building package indices
** installing vignettes
** testing if installed package can be loaded from temporary location
** testing if installed package can be loaded from final location
** testing if installed package keeps a record of temporary installation path
* SHA256 sums
* creating tarball
packaged installation of ‘cnvGSA’ as ‘cnvGSA_1.57.0_R_x86_64-pc-linux-gnu.tar.gz’
* DONE (cnvGSA)
* installing *source* package ‘cnvGSAdata’ ...
** this is package ‘cnvGSAdata’ version ‘1.49.0’
** using staged installation
** data
** inst
** help
*** installing help indices
** building package indices
** testing if installed package can be loaded from temporary location
** testing if installed package can be loaded from final location
** testing if installed package keeps a record of temporary installation path
* SHA256 sums
* creating tarball
packaged installation of ‘cnvGSAdata’ as ‘cnvGSAdata_1.49.0_R_x86_64-pc-linux-gnu.tar.gz’
* DONE (cnvGSAdata)

The downloaded source packages are in
	‘/tmp/RtmpspZOsL/downloaded_packages’
Old packages: 'diffobj'

real	0m30.283s
user	0m18.759s
sys	0m4.600s
