+ Rscript -e 'Sys.setenv(BIOCONDUCTOR_USE_CONTAINER_REPOSITORY=FALSE);
  p <- .libPaths();
  p <- c('\''/tmp/library'\'', '\''/mnt/library'\'', p);
  .libPaths(p);
  if(BiocManager::install('\''BiocBuildReporter'\'', INSTALL_opts = '\''--build'\'', update = TRUE, quiet = FALSE, dependencies=TRUE, force = TRUE, keep_outputs = TRUE) %in% rownames(installed.packages())) q(status = 0) else q(status = 1)'
'getOption("repos")' replaces Bioconductor standard repositories, see
'help("repositories", package = "BiocManager")' for details.
Replacement repositories:
    CRAN: https://p3m.dev/cran/__linux__/noble/latest
Bioconductor version 3.24 (BiocManager 1.30.27), R 4.6.1 (2026-06-24)
Installing package(s) 'BiocBuildReporter'
trying URL 'https://bioconductor.org/packages/3.24/bioc/src/contrib/BiocBuildReporter_1.1.1.tar.gz'
Content type 'application/x-gzip' length 582762 bytes (569 KB)
==================================================
downloaded 569 KB

* installing *source* package ‘BiocBuildReporter’ ...
** this is package ‘BiocBuildReporter’ version ‘1.1.1’
** package ‘BiocBuildReporter’ successfully unpacked and MD5 sums checked
** using staged installation
** R
** inst
** byte-compile and prepare package for lazy loading
** help
*** installing help indices
** building package indices
** installing vignettes
** testing if installed package can be loaded from temporary location
** testing if installed package can be loaded from final location
** testing if installed package keeps a record of temporary installation path
* SHA256 sums
* creating tarball
packaged installation of ‘BiocBuildReporter’ as ‘BiocBuildReporter_1.1.1_R_x86_64-pc-linux-gnu.tar.gz’
* DONE (BiocBuildReporter)

The downloaded source packages are in
	‘/tmp/Rtmp08jRln/downloaded_packages’

real	0m47.926s
user	0m7.568s
sys	0m2.870s
