+ Rscript -e 'Sys.setenv(BIOCONDUCTOR_USE_CONTAINER_REPOSITORY=FALSE);
  p <- .libPaths();
  p <- c('\''/tmp/library'\'', '\''/mnt/library'\'', p);
  .libPaths(p);
  if(BiocManager::install('\''wavFeatExt'\'', INSTALL_opts = '\''--build'\'', update = TRUE, quiet = FALSE, dependencies=TRUE, force = TRUE, keep_outputs = TRUE) %in% rownames(installed.packages())) q(status = 0) else q(status = 1)'
'getOption("repos")' replaces Bioconductor standard repositories, see
'help("repositories", package = "BiocManager")' for details.
Replacement repositories:
    CRAN: https://p3m.dev/cran/__linux__/noble/latest
Bioconductor version 3.24 (BiocManager 1.30.27), R 4.6.1 (2026-06-24)
Installing package(s) 'wavFeatExt'
also installing the dependency ‘neuralnet’

trying URL 'https://p3m.dev/cran/__linux__/noble/latest/src/contrib/neuralnet_1.44.2.tar.gz'
trying URL 'https://bioconductor.org/packages/3.24/bioc/src/contrib/wavFeatExt_1.1.0.tar.gz'
* installing *binary* package ‘neuralnet’ ...
* package ‘neuralnet’ successfully unpacked and SHA256 sums checked
* ‘neuralnet’ was already a binary package and will not be rebuilt
* SHA256 sums
* creating tarball
packaged installation of ‘neuralnet’ as ‘neuralnet_1.44.2_R_x86_64-pc-linux-gnu.tar.gz’
* DONE (neuralnet)
* installing *source* package ‘wavFeatExt’ ...
** this is package ‘wavFeatExt’ version ‘1.1.0’
** package ‘wavFeatExt’ successfully unpacked and MD5 sums checked
** using staged installation
** R
** inst
** byte-compile and prepare package for lazy loading
Error in loadNamespace(j <- i[[1L]], c(lib.loc, .libPaths()), versionCheck = vI[[j]]) : 
  there is no package called ‘ModelMetrics’
Calls: <Anonymous> ... loadNamespace -> withRestarts -> withOneRestart -> doWithOneRestart
Execution halted
ERROR: lazy loading failed for package ‘wavFeatExt’
* removing ‘/tmp/library/wavFeatExt’

The downloaded source packages are in
	‘/tmp/RtmpuhAXkh/downloaded_packages’
Old packages: 'diffobj'
Warning message:
In install.packages(...) :
  installation of package ‘wavFeatExt’ had non-zero exit status

real	0m11.454s
user	0m7.397s
sys	0m2.568s
