+ Rscript -e 'Sys.setenv(BIOCONDUCTOR_USE_CONTAINER_REPOSITORY=FALSE);
  p <- .libPaths();
  p <- c('\''/tmp/library'\'', '\''/mnt/library'\'', p);
  .libPaths(p);
  if(BiocManager::install('\''BiocBaseUtils'\'', INSTALL_opts = '\''--build'\'', update = TRUE, quiet = FALSE, dependencies=TRUE, force = TRUE, keep_outputs = TRUE) %in% rownames(installed.packages())) q(status = 0) else q(status = 1)'
'getOption("repos")' replaces Bioconductor standard repositories, see
'help("repositories", package = "BiocManager")' for details.
Replacement repositories:
    CRAN: https://p3m.dev/cran/__linux__/noble/latest
Bioconductor version 3.24 (BiocManager 1.30.27), R 4.6.1 (2026-06-24)
Installing package(s) 'BiocBaseUtils'
also installing the dependency ‘tinytest’

trying URL 'https://p3m.dev/cran/__linux__/noble/latest/src/contrib/tinytest_1.4.3.tar.gz'
trying URL 'https://bioconductor.org/packages/3.24/bioc/src/contrib/BiocBaseUtils_1.15.1.tar.gz'
* installing *binary* package ‘tinytest’ ...
* package ‘tinytest’ successfully unpacked and SHA256 sums checked
* ‘tinytest’ was already a binary package and will not be rebuilt
* SHA256 sums
* creating tarball
packaged installation of ‘tinytest’ as ‘tinytest_1.4.3_R_x86_64-pc-linux-gnu.tar.gz’
* DONE (tinytest)
* installing *source* package ‘BiocBaseUtils’ ...
** this is package ‘BiocBaseUtils’ version ‘1.15.1’
** package ‘BiocBaseUtils’ successfully unpacked and MD5 sums checked
** using staged installation
** R
** inst
** byte-compile and prepare package for lazy loading
** help
*** installing help indices
** building package indices
** installing vignettes
** testing if installed package can be loaded from temporary location
** testing if installed package can be loaded from final location
** testing if installed package keeps a record of temporary installation path
* SHA256 sums
* creating tarball
packaged installation of ‘BiocBaseUtils’ as ‘BiocBaseUtils_1.15.1_R_x86_64-pc-linux-gnu.tar.gz’
* DONE (BiocBaseUtils)

The downloaded source packages are in
	‘/tmp/Rtmp2np5AG/downloaded_packages’
Old packages: 'diffobj'

real	0m27.063s
user	0m3.791s
sys	0m2.352s
