+ Rscript -e 'Sys.setenv(BIOCONDUCTOR_USE_CONTAINER_REPOSITORY=FALSE);
  p <- .libPaths();
  p <- c('\''/tmp/library'\'', '\''/mnt/library'\'', p);
  .libPaths(p);
  if(BiocManager::install('\''shinybiocloader'\'', INSTALL_opts = '\''--build'\'', update = TRUE, quiet = FALSE, dependencies=TRUE, force = TRUE, keep_outputs = TRUE) %in% rownames(installed.packages())) q(status = 0) else q(status = 1)'
'getOption("repos")' replaces Bioconductor standard repositories, see
'help("repositories", package = "BiocManager")' for details.
Replacement repositories:
    CRAN: https://p3m.dev/cran/__linux__/noble/latest
Bioconductor version 3.23 (BiocManager 1.30.27), R 4.6.1 (2026-06-24)
Installing package(s) 'shinybiocloader'
also installing the dependency ‘quarto’

trying URL 'https://p3m.dev/cran/__linux__/noble/latest/src/contrib/quarto_1.5.1.tar.gz'
trying URL 'https://bioconductor.org/packages/3.23/bioc/src/contrib/shinybiocloader_1.2.0.tar.gz'
* installing *binary* package ‘quarto’ ...
* package ‘quarto’ successfully unpacked and SHA256 sums checked
* ‘quarto’ was already a binary package and will not be rebuilt
* SHA256 sums
* creating tarball
packaged installation of ‘quarto’ as ‘quarto_1.5.1_R_x86_64-pc-linux-gnu.tar.gz’
* DONE (quarto)
* installing *source* package ‘shinybiocloader’ ...
** this is package ‘shinybiocloader’ version ‘1.2.0’
** using staged installation
** R
** inst
** byte-compile and prepare package for lazy loading
** help
*** installing help indices
*** copying figures
** building package indices
** installing vignettes
** testing if installed package can be loaded from temporary location
** testing if installed package can be loaded from final location
** testing if installed package keeps a record of temporary installation path
* SHA256 sums
* creating tarball
packaged installation of ‘shinybiocloader’ as ‘shinybiocloader_1.2.0_R_x86_64-pc-linux-gnu.tar.gz’
* DONE (shinybiocloader)

The downloaded source packages are in
	‘/tmp/RtmpKJ1Sv8/downloaded_packages’
Old packages: 'diffobj', 'httr2', 'pak', 'pkgdown', 'urlchecker', 'xfun',
  'zip', 'MASS', 'nlme', 'survival'

real	0m20.101s
user	0m5.488s
sys	0m2.650s
