+ Rscript -e 'Sys.setenv(BIOCONDUCTOR_USE_CONTAINER_REPOSITORY=FALSE);
  p <- .libPaths();
  p <- c('\''/tmp/library'\'', '\''/mnt/library'\'', p);
  .libPaths(p);
  if(BiocManager::install('\''supersigs'\'', INSTALL_opts = '\''--build'\'', update = TRUE, quiet = FALSE, dependencies=TRUE, force = TRUE, keep_outputs = TRUE) %in% rownames(installed.packages())) q(status = 0) else q(status = 1)'
'getOption("repos")' replaces Bioconductor standard repositories, see
'help("repositories", package = "BiocManager")' for details.
Replacement repositories:
    CRAN: https://p3m.dev/cran/__linux__/noble/latest
Bioconductor version 3.23 (BiocManager 1.30.27), R 4.6.1 (2026-06-24)
Installing package(s) 'supersigs'
also installing the dependencies ‘warp’, ‘slider’, ‘rsample’

trying URL 'https://p3m.dev/cran/__linux__/noble/latest/src/contrib/warp_0.2.3.tar.gz'
trying URL 'https://p3m.dev/cran/__linux__/noble/latest/src/contrib/slider_0.3.3.tar.gz'
trying URL 'https://p3m.dev/cran/__linux__/noble/latest/src/contrib/rsample_1.3.2.tar.gz'
trying URL 'https://bioconductor.org/packages/3.23/bioc/src/contrib/supersigs_1.19.0.tar.gz'
* installing *binary* package ‘warp’ ...
* package ‘warp’ successfully unpacked and SHA256 sums checked
* ‘warp’ was already a binary package and will not be rebuilt
* SHA256 sums
* creating tarball
packaged installation of ‘warp’ as ‘warp_0.2.3_R_x86_64-pc-linux-gnu.tar.gz’
* DONE (warp)
* installing *binary* package ‘slider’ ...
* package ‘slider’ successfully unpacked and SHA256 sums checked
* ‘slider’ was already a binary package and will not be rebuilt
* SHA256 sums
* creating tarball
packaged installation of ‘slider’ as ‘slider_0.3.3_R_x86_64-pc-linux-gnu.tar.gz’
* DONE (slider)
* installing *binary* package ‘rsample’ ...
* package ‘rsample’ successfully unpacked and SHA256 sums checked
* ‘rsample’ was already a binary package and will not be rebuilt
* SHA256 sums
* creating tarball
packaged installation of ‘rsample’ as ‘rsample_1.3.2_R_x86_64-pc-linux-gnu.tar.gz’
* DONE (rsample)
* installing *source* package ‘supersigs’ ...
** this is package ‘supersigs’ version ‘1.19.0’
** using staged installation
** R
** data
*** moving datasets to lazyload DB
** inst
** byte-compile and prepare package for lazy loading
Error in loadNamespace(j <- i[[1L]], c(lib.loc, .libPaths()), versionCheck = vI[[j]]) : 
  there is no package called ‘ModelMetrics’
Calls: <Anonymous> ... loadNamespace -> withRestarts -> withOneRestart -> doWithOneRestart
Execution halted
ERROR: lazy loading failed for package ‘supersigs’
* removing ‘/tmp/library/supersigs’

The downloaded source packages are in
	‘/tmp/RtmpE5pF8Z/downloaded_packages’
Old packages: 'diffobj', 'httr2', 'pak', 'pkgdown', 'urlchecker', 'xfun',
  'zip', 'MASS', 'nlme', 'survival'
Warning message:
In install.packages(...) :
  installation of package ‘supersigs’ had non-zero exit status

real	0m17.148s
user	0m10.778s
sys	0m2.647s
