+ Rscript -e 'Sys.setenv(BIOCONDUCTOR_USE_CONTAINER_REPOSITORY=FALSE);
  p <- .libPaths();
  p <- c('\''/tmp/library'\'', '\''/mnt/library'\'', p);
  .libPaths(p);
  if(BiocManager::install('\''normr'\'', INSTALL_opts = '\''--build'\'', update = TRUE, quiet = FALSE, dependencies=TRUE, force = TRUE, keep_outputs = TRUE) %in% rownames(installed.packages())) q(status = 0) else q(status = 1)'
'getOption("repos")' replaces Bioconductor standard repositories, see
'help("repositories", package = "BiocManager")' for details.
Replacement repositories:
    CRAN: https://p3m.dev/cran/__linux__/noble/latest
Bioconductor version 3.24 (BiocManager 1.30.27), R 4.6.1 (2026-06-24)
Installing package(s) 'normr'
trying URL 'https://bioconductor.org/packages/3.24/bioc/src/contrib/normr_1.39.2.tar.gz'
Content type 'application/x-gzip' length 3846054 bytes (3.7 MB)
==================================================
downloaded 3.7 MB

Warning: SystemRequirements specified C++11: support has been removed
* installing *source* package ‘normr’ ...
** this is package ‘normr’ version ‘1.39.2’
** package ‘normr’ successfully unpacked and MD5 sums checked
** using staged installation
** libs
specified C++11
using C compiler: ‘gcc (Ubuntu 13.3.0-6ubuntu2~24.04.1) 13.3.0’
using C++ compiler: ‘g++ (Ubuntu 13.3.0-6ubuntu2~24.04.1) 13.3.0’
g++ -std=gnu++20 -I"/usr/local/lib/R/include" -DNDEBUG -fopenmp -D_GLIBCXX_USE_C99 -I'/usr/local/lib/R/site-library/Rcpp/include' -I/usr/local/include    -fpic  -g -O2 -fstack-protector-strong -Wformat -Werror=format-security -Wdate-time -D_FORTIFY_SOURCE=2 -g   -c RcppExports.cpp -o RcppExports.o
g++ -std=gnu++20 -I"/usr/local/lib/R/include" -DNDEBUG -fopenmp -D_GLIBCXX_USE_C99 -I'/usr/local/lib/R/site-library/Rcpp/include' -I/usr/local/include    -fpic  -g -O2 -fstack-protector-strong -Wformat -Werror=format-security -Wdate-time -D_FORTIFY_SOURCE=2 -g   -c em.cpp -o em.o
gcc -std=gnu2x -I"/usr/local/lib/R/include" -DNDEBUG -fopenmp -D_GLIBCXX_USE_C99 -I'/usr/local/lib/R/site-library/Rcpp/include' -I/usr/local/include    -fpic  -g -O2 -fstack-protector-strong -Wformat -Werror=format-security -Wdate-time -D_FORTIFY_SOURCE=2 -g  -c normr_init.c -o normr_init.o
g++ -std=gnu++20 -shared -L/usr/local/lib/R/lib -L/usr/local/lib -o normr.so RcppExports.o em.o normr_init.o -fopenmp -D_GLIBCXX_USE_C99 -L/usr/local/lib/R/lib -lR
installing to /tmp/library/00LOCK-normr/00new/normr/libs
** R
** inst
** byte-compile and prepare package for lazy loading
Creating a new generic function for ‘getClasses’ in package ‘normr’
** help
*** installing help indices
** building package indices
** installing vignettes
** testing if installed package can be loaded from temporary location
** checking absolute paths in shared objects and dynamic libraries
** testing if installed package can be loaded from final location
** testing if installed package keeps a record of temporary installation path
* SHA256 sums
* creating tarball
packaged installation of ‘normr’ as ‘normr_1.39.2_R_x86_64-pc-linux-gnu.tar.gz’
* DONE (normr)

The downloaded source packages are in
	‘/tmp/RtmpXRZeAl/downloaded_packages’

real	1m5.321s
user	0m49.122s
sys	0m7.130s
