+ Rscript -e 'Sys.setenv(BIOCONDUCTOR_USE_CONTAINER_REPOSITORY=FALSE);
  p <- .libPaths();
  p <- c('\''/tmp/library'\'', '\''/mnt/library'\'', p);
  .libPaths(p);
  if(BiocManager::install('\''ChIPQC'\'', INSTALL_opts = '\''--build'\'', update = TRUE, quiet = FALSE, dependencies=TRUE, force = TRUE, keep_outputs = TRUE) %in% rownames(installed.packages())) q(status = 0) else q(status = 1)'
'getOption("repos")' replaces Bioconductor standard repositories, see
'help("repositories", package = "BiocManager")' for details.
Replacement repositories:
    CRAN: https://p3m.dev/cran/__linux__/noble/latest
Bioconductor version 3.24 (BiocManager 1.30.27), R 4.6.1 (2026-06-24)
Installing package(s) 'ChIPQC'
also installing the dependencies ‘TxDb.Rnorvegicus.UCSC.rn4.ensGene’, ‘TxDb.Celegans.UCSC.ce6.ensGene’

trying URL 'https://bioconductor.org/packages/3.24/data/annotation/src/contrib/TxDb.Rnorvegicus.UCSC.rn4.ensGene_3.2.2.tar.gz'
trying URL 'https://bioconductor.org/packages/3.24/data/annotation/src/contrib/TxDb.Celegans.UCSC.ce6.ensGene_3.2.2.tar.gz'
trying URL 'https://bioconductor.org/packages/3.24/bioc/src/contrib/ChIPQC_1.49.3.tar.gz'
* installing *source* package ‘TxDb.Rnorvegicus.UCSC.rn4.ensGene’ ...
** this is package ‘TxDb.Rnorvegicus.UCSC.rn4.ensGene’ version ‘3.2.2’
** using staged installation
** R
** inst
** byte-compile and prepare package for lazy loading
** help
*** installing help indices
** building package indices
** testing if installed package can be loaded from temporary location
** testing if installed package can be loaded from final location
** testing if installed package keeps a record of temporary installation path
* SHA256 sums
* creating tarball
packaged installation of ‘TxDb.Rnorvegicus.UCSC.rn4.ensGene’ as ‘TxDb.Rnorvegicus.UCSC.rn4.ensGene_3.2.2_R_x86_64-pc-linux-gnu.tar.gz’
* DONE (TxDb.Rnorvegicus.UCSC.rn4.ensGene)
* installing *source* package ‘TxDb.Celegans.UCSC.ce6.ensGene’ ...
** this is package ‘TxDb.Celegans.UCSC.ce6.ensGene’ version ‘3.2.2’
** using staged installation
** R
** inst
** byte-compile and prepare package for lazy loading
** help
*** installing help indices
** building package indices
** testing if installed package can be loaded from temporary location
** testing if installed package can be loaded from final location
** testing if installed package keeps a record of temporary installation path
* SHA256 sums
* creating tarball
packaged installation of ‘TxDb.Celegans.UCSC.ce6.ensGene’ as ‘TxDb.Celegans.UCSC.ce6.ensGene_3.2.2_R_x86_64-pc-linux-gnu.tar.gz’
* DONE (TxDb.Celegans.UCSC.ce6.ensGene)
* installing *source* package ‘ChIPQC’ ...
** this is package ‘ChIPQC’ version ‘1.49.3’
** package ‘ChIPQC’ successfully unpacked and MD5 sums checked
** using staged installation
** R
** data
** inst
** byte-compile and prepare package for lazy loading
** help
*** installing help indices
** building package indices
** installing vignettes
** testing if installed package can be loaded from temporary location
** testing if installed package can be loaded from final location
** testing if installed package keeps a record of temporary installation path
* SHA256 sums
* creating tarball
packaged installation of ‘ChIPQC’ as ‘ChIPQC_1.49.3_R_x86_64-pc-linux-gnu.tar.gz’
* DONE (ChIPQC)

The downloaded source packages are in
	‘/tmp/RtmpQuJUR3/downloaded_packages’

real	2m23.120s
user	1m59.227s
sys	0m12.589s
