+ Rscript -e 'Sys.setenv(BIOCONDUCTOR_USE_CONTAINER_REPOSITORY=FALSE);
  p <- .libPaths();
  p <- c('\''/tmp/library'\'', '\''/mnt/library'\'', p);
  .libPaths(p);
  if(BiocManager::install('\''MOSClip'\'', INSTALL_opts = '\''--build'\'', update = TRUE, quiet = FALSE, dependencies=TRUE, force = TRUE, keep_outputs = TRUE) %in% rownames(installed.packages())) q(status = 0) else q(status = 1)'
'getOption("repos")' replaces Bioconductor standard repositories, see
'help("repositories", package = "BiocManager")' for details.
Replacement repositories:
    CRAN: https://p3m.dev/cran/__linux__/noble/latest
Bioconductor version 3.24 (BiocManager 1.30.27), R 4.6.1 (2026-06-24)
Installing package(s) 'MOSClip'
also installing the dependencies ‘SuperExactTest’, ‘coxrobust’

trying URL 'https://p3m.dev/cran/__linux__/noble/latest/src/contrib/SuperExactTest_1.2.0.tar.gz'
trying URL 'https://p3m.dev/cran/__linux__/noble/latest/src/contrib/coxrobust_1.0.2.tar.gz'
trying URL 'https://bioconductor.org/packages/3.24/bioc/src/contrib/MOSClip_1.7.0.tar.gz'
* installing *binary* package ‘SuperExactTest’ ...
* package ‘SuperExactTest’ successfully unpacked and SHA256 sums checked
* ‘SuperExactTest’ was already a binary package and will not be rebuilt
* SHA256 sums
* creating tarball
packaged installation of ‘SuperExactTest’ as ‘SuperExactTest_1.2.0_R_x86_64-pc-linux-gnu.tar.gz’
* DONE (SuperExactTest)
* installing *binary* package ‘coxrobust’ ...
* package ‘coxrobust’ successfully unpacked and SHA256 sums checked
* ‘coxrobust’ was already a binary package and will not be rebuilt
* SHA256 sums
* creating tarball
packaged installation of ‘coxrobust’ as ‘coxrobust_1.0.2_R_x86_64-pc-linux-gnu.tar.gz’
* DONE (coxrobust)
* installing *source* package ‘MOSClip’ ...
** this is package ‘MOSClip’ version ‘1.7.0’
** package ‘MOSClip’ successfully unpacked and MD5 sums checked
** using staged installation
** R
** data
** inst
** byte-compile and prepare package for lazy loading
** help
*** installing help indices
** building package indices
** installing vignettes
** testing if installed package can be loaded from temporary location
** testing if installed package can be loaded from final location
** testing if installed package keeps a record of temporary installation path
* SHA256 sums
* creating tarball
packaged installation of ‘MOSClip’ as ‘MOSClip_1.7.0_R_x86_64-pc-linux-gnu.tar.gz’
* DONE (MOSClip)

The downloaded source packages are in
	‘/tmp/Rtmp3MO5ct/downloaded_packages’

real	1m17.949s
user	0m48.825s
sys	0m6.796s
