+ Rscript -e 'Sys.setenv(BIOCONDUCTOR_USE_CONTAINER_REPOSITORY=FALSE);
  p <- .libPaths();
  p <- c('\''/tmp/library'\'', '\''/mnt/library'\'', p);
  .libPaths(p);
  if(BiocManager::install('\''clusterStab'\'', INSTALL_opts = '\''--build'\'', update = TRUE, quiet = FALSE, dependencies=TRUE, force = TRUE, keep_outputs = TRUE) %in% rownames(installed.packages())) q(status = 0) else q(status = 1)'
'getOption("repos")' replaces Bioconductor standard repositories, see
'help("repositories", package = "BiocManager")' for details.
Replacement repositories:
    CRAN: https://p3m.dev/cran/__linux__/noble/latest
Bioconductor version 3.24 (BiocManager 1.30.27), R 4.6.1 (2026-06-24)
Installing package(s) 'clusterStab'
also installing the dependency ‘fibroEset’

trying URL 'https://bioconductor.org/packages/3.24/data/experiment/src/contrib/fibroEset_1.55.0.tar.gz'
trying URL 'https://bioconductor.org/packages/3.24/bioc/src/contrib/clusterStab_1.85.0.tar.gz'
* installing *source* package ‘fibroEset’ ...
** this is package ‘fibroEset’ version ‘1.55.0’
** using staged installation
** R
** data
** byte-compile and prepare package for lazy loading
** help
*** installing help indices
** building package indices
** testing if installed package can be loaded from temporary location
** testing if installed package can be loaded from final location
** testing if installed package keeps a record of temporary installation path
* SHA256 sums
* creating tarball
packaged installation of ‘fibroEset’ as ‘fibroEset_1.55.0_R_x86_64-pc-linux-gnu.tar.gz’
* DONE (fibroEset)
* installing *source* package ‘clusterStab’ ...
** this is package ‘clusterStab’ version ‘1.85.0’
** package ‘clusterStab’ successfully unpacked and MD5 sums checked
** using staged installation
** R
** inst
** byte-compile and prepare package for lazy loading
** help
*** installing help indices
** building package indices
** installing vignettes
** testing if installed package can be loaded from temporary location
** testing if installed package can be loaded from final location
** testing if installed package keeps a record of temporary installation path
* SHA256 sums
* creating tarball
packaged installation of ‘clusterStab’ as ‘clusterStab_1.85.0_R_x86_64-pc-linux-gnu.tar.gz’
* DONE (clusterStab)

The downloaded source packages are in
	‘/tmp/RtmpXhCUvX/downloaded_packages’
Old packages: 'diffobj'

real	0m15.940s
user	0m10.133s
sys	0m4.603s
