+ Rscript -e 'Sys.setenv(BIOCONDUCTOR_USE_CONTAINER_REPOSITORY=FALSE);
  p <- .libPaths();
  p <- c('\''/tmp/library'\'', '\''/mnt/library'\'', p);
  .libPaths(p);
  if(BiocManager::install('\''scGraphVerse'\'', INSTALL_opts = '\''--build'\'', update = TRUE, quiet = FALSE, dependencies=TRUE, force = TRUE, keep_outputs = TRUE) %in% rownames(installed.packages())) q(status = 0) else q(status = 1)'
'getOption("repos")' replaces Bioconductor standard repositories, see
'help("repositories", package = "BiocManager")' for details.
Replacement repositories:
    CRAN: https://p3m.dev/cran/__linux__/noble/latest
Bioconductor version 3.23 (BiocManager 1.30.27), R 4.6.1 (2026-06-24)
Installing package(s) 'scGraphVerse'
also installing the dependencies ‘r2r’, ‘multinet’, ‘fdatest’, ‘perturbR’, ‘distributions3’, ‘INetTool’, ‘robin’

trying URL 'https://p3m.dev/cran/__linux__/noble/latest/src/contrib/r2r_0.1.2.tar.gz'
trying URL 'https://p3m.dev/cran/__linux__/noble/latest/src/contrib/multinet_4.3.4.tar.gz'
trying URL 'https://p3m.dev/cran/__linux__/noble/latest/src/contrib/fdatest_2.1.1.tar.gz'
trying URL 'https://p3m.dev/cran/__linux__/noble/latest/src/contrib/perturbR_0.1.3.tar.gz'
trying URL 'https://p3m.dev/cran/__linux__/noble/latest/src/contrib/distributions3_0.2.3.tar.gz'
trying URL 'https://p3m.dev/cran/__linux__/noble/latest/src/contrib/INetTool_0.1.2.tar.gz'
trying URL 'https://p3m.dev/cran/__linux__/noble/latest/src/contrib/robin_2.0.0.tar.gz'
trying URL 'https://bioconductor.org/packages/3.23/bioc/src/contrib/scGraphVerse_1.2.0.tar.gz'
* installing *binary* package ‘r2r’ ...
* package ‘r2r’ successfully unpacked and SHA256 sums checked
* ‘r2r’ was already a binary package and will not be rebuilt
* SHA256 sums
* creating tarball
packaged installation of ‘r2r’ as ‘r2r_0.1.2_R_x86_64-pc-linux-gnu.tar.gz’
* DONE (r2r)
* installing *binary* package ‘multinet’ ...
* package ‘multinet’ successfully unpacked and SHA256 sums checked
* ‘multinet’ was already a binary package and will not be rebuilt
* SHA256 sums
* creating tarball
packaged installation of ‘multinet’ as ‘multinet_4.3.4_R_x86_64-pc-linux-gnu.tar.gz’
* DONE (multinet)
* installing *binary* package ‘fdatest’ ...
* package ‘fdatest’ successfully unpacked and SHA256 sums checked
* ‘fdatest’ was already a binary package and will not be rebuilt
* SHA256 sums
* creating tarball
packaged installation of ‘fdatest’ as ‘fdatest_2.1.1_R_x86_64-pc-linux-gnu.tar.gz’
* DONE (fdatest)
* installing *binary* package ‘perturbR’ ...
* package ‘perturbR’ successfully unpacked and SHA256 sums checked
* ‘perturbR’ was already a binary package and will not be rebuilt
* SHA256 sums
* creating tarball
packaged installation of ‘perturbR’ as ‘perturbR_0.1.3_R_x86_64-pc-linux-gnu.tar.gz’
* DONE (perturbR)
* installing *binary* package ‘distributions3’ ...
* package ‘distributions3’ successfully unpacked and SHA256 sums checked
* ‘distributions3’ was already a binary package and will not be rebuilt
* SHA256 sums
* creating tarball
packaged installation of ‘distributions3’ as ‘distributions3_0.2.3_R_x86_64-pc-linux-gnu.tar.gz’
* DONE (distributions3)
* installing *binary* package ‘robin’ ...
* package ‘robin’ successfully unpacked and SHA256 sums checked
* ‘robin’ was already a binary package and will not be rebuilt
* SHA256 sums
* creating tarball
packaged installation of ‘robin’ as ‘robin_2.0.0_R_x86_64-pc-linux-gnu.tar.gz’
* DONE (robin)
* installing *source* package ‘scGraphVerse’ ...
** this is package ‘scGraphVerse’ version ‘1.2.0’
** using staged installation
** libs
using C compiler: ‘gcc (Ubuntu 13.3.0-6ubuntu2~24.04.1) 13.3.0’
gcc -std=gnu2x -I"/usr/local/lib/R/include" -DNDEBUG   -I/usr/local/include    -fpic  -g -O2 -fstack-protector-strong -Wformat -Werror=format-security -Wdate-time -D_FORTIFY_SOURCE=2 -g  -c init.c -o init.o
gcc -std=gnu2x -I"/usr/local/lib/R/include" -DNDEBUG   -I/usr/local/include    -fpic  -g -O2 -fstack-protector-strong -Wformat -Werror=format-security -Wdate-time -D_FORTIFY_SOURCE=2 -g  -c regTree.c -o regTree.o
gcc -std=gnu2x -I"/usr/local/lib/R/include" -DNDEBUG   -I/usr/local/include    -fpic  -g -O2 -fstack-protector-strong -Wformat -Werror=format-security -Wdate-time -D_FORTIFY_SOURCE=2 -g  -c regrf.c -o regrf.o
gcc -std=gnu2x -shared -L/usr/local/lib/R/lib -L/usr/local/lib -o scGraphVerse.so init.o regTree.o regrf.o -L/usr/local/lib/R/lib -lR
installing to /tmp/library/00LOCK-scGraphVerse/00new/scGraphVerse/libs
** R
** data
** inst
** byte-compile and prepare package for lazy loading
** help
*** installing help indices
*** copying figures
** building package indices
** installing vignettes
** testing if installed package can be loaded from temporary location
** checking absolute paths in shared objects and dynamic libraries
** testing if installed package can be loaded from final location
** testing if installed package keeps a record of temporary installation path
* SHA256 sums
* creating tarball
packaged installation of ‘scGraphVerse’ as ‘scGraphVerse_1.2.0_R_x86_64-pc-linux-gnu.tar.gz’
* DONE (scGraphVerse)
* installing *binary* package ‘INetTool’ ...
* package ‘INetTool’ successfully unpacked and SHA256 sums checked
* ‘INetTool’ was already a binary package and will not be rebuilt
* SHA256 sums
* creating tarball
packaged installation of ‘INetTool’ as ‘INetTool_0.1.2_R_x86_64-pc-linux-gnu.tar.gz’
* DONE (INetTool)

The downloaded source packages are in
	‘/tmp/RtmpVuvIWg/downloaded_packages’
Old packages: 'httr2', 'pak', 'pkgdown', 'urlchecker', 'xfun', 'zip', 'MASS',
  'nlme', 'survival'

real	0m45.701s
user	0m34.760s
sys	0m7.491s
