+ Rscript -e 'Sys.setenv(BIOCONDUCTOR_USE_CONTAINER_REPOSITORY=FALSE);
  p <- .libPaths();
  p <- c('\''/tmp/library'\'', '\''/mnt/library'\'', p);
  .libPaths(p);
  if(BiocManager::install('\''RSeqAn'\'', INSTALL_opts = '\''--build'\'', update = TRUE, quiet = FALSE, dependencies=TRUE, force = TRUE, keep_outputs = TRUE) %in% rownames(installed.packages())) q(status = 0) else q(status = 1)'
'getOption("repos")' replaces Bioconductor standard repositories, see
'help("repositories", package = "BiocManager")' for details.
Replacement repositories:
    CRAN: https://p3m.dev/cran/__linux__/noble/latest
Bioconductor version 3.24 (BiocManager 1.30.27), R 4.6.1 (2026-06-24)
Installing package(s) 'RSeqAn'
trying URL 'https://bioconductor.org/packages/3.24/bioc/src/contrib/RSeqAn_1.33.0.tar.gz'
Content type 'application/x-gzip' length 1721290 bytes (1.6 MB)
==================================================
downloaded 1.6 MB

* installing *source* package ‘RSeqAn’ ...
** this is package ‘RSeqAn’ version ‘1.33.0’
** package ‘RSeqAn’ successfully unpacked and MD5 sums checked
** using staged installation
** libs
specified C++14
using C++ compiler: ‘g++ (Ubuntu 13.3.0-6ubuntu2~24.04.1) 13.3.0’
g++ -std=gnu++20 -I"/usr/local/lib/R/include" -DNDEBUG -I../inst/include -I'/usr/local/lib/R/site-library/Rcpp/include' -I/usr/local/include    -fpic  -g -O2 -fstack-protector-strong -Wformat -Werror=format-security -Wdate-time -D_FORTIFY_SOURCE=2 -g   -c RcppExports.cpp -o RcppExports.o
g++ -std=gnu++20 -I"/usr/local/lib/R/include" -DNDEBUG -I../inst/include -I'/usr/local/lib/R/site-library/Rcpp/include' -I/usr/local/include    -fpic  -g -O2 -fstack-protector-strong -Wformat -Werror=format-security -Wdate-time -D_FORTIFY_SOURCE=2 -g   -c charstring.cpp -o charstring.o
g++ -std=gnu++20 -shared -L/usr/local/lib/R/lib -L/usr/local/lib -o RSeqAn.so RcppExports.o charstring.o -L/usr/local/lib/R/lib -lR
installing to /tmp/library/00LOCK-RSeqAn/00new/RSeqAn/libs
** R
** inst
** byte-compile and prepare package for lazy loading
** help
*** installing help indices
** building package indices
** installing vignettes
** testing if installed package can be loaded from temporary location
** checking absolute paths in shared objects and dynamic libraries
** testing if installed package can be loaded from final location
** testing if installed package keeps a record of temporary installation path
* SHA256 sums
* creating tarball
packaged installation of ‘RSeqAn’ as ‘RSeqAn_1.33.0_R_x86_64-pc-linux-gnu.tar.gz’
* DONE (RSeqAn)

The downloaded source packages are in
	‘/tmp/Rtmpi7s77N/downloaded_packages’

real	0m22.078s
user	0m11.075s
sys	0m3.083s
