+ Rscript -e 'Sys.setenv(BIOCONDUCTOR_USE_CONTAINER_REPOSITORY=FALSE);
  p <- .libPaths();
  p <- c('\''/tmp/library'\'', '\''/mnt/library'\'', p);
  .libPaths(p);
  if(BiocManager::install('\''RankProd'\'', INSTALL_opts = '\''--build'\'', update = TRUE, quiet = FALSE, dependencies=TRUE, force = TRUE, keep_outputs = TRUE) %in% rownames(installed.packages())) q(status = 0) else q(status = 1)'
'getOption("repos")' replaces Bioconductor standard repositories, see
'help("repositories", package = "BiocManager")' for details.
Replacement repositories:
    CRAN: https://p3m.dev/cran/__linux__/noble/latest
Bioconductor version 3.23 (BiocManager 1.30.27), R 4.6.1 (2026-06-24)
Installing package(s) 'RankProd'
also installing the dependency ‘Rmpfr’

trying URL 'https://p3m.dev/cran/__linux__/noble/latest/src/contrib/Rmpfr_1.1-2.tar.gz'
trying URL 'https://bioconductor.org/packages/3.23/bioc/src/contrib/RankProd_3.38.0.tar.gz'
* installing *binary* package ‘Rmpfr’ ...
* package ‘Rmpfr’ successfully unpacked and SHA256 sums checked
* ‘Rmpfr’ was already a binary package and will not be rebuilt
* SHA256 sums
* creating tarball
packaged installation of ‘Rmpfr’ as ‘Rmpfr_1.1-2_R_x86_64-pc-linux-gnu.tar.gz’
* DONE (Rmpfr)
* installing *source* package ‘RankProd’ ...
** this is package ‘RankProd’ version ‘3.38.0’
** using staged installation
** R
** data
** inst
** byte-compile and prepare package for lazy loading
** help
*** installing help indices
** building package indices
** installing vignettes
** testing if installed package can be loaded from temporary location
** testing if installed package can be loaded from final location
** testing if installed package keeps a record of temporary installation path
* SHA256 sums
* creating tarball
packaged installation of ‘RankProd’ as ‘RankProd_3.38.0_R_x86_64-pc-linux-gnu.tar.gz’
* DONE (RankProd)

The downloaded source packages are in
	‘/tmp/RtmpQX623A/downloaded_packages’
Old packages: 'httr2', 'pak', 'pkgdown', 'urlchecker', 'xfun', 'zip', 'MASS',
  'nlme', 'survival'

real	0m14.479s
user	0m7.087s
sys	0m2.658s
