+ Rscript -e 'Sys.setenv(BIOCONDUCTOR_USE_CONTAINER_REPOSITORY=FALSE);
  p <- .libPaths();
  p <- c('\''/tmp/library'\'', '\''/mnt/library'\'', p);
  .libPaths(p);
  if(BiocManager::install('\''aCGH'\'', INSTALL_opts = '\''--build'\'', update = TRUE, quiet = FALSE, dependencies=TRUE, force = TRUE, keep_outputs = TRUE) %in% rownames(installed.packages())) q(status = 0) else q(status = 1)'
'getOption("repos")' replaces Bioconductor standard repositories, see
'help("repositories", package = "BiocManager")' for details.
Replacement repositories:
    CRAN: https://p3m.dev/cran/__linux__/noble/latest
Bioconductor version 3.24 (BiocManager 1.30.27), R 4.6.1 (2026-06-24)
Installing package(s) 'aCGH'
trying URL 'https://bioconductor.org/packages/3.24/bioc/src/contrib/aCGH_1.91.0.tar.gz'
Content type 'application/x-gzip' length 2328341 bytes (2.2 MB)
==================================================
downloaded 2.2 MB

* installing *source* package ‘aCGH’ ...
** this is package ‘aCGH’ version ‘1.91.0’
** package ‘aCGH’ successfully unpacked and MD5 sums checked
** using staged installation
** libs
using C++ compiler: ‘g++ (Ubuntu 13.3.0-6ubuntu2~24.04.1) 13.3.0’
g++ -std=gnu++20 -I"/usr/local/lib/R/include" -DNDEBUG -DUSEDOUBLE -g3  -I/usr/local/include    -fpic  -g -O2 -fstack-protector-strong -Wformat -Werror=format-security -Wdate-time -D_FORTIFY_SOURCE=2 -g   -c hmm.cpp -o hmm.o
g++ -std=gnu++20 -shared -L/usr/local/lib/R/lib -L/usr/local/lib -o aCGH.so hmm.o -lm -L/usr/local/lib/R/lib -lR
installing to /tmp/library/00LOCK-aCGH/00new/aCGH/libs
** R
** data
** demo
** inst
** byte-compile and prepare package for lazy loading
** help
*** installing help indices
** building package indices
** installing vignettes
** testing if installed package can be loaded from temporary location
** checking absolute paths in shared objects and dynamic libraries
** testing if installed package can be loaded from final location
** testing if installed package keeps a record of temporary installation path
* SHA256 sums
* creating tarball
packaged installation of ‘aCGH’ as ‘aCGH_1.91.0_R_x86_64-pc-linux-gnu.tar.gz’
* DONE (aCGH)

The downloaded source packages are in
	‘/tmp/RtmpZ8dA8G/downloaded_packages’

real	0m18.196s
user	0m13.176s
sys	0m3.670s
