+ Rscript -e 'Sys.setenv(BIOCONDUCTOR_USE_CONTAINER_REPOSITORY=FALSE);
  p <- .libPaths();
  p <- c('\''/tmp/library'\'', '\''/mnt/library'\'', p);
  .libPaths(p);
  if(BiocManager::install('\''animalcules'\'', INSTALL_opts = '\''--build'\'', update = TRUE, quiet = FALSE, dependencies=TRUE, force = TRUE, keep_outputs = TRUE) %in% rownames(installed.packages())) q(status = 0) else q(status = 1)'
'getOption("repos")' replaces Bioconductor standard repositories, see
'help("repositories", package = "BiocManager")' for details.
Replacement repositories:
    CRAN: https://p3m.dev/cran/__linux__/noble/latest
Bioconductor version 3.24 (BiocManager 1.30.27), R 4.6.1 (2026-06-24)
Installing package(s) 'animalcules'
also installing the dependencies ‘dirmult’, ‘GUniFrac’, ‘ROCit’

trying URL 'https://p3m.dev/cran/__linux__/noble/latest/src/contrib/dirmult_0.1.3-5.tar.gz'
trying URL 'https://p3m.dev/cran/__linux__/noble/latest/src/contrib/GUniFrac_1.9.tar.gz'
trying URL 'https://p3m.dev/cran/__linux__/noble/latest/src/contrib/ROCit_2.1.2.tar.gz'
trying URL 'https://bioconductor.org/packages/3.24/bioc/src/contrib/animalcules_1.29.0.tar.gz'
* installing *binary* package ‘dirmult’ ...
* package ‘dirmult’ successfully unpacked and SHA256 sums checked
* ‘dirmult’ was already a binary package and will not be rebuilt
* SHA256 sums
* creating tarball
packaged installation of ‘dirmult’ as ‘dirmult_0.1.3-5_R_x86_64-pc-linux-gnu.tar.gz’
* DONE (dirmult)
* installing *binary* package ‘ROCit’ ...
* package ‘ROCit’ successfully unpacked and SHA256 sums checked
* ‘ROCit’ was already a binary package and will not be rebuilt
* SHA256 sums
* creating tarball
packaged installation of ‘ROCit’ as ‘ROCit_2.1.2_R_x86_64-pc-linux-gnu.tar.gz’
* DONE (ROCit)
* installing *binary* package ‘GUniFrac’ ...
* package ‘GUniFrac’ successfully unpacked and SHA256 sums checked
* ‘GUniFrac’ was already a binary package and will not be rebuilt
* SHA256 sums
* creating tarball
packaged installation of ‘GUniFrac’ as ‘GUniFrac_1.9_R_x86_64-pc-linux-gnu.tar.gz’
* DONE (GUniFrac)
* installing *source* package ‘animalcules’ ...
** this is package ‘animalcules’ version ‘1.29.0’
** package ‘animalcules’ successfully unpacked and MD5 sums checked
** using staged installation
** R
** inst
** byte-compile and prepare package for lazy loading
** help
*** installing help indices
** building package indices
** installing vignettes
** testing if installed package can be loaded from temporary location
** testing if installed package can be loaded from final location
** testing if installed package keeps a record of temporary installation path
* SHA256 sums
* creating tarball
packaged installation of ‘animalcules’ as ‘animalcules_1.29.0_R_x86_64-pc-linux-gnu.tar.gz’
* DONE (animalcules)

The downloaded source packages are in
	‘/tmp/Rtmpq7bMQ6/downloaded_packages’

real	0m47.237s
user	0m35.828s
sys	0m6.018s
