+ Rscript -e 'Sys.setenv(BIOCONDUCTOR_USE_CONTAINER_REPOSITORY=FALSE);
  p <- .libPaths();
  p <- c('\''/tmp/library'\'', '\''/mnt/library'\'', p);
  .libPaths(p);
  if(BiocManager::install('\''AMARETTO'\'', INSTALL_opts = '\''--build'\'', update = TRUE, quiet = FALSE, dependencies=TRUE, force = TRUE, keep_outputs = TRUE) %in% rownames(installed.packages())) q(status = 0) else q(status = 1)'
'getOption("repos")' replaces Bioconductor standard repositories, see
'help("repositories", package = "BiocManager")' for details.
Replacement repositories:
    CRAN: https://p3m.dev/cran/__linux__/noble/latest
Bioconductor version 3.24 (BiocManager 1.30.27), R 4.6.1 (2026-06-24)
Installing package(s) 'AMARETTO'
also installing the dependency ‘curatedTCGAData’

trying URL 'https://bioconductor.org/packages/3.24/data/experiment/src/contrib/curatedTCGAData_1.35.0.tar.gz'
trying URL 'https://bioconductor.org/packages/3.24/bioc/src/contrib/AMARETTO_1.29.0.tar.gz'
* installing *source* package ‘curatedTCGAData’ ...
** this is package ‘curatedTCGAData’ version ‘1.35.0’
** using staged installation
** R
** inst
** byte-compile and prepare package for lazy loading
** help
*** installing help indices
** building package indices
** installing vignettes
** testing if installed package can be loaded from temporary location
** testing if installed package can be loaded from final location
** testing if installed package keeps a record of temporary installation path
* SHA256 sums
* creating tarball
packaged installation of ‘curatedTCGAData’ as ‘curatedTCGAData_1.35.0_R_x86_64-pc-linux-gnu.tar.gz’
* DONE (curatedTCGAData)
* installing *source* package ‘AMARETTO’ ...
** this is package ‘AMARETTO’ version ‘1.29.0’
** package ‘AMARETTO’ successfully unpacked and MD5 sums checked
** using staged installation
** R
** data
*** moving datasets to lazyload DB
** inst
** byte-compile and prepare package for lazy loading
** help
*** installing help indices
** building package indices
** installing vignettes
** testing if installed package can be loaded from temporary location
** testing if installed package can be loaded from final location
** testing if installed package keeps a record of temporary installation path
* SHA256 sums
* creating tarball
packaged installation of ‘AMARETTO’ as ‘AMARETTO_1.29.0_R_x86_64-pc-linux-gnu.tar.gz’
* DONE (AMARETTO)

The downloaded source packages are in
	‘/tmp/Rtmp8SLHdd/downloaded_packages’
Old packages: 'diffobj'

real	1m13.256s
user	0m58.389s
sys	0m8.766s
