+ Rscript -e 'Sys.setenv(BIOCONDUCTOR_USE_CONTAINER_REPOSITORY=FALSE);
  p <- .libPaths();
  p <- c('\''/tmp/library'\'', '\''/mnt/library'\'', p);
  .libPaths(p);
  if(BiocManager::install('\''MAST'\'', INSTALL_opts = '\''--build'\'', update = TRUE, quiet = FALSE, dependencies=TRUE, force = TRUE, keep_outputs = TRUE) %in% rownames(installed.packages())) q(status = 0) else q(status = 1)'
'getOption("repos")' replaces Bioconductor standard repositories, see
'help("repositories", package = "BiocManager")' for details.
Replacement repositories:
    CRAN: https://p3m.dev/cran/__linux__/noble/latest
Bioconductor version 3.23 (BiocManager 1.30.27), R 4.6.1 (2026-06-24)
Installing package(s) 'MAST'
also installing the dependency ‘blme’

trying URL 'https://p3m.dev/cran/__linux__/noble/latest/src/contrib/blme_1.0-7.tar.gz'
trying URL 'https://bioconductor.org/packages/3.23/bioc/src/contrib/MAST_1.38.0.tar.gz'
* installing *binary* package ‘blme’ ...
* package ‘blme’ successfully unpacked and SHA256 sums checked
* ‘blme’ was already a binary package and will not be rebuilt
* SHA256 sums
* creating tarball
packaged installation of ‘blme’ as ‘blme_1.0-7_R_x86_64-pc-linux-gnu.tar.gz’
* DONE (blme)
* installing *source* package ‘MAST’ ...
** this is package ‘MAST’ version ‘1.38.0’
** using staged installation
** R
** data
*** moving datasets to lazyload DB
** inst
** byte-compile and prepare package for lazy loading
** help
*** installing help indices
** building package indices
** installing vignettes
** testing if installed package can be loaded from temporary location
** testing if installed package can be loaded from final location
** testing if installed package keeps a record of temporary installation path
* SHA256 sums
* creating tarball
packaged installation of ‘MAST’ as ‘MAST_1.38.0_R_x86_64-pc-linux-gnu.tar.gz’
* DONE (MAST)

The downloaded source packages are in
	‘/tmp/RtmpzrJxdT/downloaded_packages’
Old packages: 'httr2', 'pak', 'pkgdown', 'urlchecker', 'xfun', 'zip', 'MASS',
  'nlme', 'survival'

real	0m52.777s
user	0m41.936s
sys	0m5.610s
