+ Rscript -e 'Sys.setenv(BIOCONDUCTOR_USE_CONTAINER_REPOSITORY=FALSE);
  p <- .libPaths();
  p <- c('\''/tmp/library'\'', '\''/mnt/library'\'', p);
  .libPaths(p);
  if(BiocManager::install('\''waddR'\'', INSTALL_opts = '\''--build'\'', update = TRUE, quiet = FALSE, dependencies=TRUE, force = TRUE, keep_outputs = TRUE) %in% rownames(installed.packages())) q(status = 0) else q(status = 1)'
'getOption("repos")' replaces Bioconductor standard repositories, see
'help("repositories", package = "BiocManager")' for details.
Replacement repositories:
    CRAN: https://p3m.dev/cran/__linux__/noble/latest
Bioconductor version 3.24 (BiocManager 1.30.27), R 4.6.1 (2026-06-24)
Installing package(s) 'waddR'
also installing the dependency ‘eva’

trying URL 'https://p3m.dev/cran/__linux__/noble/latest/src/contrib/eva_0.2.7.tar.gz'
trying URL 'https://bioconductor.org/packages/3.24/bioc/src/contrib/waddR_1.27.0.tar.gz'
* installing *binary* package ‘eva’ ...
* package ‘eva’ successfully unpacked and SHA256 sums checked
* ‘eva’ was already a binary package and will not be rebuilt
* SHA256 sums
* creating tarball
packaged installation of ‘eva’ as ‘eva_0.2.7_R_x86_64-pc-linux-gnu.tar.gz’
* DONE (eva)
* installing *source* package ‘waddR’ ...
** this is package ‘waddR’ version ‘1.27.0’
** package ‘waddR’ successfully unpacked and MD5 sums checked
** using staged installation
** libs
specified C++11
using C++ compiler: ‘g++ (Ubuntu 13.3.0-6ubuntu2~24.04.1) 13.3.0’
g++ -std=gnu++20 -I"/usr/local/lib/R/include" -DNDEBUG  -I'/usr/local/lib/R/site-library/Rcpp/include' -I'/mnt/library/RcppArmadillo/include' -I/usr/local/include    -fpic  -g -O2 -fstack-protector-strong -Wformat -Werror=format-security -Wdate-time -D_FORTIFY_SOURCE=2 -g   -c RcppExports.cpp -o RcppExports.o
g++ -std=gnu++20 -I"/usr/local/lib/R/include" -DNDEBUG  -I'/usr/local/lib/R/site-library/Rcpp/include' -I'/mnt/library/RcppArmadillo/include' -I/usr/local/include    -fpic  -g -O2 -fstack-protector-strong -Wformat -Werror=format-security -Wdate-time -D_FORTIFY_SOURCE=2 -g   -c wasserstein.cpp -o wasserstein.o
g++ -std=gnu++20 -shared -L/usr/local/lib/R/lib -L/usr/local/lib -o waddR.so RcppExports.o wasserstein.o -L/usr/local/lib/R/lib -lR
installing to /tmp/library/00LOCK-waddR/00new/waddR/libs
** R
** inst
** byte-compile and prepare package for lazy loading
** help
*** installing help indices
** building package indices
** installing vignettes
** testing if installed package can be loaded from temporary location
[1] "Downloading Reference Distribution: \n"

** checking absolute paths in shared objects and dynamic libraries
** testing if installed package can be loaded from final location
** testing if installed package keeps a record of temporary installation path
* SHA256 sums
* creating tarball
packaged installation of ‘waddR’ as ‘waddR_1.27.0_R_x86_64-pc-linux-gnu.tar.gz’
* DONE (waddR)

The downloaded source packages are in
	‘/tmp/RtmpatXqe6/downloaded_packages’
Old packages: 'diffobj'

real	1m16.607s
user	0m47.667s
sys	0m7.096s
