+ Rscript -e 'Sys.setenv(BIOCONDUCTOR_USE_CONTAINER_REPOSITORY=FALSE);
  p <- .libPaths();
  p <- c('\''/tmp/library'\'', '\''/mnt/library'\'', p);
  .libPaths(p);
  if(BiocManager::install('\''maPredictDSC'\'', INSTALL_opts = '\''--build'\'', update = TRUE, quiet = FALSE, dependencies=TRUE, force = TRUE, keep_outputs = TRUE) %in% rownames(installed.packages())) q(status = 0) else q(status = 1)'
'getOption("repos")' replaces Bioconductor standard repositories, see
'help("repositories", package = "BiocManager")' for details.
Replacement repositories:
    CRAN: https://p3m.dev/cran/__linux__/noble/latest
Bioconductor version 3.23 (BiocManager 1.30.27), R 4.6.1 (2026-06-24)
Installing package(s) 'maPredictDSC'
also installing the dependency ‘LungCancerACvsSCCGEO’

trying URL 'https://bioconductor.org/packages/3.23/data/experiment/src/contrib/LungCancerACvsSCCGEO_1.48.0.tar.gz'
trying URL 'https://bioconductor.org/packages/3.23/bioc/src/contrib/maPredictDSC_1.50.0.tar.gz'
* installing *source* package ‘LungCancerACvsSCCGEO’ ...
** this is package ‘LungCancerACvsSCCGEO’ version ‘1.48.0’
** using staged installation
** data
** inst
** help
*** installing help indices
** building package indices
** testing if installed package can be loaded from temporary location
** testing if installed package can be loaded from final location
** testing if installed package keeps a record of temporary installation path
* SHA256 sums
* creating tarball
packaged installation of ‘LungCancerACvsSCCGEO’ as ‘LungCancerACvsSCCGEO_1.48.0_R_x86_64-pc-linux-gnu.tar.gz’
* DONE (LungCancerACvsSCCGEO)
* installing *source* package ‘maPredictDSC’ ...
** this is package ‘maPredictDSC’ version ‘1.50.0’
** using staged installation
** R
** inst
** byte-compile and prepare package for lazy loading
** help
*** installing help indices
** building package indices
** installing vignettes
** testing if installed package can be loaded from temporary location
** testing if installed package can be loaded from final location
** testing if installed package keeps a record of temporary installation path
* SHA256 sums
* creating tarball
packaged installation of ‘maPredictDSC’ as ‘maPredictDSC_1.50.0_R_x86_64-pc-linux-gnu.tar.gz’
* DONE (maPredictDSC)

The downloaded source packages are in
	‘/tmp/RtmpJk5osN/downloaded_packages’
Old packages: 'httr2', 'pak', 'pkgdown', 'urlchecker', 'xfun', 'zip', 'MASS',
  'nlme', 'survival'

real	3m16.676s
user	3m3.982s
sys	0m6.932s
