+ Rscript -e 'Sys.setenv(BIOCONDUCTOR_USE_CONTAINER_REPOSITORY=FALSE);
  p <- .libPaths();
  p <- c('\''/tmp/library'\'', '\''/mnt/library'\'', p);
  .libPaths(p);
  if(BiocManager::install('\''clippda'\'', INSTALL_opts = '\''--build'\'', update = TRUE, quiet = FALSE, dependencies=TRUE, force = TRUE, keep_outputs = TRUE) %in% rownames(installed.packages())) q(status = 0) else q(status = 1)'
'getOption("repos")' replaces Bioconductor standard repositories, see
'help("repositories", package = "BiocManager")' for details.
Replacement repositories:
    CRAN: https://p3m.dev/cran/__linux__/noble/latest
Bioconductor version 3.24 (BiocManager 1.30.27), R 4.6.1 (2026-06-24)
Installing package(s) 'clippda'
trying URL 'https://bioconductor.org/packages/3.24/bioc/src/contrib/clippda_1.63.0.tar.gz'
Content type 'application/x-gzip' length 1567304 bytes (1.5 MB)
==================================================
downloaded 1.5 MB

* installing *source* package ‘clippda’ ...
** this is package ‘clippda’ version ‘1.63.0’
** package ‘clippda’ successfully unpacked and MD5 sums checked
** using staged installation
** R
** data
** inst
** byte-compile and prepare package for lazy loading
Warning messages:
1: In rgl.init(initValue, onlyNULL) : RGL: unable to open X11 display
2: 'rgl.init' failed, will use the null device.
See '?rgl.useNULL' for ways to avoid this warning. 
** help
*** installing help indices
** building package indices
** installing vignettes
** testing if installed package can be loaded from temporary location
Warning: 'rgl.init' failed, will use the null device.
See '?rgl.useNULL' for ways to avoid this warning.
** testing if installed package can be loaded from final location
Warning: 'rgl.init' failed, will use the null device.
See '?rgl.useNULL' for ways to avoid this warning.
** testing if installed package keeps a record of temporary installation path
* SHA256 sums
* creating tarball
packaged installation of ‘clippda’ as ‘clippda_1.63.0_R_x86_64-pc-linux-gnu.tar.gz’
* DONE (clippda)

The downloaded source packages are in
	‘/tmp/Rtmphltcni/downloaded_packages’
Old packages: 'diffobj'

real	0m19.836s
user	0m9.416s
sys	0m2.383s
