+ Rscript -e 'Sys.setenv(BIOCONDUCTOR_USE_CONTAINER_REPOSITORY=FALSE);
  p <- .libPaths();
  p <- c('\''/tmp/library'\'', '\''/mnt/library'\'', p);
  .libPaths(p);
  if(BiocManager::install('\''ModCon'\'', INSTALL_opts = '\''--build'\'', update = TRUE, quiet = FALSE, dependencies=TRUE, force = TRUE, keep_outputs = TRUE) %in% rownames(installed.packages())) q(status = 0) else q(status = 1)'
'getOption("repos")' replaces Bioconductor standard repositories, see
'help("repositories", package = "BiocManager")' for details.
Replacement repositories:
    CRAN: https://p3m.dev/cran/__linux__/noble/latest
Bioconductor version 3.24 (BiocManager 1.30.27), R 4.6.1 (2026-06-24)
Installing package(s) 'ModCon'
also installing the dependencies ‘shinycssloaders’, ‘shinyFiles’

trying URL 'https://p3m.dev/cran/__linux__/noble/latest/src/contrib/shinycssloaders_1.1.0.tar.gz'
trying URL 'https://p3m.dev/cran/__linux__/noble/latest/src/contrib/shinyFiles_0.9.3.tar.gz'
trying URL 'https://bioconductor.org/packages/3.24/bioc/src/contrib/ModCon_1.21.0.tar.gz'
* installing *binary* package ‘shinycssloaders’ ...
* package ‘shinycssloaders’ successfully unpacked and SHA256 sums checked
* ‘shinycssloaders’ was already a binary package and will not be rebuilt
* SHA256 sums
* creating tarball
packaged installation of ‘shinycssloaders’ as ‘shinycssloaders_1.1.0_R_x86_64-pc-linux-gnu.tar.gz’
* DONE (shinycssloaders)
* installing *binary* package ‘shinyFiles’ ...
* package ‘shinyFiles’ successfully unpacked and SHA256 sums checked
* ‘shinyFiles’ was already a binary package and will not be rebuilt
* SHA256 sums
* creating tarball
packaged installation of ‘shinyFiles’ as ‘shinyFiles_0.9.3_R_x86_64-pc-linux-gnu.tar.gz’
* DONE (shinyFiles)
* installing *source* package ‘ModCon’ ...
** this is package ‘ModCon’ version ‘1.21.0’
** package ‘ModCon’ successfully unpacked and MD5 sums checked
** using staged installation
** R
** data
*** moving datasets to lazyload DB
** inst
** byte-compile and prepare package for lazy loading
** help
*** installing help indices
** building package indices
** installing vignettes
** testing if installed package can be loaded from temporary location
** testing if installed package can be loaded from final location
** testing if installed package keeps a record of temporary installation path
* SHA256 sums
* creating tarball
packaged installation of ‘ModCon’ as ‘ModCon_1.21.0_R_x86_64-pc-linux-gnu.tar.gz’
* DONE (ModCon)

The downloaded source packages are in
	‘/tmp/RtmptM74Ac/downloaded_packages’
Old packages: 'diffobj'

real	0m18.950s
user	0m8.525s
sys	0m2.561s
