+ Rscript -e 'Sys.setenv(BIOCONDUCTOR_USE_CONTAINER_REPOSITORY=FALSE);
  p <- .libPaths();
  p <- c('\''/tmp/library'\'', '\''/mnt/library'\'', p);
  .libPaths(p);
  if(BiocManager::install('\''ATACseqTFEA'\'', INSTALL_opts = '\''--build'\'', update = TRUE, quiet = FALSE, dependencies=TRUE, force = TRUE, keep_outputs = TRUE) %in% rownames(installed.packages())) q(status = 0) else q(status = 1)'
'getOption("repos")' replaces Bioconductor standard repositories, see
'help("repositories", package = "BiocManager")' for details.
Replacement repositories:
    CRAN: https://p3m.dev/cran/__linux__/noble/latest
Bioconductor version 3.24 (BiocManager 1.30.27), R 4.6.1 (2026-06-24)
Installing package(s) 'ATACseqTFEA'
also installing the dependency ‘ATACseqQC’

trying URL 'https://bioconductor.org/packages/3.24/bioc/src/contrib/ATACseqQC_1.37.2.tar.gz'
trying URL 'https://bioconductor.org/packages/3.24/bioc/src/contrib/ATACseqTFEA_1.15.0.tar.gz'
* installing *source* package ‘ATACseqQC’ ...
** this is package ‘ATACseqQC’ version ‘1.37.2’
** package ‘ATACseqQC’ successfully unpacked and MD5 sums checked
** using staged installation
** R
** inst
** byte-compile and prepare package for lazy loading
** help
*** installing help indices
** building package indices
** installing vignettes
** testing if installed package can be loaded from temporary location
** testing if installed package can be loaded from final location
** testing if installed package keeps a record of temporary installation path
* SHA256 sums
* creating tarball
packaged installation of ‘ATACseqQC’ as ‘ATACseqQC_1.37.2_R_x86_64-pc-linux-gnu.tar.gz’
* DONE (ATACseqQC)
* installing *source* package ‘ATACseqTFEA’ ...
** this is package ‘ATACseqTFEA’ version ‘1.15.0’
** package ‘ATACseqTFEA’ successfully unpacked and MD5 sums checked
** using staged installation
** R
** inst
** byte-compile and prepare package for lazy loading
** help
*** installing help indices
** building package indices
** installing vignettes
** testing if installed package can be loaded from temporary location
** testing if installed package can be loaded from final location
** testing if installed package keeps a record of temporary installation path
* SHA256 sums
* creating tarball
packaged installation of ‘ATACseqTFEA’ as ‘ATACseqTFEA_1.15.0_R_x86_64-pc-linux-gnu.tar.gz’
* DONE (ATACseqTFEA)

The downloaded source packages are in
	‘/tmp/RtmpZKu5Oz/downloaded_packages’

real	1m55.850s
user	1m35.511s
sys	0m11.406s
