+ Rscript -e 'Sys.setenv(BIOCONDUCTOR_USE_CONTAINER_REPOSITORY=FALSE);
  p <- .libPaths();
  p <- c('\''/tmp/library'\'', '\''/mnt/library'\'', p);
  .libPaths(p);
  if(BiocManager::install('\''proBAMr'\'', INSTALL_opts = '\''--build'\'', update = TRUE, quiet = FALSE, dependencies=TRUE, force = TRUE, keep_outputs = TRUE) %in% rownames(installed.packages())) q(status = 0) else q(status = 1)'
'getOption("repos")' replaces Bioconductor standard repositories, see
'help("repositories", package = "BiocManager")' for details.
Replacement repositories:
    CRAN: https://p3m.dev/cran/__linux__/noble/latest
Bioconductor version 3.24 (BiocManager 1.30.27), R 4.6.1 (2026-06-24)
Installing package(s) 'proBAMr'
trying URL 'https://bioconductor.org/packages/3.24/bioc/src/contrib/proBAMr_1.47.0.tar.gz'
Content type 'application/x-gzip' length 835052 bytes (815 KB)
==================================================
downloaded 815 KB

* installing *source* package ‘proBAMr’ ...
** this is package ‘proBAMr’ version ‘1.47.0’
** package ‘proBAMr’ successfully unpacked and MD5 sums checked
** using staged installation
** R
** inst
** byte-compile and prepare package for lazy loading
** help
*** installing help indices
** building package indices
** installing vignettes
** testing if installed package can be loaded from temporary location
** testing if installed package can be loaded from final location
** testing if installed package keeps a record of temporary installation path
* SHA256 sums
* creating tarball
packaged installation of ‘proBAMr’ as ‘proBAMr_1.47.0_R_x86_64-pc-linux-gnu.tar.gz’
* DONE (proBAMr)

The downloaded source packages are in
	‘/tmp/RtmpEYEtJY/downloaded_packages’

real	0m47.525s
user	0m37.141s
sys	0m4.884s
