+ Rscript -e 'Sys.setenv(BIOCONDUCTOR_USE_CONTAINER_REPOSITORY=FALSE);
  p <- .libPaths();
  p <- c('\''/tmp/library'\'', '\''/mnt/library'\'', p);
  .libPaths(p);
  if(BiocManager::install('\''isobar'\'', INSTALL_opts = '\''--build'\'', update = TRUE, quiet = FALSE, dependencies=TRUE, force = TRUE, keep_outputs = TRUE) %in% rownames(installed.packages())) q(status = 0) else q(status = 1)'
'getOption("repos")' replaces Bioconductor standard repositories, see
'help("repositories", package = "BiocManager")' for details.
Replacement repositories:
    CRAN: https://p3m.dev/cran/__linux__/noble/latest
Bioconductor version 3.23 (BiocManager 1.30.27), R 4.6.1 (2026-06-24)
Installing package(s) 'isobar'
trying URL 'https://bioconductor.org/packages/3.23/bioc/src/contrib/isobar_1.58.0.tar.gz'
Content type 'application/x-gzip' length 2948756 bytes (2.8 MB)
==================================================
downloaded 2.8 MB

* installing *source* package ‘isobar’ ...
** this is package ‘isobar’ version ‘1.58.0’
** using staged installation
** R
** data
** inst
** byte-compile and prepare package for lazy loading
in method for ‘coerce’ with signature ‘"MSnSet","IBSpectra"’: no definition for class “MSnSet”
in method for ‘coerce’ with signature ‘"IBSpectra","MSnSet"’: no definition for class “MSnSet”
** help
*** installing help indices
** building package indices
** installing vignettes
** testing if installed package can be loaded from temporary location
** testing if installed package can be loaded from final location
** testing if installed package keeps a record of temporary installation path
* SHA256 sums
* creating tarball
packaged installation of ‘isobar’ as ‘isobar_1.58.0_R_x86_64-pc-linux-gnu.tar.gz’
* DONE (isobar)

The downloaded source packages are in
	‘/tmp/RtmpuBjRSn/downloaded_packages’
Old packages: 'diffobj', 'httr2', 'pak', 'pkgdown', 'urlchecker', 'xfun',
  'zip', 'MASS', 'nlme', 'survival'

real	0m39.709s
user	0m30.684s
sys	0m4.322s
