+ Rscript -e 'Sys.setenv(BIOCONDUCTOR_USE_CONTAINER_REPOSITORY=FALSE);
  p <- .libPaths();
  p <- c('\''/tmp/library'\'', '\''/mnt/library'\'', p);
  .libPaths(p);
  if(BiocManager::install('\''crlmm'\'', INSTALL_opts = '\''--build'\'', update = TRUE, quiet = FALSE, dependencies=TRUE, force = TRUE, keep_outputs = TRUE) %in% rownames(installed.packages())) q(status = 0) else q(status = 1)'
'getOption("repos")' replaces Bioconductor standard repositories, see
'help("repositories", package = "BiocManager")' for details.
Replacement repositories:
    CRAN: https://p3m.dev/cran/__linux__/noble/latest
Bioconductor version 3.23 (BiocManager 1.30.27), R 4.6.1 (2026-06-24)
Installing package(s) 'crlmm'
trying URL 'https://bioconductor.org/packages/3.23/bioc/src/contrib/crlmm_1.70.0.tar.gz'
Content type 'application/x-gzip' length 4484277 bytes (4.3 MB)
==================================================
downloaded 4.3 MB

* installing *source* package ‘crlmm’ ...
** this is package ‘crlmm’ version ‘1.70.0’
** using staged installation
** libs
using C compiler: ‘gcc (Ubuntu 13.3.0-6ubuntu2~24.04.1) 13.3.0’
gcc -std=gnu2x -I"/usr/local/lib/R/include" -DNDEBUG  -I'/mnt/library/preprocessCore/include' -I/usr/local/include    -fpic  -g -O2 -fstack-protector-strong -Wformat -Werror=format-security -Wdate-time -D_FORTIFY_SOURCE=2 -g  -c gtypeCaller.c -o gtypeCaller.o
gcc -std=gnu2x -I"/usr/local/lib/R/include" -DNDEBUG  -I'/mnt/library/preprocessCore/include' -I/usr/local/include    -fpic  -g -O2 -fstack-protector-strong -Wformat -Werror=format-security -Wdate-time -D_FORTIFY_SOURCE=2 -g  -c init.c -o init.o
gcc -std=gnu2x -I"/usr/local/lib/R/include" -DNDEBUG  -I'/mnt/library/preprocessCore/include' -I/usr/local/include    -fpic  -g -O2 -fstack-protector-strong -Wformat -Werror=format-security -Wdate-time -D_FORTIFY_SOURCE=2 -g  -c trimmed.c -o trimmed.o
gcc -std=gnu2x -I"/usr/local/lib/R/include" -DNDEBUG  -I'/mnt/library/preprocessCore/include' -I/usr/local/include    -fpic  -g -O2 -fstack-protector-strong -Wformat -Werror=format-security -Wdate-time -D_FORTIFY_SOURCE=2 -g  -c utils.c -o utils.o
utils.c: In function ‘countFileLines’:
utils.c:290:5: warning: argument 1 null where non-null expected [-Wnonnull]
  290 |     fclose(fInput);
      |     ^~~~~~~~~~~~~~
In file included from /usr/local/lib/R/include/R.h:44,
                 from utils.c:2:
/usr/include/stdio.h:184:12: note: in a call to function ‘fclose’ declared ‘nonnull’
  184 | extern int fclose (FILE *__stream) __nonnull ((1));
      |            ^~~~~~
gcc -std=gnu2x -shared -L/usr/local/lib/R/lib -L/usr/local/lib -o crlmm.so gtypeCaller.o init.o trimmed.o utils.o -L/usr/local/lib/R/lib -lR
installing to /tmp/library/00LOCK-crlmm/00new/crlmm/libs
** R
** data
** inst
** byte-compile and prepare package for lazy loading
No methods found in package ‘oligoClasses’ for request: ‘mean’ when loading ‘crlmm’
** help
*** installing help indices
** building package indices
** installing vignettes
** testing if installed package can be loaded from temporary location
No methods found in package ‘oligoClasses’ for request: ‘mean’ when loading ‘crlmm’
** checking absolute paths in shared objects and dynamic libraries
** testing if installed package can be loaded from final location
No methods found in package ‘oligoClasses’ for request: ‘mean’ when loading ‘crlmm’
** testing if installed package keeps a record of temporary installation path
* SHA256 sums
* creating tarball
packaged installation of ‘crlmm’ as ‘crlmm_1.70.0_R_x86_64-pc-linux-gnu.tar.gz’
* DONE (crlmm)

The downloaded source packages are in
	‘/tmp/RtmpwQ6Yr3/downloaded_packages’
Old packages: 'httr2', 'pak', 'pkgdown', 'urlchecker', 'xfun', 'zip', 'MASS',
  'nlme', 'survival'

real	0m50.709s
user	0m35.282s
sys	0m5.932s
