+ Rscript -e 'Sys.setenv(BIOCONDUCTOR_USE_CONTAINER_REPOSITORY=FALSE);
  p <- .libPaths();
  p <- c('\''/tmp/library'\'', '\''/mnt/library'\'', p);
  .libPaths(p);
  if(BiocManager::install('\''RadioGx'\'', INSTALL_opts = '\''--build'\'', update = TRUE, quiet = FALSE, dependencies=TRUE, force = TRUE, keep_outputs = TRUE) %in% rownames(installed.packages())) q(status = 0) else q(status = 1)'
'getOption("repos")' replaces Bioconductor standard repositories, see
'help("repositories", package = "BiocManager")' for details.
Replacement repositories:
    CRAN: https://p3m.dev/cran/__linux__/noble/latest
Bioconductor version 3.24 (BiocManager 1.30.27), R 4.6.1 (2026-06-24)
Installing package(s) 'RadioGx'
trying URL 'https://bioconductor.org/packages/3.24/bioc/src/contrib/RadioGx_2.17.0.tar.gz'
Content type 'application/x-gzip' length 2901309 bytes (2.8 MB)
==================================================
downloaded 2.8 MB

* installing *source* package ‘RadioGx’ ...
** this is package ‘RadioGx’ version ‘2.17.0’
** package ‘RadioGx’ successfully unpacked and MD5 sums checked
** using staged installation
** R
** data
*** moving datasets to lazyload DB
** inst
** byte-compile and prepare package for lazy loading
** help
*** installing help indices
** building package indices
** installing vignettes
** testing if installed package can be loaded from temporary location
** testing if installed package can be loaded from final location
** testing if installed package keeps a record of temporary installation path
* SHA256 sums
* creating tarball
packaged installation of ‘RadioGx’ as ‘RadioGx_2.17.0_R_x86_64-pc-linux-gnu.tar.gz’
* DONE (RadioGx)

The downloaded source packages are in
	‘/tmp/RtmpNDaOrZ/downloaded_packages’

real	0m59.416s
user	0m40.191s
sys	0m5.730s
