+ Rscript -e 'Sys.setenv(BIOCONDUCTOR_USE_CONTAINER_REPOSITORY=FALSE);
  p <- .libPaths();
  p <- c('\''/tmp/library'\'', '\''/mnt/library'\'', p);
  .libPaths(p);
  if(BiocManager::install('\''orthos'\'', INSTALL_opts = '\''--build'\'', update = TRUE, quiet = FALSE, dependencies=TRUE, force = TRUE, keep_outputs = TRUE) %in% rownames(installed.packages())) q(status = 0) else q(status = 1)'
'getOption("repos")' replaces Bioconductor standard repositories, see
'help("repositories", package = "BiocManager")' for details.
Replacement repositories:
    CRAN: https://p3m.dev/cran/__linux__/noble/latest
Bioconductor version 3.24 (BiocManager 1.30.27), R 4.6.1 (2026-06-24)
Installing package(s) 'orthos'
also installing the dependency ‘orthosData’

trying URL 'https://bioconductor.org/packages/3.24/data/experiment/src/contrib/orthosData_1.11.0.tar.gz'
trying URL 'https://bioconductor.org/packages/3.24/bioc/src/contrib/orthos_1.11.1.tar.gz'
* installing *source* package ‘orthosData’ ...
** this is package ‘orthosData’ version ‘1.11.0’
** using staged installation
** R
** inst
** byte-compile and prepare package for lazy loading
** help
*** installing help indices
** building package indices
** installing vignettes
** testing if installed package can be loaded from temporary location
** testing if installed package can be loaded from final location
** testing if installed package keeps a record of temporary installation path
* SHA256 sums
* creating tarball
packaged installation of ‘orthosData’ as ‘orthosData_1.11.0_R_x86_64-pc-linux-gnu.tar.gz’
* DONE (orthosData)
* installing *source* package ‘orthos’ ...
** this is package ‘orthos’ version ‘1.11.1’
** using non-staged installation via StagedInstall field
** R
** inst
** byte-compile and prepare package for lazy loading
** help
*** installing help indices
** building package indices
** installing vignettes
** testing if installed package can be loaded
* SHA256 sums
* creating tarball
packaged installation of ‘orthos’ as ‘orthos_1.11.1_R_x86_64-pc-linux-gnu.tar.gz’
* DONE (orthos)

The downloaded source packages are in
	‘/tmp/RtmpU63FRm/downloaded_packages’
Old packages: 'diffobj'

real	1m2.221s
user	0m50.066s
sys	0m7.101s
