+ Rscript -e 'Sys.setenv(BIOCONDUCTOR_USE_CONTAINER_REPOSITORY=FALSE);
  p <- .libPaths();
  p <- c('\''/tmp/library'\'', '\''/mnt/library'\'', p);
  .libPaths(p);
  if(BiocManager::install('\''CellMentor'\'', INSTALL_opts = '\''--build'\'', update = TRUE, quiet = FALSE, dependencies=TRUE, force = TRUE, keep_outputs = TRUE) %in% rownames(installed.packages())) q(status = 0) else q(status = 1)'
'getOption("repos")' replaces Bioconductor standard repositories, see
'help("repositories", package = "BiocManager")' for details.
Replacement repositories:
    CRAN: https://p3m.dev/cran/__linux__/noble/latest
Bioconductor version 3.23 (BiocManager 1.30.27), R 4.6.1 (2026-06-24)
Installing package(s) 'CellMentor'
also installing the dependencies ‘sparsesvd’, ‘MLmetrics’, ‘lsa’, ‘aricode’

trying URL 'https://p3m.dev/cran/__linux__/noble/latest/src/contrib/sparsesvd_0.2-3.tar.gz'
trying URL 'https://p3m.dev/cran/__linux__/noble/latest/src/contrib/MLmetrics_1.1.3.tar.gz'
trying URL 'https://p3m.dev/cran/__linux__/noble/latest/src/contrib/lsa_0.73.4.tar.gz'
trying URL 'https://p3m.dev/cran/__linux__/noble/latest/src/contrib/aricode_1.1.0.tar.gz'
trying URL 'https://bioconductor.org/packages/3.23/bioc/src/contrib/CellMentor_1.0.1.tar.gz'
* installing *binary* package ‘sparsesvd’ ...
* package ‘sparsesvd’ successfully unpacked and SHA256 sums checked
* ‘sparsesvd’ was already a binary package and will not be rebuilt
* SHA256 sums
* creating tarball
packaged installation of ‘sparsesvd’ as ‘sparsesvd_0.2-3_R_x86_64-pc-linux-gnu.tar.gz’
* DONE (sparsesvd)
* installing *binary* package ‘MLmetrics’ ...
* package ‘MLmetrics’ successfully unpacked and SHA256 sums checked
* ‘MLmetrics’ was already a binary package and will not be rebuilt
* SHA256 sums
* creating tarball
packaged installation of ‘MLmetrics’ as ‘MLmetrics_1.1.3_R_x86_64-pc-linux-gnu.tar.gz’
* DONE (MLmetrics)
* installing *binary* package ‘lsa’ ...
* package ‘lsa’ successfully unpacked and SHA256 sums checked
* ‘lsa’ was already a binary package and will not be rebuilt
* SHA256 sums
* creating tarball
packaged installation of ‘lsa’ as ‘lsa_0.73.4_R_x86_64-pc-linux-gnu.tar.gz’
* DONE (lsa)
* installing *binary* package ‘aricode’ ...
* package ‘aricode’ successfully unpacked and SHA256 sums checked
* ‘aricode’ was already a binary package and will not be rebuilt
* SHA256 sums
* creating tarball
packaged installation of ‘aricode’ as ‘aricode_1.1.0_R_x86_64-pc-linux-gnu.tar.gz’
* DONE (aricode)
* installing *source* package ‘CellMentor’ ...
** this is package ‘CellMentor’ version ‘1.0.1’
** using staged installation
** R
** data
** inst
** byte-compile and prepare package for lazy loading
** help
*** installing help indices
** building package indices
** installing vignettes
** testing if installed package can be loaded from temporary location
** testing if installed package can be loaded from final location
** testing if installed package keeps a record of temporary installation path
* SHA256 sums
* creating tarball
packaged installation of ‘CellMentor’ as ‘CellMentor_1.0.1_R_x86_64-pc-linux-gnu.tar.gz’
* DONE (CellMentor)

The downloaded source packages are in
	‘/tmp/RtmpqOZgWE/downloaded_packages’
Old packages: 'diffobj', 'httr2', 'pak', 'pkgdown', 'urlchecker', 'xfun',
  'zip', 'MASS', 'nlme', 'survival'

real	0m47.154s
user	0m37.412s
sys	0m6.405s
