+ Rscript -e 'Sys.setenv(BIOCONDUCTOR_USE_CONTAINER_REPOSITORY=FALSE);
  p <- .libPaths();
  p <- c('\''/tmp/library'\'', '\''/mnt/library'\'', p);
  .libPaths(p);
  if(BiocManager::install('\''scTreeViz'\'', INSTALL_opts = '\''--build'\'', update = TRUE, quiet = FALSE, dependencies=TRUE, force = TRUE, keep_outputs = TRUE) %in% rownames(installed.packages())) q(status = 0) else q(status = 1)'
'getOption("repos")' replaces Bioconductor standard repositories, see
'help("repositories", package = "BiocManager")' for details.
Replacement repositories:
    CRAN: https://p3m.dev/cran/__linux__/noble/latest
Bioconductor version 3.23 (BiocManager 1.30.27), R 4.6.1 (2026-06-24)
Installing package(s) 'scTreeViz'
also installing the dependencies ‘clustree’, ‘msd16s’, ‘epivizrStandalone’

trying URL 'https://p3m.dev/cran/__linux__/noble/latest/src/contrib/clustree_0.5.1.tar.gz'
trying URL 'https://bioconductor.org/packages/3.23/data/experiment/src/contrib/msd16s_1.32.0.tar.gz'
trying URL 'https://bioconductor.org/packages/3.23/bioc/src/contrib/epivizrStandalone_1.40.0.tar.gz'
trying URL 'https://bioconductor.org/packages/3.23/bioc/src/contrib/scTreeViz_1.18.0.tar.gz'
* installing *binary* package ‘clustree’ ...
* package ‘clustree’ successfully unpacked and SHA256 sums checked
* ‘clustree’ was already a binary package and will not be rebuilt
* SHA256 sums
* creating tarball
packaged installation of ‘clustree’ as ‘clustree_0.5.1_R_x86_64-pc-linux-gnu.tar.gz’
* DONE (clustree)
* installing *source* package ‘msd16s’ ...
** this is package ‘msd16s’ version ‘1.32.0’
** using staged installation
** data
*** moving datasets to lazyload DB
** inst
** help
*** installing help indices
** building package indices
** installing vignettes
** testing if installed package can be loaded from temporary location
** testing if installed package can be loaded from final location
** testing if installed package keeps a record of temporary installation path
* SHA256 sums
* creating tarball
packaged installation of ‘msd16s’ as ‘msd16s_1.32.0_R_x86_64-pc-linux-gnu.tar.gz’
* DONE (msd16s)
* installing *source* package ‘epivizrStandalone’ ...
** this is package ‘epivizrStandalone’ version ‘1.40.0’
** using staged installation
** R
** inst
** byte-compile and prepare package for lazy loading
** help
*** installing help indices
** building package indices
** installing vignettes
** testing if installed package can be loaded from temporary location
** testing if installed package can be loaded from final location
** testing if installed package keeps a record of temporary installation path
* SHA256 sums
* creating tarball
packaged installation of ‘epivizrStandalone’ as ‘epivizrStandalone_1.40.0_R_x86_64-pc-linux-gnu.tar.gz’
* DONE (epivizrStandalone)
* installing *source* package ‘scTreeViz’ ...
** this is package ‘scTreeViz’ version ‘1.18.0’
** using staged installation
** R
** inst
** byte-compile and prepare package for lazy loading
** help
*** installing help indices
** building package indices
** installing vignettes
** testing if installed package can be loaded from temporary location
** testing if installed package can be loaded from final location
** testing if installed package keeps a record of temporary installation path
* SHA256 sums
* creating tarball
packaged installation of ‘scTreeViz’ as ‘scTreeViz_1.18.0_R_x86_64-pc-linux-gnu.tar.gz’
* DONE (scTreeViz)

The downloaded source packages are in
	‘/tmp/RtmpScVy50/downloaded_packages’
Old packages: 'diffobj', 'httr2', 'pak', 'pkgdown', 'urlchecker', 'xfun',
  'zip', 'MASS', 'nlme', 'survival'

real	2m6.206s
user	1m45.103s
sys	0m12.645s
