+ Rscript -e 'Sys.setenv(BIOCONDUCTOR_USE_CONTAINER_REPOSITORY=FALSE);
  p <- .libPaths();
  p <- c('\''/tmp/library'\'', '\''/mnt/library'\'', p);
  .libPaths(p);
  if(BiocManager::install('\''epivizrData'\'', INSTALL_opts = '\''--build'\'', update = TRUE, quiet = FALSE, dependencies=TRUE, force = TRUE, keep_outputs = TRUE) %in% rownames(installed.packages())) q(status = 0) else q(status = 1)'
'getOption("repos")' replaces Bioconductor standard repositories, see
'help("repositories", package = "BiocManager")' for details.
Replacement repositories:
    CRAN: https://p3m.dev/cran/__linux__/noble/latest
Bioconductor version 3.24 (BiocManager 1.30.27), R 4.6.1 (2026-06-24)
Installing package(s) 'epivizrData'
also installing the dependencies ‘Mus.musculus’, ‘EnsDb.Mmusculus.v79’

trying URL 'https://bioconductor.org/packages/3.24/data/annotation/src/contrib/Mus.musculus_1.3.1.tar.gz'
trying URL 'https://bioconductor.org/packages/3.24/data/annotation/src/contrib/EnsDb.Mmusculus.v79_2.99.0.tar.gz'
trying URL 'https://bioconductor.org/packages/3.24/bioc/src/contrib/epivizrData_1.41.0.tar.gz'
* installing *source* package ‘Mus.musculus’ ...
** this is package ‘Mus.musculus’ version ‘1.3.1’
** using staged installation
** R
** data
** byte-compile and prepare package for lazy loading
** help
*** installing help indices
** building package indices
** testing if installed package can be loaded from temporary location
** testing if installed package can be loaded from final location
** testing if installed package keeps a record of temporary installation path
* SHA256 sums
* creating tarball
packaged installation of ‘Mus.musculus’ as ‘Mus.musculus_1.3.1_R_x86_64-pc-linux-gnu.tar.gz’
* DONE (Mus.musculus)
* installing *source* package ‘EnsDb.Mmusculus.v79’ ...
** this is package ‘EnsDb.Mmusculus.v79’ version ‘2.99.0’
** using staged installation
** R
** inst
** byte-compile and prepare package for lazy loading
** help
*** installing help indices
** building package indices
** testing if installed package can be loaded from temporary location
** testing if installed package can be loaded from final location
** testing if installed package keeps a record of temporary installation path
* SHA256 sums
* creating tarball
packaged installation of ‘EnsDb.Mmusculus.v79’ as ‘EnsDb.Mmusculus.v79_2.99.0_R_x86_64-pc-linux-gnu.tar.gz’
* DONE (EnsDb.Mmusculus.v79)
* installing *source* package ‘epivizrData’ ...
** this is package ‘epivizrData’ version ‘1.41.0’
** package ‘epivizrData’ successfully unpacked and MD5 sums checked
** using staged installation
** R
** inst
** byte-compile and prepare package for lazy loading
** help
*** installing help indices
** building package indices
** installing vignettes
** testing if installed package can be loaded from temporary location
** testing if installed package can be loaded from final location
** testing if installed package keeps a record of temporary installation path
* SHA256 sums
* creating tarball
packaged installation of ‘epivizrData’ as ‘epivizrData_1.41.0_R_x86_64-pc-linux-gnu.tar.gz’
* DONE (epivizrData)

The downloaded source packages are in
	‘/tmp/RtmpcoUAFU/downloaded_packages’

real	2m53.315s
user	2m29.908s
sys	0m12.802s
