+ Rscript -e 'Sys.setenv(BIOCONDUCTOR_USE_CONTAINER_REPOSITORY=FALSE);
  p <- .libPaths();
  p <- c('\''/tmp/library'\'', '\''/mnt/library'\'', p);
  .libPaths(p);
  if(BiocManager::install('\''rTRM'\'', INSTALL_opts = '\''--build'\'', update = TRUE, quiet = FALSE, dependencies=TRUE, force = TRUE, keep_outputs = TRUE) %in% rownames(installed.packages())) q(status = 0) else q(status = 1)'
'getOption("repos")' replaces Bioconductor standard repositories, see
'help("repositories", package = "BiocManager")' for details.
Replacement repositories:
    CRAN: https://p3m.dev/cran/__linux__/noble/latest
Bioconductor version 3.24 (BiocManager 1.30.27), R 4.6.1 (2026-06-24)
Installing package(s) 'rTRM'
also installing the dependencies ‘BSgenome.Mmusculus.UCSC.mm8’, ‘BSgenome.Mmusculus.UCSC.mm8.masked’

trying URL 'https://bioconductor.org/packages/3.24/data/annotation/src/contrib/BSgenome.Mmusculus.UCSC.mm8_1.4.0.tar.gz'
trying URL 'https://bioconductor.org/packages/3.24/data/annotation/src/contrib/BSgenome.Mmusculus.UCSC.mm8.masked_1.3.99.tar.gz'
trying URL 'https://bioconductor.org/packages/3.24/bioc/src/contrib/rTRM_1.51.0.tar.gz'
* installing *source* package ‘BSgenome.Mmusculus.UCSC.mm8’ ...
** this is package ‘BSgenome.Mmusculus.UCSC.mm8’ version ‘1.4.0’
** using staged installation
** R
** inst
** byte-compile and prepare package for lazy loading
** help
*** installing help indices
** building package indices
** testing if installed package can be loaded from temporary location
** testing if installed package can be loaded from final location
** testing if installed package keeps a record of temporary installation path
* SHA256 sums
* creating tarball
packaged installation of ‘BSgenome.Mmusculus.UCSC.mm8’ as ‘BSgenome.Mmusculus.UCSC.mm8_1.4.0_R_x86_64-pc-linux-gnu.tar.gz’
* DONE (BSgenome.Mmusculus.UCSC.mm8)
* installing *source* package ‘rTRM’ ...
** this is package ‘rTRM’ version ‘1.51.0’
** package ‘rTRM’ successfully unpacked and MD5 sums checked
** using staged installation
** R
** data
** inst
** byte-compile and prepare package for lazy loading
** help
Loading required package: igraph

Attaching package: ‘igraph’

The following objects are masked from ‘package:stats’:

    decompose, spectrum

The following object is masked from ‘package:base’:

    union

This graph was created by an old(er) igraph version.
ℹ Call `igraph::upgrade_graph()` on it to use with the current igraph version.
For now we convert it on the fly...
This graph was created by an old(er) igraph version.
ℹ Call `igraph::upgrade_graph()` on it to use with the current igraph version.
For now we convert it on the fly...
*** installing help indices
** building package indices
** installing vignettes
** testing if installed package can be loaded from temporary location
** testing if installed package can be loaded from final location
** testing if installed package keeps a record of temporary installation path
* SHA256 sums
* creating tarball
packaged installation of ‘rTRM’ as ‘rTRM_1.51.0_R_x86_64-pc-linux-gnu.tar.gz’
* DONE (rTRM)
* installing *source* package ‘BSgenome.Mmusculus.UCSC.mm8.masked’ ...
** this is package ‘BSgenome.Mmusculus.UCSC.mm8.masked’ version ‘1.3.99’
** using staged installation
** R
** inst
** byte-compile and prepare package for lazy loading
** help
*** installing help indices
** building package indices
** testing if installed package can be loaded from temporary location
** testing if installed package can be loaded from final location
** testing if installed package keeps a record of temporary installation path
* SHA256 sums
* creating tarball
packaged installation of ‘BSgenome.Mmusculus.UCSC.mm8.masked’ as ‘BSgenome.Mmusculus.UCSC.mm8.masked_1.3.99_R_x86_64-pc-linux-gnu.tar.gz’
* DONE (BSgenome.Mmusculus.UCSC.mm8.masked)

The downloaded source packages are in
	‘/tmp/RtmpglBLMd/downloaded_packages’
Old packages: 'diffobj'

real	2m29.254s
user	2m1.384s
sys	0m13.841s
