+ Rscript -e 'Sys.setenv(BIOCONDUCTOR_USE_CONTAINER_REPOSITORY=FALSE);
  p <- .libPaths();
  p <- c('\''/tmp/library'\'', '\''/mnt/library'\'', p);
  .libPaths(p);
  if(BiocManager::install('\''compEpiTools'\'', INSTALL_opts = '\''--build'\'', update = TRUE, quiet = FALSE, dependencies=TRUE, force = TRUE, keep_outputs = TRUE) %in% rownames(installed.packages())) q(status = 0) else q(status = 1)'
'getOption("repos")' replaces Bioconductor standard repositories, see
'help("repositories", package = "BiocManager")' for details.
Replacement repositories:
    CRAN: https://p3m.dev/cran/__linux__/noble/latest
Bioconductor version 3.24 (BiocManager 1.30.27), R 4.6.1 (2026-06-24)
Installing package(s) 'compEpiTools'
trying URL 'https://bioconductor.org/packages/3.24/bioc/src/contrib/compEpiTools_1.47.0.tar.gz'
Content type 'application/x-gzip' length 2272909 bytes (2.2 MB)
==================================================
downloaded 2.2 MB

* installing *source* package ‘compEpiTools’ ...
** this is package ‘compEpiTools’ version ‘1.47.0’
** package ‘compEpiTools’ successfully unpacked and MD5 sums checked
** using staged installation
** R
** inst
** byte-compile and prepare package for lazy loading

groupGOTerms: 	GOBPTerm, GOMFTerm, GOCCTerm environments built.
** help
*** installing help indices
** building package indices
** installing vignettes
** testing if installed package can be loaded from temporary location

groupGOTerms: 	GOBPTerm, GOMFTerm, GOCCTerm environments built.
** testing if installed package can be loaded from final location

groupGOTerms: 	GOBPTerm, GOMFTerm, GOCCTerm environments built.
** testing if installed package keeps a record of temporary installation path
* SHA256 sums
* creating tarball
packaged installation of ‘compEpiTools’ as ‘compEpiTools_1.47.0_R_x86_64-pc-linux-gnu.tar.gz’
* DONE (compEpiTools)

The downloaded source packages are in
	‘/tmp/RtmpRTd8ss/downloaded_packages’
Old packages: 'diffobj'

real	1m25.297s
user	0m57.384s
sys	0m7.410s
