+ Rscript -e 'Sys.setenv(BIOCONDUCTOR_USE_CONTAINER_REPOSITORY=FALSE);
  p <- .libPaths();
  p <- c('\''/tmp/library'\'', '\''/mnt/library'\'', p);
  .libPaths(p);
  if(BiocManager::install('\''flowGate'\'', INSTALL_opts = '\''--build'\'', update = TRUE, quiet = FALSE, dependencies=TRUE, force = TRUE, keep_outputs = TRUE) %in% rownames(installed.packages())) q(status = 0) else q(status = 1)'
'getOption("repos")' replaces Bioconductor standard repositories, see
'help("repositories", package = "BiocManager")' for details.
Replacement repositories:
    CRAN: https://p3m.dev/cran/__linux__/noble/latest
Bioconductor version 3.24 (BiocManager 1.30.27), R 4.6.1 (2026-06-24)
Installing package(s) 'flowGate'
trying URL 'https://bioconductor.org/packages/3.24/bioc/src/contrib/flowGate_1.13.1.tar.gz'
Content type 'application/x-gzip' length 2502648 bytes (2.4 MB)
==================================================
downloaded 2.4 MB

* installing *source* package ‘flowGate’ ...
** this is package ‘flowGate’ version ‘1.13.1’
** package ‘flowGate’ successfully unpacked and MD5 sums checked
** using staged installation
** R
** inst
** byte-compile and prepare package for lazy loading
** help
*** installing help indices
** building package indices
** installing vignettes
** testing if installed package can be loaded from temporary location
Registered polygon_gate
Registered span_gate
** testing if installed package can be loaded from final location
Registered polygon_gate
Registered span_gate
** testing if installed package keeps a record of temporary installation path
* SHA256 sums
* creating tarball
packaged installation of ‘flowGate’ as ‘flowGate_1.13.1_R_x86_64-pc-linux-gnu.tar.gz’
* DONE (flowGate)

The downloaded source packages are in
	‘/tmp/RtmpcQcfH5/downloaded_packages’
Old packages: 'diffobj'

real	0m28.378s
user	0m20.983s
sys	0m4.418s
