+ Rscript -e 'Sys.setenv(BIOCONDUCTOR_USE_CONTAINER_REPOSITORY=FALSE);
  p <- .libPaths();
  p <- c('\''/tmp/library'\'', '\''/mnt/library'\'', p);
  .libPaths(p);
  if(BiocManager::install('\''SimFFPE'\'', INSTALL_opts = '\''--build'\'', update = TRUE, quiet = FALSE, dependencies=TRUE, force = TRUE, keep_outputs = TRUE) %in% rownames(installed.packages())) q(status = 0) else q(status = 1)'
'getOption("repos")' replaces Bioconductor standard repositories, see
'help("repositories", package = "BiocManager")' for details.
Replacement repositories:
    CRAN: https://p3m.dev/cran/__linux__/noble/latest
Bioconductor version 3.23 (BiocManager 1.30.27), R 4.6.1 (2026-06-24)
Installing package(s) 'SimFFPE'
trying URL 'https://bioconductor.org/packages/3.23/bioc/src/contrib/SimFFPE_1.24.0.tar.gz'
Content type 'application/x-gzip' length 767496 bytes (749 KB)
==================================================
downloaded 749 KB

* installing *source* package ‘SimFFPE’ ...
** this is package ‘SimFFPE’ version ‘1.24.0’
** using staged installation
** R
** inst
** byte-compile and prepare package for lazy loading
** help
*** installing help indices
** building package indices
** installing vignettes
** testing if installed package can be loaded from temporary location
** testing if installed package can be loaded from final location
** testing if installed package keeps a record of temporary installation path
* SHA256 sums
* creating tarball
packaged installation of ‘SimFFPE’ as ‘SimFFPE_1.24.0_R_x86_64-pc-linux-gnu.tar.gz’
* DONE (SimFFPE)

The downloaded source packages are in
	‘/tmp/Rtmp61e5EV/downloaded_packages’
Old packages: 'httr2', 'pak', 'pkgdown', 'urlchecker', 'xfun', 'zip', 'MASS',
  'nlme', 'survival'

real	0m21.506s
user	0m16.353s
sys	0m3.266s
