+ Rscript -e 'Sys.setenv(BIOCONDUCTOR_USE_CONTAINER_REPOSITORY=FALSE);
  p <- .libPaths();
  p <- c('\''/tmp/library'\'', '\''/mnt/library'\'', p);
  .libPaths(p);
  if(BiocManager::install('\''CellTrails'\'', INSTALL_opts = '\''--build'\'', update = TRUE, quiet = FALSE, dependencies=TRUE, force = TRUE, keep_outputs = TRUE) %in% rownames(installed.packages())) q(status = 0) else q(status = 1)'
'getOption("repos")' replaces Bioconductor standard repositories, see
'help("repositories", package = "BiocManager")' for details.
Replacement repositories:
    CRAN: https://p3m.dev/cran/__linux__/noble/latest
Bioconductor version 3.24 (BiocManager 1.30.27), R 4.6.1 (2026-06-24)
Installing package(s) 'CellTrails'
also installing the dependencies ‘dtw’, ‘maptree’

trying URL 'https://p3m.dev/cran/__linux__/noble/latest/src/contrib/dtw_1.23-3.tar.gz'
trying URL 'https://p3m.dev/cran/__linux__/noble/latest/src/contrib/maptree_1.4-9.tar.gz'
trying URL 'https://bioconductor.org/packages/3.24/bioc/src/contrib/CellTrails_1.31.0.tar.gz'
* installing *binary* package ‘dtw’ ...
* package ‘dtw’ successfully unpacked and SHA256 sums checked
* ‘dtw’ was already a binary package and will not be rebuilt
* SHA256 sums
* creating tarball
packaged installation of ‘dtw’ as ‘dtw_1.23-3_R_x86_64-pc-linux-gnu.tar.gz’
* DONE (dtw)
* installing *binary* package ‘maptree’ ...
* package ‘maptree’ successfully unpacked and SHA256 sums checked
* ‘maptree’ was already a binary package and will not be rebuilt
* SHA256 sums
* creating tarball
packaged installation of ‘maptree’ as ‘maptree_1.4-9_R_x86_64-pc-linux-gnu.tar.gz’
* DONE (maptree)
* installing *source* package ‘CellTrails’ ...
** this is package ‘CellTrails’ version ‘1.31.0’
** package ‘CellTrails’ successfully unpacked and MD5 sums checked
** using staged installation
** R
** data
** inst
** byte-compile and prepare package for lazy loading
** help
*** installing help indices
** building package indices
** installing vignettes
** testing if installed package can be loaded from temporary location
** testing if installed package can be loaded from final location
** testing if installed package keeps a record of temporary installation path
* SHA256 sums
* creating tarball
packaged installation of ‘CellTrails’ as ‘CellTrails_1.31.0_R_x86_64-pc-linux-gnu.tar.gz’
* DONE (CellTrails)

The downloaded source packages are in
	‘/tmp/RtmpO3loeU/downloaded_packages’

real	0m54.580s
user	0m32.233s
sys	0m5.087s
