+ Rscript -e 'Sys.setenv(BIOCONDUCTOR_USE_CONTAINER_REPOSITORY=FALSE);
  p <- .libPaths();
  p <- c('\''/tmp/library'\'', '\''/mnt/library'\'', p);
  .libPaths(p);
  if(BiocManager::install('\''CSOA'\'', INSTALL_opts = '\''--build'\'', update = TRUE, quiet = FALSE, dependencies=TRUE, force = TRUE, keep_outputs = TRUE) %in% rownames(installed.packages())) q(status = 0) else q(status = 1)'
'getOption("repos")' replaces Bioconductor standard repositories, see
'help("repositories", package = "BiocManager")' for details.
Replacement repositories:
    CRAN: https://p3m.dev/cran/__linux__/noble/latest
Bioconductor version 3.23 (BiocManager 1.30.27), R 4.6.1 (2026-06-24)
Installing package(s) 'CSOA'
also installing the dependencies ‘abdiv’, ‘ggeasy’, ‘liver’, ‘henna’, ‘kerntools’

trying URL 'https://p3m.dev/cran/__linux__/noble/latest/src/contrib/abdiv_0.2.0.tar.gz'
trying URL 'https://p3m.dev/cran/__linux__/noble/latest/src/contrib/ggeasy_0.1.6.tar.gz'
trying URL 'https://p3m.dev/cran/__linux__/noble/latest/src/contrib/liver_1.29.tar.gz'
trying URL 'https://p3m.dev/cran/__linux__/noble/latest/src/contrib/henna_0.8.5.tar.gz'
trying URL 'https://p3m.dev/cran/__linux__/noble/latest/src/contrib/kerntools_1.2.1.tar.gz'
trying URL 'https://bioconductor.org/packages/3.23/bioc/src/contrib/CSOA_1.2.0.tar.gz'
* installing *binary* package ‘abdiv’ ...
* package ‘abdiv’ successfully unpacked and SHA256 sums checked
* ‘abdiv’ was already a binary package and will not be rebuilt
* SHA256 sums
* creating tarball
packaged installation of ‘abdiv’ as ‘abdiv_0.2.0_R_x86_64-pc-linux-gnu.tar.gz’
* DONE (abdiv)
* installing *binary* package ‘ggeasy’ ...
* package ‘ggeasy’ successfully unpacked and SHA256 sums checked
* ‘ggeasy’ was already a binary package and will not be rebuilt
* SHA256 sums
* creating tarball
packaged installation of ‘ggeasy’ as ‘ggeasy_0.1.6_R_x86_64-pc-linux-gnu.tar.gz’
* DONE (ggeasy)
* installing *binary* package ‘liver’ ...
* package ‘liver’ successfully unpacked and SHA256 sums checked
* ‘liver’ was already a binary package and will not be rebuilt
* SHA256 sums
* creating tarball
packaged installation of ‘liver’ as ‘liver_1.29_R_x86_64-pc-linux-gnu.tar.gz’
* DONE (liver)
* installing *binary* package ‘kerntools’ ...
* package ‘kerntools’ successfully unpacked and SHA256 sums checked
* ‘kerntools’ was already a binary package and will not be rebuilt
* SHA256 sums
* creating tarball
packaged installation of ‘kerntools’ as ‘kerntools_1.2.1_R_x86_64-pc-linux-gnu.tar.gz’
* DONE (kerntools)
* installing *binary* package ‘henna’ ...
* package ‘henna’ successfully unpacked and SHA256 sums checked
* ‘henna’ was already a binary package and will not be rebuilt
* SHA256 sums
* creating tarball
packaged installation of ‘henna’ as ‘henna_0.8.5_R_x86_64-pc-linux-gnu.tar.gz’
* DONE (henna)
* installing *source* package ‘CSOA’ ...
** this is package ‘CSOA’ version ‘1.2.0’
** using staged installation
** R
** inst
** byte-compile and prepare package for lazy loading
** help
*** installing help indices
** building package indices
** installing vignettes
** testing if installed package can be loaded from temporary location
** testing if installed package can be loaded from final location
** testing if installed package keeps a record of temporary installation path
* SHA256 sums
* creating tarball
packaged installation of ‘CSOA’ as ‘CSOA_1.2.0_R_x86_64-pc-linux-gnu.tar.gz’
* DONE (CSOA)

The downloaded source packages are in
	‘/tmp/RtmpS4OACQ/downloaded_packages’
Old packages: 'httr2', 'pak', 'pkgdown', 'urlchecker', 'xfun', 'zip', 'MASS',
  'nlme', 'survival'

real	0m49.740s
user	0m39.383s
sys	0m6.080s
