+ Rscript -e 'Sys.setenv(BIOCONDUCTOR_USE_CONTAINER_REPOSITORY=FALSE);
  p <- .libPaths();
  p <- c('\''/tmp/library'\'', '\''/mnt/library'\'', p);
  .libPaths(p);
  if(BiocManager::install('\''pdInfoBuilder'\'', INSTALL_opts = '\''--build'\'', update = TRUE, quiet = FALSE, dependencies=TRUE, force = TRUE, keep_outputs = TRUE) %in% rownames(installed.packages())) q(status = 0) else q(status = 1)'
'getOption("repos")' replaces Bioconductor standard repositories, see
'help("repositories", package = "BiocManager")' for details.
Replacement repositories:
    CRAN: https://p3m.dev/cran/__linux__/noble/latest
Bioconductor version 3.23 (BiocManager 1.30.27), R 4.6.1 (2026-06-24)
Installing package(s) 'pdInfoBuilder'
trying URL 'https://bioconductor.org/packages/3.23/bioc/src/contrib/pdInfoBuilder_1.76.0.tar.gz'
Content type 'application/x-gzip' length 356408 bytes (348 KB)
==================================================
downloaded 348 KB

* installing *source* package ‘pdInfoBuilder’ ...
** this is package ‘pdInfoBuilder’ version ‘1.76.0’
** using staged installation
** libs
using C compiler: ‘gcc (Ubuntu 13.3.0-6ubuntu2~24.04.1) 13.3.0’
gcc -std=gnu2x -I"/usr/local/lib/R/include" -DNDEBUG   -I/usr/local/include    -fpic  -g -O2 -fstack-protector-strong -Wformat -Werror=format-security -Wdate-time -D_FORTIFY_SOURCE=2 -g  -c pdInfoBuilder.c -o pdInfoBuilder.o
gcc -std=gnu2x -shared -L/usr/local/lib/R/lib -L/usr/local/lib -o pdInfoBuilder.so pdInfoBuilder.o -L/usr/local/lib/R/lib -lR
installing to /tmp/library/00LOCK-pdInfoBuilder/00new/pdInfoBuilder/libs
** R
** inst
** byte-compile and prepare package for lazy loading
No methods found in package ‘RSQLite’ for request: ‘dbGetQuery’ when loading ‘pdInfoBuilder’
** help
*** installing help indices
** building package indices
** installing vignettes
** testing if installed package can be loaded from temporary location
No methods found in package ‘RSQLite’ for request: ‘dbGetQuery’ when loading ‘pdInfoBuilder’
** checking absolute paths in shared objects and dynamic libraries
** testing if installed package can be loaded from final location
No methods found in package ‘RSQLite’ for request: ‘dbGetQuery’ when loading ‘pdInfoBuilder’
** testing if installed package keeps a record of temporary installation path
* SHA256 sums
* creating tarball
packaged installation of ‘pdInfoBuilder’ as ‘pdInfoBuilder_1.76.0_R_x86_64-pc-linux-gnu.tar.gz’
* DONE (pdInfoBuilder)

The downloaded source packages are in
	‘/tmp/RtmpUv60Ha/downloaded_packages’
Old packages: 'httr2', 'pak', 'pkgdown', 'urlchecker', 'xfun', 'zip', 'MASS',
  'nlme', 'survival'

real	0m49.806s
user	0m34.225s
sys	0m5.559s
