+ Rscript -e 'Sys.setenv(BIOCONDUCTOR_USE_CONTAINER_REPOSITORY=FALSE);
  p <- .libPaths();
  p <- c('\''/tmp/library'\'', '\''/mnt/library'\'', p);
  .libPaths(p);
  if(BiocManager::install('\''categoryCompare'\'', INSTALL_opts = '\''--build'\'', update = TRUE, quiet = FALSE, dependencies=TRUE, force = TRUE, keep_outputs = TRUE) %in% rownames(installed.packages())) q(status = 0) else q(status = 1)'
'getOption("repos")' replaces Bioconductor standard repositories, see
'help("repositories", package = "BiocManager")' for details.
Replacement repositories:
    CRAN: https://p3m.dev/cran/__linux__/noble/latest
Bioconductor version 3.23 (BiocManager 1.30.27), R 4.6.1 (2026-06-24)
Installing package(s) 'categoryCompare'
also installing the dependency ‘estrogen’

trying URL 'https://bioconductor.org/packages/3.23/data/experiment/src/contrib/estrogen_1.58.0.tar.gz'
trying URL 'https://bioconductor.org/packages/3.23/bioc/src/contrib/categoryCompare_1.56.0.tar.gz'
* installing *source* package ‘estrogen’ ...
** this is package ‘estrogen’ version ‘1.58.0’
** using staged installation
** R
** inst
** byte-compile and prepare package for lazy loading
** help
*** installing help indices
** building package indices
** installing vignettes
** testing if installed package can be loaded from temporary location
** testing if installed package can be loaded from final location
** testing if installed package keeps a record of temporary installation path
* SHA256 sums
* creating tarball
packaged installation of ‘estrogen’ as ‘estrogen_1.58.0_R_x86_64-pc-linux-gnu.tar.gz’
* DONE (estrogen)
* installing *source* package ‘categoryCompare’ ...
** this is package ‘categoryCompare’ version ‘1.56.0’
** using staged installation
** R
** data
** inst
** byte-compile and prepare package for lazy loading
Note: ... may be used in an incorrect context 
** help
*** installing help indices
** building package indices
** installing vignettes
** testing if installed package can be loaded from temporary location
** testing if installed package can be loaded from final location
** testing if installed package keeps a record of temporary installation path
* SHA256 sums
* creating tarball
packaged installation of ‘categoryCompare’ as ‘categoryCompare_1.56.0_R_x86_64-pc-linux-gnu.tar.gz’
* DONE (categoryCompare)

The downloaded source packages are in
	‘/tmp/RtmpowIMW9/downloaded_packages’
Old packages: 'diffobj', 'httr2', 'pak', 'pkgdown', 'urlchecker', 'xfun',
  'zip', 'MASS', 'nlme', 'survival'

real	1m18.212s
user	0m57.898s
sys	0m7.530s
