+ Rscript -e 'Sys.setenv(BIOCONDUCTOR_USE_CONTAINER_REPOSITORY=FALSE);
  p <- .libPaths();
  p <- c('\''/tmp/library'\'', '\''/mnt/library'\'', p);
  .libPaths(p);
  if(BiocManager::install('\''CEMiTool'\'', INSTALL_opts = '\''--build'\'', update = TRUE, quiet = FALSE, dependencies=TRUE, force = TRUE, keep_outputs = TRUE) %in% rownames(installed.packages())) q(status = 0) else q(status = 1)'
'getOption("repos")' replaces Bioconductor standard repositories, see
'help("repositories", package = "BiocManager")' for details.
Replacement repositories:
    CRAN: https://p3m.dev/cran/__linux__/noble/latest
Bioconductor version 3.23 (BiocManager 1.30.27), R 4.6.1 (2026-06-24)
Installing package(s) 'CEMiTool'
also installing the dependencies ‘confintr’, ‘splus2R’, ‘ggpmisc’

trying URL 'https://p3m.dev/cran/__linux__/noble/latest/src/contrib/confintr_1.0.2.tar.gz'
trying URL 'https://p3m.dev/cran/__linux__/noble/latest/src/contrib/splus2R_1.3-5.tar.gz'
trying URL 'https://p3m.dev/cran/__linux__/noble/latest/src/contrib/ggpmisc_1.0.0.tar.gz'
trying URL 'https://bioconductor.org/packages/3.23/bioc/src/contrib/CEMiTool_1.36.0.tar.gz'
* installing *binary* package ‘confintr’ ...
* package ‘confintr’ successfully unpacked and SHA256 sums checked
* ‘confintr’ was already a binary package and will not be rebuilt
* SHA256 sums
* creating tarball
packaged installation of ‘confintr’ as ‘confintr_1.0.2_R_x86_64-pc-linux-gnu.tar.gz’
* DONE (confintr)
* installing *binary* package ‘splus2R’ ...
* package ‘splus2R’ successfully unpacked and SHA256 sums checked
* ‘splus2R’ was already a binary package and will not be rebuilt
* SHA256 sums
* creating tarball
packaged installation of ‘splus2R’ as ‘splus2R_1.3-5_R_x86_64-pc-linux-gnu.tar.gz’
* DONE (splus2R)
* installing *binary* package ‘ggpmisc’ ...
* package ‘ggpmisc’ successfully unpacked and SHA256 sums checked
* ‘ggpmisc’ was already a binary package and will not be rebuilt
* SHA256 sums
* creating tarball
packaged installation of ‘ggpmisc’ as ‘ggpmisc_1.0.0_R_x86_64-pc-linux-gnu.tar.gz’
* DONE (ggpmisc)
* installing *source* package ‘CEMiTool’ ...
** this is package ‘CEMiTool’ version ‘1.36.0’
** using staged installation
** R
** data
*** moving datasets to lazyload DB
** exec
** inst
** byte-compile and prepare package for lazy loading
** help
*** installing help indices
** building package indices
** installing vignettes
** testing if installed package can be loaded from temporary location
** testing if installed package can be loaded from final location
** testing if installed package keeps a record of temporary installation path
* SHA256 sums
* creating tarball
packaged installation of ‘CEMiTool’ as ‘CEMiTool_1.36.0_R_x86_64-pc-linux-gnu.tar.gz’
* DONE (CEMiTool)

The downloaded source packages are in
	‘/tmp/RtmpdhTXdT/downloaded_packages’
Old packages: 'diffobj', 'httr2', 'pak', 'pkgdown', 'urlchecker', 'xfun',
  'zip', 'MASS', 'nlme', 'survival'

real	0m51.352s
user	0m32.694s
sys	0m6.024s
