+ Rscript -e 'Sys.setenv(BIOCONDUCTOR_USE_CONTAINER_REPOSITORY=FALSE);
  p <- .libPaths();
  p <- c('\''/tmp/library'\'', '\''/mnt/library'\'', p);
  .libPaths(p);
  if(BiocManager::install('\''TFBSTools'\'', INSTALL_opts = '\''--build'\'', update = TRUE, quiet = FALSE, dependencies=TRUE, force = TRUE, keep_outputs = TRUE) %in% rownames(installed.packages())) q(status = 0) else q(status = 1)'
'getOption("repos")' replaces Bioconductor standard repositories, see
'help("repositories", package = "BiocManager")' for details.
Replacement repositories:
    CRAN: https://p3m.dev/cran/__linux__/noble/latest
Bioconductor version 3.24 (BiocManager 1.30.27), R 4.6.1 (2026-06-24)
Installing package(s) 'TFBSTools'
also installing the dependencies ‘JASPAR2014’, ‘JASPAR2016’, ‘JASPAR2018’

trying URL 'https://bioconductor.org/packages/3.24/data/experiment/src/contrib/JASPAR2014_1.49.0.tar.gz'
trying URL 'https://bioconductor.org/packages/3.24/data/experiment/src/contrib/JASPAR2016_1.41.0.tar.gz'
trying URL 'https://bioconductor.org/packages/3.24/data/annotation/src/contrib/JASPAR2018_1.1.1.tar.gz'
trying URL 'https://bioconductor.org/packages/3.24/bioc/src/contrib/TFBSTools_1.51.0.tar.gz'
* installing *source* package ‘JASPAR2014’ ...
** this is package ‘JASPAR2014’ version ‘1.49.0’
** using staged installation
** R
** data
*** moving datasets to lazyload DB
** inst
** byte-compile and prepare package for lazy loading
** help
*** installing help indices
** building package indices
** testing if installed package can be loaded from temporary location
** testing if installed package can be loaded from final location
** testing if installed package keeps a record of temporary installation path
* SHA256 sums
* creating tarball
packaged installation of ‘JASPAR2014’ as ‘JASPAR2014_1.49.0_R_x86_64-pc-linux-gnu.tar.gz’
* DONE (JASPAR2014)
* installing *source* package ‘JASPAR2016’ ...
** this is package ‘JASPAR2016’ version ‘1.41.0’
** using staged installation
** R
** inst
** byte-compile and prepare package for lazy loading
** help
*** installing help indices
** building package indices
** testing if installed package can be loaded from temporary location
** testing if installed package can be loaded from final location
** testing if installed package keeps a record of temporary installation path
* SHA256 sums
* creating tarball
packaged installation of ‘JASPAR2016’ as ‘JASPAR2016_1.41.0_R_x86_64-pc-linux-gnu.tar.gz’
* DONE (JASPAR2016)
* installing *source* package ‘JASPAR2018’ ...
** this is package ‘JASPAR2018’ version ‘1.1.1’
** using staged installation
** R
** inst
** byte-compile and prepare package for lazy loading
** help
*** installing help indices
** building package indices
** testing if installed package can be loaded from temporary location
** testing if installed package can be loaded from final location
** testing if installed package keeps a record of temporary installation path
* SHA256 sums
* creating tarball
packaged installation of ‘JASPAR2018’ as ‘JASPAR2018_1.1.1_R_x86_64-pc-linux-gnu.tar.gz’
* DONE (JASPAR2018)
* installing *source* package ‘TFBSTools’ ...
** this is package ‘TFBSTools’ version ‘1.51.0’
** package ‘TFBSTools’ successfully unpacked and MD5 sums checked
** using staged installation
** libs
using C compiler: ‘gcc (Ubuntu 13.3.0-6ubuntu2~24.04.1) 13.3.0’
gcc -std=gnu2x -I"/usr/local/lib/R/include" -DNDEBUG   -I/usr/local/include    -fpic  -g -O2 -fstack-protector-strong -Wformat -Werror=format-security -Wdate-time -D_FORTIFY_SOURCE=2 -g  -c matrixAlignerDynamic.c -o matrixAlignerDynamic.o
gcc -std=gnu2x -I"/usr/local/lib/R/include" -DNDEBUG   -I/usr/local/include    -fpic  -g -O2 -fstack-protector-strong -Wformat -Werror=format-security -Wdate-time -D_FORTIFY_SOURCE=2 -g  -c R_init_TFBSTools.c -o R_init_TFBSTools.o
gcc -std=gnu2x -shared -L/usr/local/lib/R/lib -L/usr/local/lib -o TFBSTools.so matrixAlignerDynamic.o R_init_TFBSTools.o -L/usr/local/lib/R/lib -lR
installing to /tmp/library/00LOCK-TFBSTools/00new/TFBSTools/libs
** R
** data
*** moving datasets to lazyload DB
** inst
** byte-compile and prepare package for lazy loading
Creating a new generic function for ‘seqLogo’ in package ‘TFBSTools’
Creating a new generic function for ‘pattern’ in package ‘TFBSTools’
Creating a generic function for ‘colSums’ from package ‘base’ in package ‘TFBSTools’
Creating a generic function for ‘rowSums’ from package ‘base’ in package ‘TFBSTools’
** help
*** installing help indices
** building package indices
** installing vignettes
** testing if installed package can be loaded from temporary location
** checking absolute paths in shared objects and dynamic libraries
** testing if installed package can be loaded from final location
** testing if installed package keeps a record of temporary installation path
* SHA256 sums
* creating tarball
packaged installation of ‘TFBSTools’ as ‘TFBSTools_1.51.0_R_x86_64-pc-linux-gnu.tar.gz’
* DONE (TFBSTools)

The downloaded source packages are in
	‘/tmp/RtmpmeP47Q/downloaded_packages’

real	1m46.460s
user	1m30.145s
sys	0m10.669s
