+ Rscript -e 'Sys.setenv(BIOCONDUCTOR_USE_CONTAINER_REPOSITORY=FALSE);
  p <- .libPaths();
  p <- c('\''/tmp/library'\'', '\''/mnt/library'\'', p);
  .libPaths(p);
  if(BiocManager::install('\''CMA'\'', INSTALL_opts = '\''--build'\'', update = TRUE, quiet = FALSE, dependencies=TRUE, force = TRUE, keep_outputs = TRUE) %in% rownames(installed.packages())) q(status = 0) else q(status = 1)'
'getOption("repos")' replaces Bioconductor standard repositories, see
'help("repositories", package = "BiocManager")' for details.
Replacement repositories:
    CRAN: https://p3m.dev/cran/__linux__/noble/latest
Bioconductor version 3.23 (BiocManager 1.30.27), R 4.6.1 (2026-06-24)
Installing package(s) 'CMA'
also installing the dependencies ‘sda’, ‘st’

trying URL 'https://p3m.dev/cran/__linux__/noble/latest/src/contrib/sda_1.3.9.tar.gz'
trying URL 'https://p3m.dev/cran/__linux__/noble/latest/src/contrib/st_1.2.7.tar.gz'
trying URL 'https://bioconductor.org/packages/3.23/bioc/src/contrib/CMA_1.70.0.tar.gz'
* installing *binary* package ‘sda’ ...
* package ‘sda’ successfully unpacked and SHA256 sums checked
* ‘sda’ was already a binary package and will not be rebuilt
* SHA256 sums
* creating tarball
packaged installation of ‘sda’ as ‘sda_1.3.9_R_x86_64-pc-linux-gnu.tar.gz’
* DONE (sda)
* installing *source* package ‘CMA’ ...
** this is package ‘CMA’ version ‘1.70.0’
** using staged installation
** R
** data
** inst
** byte-compile and prepare package for lazy loading
** help
*** installing help indices
** building package indices
** installing vignettes
** testing if installed package can be loaded from temporary location
** testing if installed package can be loaded from final location
** testing if installed package keeps a record of temporary installation path
* SHA256 sums
* creating tarball
packaged installation of ‘CMA’ as ‘CMA_1.70.0_R_x86_64-pc-linux-gnu.tar.gz’
* DONE (CMA)
* installing *binary* package ‘st’ ...
* package ‘st’ successfully unpacked and SHA256 sums checked
* ‘st’ was already a binary package and will not be rebuilt
* SHA256 sums
* creating tarball
packaged installation of ‘st’ as ‘st_1.2.7_R_x86_64-pc-linux-gnu.tar.gz’
* DONE (st)

The downloaded source packages are in
	‘/tmp/RtmpDMeLYk/downloaded_packages’
Old packages: 'httr2', 'pak', 'pkgdown', 'urlchecker', 'xfun', 'zip', 'MASS',
  'nlme', 'survival'

real	0m20.437s
user	0m15.290s
sys	0m3.242s
