+ Rscript -e 'Sys.setenv(BIOCONDUCTOR_USE_CONTAINER_REPOSITORY=FALSE);
  p <- .libPaths();
  p <- c('\''/tmp/library'\'', '\''/mnt/library'\'', p);
  .libPaths(p);
  if(BiocManager::install('\''Pedixplorer'\'', INSTALL_opts = '\''--build'\'', update = TRUE, quiet = FALSE, dependencies=TRUE, force = TRUE, keep_outputs = TRUE) %in% rownames(installed.packages())) q(status = 0) else q(status = 1)'
'getOption("repos")' replaces Bioconductor standard repositories, see
'help("repositories", package = "BiocManager")' for details.
Replacement repositories:
    CRAN: https://p3m.dev/cran/__linux__/noble/latest
Bioconductor version 3.24 (BiocManager 1.30.27), R 4.6.1 (2026-06-24)
Installing package(s) 'Pedixplorer'
also installing the dependencies ‘AsioHeaders’, ‘websocket’, ‘chromote’, ‘pingr’, ‘diffviewer’, ‘shinytest2’

trying URL 'https://p3m.dev/cran/__linux__/noble/latest/src/contrib/AsioHeaders_1.30.2-1.tar.gz'
trying URL 'https://p3m.dev/cran/__linux__/noble/latest/src/contrib/websocket_1.4.4.tar.gz'
trying URL 'https://p3m.dev/cran/__linux__/noble/latest/src/contrib/chromote_0.5.1.tar.gz'
trying URL 'https://p3m.dev/cran/__linux__/noble/latest/src/contrib/pingr_2.0.5.tar.gz'
trying URL 'https://p3m.dev/cran/__linux__/noble/latest/src/contrib/diffviewer_0.1.2.tar.gz'
trying URL 'https://p3m.dev/cran/__linux__/noble/latest/src/contrib/shinytest2_0.5.1.tar.gz'
trying URL 'https://bioconductor.org/packages/3.24/bioc/src/contrib/Pedixplorer_1.9.2.tar.gz'
* installing *binary* package ‘AsioHeaders’ ...
* package ‘AsioHeaders’ successfully unpacked and SHA256 sums checked
* ‘AsioHeaders’ was already a binary package and will not be rebuilt
* SHA256 sums
* creating tarball
packaged installation of ‘AsioHeaders’ as ‘AsioHeaders_1.30.2-1_R_x86_64-pc-linux-gnu.tar.gz’
* DONE (AsioHeaders)
* installing *binary* package ‘pingr’ ...
* package ‘pingr’ successfully unpacked and SHA256 sums checked
* ‘pingr’ was already a binary package and will not be rebuilt
* SHA256 sums
* creating tarball
packaged installation of ‘pingr’ as ‘pingr_2.0.5_R_x86_64-pc-linux-gnu.tar.gz’
* DONE (pingr)
* installing *binary* package ‘diffviewer’ ...
* package ‘diffviewer’ successfully unpacked and SHA256 sums checked
* ‘diffviewer’ was already a binary package and will not be rebuilt
* SHA256 sums
* creating tarball
packaged installation of ‘diffviewer’ as ‘diffviewer_0.1.2_R_x86_64-pc-linux-gnu.tar.gz’
* DONE (diffviewer)
* installing *source* package ‘Pedixplorer’ ...
** this is package ‘Pedixplorer’ version ‘1.9.2’
** package ‘Pedixplorer’ successfully unpacked and MD5 sums checked
** using staged installation
** R
** data
** inst
** byte-compile and prepare package for lazy loading
** help
*** installing help indices
** building package indices
** installing vignettes
** testing if installed package can be loaded from temporary location
** testing if installed package can be loaded from final location
** testing if installed package keeps a record of temporary installation path
* SHA256 sums
* creating tarball
packaged installation of ‘Pedixplorer’ as ‘Pedixplorer_1.9.2_R_x86_64-pc-linux-gnu.tar.gz’
* DONE (Pedixplorer)
* installing *binary* package ‘websocket’ ...
* package ‘websocket’ successfully unpacked and SHA256 sums checked
* ‘websocket’ was already a binary package and will not be rebuilt
* SHA256 sums
* creating tarball
packaged installation of ‘websocket’ as ‘websocket_1.4.4_R_x86_64-pc-linux-gnu.tar.gz’
* DONE (websocket)
* installing *binary* package ‘chromote’ ...
* package ‘chromote’ successfully unpacked and SHA256 sums checked
* ‘chromote’ was already a binary package and will not be rebuilt
* SHA256 sums
* creating tarball
packaged installation of ‘chromote’ as ‘chromote_0.5.1_R_x86_64-pc-linux-gnu.tar.gz’
* DONE (chromote)
* installing *binary* package ‘shinytest2’ ...
* package ‘shinytest2’ successfully unpacked and SHA256 sums checked
* ‘shinytest2’ was already a binary package and will not be rebuilt
* SHA256 sums
* creating tarball
packaged installation of ‘shinytest2’ as ‘shinytest2_0.5.1_R_x86_64-pc-linux-gnu.tar.gz’
* DONE (shinytest2)

The downloaded source packages are in
	‘/tmp/Rtmpilzgxm/downloaded_packages’

real	0m31.185s
user	0m23.746s
sys	0m4.629s
