+ Rscript -e 'Sys.setenv(BIOCONDUCTOR_USE_CONTAINER_REPOSITORY=FALSE);
  p <- .libPaths();
  p <- c('\''/tmp/library'\'', '\''/mnt/library'\'', p);
  .libPaths(p);
  if(BiocManager::install('\''AHMassBank'\'', INSTALL_opts = '\''--build'\'', update = TRUE, quiet = FALSE, dependencies=TRUE, force = TRUE, keep_outputs = TRUE) %in% rownames(installed.packages())) q(status = 0) else q(status = 1)'
'getOption("repos")' replaces Bioconductor standard repositories, see
'help("repositories", package = "BiocManager")' for details.
Replacement repositories:
    CRAN: https://p3m.dev/cran/__linux__/noble/latest
Bioconductor version 3.24 (BiocManager 1.30.27), R 4.6.1 (2026-06-24)
Installing package(s) 'AHMassBank'
trying URL 'https://bioconductor.org/packages/3.24/bioc/src/contrib/AHMassBank_1.13.0.tar.gz'
Content type 'application/x-gzip' length 301178 bytes (294 KB)
==================================================
downloaded 294 KB

* installing *source* package ‘AHMassBank’ ...
** this is package ‘AHMassBank’ version ‘1.13.0’
** package ‘AHMassBank’ successfully unpacked and MD5 sums checked
** using staged installation
** R
** inst
** byte-compile and prepare package for lazy loading
No methods found in package ‘rtracklayer’ for request: ‘trackName<-’ when loading ‘AnnotationHubData’
[1] Creating log directory /root/.AnnotationHubData
** help
*** installing help indices
** building package indices
** installing vignettes
** testing if installed package can be loaded from temporary location
No methods found in package ‘rtracklayer’ for request: ‘trackName<-’ when loading ‘AnnotationHubData’
** testing if installed package can be loaded from final location
No methods found in package ‘rtracklayer’ for request: ‘trackName<-’ when loading ‘AnnotationHubData’
** testing if installed package keeps a record of temporary installation path
* SHA256 sums
* creating tarball
packaged installation of ‘AHMassBank’ as ‘AHMassBank_1.13.0_R_x86_64-pc-linux-gnu.tar.gz’
* DONE (AHMassBank)

The downloaded source packages are in
	‘/tmp/Rtmp061OpH/downloaded_packages’
Old packages: 'diffobj'

real	0m52.859s
user	0m40.906s
sys	0m5.989s
