+ Rscript -e 'Sys.setenv(BIOCONDUCTOR_USE_CONTAINER_REPOSITORY=FALSE);
  p <- .libPaths();
  p <- c('\''/tmp/library'\'', '\''/mnt/library'\'', p);
  .libPaths(p);
  if(BiocManager::install('\''fobitools'\'', INSTALL_opts = '\''--build'\'', update = TRUE, quiet = FALSE, dependencies=TRUE, force = TRUE, keep_outputs = TRUE) %in% rownames(installed.packages())) q(status = 0) else q(status = 1)'
'getOption("repos")' replaces Bioconductor standard repositories, see
'help("repositories", package = "BiocManager")' for details.
Replacement repositories:
    CRAN: https://p3m.dev/cran/__linux__/noble/latest
Bioconductor version 3.23 (BiocManager 1.30.27), R 4.6.1 (2026-06-24)
Installing package(s) 'fobitools'
also installing the dependencies ‘ca’, ‘gclus’, ‘qap’, ‘seriation’, ‘corrr’, ‘scrutiny’, ‘dunn.test’, ‘FlexParamCurve’, ‘struct’, ‘FSA’, ‘sva’, ‘RecordLinkage’, ‘tictoc’, ‘metabolomicsWorkbenchR’, ‘POMA’

trying URL 'https://p3m.dev/cran/__linux__/noble/latest/src/contrib/ca_0.71.1.tar.gz'
trying URL 'https://p3m.dev/cran/__linux__/noble/latest/src/contrib/gclus_1.3.3.tar.gz'
trying URL 'https://p3m.dev/cran/__linux__/noble/latest/src/contrib/qap_0.1-2.tar.gz'
trying URL 'https://p3m.dev/cran/__linux__/noble/latest/src/contrib/seriation_1.5.8.tar.gz'
trying URL 'https://p3m.dev/cran/__linux__/noble/latest/src/contrib/corrr_0.4.5.tar.gz'
trying URL 'https://p3m.dev/cran/__linux__/noble/latest/src/contrib/scrutiny_0.6.1.tar.gz'
trying URL 'https://p3m.dev/cran/__linux__/noble/latest/src/contrib/dunn.test_1.4.1.tar.gz'
trying URL 'https://p3m.dev/cran/__linux__/noble/latest/src/contrib/FlexParamCurve_1.5-7.tar.gz'
trying URL 'https://bioconductor.org/packages/3.23/bioc/src/contrib/struct_1.24.0.tar.gz'
trying URL 'https://p3m.dev/cran/__linux__/noble/latest/src/contrib/FSA_0.10.1.tar.gz'
trying URL 'https://bioconductor.org/packages/3.23/bioc/src/contrib/sva_3.60.0.tar.gz'
trying URL 'https://p3m.dev/cran/__linux__/noble/latest/src/contrib/RecordLinkage_0.4-12.6.tar.gz'
trying URL 'https://p3m.dev/cran/__linux__/noble/latest/src/contrib/tictoc_1.2.1.tar.gz'
trying URL 'https://bioconductor.org/packages/3.23/bioc/src/contrib/metabolomicsWorkbenchR_1.22.0.tar.gz'
trying URL 'https://bioconductor.org/packages/3.23/bioc/src/contrib/POMA_1.22.0.tar.gz'
trying URL 'https://bioconductor.org/packages/3.23/bioc/src/contrib/fobitools_1.20.0.tar.gz'
* installing *binary* package ‘ca’ ...
* package ‘ca’ successfully unpacked and SHA256 sums checked
* ‘ca’ was already a binary package and will not be rebuilt
* SHA256 sums
* creating tarball
packaged installation of ‘ca’ as ‘ca_0.71.1_R_x86_64-pc-linux-gnu.tar.gz’
* DONE (ca)
* installing *binary* package ‘gclus’ ...
* package ‘gclus’ successfully unpacked and SHA256 sums checked
* ‘gclus’ was already a binary package and will not be rebuilt
* SHA256 sums
* creating tarball
packaged installation of ‘gclus’ as ‘gclus_1.3.3_R_x86_64-pc-linux-gnu.tar.gz’
* DONE (gclus)
* installing *binary* package ‘qap’ ...
* package ‘qap’ successfully unpacked and SHA256 sums checked
* ‘qap’ was already a binary package and will not be rebuilt
* SHA256 sums
* creating tarball
packaged installation of ‘qap’ as ‘qap_0.1-2_R_x86_64-pc-linux-gnu.tar.gz’
* DONE (qap)
* installing *binary* package ‘FlexParamCurve’ ...
* package ‘FlexParamCurve’ successfully unpacked and SHA256 sums checked
* ‘FlexParamCurve’ was already a binary package and will not be rebuilt
* SHA256 sums
* creating tarball
packaged installation of ‘FlexParamCurve’ as ‘FlexParamCurve_1.5-7_R_x86_64-pc-linux-gnu.tar.gz’
* DONE (FlexParamCurve)
* installing *source* package ‘struct’ ...
** this is package ‘struct’ version ‘1.24.0’
** using staged installation
** R
** inst
** byte-compile and prepare package for lazy loading
** help
*** installing help indices
** building package indices
** installing vignettes
** testing if installed package can be loaded from temporary location
** testing if installed package can be loaded from final location
** testing if installed package keeps a record of temporary installation path
* SHA256 sums
* creating tarball
packaged installation of ‘struct’ as ‘struct_1.24.0_R_x86_64-pc-linux-gnu.tar.gz’
* DONE (struct)
* installing *source* package ‘sva’ ...
** this is package ‘sva’ version ‘3.60.0’
** using staged installation
** libs
using C compiler: ‘gcc (Ubuntu 13.3.0-6ubuntu2~24.04.1) 13.3.0’
gcc -std=gnu2x -I"/usr/local/lib/R/include" -DNDEBUG   -I/usr/local/include    -fpic  -g -O2 -fstack-protector-strong -Wformat -Werror=format-security -Wdate-time -D_FORTIFY_SOURCE=2 -g  -c sva.c -o sva.o
gcc -std=gnu2x -shared -L/usr/local/lib/R/lib -L/usr/local/lib -o sva.so sva.o -L/usr/local/lib/R/lib -lR
installing to /tmp/library/00LOCK-sva/00new/sva/libs
** R
** inst
** byte-compile and prepare package for lazy loading
** help
*** installing help indices
** building package indices
** installing vignettes
** testing if installed package can be loaded from temporary location
** checking absolute paths in shared objects and dynamic libraries
** testing if installed package can be loaded from final location
** testing if installed package keeps a record of temporary installation path
* SHA256 sums
* creating tarball
packaged installation of ‘sva’ as ‘sva_3.60.0_R_x86_64-pc-linux-gnu.tar.gz’
* DONE (sva)
* installing *binary* package ‘RecordLinkage’ ...
* package ‘RecordLinkage’ successfully unpacked and SHA256 sums checked
* ‘RecordLinkage’ was already a binary package and will not be rebuilt
* SHA256 sums
* creating tarball
packaged installation of ‘RecordLinkage’ as ‘RecordLinkage_0.4-12.6_R_x86_64-pc-linux-gnu.tar.gz’
* DONE (RecordLinkage)
* installing *binary* package ‘tictoc’ ...
* package ‘tictoc’ successfully unpacked and SHA256 sums checked
* ‘tictoc’ was already a binary package and will not be rebuilt
* SHA256 sums
* creating tarball
packaged installation of ‘tictoc’ as ‘tictoc_1.2.1_R_x86_64-pc-linux-gnu.tar.gz’
* DONE (tictoc)
* installing *binary* package ‘seriation’ ...
* package ‘seriation’ successfully unpacked and SHA256 sums checked
* ‘seriation’ was already a binary package and will not be rebuilt
* SHA256 sums
* creating tarball
packaged installation of ‘seriation’ as ‘seriation_1.5.8_R_x86_64-pc-linux-gnu.tar.gz’
* DONE (seriation)
* installing *source* package ‘metabolomicsWorkbenchR’ ...
** this is package ‘metabolomicsWorkbenchR’ version ‘1.22.0’
** using staged installation
** R
** inst
** byte-compile and prepare package for lazy loading
** help
*** installing help indices
** building package indices
** installing vignettes
** testing if installed package can be loaded from temporary location
** testing if installed package can be loaded from final location
** testing if installed package keeps a record of temporary installation path
* SHA256 sums
* creating tarball
packaged installation of ‘metabolomicsWorkbenchR’ as ‘metabolomicsWorkbenchR_1.22.0_R_x86_64-pc-linux-gnu.tar.gz’
* DONE (metabolomicsWorkbenchR)
* installing *source* package ‘fobitools’ ...
** this is package ‘fobitools’ version ‘1.20.0’
** using staged installation
** R
** data
*** moving datasets to lazyload DB
** inst
** byte-compile and prepare package for lazy loading
** help
*** installing help indices
*** copying figures
** building package indices
** installing vignettes
** testing if installed package can be loaded from temporary location
** testing if installed package can be loaded from final location
** testing if installed package keeps a record of temporary installation path
* SHA256 sums
* creating tarball
packaged installation of ‘fobitools’ as ‘fobitools_1.20.0_R_x86_64-pc-linux-gnu.tar.gz’
* DONE (fobitools)
* installing *binary* package ‘corrr’ ...
* package ‘corrr’ successfully unpacked and SHA256 sums checked
* ‘corrr’ was already a binary package and will not be rebuilt
* SHA256 sums
* creating tarball
packaged installation of ‘corrr’ as ‘corrr_0.4.5_R_x86_64-pc-linux-gnu.tar.gz’
* DONE (corrr)
* installing *binary* package ‘scrutiny’ ...
* package ‘scrutiny’ successfully unpacked and SHA256 sums checked
* ‘scrutiny’ was already a binary package and will not be rebuilt
* SHA256 sums
* creating tarball
packaged installation of ‘scrutiny’ as ‘scrutiny_0.6.1_R_x86_64-pc-linux-gnu.tar.gz’
* DONE (scrutiny)
* installing *binary* package ‘dunn.test’ ...
* package ‘dunn.test’ successfully unpacked and SHA256 sums checked
* ‘dunn.test’ was already a binary package and will not be rebuilt
* SHA256 sums
* creating tarball
packaged installation of ‘dunn.test’ as ‘dunn.test_1.4.1_R_x86_64-pc-linux-gnu.tar.gz’
* DONE (dunn.test)
* installing *binary* package ‘FSA’ ...
* package ‘FSA’ successfully unpacked and SHA256 sums checked
* ‘FSA’ was already a binary package and will not be rebuilt
* SHA256 sums
* creating tarball
packaged installation of ‘FSA’ as ‘FSA_0.10.1_R_x86_64-pc-linux-gnu.tar.gz’
* DONE (FSA)
* installing *source* package ‘POMA’ ...
** this is package ‘POMA’ version ‘1.22.0’
** using staged installation
** R
** data
*** moving datasets to lazyload DB
** inst
** byte-compile and prepare package for lazy loading
** help
*** installing help indices
*** copying figures
** building package indices
** installing vignettes
** testing if installed package can be loaded from temporary location
** testing if installed package can be loaded from final location
** testing if installed package keeps a record of temporary installation path
* SHA256 sums
* creating tarball
packaged installation of ‘POMA’ as ‘POMA_1.22.0_R_x86_64-pc-linux-gnu.tar.gz’
* DONE (POMA)

The downloaded source packages are in
	‘/tmp/RtmpWXjLEP/downloaded_packages’
Old packages: 'diffobj', 'httr2', 'pak', 'pkgdown', 'urlchecker', 'xfun',
  'zip', 'MASS', 'nlme', 'survival'

real	1m49.370s
user	1m19.589s
sys	0m13.472s
