+ Rscript -e 'Sys.setenv(BIOCONDUCTOR_USE_CONTAINER_REPOSITORY=FALSE);
  p <- .libPaths();
  p <- c('\''/tmp/library'\'', '\''/mnt/library'\'', p);
  .libPaths(p);
  if(BiocManager::install('\''MsQuality'\'', INSTALL_opts = '\''--build'\'', update = TRUE, quiet = FALSE, dependencies=TRUE, force = TRUE, keep_outputs = TRUE) %in% rownames(installed.packages())) q(status = 0) else q(status = 1)'
'getOption("repos")' replaces Bioconductor standard repositories, see
'help("repositories", package = "BiocManager")' for details.
Replacement repositories:
    CRAN: https://p3m.dev/cran/__linux__/noble/latest
Bioconductor version 3.24 (BiocManager 1.30.27), R 4.6.1 (2026-06-24)
Installing package(s) 'MsQuality'
also installing the dependencies ‘collections’, ‘R6P’, ‘rmzqc’

trying URL 'https://p3m.dev/cran/__linux__/noble/latest/src/contrib/collections_0.3.12.tar.gz'
trying URL 'https://p3m.dev/cran/__linux__/noble/latest/src/contrib/R6P_0.4.0.tar.gz'
trying URL 'https://p3m.dev/cran/__linux__/noble/latest/src/contrib/rmzqc_0.7.0.tar.gz'
trying URL 'https://bioconductor.org/packages/3.24/bioc/src/contrib/MsQuality_1.13.0.tar.gz'
* installing *binary* package ‘collections’ ...
* package ‘collections’ successfully unpacked and SHA256 sums checked
* ‘collections’ was already a binary package and will not be rebuilt
* SHA256 sums
* creating tarball
packaged installation of ‘collections’ as ‘collections_0.3.12_R_x86_64-pc-linux-gnu.tar.gz’
* DONE (collections)
* installing *binary* package ‘R6P’ ...
* package ‘R6P’ successfully unpacked and SHA256 sums checked
* ‘R6P’ was already a binary package and will not be rebuilt
* SHA256 sums
* creating tarball
packaged installation of ‘R6P’ as ‘R6P_0.4.0_R_x86_64-pc-linux-gnu.tar.gz’
* DONE (R6P)
* installing *binary* package ‘rmzqc’ ...
* package ‘rmzqc’ successfully unpacked and SHA256 sums checked
* ‘rmzqc’ was already a binary package and will not be rebuilt
* SHA256 sums
* creating tarball
packaged installation of ‘rmzqc’ as ‘rmzqc_0.7.0_R_x86_64-pc-linux-gnu.tar.gz’
* DONE (rmzqc)
* installing *source* package ‘MsQuality’ ...
** this is package ‘MsQuality’ version ‘1.13.0’
** package ‘MsQuality’ successfully unpacked and MD5 sums checked
** using staged installation
** R
** data
** inst
** byte-compile and prepare package for lazy loading
** help
*** installing help indices
** building package indices
** installing vignettes
** testing if installed package can be loaded from temporary location
** testing if installed package can be loaded from final location
** testing if installed package keeps a record of temporary installation path
* SHA256 sums
* creating tarball
packaged installation of ‘MsQuality’ as ‘MsQuality_1.13.0_R_x86_64-pc-linux-gnu.tar.gz’
* DONE (MsQuality)

The downloaded source packages are in
	‘/tmp/RtmpOs94VG/downloaded_packages’
Old packages: 'diffobj'

real	0m59.505s
user	0m41.084s
sys	0m5.139s
