+ Rscript -e 'Sys.setenv(BIOCONDUCTOR_USE_CONTAINER_REPOSITORY=FALSE);
  p <- .libPaths();
  p <- c('\''/tmp/library'\'', '\''/mnt/library'\'', p);
  .libPaths(p);
  if(BiocManager::install('\''ldblock'\'', INSTALL_opts = '\''--build'\'', update = TRUE, quiet = FALSE, dependencies=TRUE, force = TRUE, keep_outputs = TRUE) %in% rownames(installed.packages())) q(status = 0) else q(status = 1)'
'getOption("repos")' replaces Bioconductor standard repositories, see
'help("repositories", package = "BiocManager")' for details.
Replacement repositories:
    CRAN: https://p3m.dev/cran/__linux__/noble/latest
Bioconductor version 3.24 (BiocManager 1.30.27), R 4.6.1 (2026-06-24)
Installing package(s) 'ldblock'
also installing the dependencies ‘EnsDb.Hsapiens.v75’, ‘GenomicFiles’

trying URL 'https://bioconductor.org/packages/3.24/data/annotation/src/contrib/EnsDb.Hsapiens.v75_2.99.0.tar.gz'
trying URL 'https://bioconductor.org/packages/3.24/bioc/src/contrib/GenomicFiles_1.49.0.tar.gz'
trying URL 'https://bioconductor.org/packages/3.24/bioc/src/contrib/ldblock_1.43.0.tar.gz'
* installing *source* package ‘EnsDb.Hsapiens.v75’ ...
** this is package ‘EnsDb.Hsapiens.v75’ version ‘2.99.0’
** using staged installation
** R
** inst
** byte-compile and prepare package for lazy loading
** help
*** installing help indices
** building package indices
** testing if installed package can be loaded from temporary location
** testing if installed package can be loaded from final location
** testing if installed package keeps a record of temporary installation path
* SHA256 sums
* creating tarball
packaged installation of ‘EnsDb.Hsapiens.v75’ as ‘EnsDb.Hsapiens.v75_2.99.0_R_x86_64-pc-linux-gnu.tar.gz’
* DONE (EnsDb.Hsapiens.v75)
* installing *source* package ‘GenomicFiles’ ...
** this is package ‘GenomicFiles’ version ‘1.49.0’
** package ‘GenomicFiles’ successfully unpacked and MD5 sums checked
** using staged installation
** R
** inst
** byte-compile and prepare package for lazy loading
** help
*** installing help indices
** building package indices
** installing vignettes
** testing if installed package can be loaded from temporary location
** testing if installed package can be loaded from final location
** testing if installed package keeps a record of temporary installation path
* SHA256 sums
* creating tarball
packaged installation of ‘GenomicFiles’ as ‘GenomicFiles_1.49.0_R_x86_64-pc-linux-gnu.tar.gz’
* DONE (GenomicFiles)
* installing *source* package ‘ldblock’ ...
** this is package ‘ldblock’ version ‘1.43.0’
** package ‘ldblock’ successfully unpacked and MD5 sums checked
** using staged installation
** R
** data
** inst
** byte-compile and prepare package for lazy loading
** help
*** installing help indices
** building package indices
** installing vignettes
** testing if installed package can be loaded from temporary location
** testing if installed package can be loaded from final location
** testing if installed package keeps a record of temporary installation path
* SHA256 sums
* creating tarball
packaged installation of ‘ldblock’ as ‘ldblock_1.43.0_R_x86_64-pc-linux-gnu.tar.gz’
* DONE (ldblock)

The downloaded source packages are in
	‘/tmp/RtmpoZDQ8T/downloaded_packages’

real	3m9.905s
user	2m53.006s
sys	0m12.854s
