+ Rscript -e 'Sys.setenv(BIOCONDUCTOR_USE_CONTAINER_REPOSITORY=FALSE);
  p <- .libPaths();
  p <- c('\''/tmp/library'\'', '\''/mnt/library'\'', p);
  .libPaths(p);
  if(BiocManager::install('\''ExperimentSubset'\'', INSTALL_opts = '\''--build'\'', update = TRUE, quiet = FALSE, dependencies=TRUE, force = TRUE, keep_outputs = TRUE) %in% rownames(installed.packages())) q(status = 0) else q(status = 1)'
'getOption("repos")' replaces Bioconductor standard repositories, see
'help("repositories", package = "BiocManager")' for details.
Replacement repositories:
    CRAN: https://p3m.dev/cran/__linux__/noble/latest
Bioconductor version 3.24 (BiocManager 1.30.27), R 4.6.1 (2026-06-24)
Installing package(s) 'ExperimentSubset'
trying URL 'https://bioconductor.org/packages/3.24/bioc/src/contrib/ExperimentSubset_1.23.0.tar.gz'
Content type 'application/x-gzip' length 316319 bytes (308 KB)
==================================================
downloaded 308 KB

* installing *source* package ‘ExperimentSubset’ ...
** this is package ‘ExperimentSubset’ version ‘1.23.0’
** package ‘ExperimentSubset’ successfully unpacked and MD5 sums checked
** using staged installation
** R
** inst
** byte-compile and prepare package for lazy loading
Warning in makePrototypeFromClassDef(properties, ClassDef, immediate, where) :
  in constructing the prototype for class “SubsetSummarizedExperiment”, slots in prototype and not in class: listData, elementType
Warning in makePrototypeFromClassDef(properties, ClassDef, immediate, where) :
  in constructing the prototype for class “SubsetRangedSummarizedExperiment”, slots in prototype and not in class: listData, elementType
Warning in makePrototypeFromClassDef(properties, ClassDef, immediate, where) :
  in constructing the prototype for class “SubsetSingleCellExperiment”, slots in prototype and not in class: listData, elementType
Warning in makePrototypeFromClassDef(properties, ClassDef, immediate, where) :
  in constructing the prototype for class “SubsetTreeSummarizedExperiment”, slots in prototype and not in class: listData, elementType
Warning in makePrototypeFromClassDef(properties, ClassDef, immediate, where) :
  in constructing the prototype for class “SubsetSpatialExperiment”, slots in prototype and not in class: listData, elementType
** help
*** installing help indices
** building package indices
** installing vignettes
** testing if installed package can be loaded from temporary location
** testing if installed package can be loaded from final location
** testing if installed package keeps a record of temporary installation path
* SHA256 sums
* creating tarball
packaged installation of ‘ExperimentSubset’ as ‘ExperimentSubset_1.23.0_R_x86_64-pc-linux-gnu.tar.gz’
* DONE (ExperimentSubset)

The downloaded source packages are in
	‘/tmp/RtmpyxYCoG/downloaded_packages’

real	0m42.171s
user	0m33.852s
sys	0m5.288s
