+ Rscript -e 'Sys.setenv(BIOCONDUCTOR_USE_CONTAINER_REPOSITORY=FALSE);
  p <- .libPaths();
  p <- c('\''/tmp/library'\'', '\''/mnt/library'\'', p);
  .libPaths(p);
  if(BiocManager::install('\''ADAMgui'\'', INSTALL_opts = '\''--build'\'', update = TRUE, quiet = FALSE, dependencies=TRUE, force = TRUE, keep_outputs = TRUE) %in% rownames(installed.packages())) q(status = 0) else q(status = 1)'
'getOption("repos")' replaces Bioconductor standard repositories, see
'help("repositories", package = "BiocManager")' for details.
Replacement repositories:
    CRAN: https://p3m.dev/cran/__linux__/noble/latest
Bioconductor version 3.23 (BiocManager 1.30.27), R 4.6.1 (2026-06-24)
Installing package(s) 'ADAMgui'
also installing the dependency ‘varhandle’

trying URL 'https://p3m.dev/cran/__linux__/noble/latest/src/contrib/varhandle_2.0.6.tar.gz'
trying URL 'https://bioconductor.org/packages/3.23/bioc/src/contrib/ADAMgui_1.28.0.tar.gz'
* installing *binary* package ‘varhandle’ ...
* package ‘varhandle’ successfully unpacked and SHA256 sums checked
* ‘varhandle’ was already a binary package and will not be rebuilt
* SHA256 sums
* creating tarball
packaged installation of ‘varhandle’ as ‘varhandle_2.0.6_R_x86_64-pc-linux-gnu.tar.gz’
* DONE (varhandle)
* installing *source* package ‘ADAMgui’ ...
** this is package ‘ADAMgui’ version ‘1.28.0’
** using staged installation
** R
** data
** inst
** byte-compile and prepare package for lazy loading
** help
*** installing help indices
** building package indices
** installing vignettes
** testing if installed package can be loaded from temporary location
** testing if installed package can be loaded from final location
** testing if installed package keeps a record of temporary installation path
* SHA256 sums
* creating tarball
packaged installation of ‘ADAMgui’ as ‘ADAMgui_1.28.0_R_x86_64-pc-linux-gnu.tar.gz’
* DONE (ADAMgui)

The downloaded source packages are in
	‘/tmp/Rtmp79FX0Q/downloaded_packages’
Old packages: 'httr2', 'pak', 'pkgdown', 'urlchecker', 'xfun', 'zip', 'MASS',
  'nlme', 'survival'

real	0m49.369s
user	0m29.979s
sys	0m4.440s
