+ Rscript -e 'Sys.setenv(BIOCONDUCTOR_USE_CONTAINER_REPOSITORY=FALSE);
  p <- .libPaths();
  p <- c('\''/tmp/library'\'', '\''/mnt/library'\'', p);
  .libPaths(p);
  if(BiocManager::install('\''methylumi'\'', INSTALL_opts = '\''--build'\'', update = TRUE, quiet = FALSE, dependencies=TRUE, force = TRUE, keep_outputs = TRUE) %in% rownames(installed.packages())) q(status = 0) else q(status = 1)'
'getOption("repos")' replaces Bioconductor standard repositories, see
'help("repositories", package = "BiocManager")' for details.
Replacement repositories:
    CRAN: https://p3m.dev/cran/__linux__/noble/latest
Bioconductor version 3.24 (BiocManager 1.30.27), R 4.6.1 (2026-06-24)
Installing package(s) 'methylumi'
also installing the dependencies ‘SQN’, ‘TCGAMethylation450k’, ‘FDb.InfiniumMethylation.hg18’

trying URL 'https://p3m.dev/cran/__linux__/noble/latest/src/contrib/SQN_1.0.6.tar.gz'
trying URL 'https://bioconductor.org/packages/3.24/data/experiment/src/contrib/TCGAMethylation450k_1.49.0.tar.gz'
trying URL 'https://bioconductor.org/packages/3.24/data/annotation/src/contrib/FDb.InfiniumMethylation.hg18_2.2.0.tar.gz'
trying URL 'https://bioconductor.org/packages/3.24/bioc/src/contrib/methylumi_2.59.0.tar.gz'
* installing *binary* package ‘SQN’ ...
* package ‘SQN’ successfully unpacked and SHA256 sums checked
* ‘SQN’ was already a binary package and will not be rebuilt
* SHA256 sums
* creating tarball
packaged installation of ‘SQN’ as ‘SQN_1.0.6_R_x86_64-pc-linux-gnu.tar.gz’
* DONE (SQN)
* installing *source* package ‘TCGAMethylation450k’ ...
** this is package ‘TCGAMethylation450k’ version ‘1.49.0’
** using staged installation
** inst
** help
*** installing help indices
** building package indices
** testing if installed package can be loaded from temporary location
** testing if installed package can be loaded from final location
** testing if installed package keeps a record of temporary installation path
* SHA256 sums
* creating tarball
packaged installation of ‘TCGAMethylation450k’ as ‘TCGAMethylation450k_1.49.0_R_x86_64-pc-linux-gnu.tar.gz’
* DONE (TCGAMethylation450k)
* installing *source* package ‘FDb.InfiniumMethylation.hg18’ ...
** this is package ‘FDb.InfiniumMethylation.hg18’ version ‘2.2.0’
** using staged installation
** R
** data
** demo
** inst
** byte-compile and prepare package for lazy loading
** help
*** installing help indices
** building package indices
** testing if installed package can be loaded from temporary location
** testing if installed package can be loaded from final location
** testing if installed package keeps a record of temporary installation path
* SHA256 sums
* creating tarball
packaged installation of ‘FDb.InfiniumMethylation.hg18’ as ‘FDb.InfiniumMethylation.hg18_2.2.0_R_x86_64-pc-linux-gnu.tar.gz’
* DONE (FDb.InfiniumMethylation.hg18)
* installing *source* package ‘methylumi’ ...
** this is package ‘methylumi’ version ‘2.59.0’
** package ‘methylumi’ successfully unpacked and MD5 sums checked
** using staged installation
** R
** data
** inst
** byte-compile and prepare package for lazy loading
** help
*** installing help indices
** building package indices
** installing vignettes
** testing if installed package can be loaded from temporary location
** testing if installed package can be loaded from final location
** testing if installed package keeps a record of temporary installation path
* SHA256 sums
* creating tarball
packaged installation of ‘methylumi’ as ‘methylumi_2.59.0_R_x86_64-pc-linux-gnu.tar.gz’
* DONE (methylumi)

The downloaded source packages are in
	‘/tmp/Rtmp43S4r7/downloaded_packages’

real	2m22.265s
user	2m2.394s
sys	0m11.906s
