+ Rscript -e 'Sys.setenv(BIOCONDUCTOR_USE_CONTAINER_REPOSITORY=FALSE);
  p <- .libPaths();
  p <- c('\''/tmp/library'\'', '\''/mnt/library'\'', p);
  .libPaths(p);
  if(BiocManager::install('\''ggmanh'\'', INSTALL_opts = '\''--build'\'', update = TRUE, quiet = FALSE, dependencies=TRUE, force = TRUE, keep_outputs = TRUE) %in% rownames(installed.packages())) q(status = 0) else q(status = 1)'
'getOption("repos")' replaces Bioconductor standard repositories, see
'help("repositories", package = "BiocManager")' for details.
Replacement repositories:
    CRAN: https://p3m.dev/cran/__linux__/noble/latest
Bioconductor version 3.23 (BiocManager 1.30.27), R 4.6.1 (2026-06-24)
Installing package(s) 'ggmanh'
also installing the dependencies ‘prismatic’, ‘paletteer’

trying URL 'https://p3m.dev/cran/__linux__/noble/latest/src/contrib/prismatic_1.1.2.tar.gz'
trying URL 'https://p3m.dev/cran/__linux__/noble/latest/src/contrib/paletteer_1.7.0.tar.gz'
trying URL 'https://bioconductor.org/packages/3.23/bioc/src/contrib/ggmanh_1.16.0.tar.gz'
* installing *binary* package ‘prismatic’ ...
* package ‘prismatic’ successfully unpacked and SHA256 sums checked
* ‘prismatic’ was already a binary package and will not be rebuilt
* SHA256 sums
* creating tarball
packaged installation of ‘prismatic’ as ‘prismatic_1.1.2_R_x86_64-pc-linux-gnu.tar.gz’
* DONE (prismatic)
* installing *binary* package ‘paletteer’ ...
* package ‘paletteer’ successfully unpacked and SHA256 sums checked
* ‘paletteer’ was already a binary package and will not be rebuilt
* SHA256 sums
* creating tarball
packaged installation of ‘paletteer’ as ‘paletteer_1.7.0_R_x86_64-pc-linux-gnu.tar.gz’
* DONE (paletteer)
* installing *source* package ‘ggmanh’ ...
** this is package ‘ggmanh’ version ‘1.16.0’
** using staged installation
** R
** inst
** byte-compile and prepare package for lazy loading
in method for ‘binned_manhattan_plot’ with signature ‘"GRanges"’: no definition for class “GRanges”
in method for ‘binned_manhattan_preprocess’ with signature ‘"GRanges"’: no definition for class “GRanges”
in method for ‘manhattan_plot’ with signature ‘"GRanges"’: no definition for class “GRanges”
in method for ‘manhattan_data_preprocess’ with signature ‘"GRanges"’: no definition for class “GRanges”
** help
*** installing help indices
** building package indices
** installing vignettes
** testing if installed package can be loaded from temporary location
** testing if installed package can be loaded from final location
** testing if installed package keeps a record of temporary installation path
* SHA256 sums
* creating tarball
packaged installation of ‘ggmanh’ as ‘ggmanh_1.16.0_R_x86_64-pc-linux-gnu.tar.gz’
* DONE (ggmanh)

The downloaded source packages are in
	‘/tmp/RtmpoejCgx/downloaded_packages’
Old packages: 'httr2', 'pak', 'pkgdown', 'urlchecker', 'xfun', 'zip', 'MASS',
  'nlme', 'survival'

real	0m16.129s
user	0m10.823s
sys	0m3.339s
