+ Rscript -e 'Sys.setenv(BIOCONDUCTOR_USE_CONTAINER_REPOSITORY=FALSE);
  p <- .libPaths();
  p <- c('\''/tmp/library'\'', '\''/mnt/library'\'', p);
  .libPaths(p);
  if(BiocManager::install('\''esATAC'\'', INSTALL_opts = '\''--build'\'', update = TRUE, quiet = FALSE, dependencies=TRUE, force = TRUE, keep_outputs = TRUE) %in% rownames(installed.packages())) q(status = 0) else q(status = 1)'
'getOption("repos")' replaces Bioconductor standard repositories, see
'help("repositories", package = "BiocManager")' for details.
Replacement repositories:
    CRAN: https://p3m.dev/cran/__linux__/noble/latest
Bioconductor version 3.23 (BiocManager 1.30.27), R 4.6.1 (2026-06-24)
Installing package(s) 'esATAC'
trying URL 'https://bioconductor.org/packages/3.23/bioc/src/contrib/esATAC_1.34.0.tar.gz'
Content type 'application/x-gzip' length 10341831 bytes (9.9 MB)
==================================================
downloaded 9.9 MB

Warning: SystemRequirements specified C++11: support has been removed
* installing *source* package ‘esATAC’ ...
** this is package ‘esATAC’ version ‘1.34.0’
** using staged installation
** libs
specified C++11
using C++ compiler: ‘g++ (Ubuntu 13.3.0-6ubuntu2~24.04.1) 13.3.0’
g++ -std=gnu++20 -I"/usr/local/lib/R/include" -DNDEBUG -DNDEBUG -DPLF_SYS_LINUX  -DR_EVN_FLAG -I'/usr/local/lib/R/site-library/Rcpp/include' -I/usr/local/include    -fpic  -g -O2 -fstack-protector-strong -Wformat -Werror=format-security -Wdate-time -D_FORTIFY_SOURCE=2 -g   -c BedLine.cpp -o BedLine.o
g++ -std=gnu++20 -I"/usr/local/lib/R/include" -DNDEBUG -DNDEBUG -DPLF_SYS_LINUX  -DR_EVN_FLAG -I'/usr/local/lib/R/site-library/Rcpp/include' -I/usr/local/include    -fpic  -g -O2 -fstack-protector-strong -Wformat -Werror=format-security -Wdate-time -D_FORTIFY_SOURCE=2 -g   -c BedUtils.cpp -o BedUtils.o
g++ -std=gnu++20 -I"/usr/local/lib/R/include" -DNDEBUG -DNDEBUG -DPLF_SYS_LINUX  -DR_EVN_FLAG -I'/usr/local/lib/R/site-library/Rcpp/include' -I/usr/local/include    -fpic  -g -O2 -fstack-protector-strong -Wformat -Werror=format-security -Wdate-time -D_FORTIFY_SOURCE=2 -g   -c ChrDivi.cpp -o ChrDivi.o
g++ -std=gnu++20 -I"/usr/local/lib/R/include" -DNDEBUG -DNDEBUG -DPLF_SYS_LINUX  -DR_EVN_FLAG -I'/usr/local/lib/R/site-library/Rcpp/include' -I/usr/local/include    -fpic  -g -O2 -fstack-protector-strong -Wformat -Werror=format-security -Wdate-time -D_FORTIFY_SOURCE=2 -g   -c CutCountPre.cpp -o CutCountPre.o
g++ -std=gnu++20 -I"/usr/local/lib/R/include" -DNDEBUG -DNDEBUG -DPLF_SYS_LINUX  -DR_EVN_FLAG -I'/usr/local/lib/R/site-library/Rcpp/include' -I/usr/local/include    -fpic  -g -O2 -fstack-protector-strong -Wformat -Werror=format-security -Wdate-time -D_FORTIFY_SOURCE=2 -g   -c CutSiteCount.cpp -o CutSiteCount.o
g++ -std=gnu++20 -I"/usr/local/lib/R/include" -DNDEBUG -DNDEBUG -DPLF_SYS_LINUX  -DR_EVN_FLAG -I'/usr/local/lib/R/site-library/Rcpp/include' -I/usr/local/include    -fpic  -g -O2 -fstack-protector-strong -Wformat -Werror=format-security -Wdate-time -D_FORTIFY_SOURCE=2 -g   -c LibComplexQC.cpp -o LibComplexQC.o
g++ -std=gnu++20 -I"/usr/local/lib/R/include" -DNDEBUG -DNDEBUG -DPLF_SYS_LINUX  -DR_EVN_FLAG -I'/usr/local/lib/R/site-library/Rcpp/include' -I/usr/local/include    -fpic  -g -O2 -fstack-protector-strong -Wformat -Werror=format-security -Wdate-time -D_FORTIFY_SOURCE=2 -g   -c RcppExports.cpp -o RcppExports.o
g++ -std=gnu++20 -I"/usr/local/lib/R/include" -DNDEBUG -DNDEBUG -DPLF_SYS_LINUX  -DR_EVN_FLAG -I'/usr/local/lib/R/site-library/Rcpp/include' -I/usr/local/include    -fpic  -g -O2 -fstack-protector-strong -Wformat -Werror=format-security -Wdate-time -D_FORTIFY_SOURCE=2 -g   -c SortBed.cpp -o SortBed.o
g++ -std=gnu++20 -I"/usr/local/lib/R/include" -DNDEBUG -DNDEBUG -DPLF_SYS_LINUX  -DR_EVN_FLAG -I'/usr/local/lib/R/site-library/Rcpp/include' -I/usr/local/include    -fpic  -g -O2 -fstack-protector-strong -Wformat -Werror=format-security -Wdate-time -D_FORTIFY_SOURCE=2 -g   -c rcpp_wrapper.cpp -o rcpp_wrapper.o
g++ -std=gnu++20 -I"/usr/local/lib/R/include" -DNDEBUG -DNDEBUG -DPLF_SYS_LINUX  -DR_EVN_FLAG -I'/usr/local/lib/R/site-library/Rcpp/include' -I/usr/local/include    -fpic  -g -O2 -fstack-protector-strong -Wformat -Werror=format-security -Wdate-time -D_FORTIFY_SOURCE=2 -g   -c renamer.cpp -o renamer.o
g++ -std=gnu++20 -I"/usr/local/lib/R/include" -DNDEBUG -DNDEBUG -DPLF_SYS_LINUX  -DR_EVN_FLAG -I'/usr/local/lib/R/site-library/Rcpp/include' -I/usr/local/include    -fpic  -g -O2 -fstack-protector-strong -Wformat -Werror=format-security -Wdate-time -D_FORTIFY_SOURCE=2 -g   -c sam2bed.cc -o sam2bed.o
g++ -std=gnu++20 -shared -L/usr/local/lib/R/lib -L/usr/local/lib -o esATAC.so BedLine.o BedUtils.o ChrDivi.o CutCountPre.o CutSiteCount.o LibComplexQC.o RcppExports.o SortBed.o rcpp_wrapper.o renamer.o sam2bed.o -L/usr/local/lib/R/lib -lR
installing to /tmp/library/00LOCK-esATAC/00new/esATAC/libs
** R
** inst
** byte-compile and prepare package for lazy loading
** help
*** installing help indices
** building package indices
** installing vignettes
** testing if installed package can be loaded from temporary location
** checking absolute paths in shared objects and dynamic libraries
** testing if installed package can be loaded from final location
** testing if installed package keeps a record of temporary installation path
* SHA256 sums
* creating tarball
packaged installation of ‘esATAC’ as ‘esATAC_1.34.0_R_x86_64-pc-linux-gnu.tar.gz’
* DONE (esATAC)

The downloaded source packages are in
	‘/tmp/RtmpNUBs7U/downloaded_packages’
Old packages: 'diffobj', 'httr2', 'pak', 'pkgdown', 'urlchecker', 'xfun',
  'zip', 'MASS', 'nlme', 'survival'

real	1m43.740s
user	1m25.113s
sys	0m10.910s
