+ Rscript -e 'Sys.setenv(BIOCONDUCTOR_USE_CONTAINER_REPOSITORY=FALSE);
  p <- .libPaths();
  p <- c('\''/tmp/library'\'', '\''/mnt/library'\'', p);
  .libPaths(p);
  if(BiocManager::install('\''GPA'\'', INSTALL_opts = '\''--build'\'', update = TRUE, quiet = FALSE, dependencies=TRUE, force = TRUE, keep_outputs = TRUE) %in% rownames(installed.packages())) q(status = 0) else q(status = 1)'
'getOption("repos")' replaces Bioconductor standard repositories, see
'help("repositories", package = "BiocManager")' for details.
Replacement repositories:
    CRAN: https://p3m.dev/cran/__linux__/noble/latest
Bioconductor version 3.23 (BiocManager 1.30.27), R 4.6.1 (2026-06-24)
Installing package(s) 'GPA'
also installing the dependencies ‘labeling’, ‘RColorBrewer’, ‘viridisLite’, ‘S7’, ‘scales’, ‘ggrepel’, ‘plyr’, ‘vegan’, ‘shinyBS’, ‘gpaExample’

trying URL 'https://p3m.dev/cran/__linux__/noble/latest/src/contrib/labeling_0.4.3.tar.gz'
trying URL 'https://p3m.dev/cran/__linux__/noble/latest/src/contrib/RColorBrewer_1.1-3.tar.gz'
trying URL 'https://p3m.dev/cran/__linux__/noble/latest/src/contrib/viridisLite_0.4.3.tar.gz'
trying URL 'https://p3m.dev/cran/__linux__/noble/latest/src/contrib/S7_0.2.2.tar.gz'
trying URL 'https://p3m.dev/cran/__linux__/noble/latest/src/contrib/scales_1.4.0.tar.gz'
trying URL 'https://p3m.dev/cran/__linux__/noble/latest/src/contrib/ggrepel_0.9.8.tar.gz'
trying URL 'https://p3m.dev/cran/__linux__/noble/latest/src/contrib/plyr_1.8.9.tar.gz'
trying URL 'https://p3m.dev/cran/__linux__/noble/latest/src/contrib/vegan_2.7-5.tar.gz'
trying URL 'https://p3m.dev/cran/__linux__/noble/latest/src/contrib/shinyBS_0.65.0.tar.gz'
trying URL 'https://bioconductor.org/packages/3.23/data/experiment/src/contrib/gpaExample_1.24.0.tar.gz'
trying URL 'https://bioconductor.org/packages/3.23/bioc/src/contrib/GPA_1.24.0.tar.gz'
* installing *binary* package ‘labeling’ ...
* package ‘labeling’ successfully unpacked and SHA256 sums checked
* ‘labeling’ was already a binary package and will not be rebuilt
* SHA256 sums
* creating tarball
packaged installation of ‘labeling’ as ‘labeling_0.4.3_R_x86_64-pc-linux-gnu.tar.gz’
* DONE (labeling)
* installing *binary* package ‘RColorBrewer’ ...
* package ‘RColorBrewer’ successfully unpacked and SHA256 sums checked
* ‘RColorBrewer’ was already a binary package and will not be rebuilt
* SHA256 sums
* creating tarball
packaged installation of ‘RColorBrewer’ as ‘RColorBrewer_1.1-3_R_x86_64-pc-linux-gnu.tar.gz’
* DONE (RColorBrewer)
* installing *binary* package ‘viridisLite’ ...
* package ‘viridisLite’ successfully unpacked and SHA256 sums checked
* ‘viridisLite’ was already a binary package and will not be rebuilt
* SHA256 sums
* creating tarball
packaged installation of ‘viridisLite’ as ‘viridisLite_0.4.3_R_x86_64-pc-linux-gnu.tar.gz’
* DONE (viridisLite)
* installing *binary* package ‘S7’ ...
* package ‘S7’ successfully unpacked and SHA256 sums checked
* ‘S7’ was already a binary package and will not be rebuilt
* SHA256 sums
* creating tarball
packaged installation of ‘S7’ as ‘S7_0.2.2_R_x86_64-pc-linux-gnu.tar.gz’
* DONE (S7)
* installing *binary* package ‘plyr’ ...
* package ‘plyr’ successfully unpacked and SHA256 sums checked
* ‘plyr’ was already a binary package and will not be rebuilt
* SHA256 sums
* creating tarball
packaged installation of ‘plyr’ as ‘plyr_1.8.9_R_x86_64-pc-linux-gnu.tar.gz’
* DONE (plyr)
* installing *binary* package ‘vegan’ ...
* package ‘vegan’ successfully unpacked and SHA256 sums checked
* ‘vegan’ was already a binary package and will not be rebuilt
* SHA256 sums
* creating tarball
packaged installation of ‘vegan’ as ‘vegan_2.7-5_R_x86_64-pc-linux-gnu.tar.gz’
* DONE (vegan)
* installing *binary* package ‘shinyBS’ ...
* package ‘shinyBS’ successfully unpacked and SHA256 sums checked
* ‘shinyBS’ was already a binary package and will not be rebuilt
* SHA256 sums
* creating tarball
packaged installation of ‘shinyBS’ as ‘shinyBS_0.65.0_R_x86_64-pc-linux-gnu.tar.gz’
* DONE (shinyBS)
* installing *source* package ‘gpaExample’ ...
** this is package ‘gpaExample’ version ‘1.24.0’
** using staged installation
** data
** help
*** installing help indices
** building package indices
** testing if installed package can be loaded from temporary location
** testing if installed package can be loaded from final location
** testing if installed package keeps a record of temporary installation path
* SHA256 sums
* creating tarball
packaged installation of ‘gpaExample’ as ‘gpaExample_1.24.0_R_x86_64-pc-linux-gnu.tar.gz’
* DONE (gpaExample)
* installing *binary* package ‘scales’ ...
* package ‘scales’ successfully unpacked and SHA256 sums checked
* ‘scales’ was already a binary package and will not be rebuilt
* SHA256 sums
* creating tarball
packaged installation of ‘scales’ as ‘scales_1.4.0_R_x86_64-pc-linux-gnu.tar.gz’
* DONE (scales)
* installing *binary* package ‘ggrepel’ ...
* package ‘ggrepel’ successfully unpacked and SHA256 sums checked
* ‘ggrepel’ was already a binary package and will not be rebuilt
* SHA256 sums
* creating tarball
packaged installation of ‘ggrepel’ as ‘ggrepel_0.9.8_R_x86_64-pc-linux-gnu.tar.gz’
* DONE (ggrepel)
* installing *source* package ‘GPA’ ...
** this is package ‘GPA’ version ‘1.24.0’
** using staged installation
** libs
using C++ compiler: ‘g++ (Ubuntu 13.3.0-6ubuntu2~24.04.1) 13.3.0’
g++ -std=gnu++20 -I"/usr/local/lib/R/include" -DNDEBUG  -I'/usr/local/lib/R/site-library/Rcpp/include' -I/usr/local/include    -fpic  -g -O2 -fstack-protector-strong -Wformat -Werror=format-security -Wdate-time -D_FORTIFY_SOURCE=2 -g   -c cppEM.cpp -o cppEM.o
'Rcpp:::LdFlags' has not been needed since 2013 (!!) and may get removed in 2027. Please update your 'Makevars'.
'RcppLdFlags' has not been needed since 2013 (!!) and may get removed in 2027. Please update your 'Makevars'.
'Rcpp:::LdFlags' has not been needed since 2013 (!!) and may get removed in 2027. Please update your 'Makevars'.
'RcppLdFlags' has not been needed since 2013 (!!) and may get removed in 2027. Please update your 'Makevars'.
g++ -std=gnu++20 -shared -L/usr/local/lib/R/lib -L/usr/local/lib -o GPA.so cppEM.o -L/usr/local/lib/R/lib -lR
installing to /tmp/library/00LOCK-GPA/00new/GPA/libs
** R
** inst
** byte-compile and prepare package for lazy loading
Creating a new generic function for ‘cov’ in package ‘GPA’
** help
*** installing help indices
** building package indices
** installing vignettes
** testing if installed package can be loaded from temporary location
** checking absolute paths in shared objects and dynamic libraries
** testing if installed package can be loaded from final location
** testing if installed package keeps a record of temporary installation path
* SHA256 sums
* creating tarball
packaged installation of ‘GPA’ as ‘GPA_1.24.0_R_x86_64-pc-linux-gnu.tar.gz’
* DONE (GPA)

The downloaded source packages are in
	‘/tmp/RtmpFkGl6i/downloaded_packages’
Old packages: 'httr2', 'pak', 'pkgdown', 'urlchecker', 'xfun', 'zip', 'MASS',
  'nlme', 'survival'

real	0m26.069s
user	0m18.184s
sys	0m6.018s
