+ Rscript -e 'Sys.setenv(BIOCONDUCTOR_USE_CONTAINER_REPOSITORY=FALSE);
  p <- .libPaths();
  p <- c('\''/tmp/library'\'', '\''/mnt/library'\'', p);
  .libPaths(p);
  if(BiocManager::install('\''rifiComparative'\'', INSTALL_opts = '\''--build'\'', update = TRUE, quiet = FALSE, dependencies=TRUE, force = TRUE, keep_outputs = TRUE) %in% rownames(installed.packages())) q(status = 0) else q(status = 1)'
'getOption("repos")' replaces Bioconductor standard repositories, see
'help("repositories", package = "BiocManager")' for details.
Replacement repositories:
    CRAN: https://p3m.dev/cran/__linux__/noble/latest
Bioconductor version 3.23 (BiocManager 1.30.27), R 4.6.1 (2026-06-24)
Installing package(s) 'rifiComparative'
also installing the dependency ‘doMC’

trying URL 'https://p3m.dev/cran/__linux__/noble/latest/src/contrib/doMC_1.3.8.tar.gz'
trying URL 'https://bioconductor.org/packages/3.23/bioc/src/contrib/rifiComparative_1.12.0.tar.gz'
* installing *binary* package ‘doMC’ ...
* package ‘doMC’ successfully unpacked and SHA256 sums checked
* ‘doMC’ was already a binary package and will not be rebuilt
* SHA256 sums
* creating tarball
packaged installation of ‘doMC’ as ‘doMC_1.3.8_R_x86_64-pc-linux-gnu.tar.gz’
* DONE (doMC)
* installing *source* package ‘rifiComparative’ ...
** this is package ‘rifiComparative’ version ‘1.12.0’
** using staged installation
Warning in person1(given = given[[i]], family = family[[i]], middle = middle[[i]],  :
  It is recommended to use ‘given’ instead of ‘middle’.
** R
** data
** inst
** byte-compile and prepare package for lazy loading
** help
*** installing help indices
** building package indices
** installing vignettes
** testing if installed package can be loaded from temporary location
** testing if installed package can be loaded from final location
** testing if installed package keeps a record of temporary installation path
* SHA256 sums
* creating tarball
packaged installation of ‘rifiComparative’ as ‘rifiComparative_1.12.0_R_x86_64-pc-linux-gnu.tar.gz’
* DONE (rifiComparative)

The downloaded source packages are in
	‘/tmp/RtmpIeB8vM/downloaded_packages’
Old packages: 'diffobj', 'httr2', 'pak', 'pkgdown', 'urlchecker', 'xfun',
  'zip', 'MASS', 'nlme', 'survival'

real	0m45.919s
user	0m36.476s
sys	0m4.594s
