+ Rscript -e 'Sys.setenv(BIOCONDUCTOR_USE_CONTAINER_REPOSITORY=FALSE);
  p <- .libPaths();
  p <- c('\''/tmp/library'\'', '\''/mnt/library'\'', p);
  .libPaths(p);
  if(BiocManager::install('\''gep2pep'\'', INSTALL_opts = '\''--build'\'', update = TRUE, quiet = FALSE, dependencies=TRUE, force = TRUE, keep_outputs = TRUE) %in% rownames(installed.packages())) q(status = 0) else q(status = 1)'
'getOption("repos")' replaces Bioconductor standard repositories, see
'help("repositories", package = "BiocManager")' for details.
Replacement repositories:
    CRAN: https://p3m.dev/cran/__linux__/noble/latest
Bioconductor version 3.23 (BiocManager 1.30.27), R 4.6.1 (2026-06-24)
Installing package(s) 'gep2pep'
Warning: dependency ‘repo’ is not available
trying URL 'https://bioconductor.org/packages/3.23/bioc/src/contrib/gep2pep_1.31.0.tar.gz'
Content type 'application/x-gzip' length 124536 bytes (121 KB)
==================================================
downloaded 121 KB

ERROR: dependency ‘repo’ is not available for package ‘gep2pep’
Perhaps try a variation of:
install.packages('repo')
* removing ‘/tmp/library/gep2pep’

The downloaded source packages are in
	‘/tmp/Rtmp2MYZBk/downloaded_packages’
Old packages: 'httr2', 'pak', 'pkgdown', 'urlchecker', 'xfun', 'zip', 'MASS',
  'nlme', 'survival'
Warning message:
In install.packages(...) :
  installation of package ‘gep2pep’ had non-zero exit status

real	0m11.096s
user	0m6.367s
sys	0m1.686s
