+ Rscript -e 'Sys.setenv(BIOCONDUCTOR_USE_CONTAINER_REPOSITORY=FALSE);
  p <- .libPaths();
  p <- c('\''/tmp/library'\'', '\''/mnt/library'\'', p);
  .libPaths(p);
  if(BiocManager::install('\''TargetSearch'\'', INSTALL_opts = '\''--build'\'', update = TRUE, quiet = FALSE, dependencies=TRUE, force = TRUE, keep_outputs = TRUE) %in% rownames(installed.packages())) q(status = 0) else q(status = 1)'
'getOption("repos")' replaces Bioconductor standard repositories, see
'help("repositories", package = "BiocManager")' for details.
Replacement repositories:
    CRAN: https://p3m.dev/cran/__linux__/noble/latest
Bioconductor version 3.23 (BiocManager 1.30.27), R 4.6.1 (2026-06-24)
Installing package(s) 'TargetSearch'
also installing the dependencies ‘ncdf4’, ‘assertthat’, ‘TargetSearchData’, ‘tinytest’

trying URL 'https://p3m.dev/cran/__linux__/noble/latest/src/contrib/ncdf4_1.24.tar.gz'
trying URL 'https://p3m.dev/cran/__linux__/noble/latest/src/contrib/assertthat_0.2.1.tar.gz'
trying URL 'https://bioconductor.org/packages/3.23/data/experiment/src/contrib/TargetSearchData_1.50.0.tar.gz'
trying URL 'https://p3m.dev/cran/__linux__/noble/latest/src/contrib/tinytest_1.4.3.tar.gz'
trying URL 'https://bioconductor.org/packages/3.23/bioc/src/contrib/TargetSearch_2.14.0.tar.gz'
* installing *binary* package ‘ncdf4’ ...
* package ‘ncdf4’ successfully unpacked and SHA256 sums checked
* ‘ncdf4’ was already a binary package and will not be rebuilt
* SHA256 sums
* creating tarball
packaged installation of ‘ncdf4’ as ‘ncdf4_1.24_R_x86_64-pc-linux-gnu.tar.gz’
* DONE (ncdf4)
* installing *binary* package ‘assertthat’ ...
* package ‘assertthat’ successfully unpacked and SHA256 sums checked
* ‘assertthat’ was already a binary package and will not be rebuilt
* SHA256 sums
* creating tarball
packaged installation of ‘assertthat’ as ‘assertthat_0.2.1_R_x86_64-pc-linux-gnu.tar.gz’
* DONE (assertthat)
* installing *source* package ‘TargetSearchData’ ...
** this is package ‘TargetSearchData’ version ‘1.50.0’
** using staged installation
** R
** inst
** byte-compile and prepare package for lazy loading
** help
*** installing help indices
** building package indices
** installing vignettes
** testing if installed package can be loaded from temporary location
** testing if installed package can be loaded from final location
** testing if installed package keeps a record of temporary installation path
* SHA256 sums
* creating tarball
packaged installation of ‘TargetSearchData’ as ‘TargetSearchData_1.50.0_R_x86_64-pc-linux-gnu.tar.gz’
* DONE (TargetSearchData)
* installing *binary* package ‘tinytest’ ...
* package ‘tinytest’ successfully unpacked and SHA256 sums checked
* ‘tinytest’ was already a binary package and will not be rebuilt
* SHA256 sums
* creating tarball
packaged installation of ‘tinytest’ as ‘tinytest_1.4.3_R_x86_64-pc-linux-gnu.tar.gz’
* DONE (tinytest)
* installing *source* package ‘TargetSearch’ ...
** this is package ‘TargetSearch’ version ‘2.14.0’
** using staged installation
** libs
using C compiler: ‘gcc (Ubuntu 13.3.0-6ubuntu2~24.04.1) 13.3.0’
gcc -std=gnu2x -I"/usr/local/lib/R/include" -DNDEBUG   -I/usr/local/include    -fpic  -g -O2 -fstack-protector-strong -Wformat -Werror=format-security -Wdate-time -D_FORTIFY_SOURCE=2 -g  -c Rinit.c -o Rinit.o
gcc -std=gnu2x -I"/usr/local/lib/R/include" -DNDEBUG   -I/usr/local/include    -fpic  -g -O2 -fstack-protector-strong -Wformat -Werror=format-security -Wdate-time -D_FORTIFY_SOURCE=2 -g  -c baseline.c -o baseline.o
gcc -std=gnu2x -I"/usr/local/lib/R/include" -DNDEBUG   -I/usr/local/include    -fpic  -g -O2 -fstack-protector-strong -Wformat -Werror=format-security -Wdate-time -D_FORTIFY_SOURCE=2 -g  -c detection.c -o detection.o
gcc -std=gnu2x -I"/usr/local/lib/R/include" -DNDEBUG   -I/usr/local/include    -fpic  -g -O2 -fstack-protector-strong -Wformat -Werror=format-security -Wdate-time -D_FORTIFY_SOURCE=2 -g  -c file.c -o file.o
gcc -std=gnu2x -I"/usr/local/lib/R/include" -DNDEBUG   -I/usr/local/include    -fpic  -g -O2 -fstack-protector-strong -Wformat -Werror=format-security -Wdate-time -D_FORTIFY_SOURCE=2 -g  -c find.c -o find.o
gcc -std=gnu2x -I"/usr/local/lib/R/include" -DNDEBUG   -I/usr/local/include    -fpic  -g -O2 -fstack-protector-strong -Wformat -Werror=format-security -Wdate-time -D_FORTIFY_SOURCE=2 -g  -c get_line.c -o get_line.o
gcc -std=gnu2x -I"/usr/local/lib/R/include" -DNDEBUG   -I/usr/local/include    -fpic  -g -O2 -fstack-protector-strong -Wformat -Werror=format-security -Wdate-time -D_FORTIFY_SOURCE=2 -g  -c hpf.c -o hpf.o
gcc -std=gnu2x -I"/usr/local/lib/R/include" -DNDEBUG   -I/usr/local/include    -fpic  -g -O2 -fstack-protector-strong -Wformat -Werror=format-security -Wdate-time -D_FORTIFY_SOURCE=2 -g  -c matrix.c -o matrix.o
gcc -std=gnu2x -I"/usr/local/lib/R/include" -DNDEBUG   -I/usr/local/include    -fpic  -g -O2 -fstack-protector-strong -Wformat -Werror=format-security -Wdate-time -D_FORTIFY_SOURCE=2 -g  -c ncdf.c -o ncdf.o
gcc -std=gnu2x -I"/usr/local/lib/R/include" -DNDEBUG   -I/usr/local/include    -fpic  -g -O2 -fstack-protector-strong -Wformat -Werror=format-security -Wdate-time -D_FORTIFY_SOURCE=2 -g  -c peak.c -o peak.o
gcc -std=gnu2x -I"/usr/local/lib/R/include" -DNDEBUG   -I/usr/local/include    -fpic  -g -O2 -fstack-protector-strong -Wformat -Werror=format-security -Wdate-time -D_FORTIFY_SOURCE=2 -g  -c spectrum.c -o spectrum.o
gcc -std=gnu2x -I"/usr/local/lib/R/include" -DNDEBUG   -I/usr/local/include    -fpic  -g -O2 -fstack-protector-strong -Wformat -Werror=format-security -Wdate-time -D_FORTIFY_SOURCE=2 -g  -c strutils.c -o strutils.o
gcc -std=gnu2x -I"/usr/local/lib/R/include" -DNDEBUG   -I/usr/local/include    -fpic  -g -O2 -fstack-protector-strong -Wformat -Werror=format-security -Wdate-time -D_FORTIFY_SOURCE=2 -g  -c utils.c -o utils.o
gcc -std=gnu2x -shared -L/usr/local/lib/R/lib -L/usr/local/lib -o TargetSearch.so Rinit.o baseline.o detection.o file.o find.o get_line.o hpf.o matrix.o ncdf.o peak.o spectrum.o strutils.o utils.o -L/usr/local/lib/R/lib -lR
installing to /tmp/library/00LOCK-TargetSearch/00new/TargetSearch/libs
** R
** data
** inst
** byte-compile and prepare package for lazy loading
** help
*** installing help indices
** building package indices
** installing vignettes
** testing if installed package can be loaded from temporary location
** checking absolute paths in shared objects and dynamic libraries
** testing if installed package can be loaded from final location
** testing if installed package keeps a record of temporary installation path
* SHA256 sums
* creating tarball
packaged installation of ‘TargetSearch’ as ‘TargetSearch_2.14.0_R_x86_64-pc-linux-gnu.tar.gz’
* DONE (TargetSearch)

The downloaded source packages are in
	‘/tmp/RtmpBBhrIF/downloaded_packages’
Old packages: 'httr2', 'pak', 'pkgdown', 'urlchecker', 'xfun', 'zip', 'MASS',
  'nlme', 'survival'

real	0m42.000s
user	0m31.731s
sys	0m4.154s
