+ Rscript -e 'Sys.setenv(BIOCONDUCTOR_USE_CONTAINER_REPOSITORY=FALSE);
  p <- .libPaths();
  p <- c('\''/tmp/library'\'', '\''/mnt/library'\'', p);
  .libPaths(p);
  if(BiocManager::install('\''MGnifyR'\'', INSTALL_opts = '\''--build'\'', update = TRUE, quiet = FALSE, dependencies=TRUE, force = TRUE, keep_outputs = TRUE) %in% rownames(installed.packages())) q(status = 0) else q(status = 1)'
'getOption("repos")' replaces Bioconductor standard repositories, see
'help("repositories", package = "BiocManager")' for details.
Replacement repositories:
    CRAN: https://p3m.dev/cran/__linux__/noble/latest
Bioconductor version 3.24 (BiocManager 1.30.27), R 4.6.1 (2026-06-24)
Installing package(s) 'MGnifyR'
trying URL 'https://bioconductor.org/packages/3.24/bioc/src/contrib/MGnifyR_1.9.0.tar.gz'
Content type 'application/x-gzip' length 4535254 bytes (4.3 MB)
==================================================
downloaded 4.3 MB

* installing *source* package ‘MGnifyR’ ...
** this is package ‘MGnifyR’ version ‘1.9.0’
** package ‘MGnifyR’ successfully unpacked and MD5 sums checked
** using staged installation
** R
** inst
** byte-compile and prepare package for lazy loading
Note: ... may be used in an incorrect context 
Note: ... may be used in an incorrect context 
** help
*** installing help indices
*** copying figures
** building package indices
** installing vignettes
** testing if installed package can be loaded from temporary location
** testing if installed package can be loaded from final location
** testing if installed package keeps a record of temporary installation path
* SHA256 sums
* creating tarball
packaged installation of ‘MGnifyR’ as ‘MGnifyR_1.9.0_R_x86_64-pc-linux-gnu.tar.gz’
* DONE (MGnifyR)

The downloaded source packages are in
	‘/tmp/Rtmpk2cTOf/downloaded_packages’
Old packages: 'diffobj'

real	0m50.913s
user	0m39.362s
sys	0m6.113s
