+ Rscript -e 'Sys.setenv(BIOCONDUCTOR_USE_CONTAINER_REPOSITORY=FALSE);
  p <- .libPaths();
  p <- c('\''/tmp/library'\'', '\''/mnt/library'\'', p);
  .libPaths(p);
  if(BiocManager::install('\''CytoPipelineGUI'\'', INSTALL_opts = '\''--build'\'', update = TRUE, quiet = FALSE, dependencies=TRUE, force = TRUE, keep_outputs = TRUE) %in% rownames(installed.packages())) q(status = 0) else q(status = 1)'
'getOption("repos")' replaces Bioconductor standard repositories, see
'help("repositories", package = "BiocManager")' for details.
Replacement repositories:
    CRAN: https://p3m.dev/cran/__linux__/noble/latest
Bioconductor version 3.23 (BiocManager 1.30.27), R 4.6.1 (2026-06-24)
Installing package(s) 'CytoPipelineGUI'
trying URL 'https://bioconductor.org/packages/3.23/bioc/src/contrib/CytoPipelineGUI_1.10.0.tar.gz'
Content type 'application/x-gzip' length 1444919 bytes (1.4 MB)
==================================================
downloaded 1.4 MB

* installing *source* package ‘CytoPipelineGUI’ ...
** this is package ‘CytoPipelineGUI’ version ‘1.10.0’
** using staged installation
** R
** inst
** byte-compile and prepare package for lazy loading
** help
*** installing help indices
** building package indices
** installing vignettes
** testing if installed package can be loaded from temporary location
** testing if installed package can be loaded from final location
** testing if installed package keeps a record of temporary installation path
* SHA256 sums
* creating tarball
packaged installation of ‘CytoPipelineGUI’ as ‘CytoPipelineGUI_1.10.0_R_x86_64-pc-linux-gnu.tar.gz’
* DONE (CytoPipelineGUI)

The downloaded source packages are in
	‘/tmp/RtmpEzAxqe/downloaded_packages’
Old packages: 'diffobj', 'httr2', 'pak', 'pkgdown', 'urlchecker', 'xfun',
  'zip', 'MASS', 'nlme', 'survival'

real	0m28.366s
user	0m18.573s
sys	0m4.750s
