+ Rscript -e 'Sys.setenv(BIOCONDUCTOR_USE_CONTAINER_REPOSITORY=FALSE);
  p <- .libPaths();
  p <- c('\''/tmp/library'\'', '\''/mnt/library'\'', p);
  .libPaths(p);
  if(BiocManager::install('\''BiocMaintainerApp'\'', INSTALL_opts = '\''--build'\'', update = TRUE, quiet = FALSE, dependencies=TRUE, force = TRUE, keep_outputs = TRUE) %in% rownames(installed.packages())) q(status = 0) else q(status = 1)'
'getOption("repos")' replaces Bioconductor standard repositories, see
'help("repositories", package = "BiocManager")' for details.
Replacement repositories:
    CRAN: https://p3m.dev/cran/__linux__/noble/latest
Bioconductor version 3.23 (BiocManager 1.30.27), R 4.6.1 (2026-06-24)
Installing package(s) 'BiocMaintainerApp'
also installing the dependencies ‘lazyeval’, ‘crosstalk’, ‘bookdown’, ‘DT’, ‘shinyjs’, ‘shinythemes’, ‘BiocStyle’

trying URL 'https://p3m.dev/cran/__linux__/noble/latest/src/contrib/lazyeval_0.2.3.tar.gz'
trying URL 'https://p3m.dev/cran/__linux__/noble/latest/src/contrib/crosstalk_1.2.2.tar.gz'
trying URL 'https://p3m.dev/cran/__linux__/noble/latest/src/contrib/bookdown_0.47.tar.gz'
trying URL 'https://p3m.dev/cran/__linux__/noble/latest/src/contrib/DT_0.34.0.tar.gz'
trying URL 'https://p3m.dev/cran/__linux__/noble/latest/src/contrib/shinyjs_2.1.1.tar.gz'
trying URL 'https://p3m.dev/cran/__linux__/noble/latest/src/contrib/shinythemes_1.2.0.tar.gz'
trying URL 'https://bioconductor.org/packages/3.23/bioc/src/contrib/BiocStyle_2.40.0.tar.gz'
trying URL 'https://bioconductor.org/packages/3.23/bioc/src/contrib/BiocMaintainerApp_1.0.0.tar.gz'
* installing *binary* package ‘lazyeval’ ...
* package ‘lazyeval’ successfully unpacked and SHA256 sums checked
* ‘lazyeval’ was already a binary package and will not be rebuilt
* SHA256 sums
* creating tarball
packaged installation of ‘lazyeval’ as ‘lazyeval_0.2.3_R_x86_64-pc-linux-gnu.tar.gz’
* DONE (lazyeval)
* installing *binary* package ‘bookdown’ ...
* package ‘bookdown’ successfully unpacked and SHA256 sums checked
* ‘bookdown’ was already a binary package and will not be rebuilt
* SHA256 sums
* creating tarball
packaged installation of ‘bookdown’ as ‘bookdown_0.47_R_x86_64-pc-linux-gnu.tar.gz’
* DONE (bookdown)
* installing *binary* package ‘shinyjs’ ...
* package ‘shinyjs’ successfully unpacked and SHA256 sums checked
* ‘shinyjs’ was already a binary package and will not be rebuilt
* SHA256 sums
* creating tarball
packaged installation of ‘shinyjs’ as ‘shinyjs_2.1.1_R_x86_64-pc-linux-gnu.tar.gz’
* DONE (shinyjs)
* installing *binary* package ‘shinythemes’ ...
* package ‘shinythemes’ successfully unpacked and SHA256 sums checked
* ‘shinythemes’ was already a binary package and will not be rebuilt
* SHA256 sums
* creating tarball
packaged installation of ‘shinythemes’ as ‘shinythemes_1.2.0_R_x86_64-pc-linux-gnu.tar.gz’
* DONE (shinythemes)
* installing *binary* package ‘crosstalk’ ...
* package ‘crosstalk’ successfully unpacked and SHA256 sums checked
* ‘crosstalk’ was already a binary package and will not be rebuilt
* SHA256 sums
* creating tarball
packaged installation of ‘crosstalk’ as ‘crosstalk_1.2.2_R_x86_64-pc-linux-gnu.tar.gz’
* DONE (crosstalk)
* installing *source* package ‘BiocStyle’ ...
** this is package ‘BiocStyle’ version ‘2.40.0’
** using staged installation
** R
** inst
** byte-compile and prepare package for lazy loading
** help
*** installing help indices
** building package indices
** installing vignettes
** testing if installed package can be loaded from temporary location
** testing if installed package can be loaded from final location
** testing if installed package keeps a record of temporary installation path
* SHA256 sums
* creating tarball
packaged installation of ‘BiocStyle’ as ‘BiocStyle_2.40.0_R_x86_64-pc-linux-gnu.tar.gz’
* DONE (BiocStyle)
* installing *binary* package ‘DT’ ...
* package ‘DT’ successfully unpacked and SHA256 sums checked
* ‘DT’ was already a binary package and will not be rebuilt
* SHA256 sums
* creating tarball
packaged installation of ‘DT’ as ‘DT_0.34.0_R_x86_64-pc-linux-gnu.tar.gz’
* DONE (DT)
* installing *source* package ‘BiocMaintainerApp’ ...
** this is package ‘BiocMaintainerApp’ version ‘1.0.0’
** using staged installation
** R
** inst
** byte-compile and prepare package for lazy loading
** help
*** installing help indices
** building package indices
** installing vignettes
** testing if installed package can be loaded from temporary location
** testing if installed package can be loaded from final location
** testing if installed package keeps a record of temporary installation path
* SHA256 sums
* creating tarball
packaged installation of ‘BiocMaintainerApp’ as ‘BiocMaintainerApp_1.0.0_R_x86_64-pc-linux-gnu.tar.gz’
* DONE (BiocMaintainerApp)

The downloaded source packages are in
	‘/tmp/RtmpFo4GeZ/downloaded_packages’
Old packages: 'httr2', 'pak', 'pkgdown', 'urlchecker', 'xfun', 'zip', 'MASS',
  'nlme', 'survival'

real	0m12.431s
user	0m9.009s
sys	0m4.109s
