+ Rscript -e 'Sys.setenv(BIOCONDUCTOR_USE_CONTAINER_REPOSITORY=FALSE);
  p <- .libPaths();
  p <- c('\''/tmp/library'\'', '\''/mnt/library'\'', p);
  .libPaths(p);
  if(BiocManager::install('\''DMRcaller'\'', INSTALL_opts = '\''--build'\'', update = TRUE, quiet = FALSE, dependencies=TRUE, force = TRUE, keep_outputs = TRUE) %in% rownames(installed.packages())) q(status = 0) else q(status = 1)'
'getOption("repos")' replaces Bioconductor standard repositories, see
'help("repositories", package = "BiocManager")' for details.
Replacement repositories:
    CRAN: https://p3m.dev/cran/__linux__/noble/latest
Bioconductor version 3.24 (BiocManager 1.30.27), R 4.6.1 (2026-06-24)
Installing package(s) 'DMRcaller'
also installing the dependency ‘inflection’

trying URL 'https://p3m.dev/cran/__linux__/noble/latest/src/contrib/inflection_1.3.7.tar.gz'
trying URL 'https://bioconductor.org/packages/3.24/bioc/src/contrib/DMRcaller_1.45.0.tar.gz'
* installing *binary* package ‘inflection’ ...
* package ‘inflection’ successfully unpacked and SHA256 sums checked
* ‘inflection’ was already a binary package and will not be rebuilt
* SHA256 sums
* creating tarball
packaged installation of ‘inflection’ as ‘inflection_1.3.7_R_x86_64-pc-linux-gnu.tar.gz’
* DONE (inflection)
* installing *source* package ‘DMRcaller’ ...
** this is package ‘DMRcaller’ version ‘1.45.0’
** package ‘DMRcaller’ successfully unpacked and MD5 sums checked
** using staged installation
** R
** data
** inst
** byte-compile and prepare package for lazy loading
** help
*** installing help indices
** building package indices
** installing vignettes
** testing if installed package can be loaded from temporary location
** testing if installed package can be loaded from final location
** testing if installed package keeps a record of temporary installation path
* SHA256 sums
* creating tarball
packaged installation of ‘DMRcaller’ as ‘DMRcaller_1.45.0_R_x86_64-pc-linux-gnu.tar.gz’
* DONE (DMRcaller)

The downloaded source packages are in
	‘/tmp/RtmpgdDaTY/downloaded_packages’
Old packages: 'diffobj'

real	0m54.517s
user	0m36.671s
sys	0m5.874s
