+ Rscript -e 'Sys.setenv(BIOCONDUCTOR_USE_CONTAINER_REPOSITORY=FALSE);
  p <- .libPaths();
  p <- c('\''/tmp/library'\'', '\''/mnt/library'\'', p);
  .libPaths(p);
  if(BiocManager::install('\''CCPROMISE'\'', INSTALL_opts = '\''--build'\'', update = TRUE, quiet = FALSE, dependencies=TRUE, force = TRUE, keep_outputs = TRUE) %in% rownames(installed.packages())) q(status = 0) else q(status = 1)'
'getOption("repos")' replaces Bioconductor standard repositories, see
'help("repositories", package = "BiocManager")' for details.
Replacement repositories:
    CRAN: https://p3m.dev/cran/__linux__/noble/latest
Bioconductor version 3.23 (BiocManager 1.30.27), R 4.6.1 (2026-06-24)
Installing package(s) 'CCPROMISE'
also installing the dependency ‘CCP’

trying URL 'https://p3m.dev/cran/__linux__/noble/latest/src/contrib/CCP_1.2.tar.gz'
trying URL 'https://bioconductor.org/packages/3.23/bioc/src/contrib/CCPROMISE_1.38.0.tar.gz'
* installing *binary* package ‘CCP’ ...
* package ‘CCP’ successfully unpacked and SHA256 sums checked
* ‘CCP’ was already a binary package and will not be rebuilt
* SHA256 sums
* creating tarball
packaged installation of ‘CCP’ as ‘CCP_1.2_R_x86_64-pc-linux-gnu.tar.gz’
* DONE (CCP)
* installing *source* package ‘CCPROMISE’ ...
** this is package ‘CCPROMISE’ version ‘1.38.0’
** using staged installation
** R
** data
** inst
** byte-compile and prepare package for lazy loading
Note: break used in wrong context: no loop is visible 
Note: break used in wrong context: no loop is visible 
Note: break used in wrong context: no loop is visible 
Note: break used in wrong context: no loop is visible 
** help
*** installing help indices
** building package indices
** installing vignettes
** testing if installed package can be loaded from temporary location
** testing if installed package can be loaded from final location
** testing if installed package keeps a record of temporary installation path
* SHA256 sums
* creating tarball
packaged installation of ‘CCPROMISE’ as ‘CCPROMISE_1.38.0_R_x86_64-pc-linux-gnu.tar.gz’
* DONE (CCPROMISE)

The downloaded source packages are in
	‘/tmp/RtmpEqzeBn/downloaded_packages’
Old packages: 'httr2', 'pak', 'pkgdown', 'urlchecker', 'xfun', 'zip', 'MASS',
  'nlme', 'survival'

real	0m30.487s
user	0m18.770s
sys	0m3.746s
