+ Rscript -e 'Sys.setenv(BIOCONDUCTOR_USE_CONTAINER_REPOSITORY=FALSE);
  p <- .libPaths();
  p <- c('\''/tmp/library'\'', '\''/mnt/library'\'', p);
  .libPaths(p);
  if(BiocManager::install('\''matter'\'', INSTALL_opts = '\''--build'\'', update = TRUE, quiet = FALSE, dependencies=TRUE, force = TRUE, keep_outputs = TRUE) %in% rownames(installed.packages())) q(status = 0) else q(status = 1)'
'getOption("repos")' replaces Bioconductor standard repositories, see
'help("repositories", package = "BiocManager")' for details.
Replacement repositories:
    CRAN: https://p3m.dev/cran/__linux__/noble/latest
Bioconductor version 3.24 (BiocManager 1.30.27), R 4.6.1 (2026-06-24)
Installing package(s) 'matter'
trying URL 'https://bioconductor.org/packages/3.24/bioc/src/contrib/matter_2.15.0.tar.gz'
Content type 'application/x-gzip' length 3201677 bytes (3.1 MB)
==================================================
downloaded 3.1 MB

* installing *source* package ‘matter’ ...
** this is package ‘matter’ version ‘2.15.0’
** package ‘matter’ successfully unpacked and MD5 sums checked
** using staged installation
** libs
using C++ compiler: ‘g++ (Ubuntu 13.3.0-6ubuntu2~24.04.1) 13.3.0’
g++ -std=gnu++20 -I"/usr/local/lib/R/include" -DNDEBUG  -I'/mnt/library/BH/include' -I/usr/local/include    -fpic  -g -O2 -fstack-protector-strong -Wformat -Werror=format-security -Wdate-time -D_FORTIFY_SOURCE=2 -g   -c altrep.cpp -o altrep.o
g++ -std=gnu++20 -I"/usr/local/lib/R/include" -DNDEBUG  -I'/mnt/library/BH/include' -I/usr/local/include    -fpic  -g -O2 -fstack-protector-strong -Wformat -Werror=format-security -Wdate-time -D_FORTIFY_SOURCE=2 -g   -c init.cpp -o init.o
g++ -std=gnu++20 -I"/usr/local/lib/R/include" -DNDEBUG  -I'/mnt/library/BH/include' -I/usr/local/include    -fpic  -g -O2 -fstack-protector-strong -Wformat -Werror=format-security -Wdate-time -D_FORTIFY_SOURCE=2 -g   -c matterExports.cpp -o matterExports.o
g++ -std=gnu++20 -shared -L/usr/local/lib/R/lib -L/usr/local/lib -o matter.so altrep.o init.o matterExports.o -L/usr/local/lib/R/lib -lR
installing to /tmp/library/00LOCK-matter/00new/matter/libs
** R
** inst
** byte-compile and prepare package for lazy loading
** help
*** installing help indices
** building package indices
** installing vignettes
** testing if installed package can be loaded from temporary location
** checking absolute paths in shared objects and dynamic libraries
** testing if installed package can be loaded from final location
** testing if installed package keeps a record of temporary installation path
* SHA256 sums
* creating tarball
packaged installation of ‘matter’ as ‘matter_2.15.0_R_x86_64-pc-linux-gnu.tar.gz’
* DONE (matter)

The downloaded source packages are in
	‘/tmp/RtmpPWUXHu/downloaded_packages’
Old packages: 'diffobj'

real	0m47.389s
user	0m40.356s
sys	0m4.823s
