+ Rscript -e 'Sys.setenv(BIOCONDUCTOR_USE_CONTAINER_REPOSITORY=FALSE);
  p <- .libPaths();
  p <- c('\''/tmp/library'\'', '\''/mnt/library'\'', p);
  .libPaths(p);
  if(BiocManager::install('\''TSENAT'\'', INSTALL_opts = '\''--build'\'', update = TRUE, quiet = FALSE, dependencies=TRUE, force = TRUE, keep_outputs = TRUE) %in% rownames(installed.packages())) q(status = 0) else q(status = 1)'
'getOption("repos")' replaces Bioconductor standard repositories, see
'help("repositories", package = "BiocManager")' for details.
Replacement repositories:
    CRAN: https://p3m.dev/cran/__linux__/noble/latest
Bioconductor version 3.24 (BiocManager 1.30.27), R 4.6.1 (2026-06-24)
Installing package(s) 'TSENAT'
also installing the dependencies ‘mda’, ‘gamsel’, ‘SplicingFactory’

trying URL 'https://p3m.dev/cran/__linux__/noble/latest/src/contrib/mda_0.5-5.tar.gz'
trying URL 'https://p3m.dev/cran/__linux__/noble/latest/src/contrib/gamsel_1.8-5.tar.gz'
trying URL 'https://bioconductor.org/packages/3.24/bioc/src/contrib/SplicingFactory_1.21.0.tar.gz'
trying URL 'https://bioconductor.org/packages/3.24/bioc/src/contrib/TSENAT_0.99.27.tar.gz'
* installing *binary* package ‘mda’ ...
* package ‘mda’ successfully unpacked and SHA256 sums checked
* ‘mda’ was already a binary package and will not be rebuilt
* SHA256 sums
* creating tarball
packaged installation of ‘mda’ as ‘mda_0.5-5_R_x86_64-pc-linux-gnu.tar.gz’
* DONE (mda)
* installing *source* package ‘SplicingFactory’ ...
** this is package ‘SplicingFactory’ version ‘1.21.0’
** package ‘SplicingFactory’ successfully unpacked and MD5 sums checked
** using staged installation
** R
** data
*** moving datasets to lazyload DB
** inst
** byte-compile and prepare package for lazy loading
** help
*** installing help indices
** building package indices
** installing vignettes
** testing if installed package can be loaded from temporary location
** testing if installed package can be loaded from final location
** testing if installed package keeps a record of temporary installation path
* SHA256 sums
* creating tarball
packaged installation of ‘SplicingFactory’ as ‘SplicingFactory_1.21.0_R_x86_64-pc-linux-gnu.tar.gz’
* DONE (SplicingFactory)
* installing *source* package ‘TSENAT’ ...
** this is package ‘TSENAT’ version ‘0.99.27’
** package ‘TSENAT’ successfully unpacked and MD5 sums checked
** using staged installation
** libs
using C++ compiler: ‘g++ (Ubuntu 13.3.0-6ubuntu2~24.04.1) 13.3.0’
g++ -std=gnu++20 -I"/usr/local/lib/R/include" -DNDEBUG  -I'/usr/local/lib/R/site-library/Rcpp/include' -I'/mnt/library/RcppArmadillo/include' -I/usr/local/include    -fopenmp -fpic  -g -O2 -fstack-protector-strong -Wformat -Werror=format-security -Wdate-time -D_FORTIFY_SOURCE=2 -g   -c RcppExports.cpp -o RcppExports.o
g++ -std=gnu++20 -I"/usr/local/lib/R/include" -DNDEBUG  -I'/usr/local/lib/R/site-library/Rcpp/include' -I'/mnt/library/RcppArmadillo/include' -I/usr/local/include    -fopenmp -fpic  -g -O2 -fstack-protector-strong -Wformat -Werror=format-security -Wdate-time -D_FORTIFY_SOURCE=2 -g   -c resampling_rcpp.cpp -o resampling_rcpp.o
g++ -std=gnu++20 -shared -L/usr/local/lib/R/lib -L/usr/local/lib -o TSENAT.so RcppExports.o resampling_rcpp.o -fopenmp -llapack -lblas -lgfortran -lm -lquadmath -L/usr/local/lib/R/lib -lR
installing to /tmp/library/00LOCK-TSENAT/00new/TSENAT/libs
** R
** data
** inst
** byte-compile and prepare package for lazy loading
** help
*** installing help indices
** building package indices
** installing vignettes
** testing if installed package can be loaded from temporary location
** checking absolute paths in shared objects and dynamic libraries
** testing if installed package can be loaded from final location
** testing if installed package keeps a record of temporary installation path
* SHA256 sums
* creating tarball
packaged installation of ‘TSENAT’ as ‘TSENAT_0.99.27_R_x86_64-pc-linux-gnu.tar.gz’
* DONE (TSENAT)
* installing *binary* package ‘gamsel’ ...
* package ‘gamsel’ successfully unpacked and SHA256 sums checked
* ‘gamsel’ was already a binary package and will not be rebuilt
* SHA256 sums
* creating tarball
packaged installation of ‘gamsel’ as ‘gamsel_1.8-5_R_x86_64-pc-linux-gnu.tar.gz’
* DONE (gamsel)

The downloaded source packages are in
	‘/tmp/RtmpJFVeph/downloaded_packages’
Old packages: 'diffobj'

real	1m30.485s
user	1m11.712s
sys	0m9.111s
