+ Rscript -e 'Sys.setenv(BIOCONDUCTOR_USE_CONTAINER_REPOSITORY=FALSE);
  p <- .libPaths();
  p <- c('\''/tmp/library'\'', '\''/mnt/library'\'', p);
  .libPaths(p);
  if(BiocManager::install('\''metabinR'\'', INSTALL_opts = '\''--build'\'', update = TRUE, quiet = FALSE, dependencies=TRUE, force = TRUE, keep_outputs = TRUE) %in% rownames(installed.packages())) q(status = 0) else q(status = 1)'
'getOption("repos")' replaces Bioconductor standard repositories, see
'help("repositories", package = "BiocManager")' for details.
Replacement repositories:
    CRAN: https://p3m.dev/cran/__linux__/noble/latest
Bioconductor version 3.24 (BiocManager 1.30.27), R 4.6.1 (2026-06-24)
Installing package(s) 'metabinR'
also installing the dependency ‘sabre’

trying URL 'https://p3m.dev/cran/__linux__/noble/latest/src/contrib/sabre_0.4.3.tar.gz'
trying URL 'https://bioconductor.org/packages/3.24/bioc/src/contrib/metabinR_2.1.0.tar.gz'
* installing *binary* package ‘sabre’ ...
* package ‘sabre’ successfully unpacked and SHA256 sums checked
* ‘sabre’ was already a binary package and will not be rebuilt
* SHA256 sums
* creating tarball
packaged installation of ‘sabre’ as ‘sabre_0.4.3_R_x86_64-pc-linux-gnu.tar.gz’
* DONE (sabre)
* installing *source* package ‘metabinR’ ...
** this is package ‘metabinR’ version ‘2.1.0’
** package ‘metabinR’ successfully unpacked and MD5 sums checked
** using staged installation
** R
** inst
** byte-compile and prepare package for lazy loading
** help
*** installing help indices
** building package indices
** installing vignettes
** testing if installed package can be loaded from temporary location
** testing if installed package can be loaded from final location
** testing if installed package keeps a record of temporary installation path
* SHA256 sums
* creating tarball
packaged installation of ‘metabinR’ as ‘metabinR_2.1.0_R_x86_64-pc-linux-gnu.tar.gz’
* DONE (metabinR)

The downloaded source packages are in
	‘/tmp/RtmpGtzD4E/downloaded_packages’
Old packages: 'diffobj'

real	0m46.679s
user	0m33.898s
sys	0m5.019s
