+ Rscript -e 'Sys.setenv(BIOCONDUCTOR_USE_CONTAINER_REPOSITORY=FALSE);
  p <- .libPaths();
  p <- c('\''/tmp/library'\'', '\''/mnt/library'\'', p);
  .libPaths(p);
  if(BiocManager::install('\''MetMashR'\'', INSTALL_opts = '\''--build'\'', update = TRUE, quiet = FALSE, dependencies=TRUE, force = TRUE, keep_outputs = TRUE) %in% rownames(installed.packages())) q(status = 0) else q(status = 1)'
'getOption("repos")' replaces Bioconductor standard repositories, see
'help("repositories", package = "BiocManager")' for details.
Replacement repositories:
    CRAN: https://p3m.dev/cran/__linux__/noble/latest
Bioconductor version 3.24 (BiocManager 1.30.27), R 4.6.1 (2026-06-24)
Installing package(s) 'MetMashR'
also installing the dependency ‘ComplexUpset’

trying URL 'https://p3m.dev/cran/__linux__/noble/latest/src/contrib/ComplexUpset_1.3.3.tar.gz'
trying URL 'https://bioconductor.org/packages/3.24/bioc/src/contrib/MetMashR_1.7.1.tar.gz'
* installing *binary* package ‘ComplexUpset’ ...
* package ‘ComplexUpset’ successfully unpacked and SHA256 sums checked
* ‘ComplexUpset’ was already a binary package and will not be rebuilt
* SHA256 sums
* creating tarball
packaged installation of ‘ComplexUpset’ as ‘ComplexUpset_1.3.3_R_x86_64-pc-linux-gnu.tar.gz’
* DONE (ComplexUpset)
* installing *source* package ‘MetMashR’ ...
** this is package ‘MetMashR’ version ‘1.7.1’
** package ‘MetMashR’ successfully unpacked and MD5 sums checked
** using staged installation
** R
** inst
** byte-compile and prepare package for lazy loading
** help
*** installing help indices
** building package indices
** installing vignettes
** testing if installed package can be loaded from temporary location
** testing if installed package can be loaded from final location
** testing if installed package keeps a record of temporary installation path
* SHA256 sums
* creating tarball
packaged installation of ‘MetMashR’ as ‘MetMashR_1.7.1_R_x86_64-pc-linux-gnu.tar.gz’
* DONE (MetMashR)

The downloaded source packages are in
	‘/tmp/Rtmpyn8U21/downloaded_packages’
Old packages: 'diffobj'

real	0m47.689s
user	0m35.823s
sys	0m5.872s
