+ Rscript -e 'Sys.setenv(BIOCONDUCTOR_USE_CONTAINER_REPOSITORY=FALSE);
  p <- .libPaths();
  p <- c('\''/tmp/library'\'', '\''/mnt/library'\'', p);
  .libPaths(p);
  if(BiocManager::install('\''imcRtools'\'', INSTALL_opts = '\''--build'\'', update = TRUE, quiet = FALSE, dependencies=TRUE, force = TRUE, keep_outputs = TRUE) %in% rownames(installed.packages())) q(status = 0) else q(status = 1)'
'getOption("repos")' replaces Bioconductor standard repositories, see
'help("repositories", package = "BiocManager")' for details.
Replacement repositories:
    CRAN: https://p3m.dev/cran/__linux__/noble/latest
Bioconductor version 3.23 (BiocManager 1.30.27), R 4.6.1 (2026-06-24)
Installing package(s) 'imcRtools'
also installing the dependencies ‘RTriangle’, ‘CATALYST’

trying URL 'https://p3m.dev/cran/__linux__/noble/latest/src/contrib/RTriangle_1.6-0.15.tar.gz'
trying URL 'https://bioconductor.org/packages/3.23/bioc/src/contrib/CATALYST_1.36.0.tar.gz'
trying URL 'https://bioconductor.org/packages/3.23/bioc/src/contrib/imcRtools_1.18.1.tar.gz'
* installing *binary* package ‘RTriangle’ ...
* package ‘RTriangle’ successfully unpacked and SHA256 sums checked
* ‘RTriangle’ was already a binary package and will not be rebuilt
* SHA256 sums
* creating tarball
packaged installation of ‘RTriangle’ as ‘RTriangle_1.6-0.15_R_x86_64-pc-linux-gnu.tar.gz’
* DONE (RTriangle)
* installing *source* package ‘CATALYST’ ...
** this is package ‘CATALYST’ version ‘1.36.0’
** using staged installation
** R
** data
*** moving datasets to lazyload DB
** inst
** byte-compile and prepare package for lazy loading
** help
*** installing help indices
** building package indices
** installing vignettes
** testing if installed package can be loaded from temporary location
** testing if installed package can be loaded from final location
** testing if installed package keeps a record of temporary installation path
* SHA256 sums
* creating tarball
packaged installation of ‘CATALYST’ as ‘CATALYST_1.36.0_R_x86_64-pc-linux-gnu.tar.gz’
* DONE (CATALYST)
* installing *source* package ‘imcRtools’ ...
** this is package ‘imcRtools’ version ‘1.18.1’
** using staged installation
** R
** inst
** byte-compile and prepare package for lazy loading
** help
Warning: bad markup (extra space?) at readSCEfromTIFF.Rd:27:79
*** installing help indices
** building package indices
** installing vignettes
** testing if installed package can be loaded from temporary location
** testing if installed package can be loaded from final location
** testing if installed package keeps a record of temporary installation path
* SHA256 sums
* creating tarball
packaged installation of ‘imcRtools’ as ‘imcRtools_1.18.1_R_x86_64-pc-linux-gnu.tar.gz’
* DONE (imcRtools)

The downloaded source packages are in
	‘/tmp/RtmpwPTPIx/downloaded_packages’
Old packages: 'diffobj', 'httr2', 'pak', 'pkgdown', 'urlchecker', 'xfun',
  'zip', 'MASS', 'nlme', 'survival'

real	2m7.226s
user	1m40.122s
sys	0m10.463s
