+ Rscript -e 'Sys.setenv(BIOCONDUCTOR_USE_CONTAINER_REPOSITORY=FALSE);
  p <- .libPaths();
  p <- c('\''/tmp/library'\'', '\''/mnt/library'\'', p);
  .libPaths(p);
  if(BiocManager::install('\''fmcsR'\'', INSTALL_opts = '\''--build'\'', update = TRUE, quiet = FALSE, dependencies=TRUE, force = TRUE, keep_outputs = TRUE) %in% rownames(installed.packages())) q(status = 0) else q(status = 1)'
'getOption("repos")' replaces Bioconductor standard repositories, see
'help("repositories", package = "BiocManager")' for details.
Replacement repositories:
    CRAN: https://p3m.dev/cran/__linux__/noble/latest
Bioconductor version 3.24 (BiocManager 1.30.27), R 4.6.1 (2026-06-24)
Installing package(s) 'fmcsR'
trying URL 'https://bioconductor.org/packages/3.24/bioc/src/contrib/fmcsR_1.55.0.tar.gz'
Content type 'application/x-gzip' length 828712 bytes (809 KB)
==================================================
downloaded 809 KB

* installing *source* package ‘fmcsR’ ...
** this is package ‘fmcsR’ version ‘1.55.0’
** package ‘fmcsR’ successfully unpacked and MD5 sums checked
** using staged installation
checking whether the C++ compiler works... yes
checking for C++ compiler default output file name... a.out
checking for suffix of executables... 
checking whether we are cross compiling... no
checking for suffix of object files... o
checking whether we are using the GNU C++ compiler... yes
checking whether g++ -std=gnu++20 accepts -g... yes
checking for gcc... gcc -std=gnu2x
checking whether we are using the GNU C compiler... yes
checking whether gcc -std=gnu2x accepts -g... yes
checking for gcc -std=gnu2x option to accept ISO C89... none needed
checking how to run the C preprocessor... gcc -std=gnu2x -E
checking for grep that handles long lines and -e... /usr/bin/grep
checking for egrep... /usr/bin/grep -E
checking for ANSI C header files... yes
checking for sys/types.h... yes
checking for sys/stat.h... yes
checking for stdlib.h... yes
checking for string.h... yes
checking for memory.h... yes
checking for strings.h... yes
checking for inttypes.h... yes
checking for stdint.h... yes
checking for unistd.h... yes
checking for stdbool.h that conforms to C99... no
checking for _Bool... yes
checking for inline... inline
checking for size_t... yes
checking for alarm... yes
configure: creating ./config.status
config.status: creating src/Makevars
config.status: creating config.h
config.status: config.h is unchanged
** libs
using C++ compiler: ‘g++ (Ubuntu 13.3.0-6ubuntu2~24.04.1) 13.3.0’
g++ -std=gnu++20 -I"/usr/local/lib/R/include" -DNDEBUG -DSTRICT_R_HEADERS -DR_NO_REMAP  -I/usr/local/include    -fpic  -g -O2 -fstack-protector-strong -Wformat -Werror=format-security -Wdate-time -D_FORTIFY_SOURCE=2 -g   -c MCS.cpp -o MCS.o
g++ -std=gnu++20 -I"/usr/local/lib/R/include" -DNDEBUG -DSTRICT_R_HEADERS -DR_NO_REMAP  -I/usr/local/include    -fpic  -g -O2 -fstack-protector-strong -Wformat -Werror=format-security -Wdate-time -D_FORTIFY_SOURCE=2 -g   -c MCSCompound.cpp -o MCSCompound.o
g++ -std=gnu++20 -I"/usr/local/lib/R/include" -DNDEBUG -DSTRICT_R_HEADERS -DR_NO_REMAP  -I/usr/local/include    -fpic  -g -O2 -fstack-protector-strong -Wformat -Werror=format-security -Wdate-time -D_FORTIFY_SOURCE=2 -g   -c MCSMap.cpp -o MCSMap.o
g++ -std=gnu++20 -I"/usr/local/lib/R/include" -DNDEBUG -DSTRICT_R_HEADERS -DR_NO_REMAP  -I/usr/local/include    -fpic  -g -O2 -fstack-protector-strong -Wformat -Werror=format-security -Wdate-time -D_FORTIFY_SOURCE=2 -g   -c MCSRingDetector.cpp -o MCSRingDetector.o
g++ -std=gnu++20 -I"/usr/local/lib/R/include" -DNDEBUG -DSTRICT_R_HEADERS -DR_NO_REMAP  -I/usr/local/include    -fpic  -g -O2 -fstack-protector-strong -Wformat -Werror=format-security -Wdate-time -D_FORTIFY_SOURCE=2 -g   -c fmcs_R_wrap.cpp -o fmcs_R_wrap.o
g++ -std=gnu++20 -I"/usr/local/lib/R/include" -DNDEBUG -DSTRICT_R_HEADERS -DR_NO_REMAP  -I/usr/local/include    -fpic  -g -O2 -fstack-protector-strong -Wformat -Werror=format-security -Wdate-time -D_FORTIFY_SOURCE=2 -g   -c util.cpp -o util.o
g++ -std=gnu++20 -shared -L/usr/local/lib/R/lib -L/usr/local/lib -o fmcsR.so MCS.o MCSCompound.o MCSMap.o MCSRingDetector.o fmcs_R_wrap.o util.o -L/usr/local/lib/R/lib -lR
installing to /tmp/library/00LOCK-fmcsR/00new/fmcsR/libs
** R
** data
** inst
** byte-compile and prepare package for lazy loading
** help
*** installing help indices
** building package indices
** installing vignettes
** testing if installed package can be loaded from temporary location
** checking absolute paths in shared objects and dynamic libraries
** testing if installed package can be loaded from final location
** testing if installed package keeps a record of temporary installation path
* SHA256 sums
* creating tarball
packaged installation of ‘fmcsR’ as ‘fmcsR_1.55.0_R_x86_64-pc-linux-gnu.tar.gz’
* DONE (fmcsR)

The downloaded source packages are in
	‘/tmp/Rtmp7qfn6U/downloaded_packages’

real	0m27.735s
user	0m20.825s
sys	0m5.940s
