+ Rscript -e 'Sys.setenv(BIOCONDUCTOR_USE_CONTAINER_REPOSITORY=FALSE);
  p <- .libPaths();
  p <- c('\''/tmp/library'\'', '\''/mnt/library'\'', p);
  .libPaths(p);
  if(BiocManager::install('\''pfamAnalyzeR'\'', INSTALL_opts = '\''--build'\'', update = TRUE, quiet = FALSE, dependencies=TRUE, force = TRUE, keep_outputs = TRUE) %in% rownames(installed.packages())) q(status = 0) else q(status = 1)'
'getOption("repos")' replaces Bioconductor standard repositories, see
'help("repositories", package = "BiocManager")' for details.
Replacement repositories:
    CRAN: https://p3m.dev/cran/__linux__/noble/latest
Bioconductor version 3.23 (BiocManager 1.30.27), R 4.6.1 (2026-06-24)
Installing package(s) 'pfamAnalyzeR'
trying URL 'https://bioconductor.org/packages/3.23/bioc/src/contrib/pfamAnalyzeR_1.12.0.tar.gz'
Content type 'application/x-gzip' length 360405 bytes (351 KB)
==================================================
downloaded 351 KB

* installing *source* package ‘pfamAnalyzeR’ ...
** this is package ‘pfamAnalyzeR’ version ‘1.12.0’
** using staged installation
** R
** inst
** byte-compile and prepare package for lazy loading
** help
*** installing help indices
** building package indices
** installing vignettes
** testing if installed package can be loaded from temporary location
** testing if installed package can be loaded from final location
** testing if installed package keeps a record of temporary installation path
* SHA256 sums
* creating tarball
packaged installation of ‘pfamAnalyzeR’ as ‘pfamAnalyzeR_1.12.0_R_x86_64-pc-linux-gnu.tar.gz’
* DONE (pfamAnalyzeR)

The downloaded source packages are in
	‘/tmp/RtmpO5V9Vw/downloaded_packages’
Old packages: 'diffobj', 'httr2', 'pak', 'pkgdown', 'urlchecker', 'xfun',
  'zip', 'MASS', 'nlme', 'survival'

real	0m11.196s
user	0m6.359s
sys	0m2.500s
