+ Rscript -e 'Sys.setenv(BIOCONDUCTOR_USE_CONTAINER_REPOSITORY=FALSE);
  p <- .libPaths();
  p <- c('\''/tmp/library'\'', '\''/mnt/library'\'', p);
  .libPaths(p);
  if(BiocManager::install('\''BioNet'\'', INSTALL_opts = '\''--build'\'', update = TRUE, quiet = FALSE, dependencies=TRUE, force = TRUE, keep_outputs = TRUE) %in% rownames(installed.packages())) q(status = 0) else q(status = 1)'
'getOption("repos")' replaces Bioconductor standard repositories, see
'help("repositories", package = "BiocManager")' for details.
Replacement repositories:
    CRAN: https://p3m.dev/cran/__linux__/noble/latest
Bioconductor version 3.24 (BiocManager 1.30.27), R 4.6.1 (2026-06-24)
Installing package(s) 'BioNet'
also installing the dependency ‘DLBCL’

trying URL 'https://bioconductor.org/packages/3.24/data/experiment/src/contrib/DLBCL_1.53.0.tar.gz'
trying URL 'https://bioconductor.org/packages/3.24/bioc/src/contrib/BioNet_1.73.0.tar.gz'
* installing *source* package ‘DLBCL’ ...
** this is package ‘DLBCL’ version ‘1.53.0’
** using staged installation
** data
** help
*** installing help indices
** building package indices
** testing if installed package can be loaded from temporary location
** testing if installed package can be loaded from final location
** testing if installed package keeps a record of temporary installation path
* SHA256 sums
* creating tarball
packaged installation of ‘DLBCL’ as ‘DLBCL_1.53.0_R_x86_64-pc-linux-gnu.tar.gz’
* DONE (DLBCL)
* installing *source* package ‘BioNet’ ...
** this is package ‘BioNet’ version ‘1.73.0’
** package ‘BioNet’ successfully unpacked and MD5 sums checked
** using staged installation
** R
** data
** inst
** byte-compile and prepare package for lazy loading
** help
*** installing help indices
** building package indices
** installing vignettes
** testing if installed package can be loaded from temporary location
** testing if installed package can be loaded from final location
** testing if installed package keeps a record of temporary installation path
* SHA256 sums
* creating tarball
packaged installation of ‘BioNet’ as ‘BioNet_1.73.0_R_x86_64-pc-linux-gnu.tar.gz’
* DONE (BioNet)

The downloaded source packages are in
	‘/tmp/RtmpMcr2sK/downloaded_packages’
Old packages: 'diffobj'

real	0m22.913s
user	0m18.174s
sys	0m3.898s
