+ Rscript -e 'Sys.setenv(BIOCONDUCTOR_USE_CONTAINER_REPOSITORY=FALSE);
  p <- .libPaths();
  p <- c('\''/tmp/library'\'', '\''/mnt/library'\'', p);
  .libPaths(p);
  if(BiocManager::install('\''goTools'\'', INSTALL_opts = '\''--build'\'', update = TRUE, quiet = FALSE, dependencies=TRUE, force = TRUE, keep_outputs = TRUE) %in% rownames(installed.packages())) q(status = 0) else q(status = 1)'
'getOption("repos")' replaces Bioconductor standard repositories, see
'help("repositories", package = "BiocManager")' for details.
Replacement repositories:
    CRAN: https://p3m.dev/cran/__linux__/noble/latest
Bioconductor version 3.24 (BiocManager 1.30.27), R 4.6.1 (2026-06-24)
Installing package(s) 'goTools'
trying URL 'https://bioconductor.org/packages/3.24/bioc/src/contrib/goTools_1.87.0.tar.gz'
Content type 'application/x-gzip' length 248026 bytes (242 KB)
==================================================
downloaded 242 KB

* installing *source* package ‘goTools’ ...
** this is package ‘goTools’ version ‘1.87.0’
** package ‘goTools’ successfully unpacked and MD5 sums checked
** using staged installation
** R
** data
** inst
** byte-compile and prepare package for lazy loading
** help
*** installing help indices
** building package indices
** installing vignettes
** testing if installed package can be loaded from temporary location
** testing if installed package can be loaded from final location
** testing if installed package keeps a record of temporary installation path
* SHA256 sums
* creating tarball
packaged installation of ‘goTools’ as ‘goTools_1.87.0_R_x86_64-pc-linux-gnu.tar.gz’
* DONE (goTools)

The downloaded source packages are in
	‘/tmp/Rtmp00lLzv/downloaded_packages’

real	0m20.397s
user	0m14.744s
sys	0m3.360s
