+ Rscript -e 'Sys.setenv(BIOCONDUCTOR_USE_CONTAINER_REPOSITORY=FALSE);
  p <- .libPaths();
  p <- c('\''/tmp/library'\'', '\''/mnt/library'\'', p);
  .libPaths(p);
  if(BiocManager::install('\''ggseqalign'\'', INSTALL_opts = '\''--build'\'', update = TRUE, quiet = FALSE, dependencies=TRUE, force = TRUE, keep_outputs = TRUE) %in% rownames(installed.packages())) q(status = 0) else q(status = 1)'
'getOption("repos")' replaces Bioconductor standard repositories, see
'help("repositories", package = "BiocManager")' for details.
Replacement repositories:
    CRAN: https://p3m.dev/cran/__linux__/noble/latest
Bioconductor version 3.23 (BiocManager 1.30.27), R 4.6.1 (2026-06-24)
Installing package(s) 'ggseqalign'
Error in readRDS(file) : error reading from connection
trying URL 'https://bioconductor.org/packages/3.23/bioc/src/contrib/ggseqalign_1.6.0.tar.gz'
Content type 'application/x-gzip' length 744805 bytes (727 KB)
==================================================
downloaded 727 KB

* installing *source* package ‘ggseqalign’ ...
** this is package ‘ggseqalign’ version ‘1.6.0’
** using staged installation
** R
** inst
** byte-compile and prepare package for lazy loading
** help
*** installing help indices
** building package indices
** installing vignettes
** testing if installed package can be loaded from temporary location
** testing if installed package can be loaded from final location
** testing if installed package keeps a record of temporary installation path
* SHA256 sums
* creating tarball
packaged installation of ‘ggseqalign’ as ‘ggseqalign_1.6.0_R_x86_64-pc-linux-gnu.tar.gz’
* DONE (ggseqalign)

The downloaded source packages are in
	‘/tmp/RtmpVYq3wr/downloaded_packages’
Old packages: 'diffobj', 'httr2', 'pak', 'pkgdown', 'urlchecker', 'xfun',
  'zip', 'MASS', 'nlme', 'survival'

real	0m22.761s
user	0m15.442s
sys	0m3.845s
