+ Rscript -e 'Sys.setenv(BIOCONDUCTOR_USE_CONTAINER_REPOSITORY=FALSE);
  p <- .libPaths();
  p <- c('\''/tmp/library'\'', '\''/mnt/library'\'', p);
  .libPaths(p);
  if(BiocManager::install('\''tricycle'\'', INSTALL_opts = '\''--build'\'', update = TRUE, quiet = FALSE, dependencies=TRUE, force = TRUE, keep_outputs = TRUE) %in% rownames(installed.packages())) q(status = 0) else q(status = 1)'
'getOption("repos")' replaces Bioconductor standard repositories, see
'help("repositories", package = "BiocManager")' for details.
Replacement repositories:
    CRAN: https://p3m.dev/cran/__linux__/noble/latest
Bioconductor version 3.24 (BiocManager 1.30.27), R 4.6.1 (2026-06-24)
Installing package(s) 'tricycle'
trying URL 'https://bioconductor.org/packages/3.24/bioc/src/contrib/tricycle_1.21.0.tar.gz'
Content type 'application/x-gzip' length 4502288 bytes (4.3 MB)
==================================================
downloaded 4.3 MB

* installing *source* package ‘tricycle’ ...
** this is package ‘tricycle’ version ‘1.21.0’
** package ‘tricycle’ successfully unpacked and MD5 sums checked
** using staged installation
** R
** data
** inst
** byte-compile and prepare package for lazy loading
Warning: The `size` argument of `element_line()` is deprecated as of ggplot2 3.4.0.
ℹ Please use the `linewidth` argument instead.
ℹ The deprecated feature was likely used in the tricycle package.
  Please report the issue at <https://github.com/hansenlab/tricycle/issues>.
** help
*** installing help indices
*** copying figures
** building package indices
** installing vignettes
** testing if installed package can be loaded from temporary location
** testing if installed package can be loaded from final location
** testing if installed package keeps a record of temporary installation path
* SHA256 sums
* creating tarball
packaged installation of ‘tricycle’ as ‘tricycle_1.21.0_R_x86_64-pc-linux-gnu.tar.gz’
* DONE (tricycle)

The downloaded source packages are in
	‘/tmp/RtmpBK77z6/downloaded_packages’

real	0m51.811s
user	0m35.993s
sys	0m5.355s
