+ Rscript -e 'Sys.setenv(BIOCONDUCTOR_USE_CONTAINER_REPOSITORY=FALSE);
  p <- .libPaths();
  p <- c('\''/tmp/library'\'', '\''/mnt/library'\'', p);
  .libPaths(p);
  if(BiocManager::install('\''geomeTriD'\'', INSTALL_opts = '\''--build'\'', update = TRUE, quiet = FALSE, dependencies=TRUE, force = TRUE, keep_outputs = TRUE) %in% rownames(installed.packages())) q(status = 0) else q(status = 1)'
'getOption("repos")' replaces Bioconductor standard repositories, see
'help("repositories", package = "BiocManager")' for details.
Replacement repositories:
    CRAN: https://p3m.dev/cran/__linux__/noble/latest
Bioconductor version 3.23 (BiocManager 1.30.27), R 4.6.1 (2026-06-24)
Installing package(s) 'geomeTriD'
also installing the dependency ‘manipulateWidget’

trying URL 'https://p3m.dev/cran/__linux__/noble/latest/src/contrib/manipulateWidget_0.11.2.tar.gz'
trying URL 'https://bioconductor.org/packages/3.23/bioc/src/contrib/geomeTriD_1.6.0.tar.gz'
* installing *binary* package ‘manipulateWidget’ ...
* package ‘manipulateWidget’ successfully unpacked and SHA256 sums checked
* ‘manipulateWidget’ was already a binary package and will not be rebuilt
* SHA256 sums
* creating tarball
packaged installation of ‘manipulateWidget’ as ‘manipulateWidget_0.11.2_R_x86_64-pc-linux-gnu.tar.gz’
* DONE (manipulateWidget)
* installing *source* package ‘geomeTriD’ ...
** this is package ‘geomeTriD’ version ‘1.6.0’
** using staged installation
** R
** inst
** byte-compile and prepare package for lazy loading
Warning: 'rgl.init' failed, will use the null device.
See '?rgl.useNULL' for ways to avoid this warning.
** help
*** installing help indices
** building package indices
** installing vignettes
** testing if installed package can be loaded from temporary location
Warning: 'rgl.init' failed, will use the null device.
See '?rgl.useNULL' for ways to avoid this warning.
** testing if installed package can be loaded from final location
Warning: 'rgl.init' failed, will use the null device.
See '?rgl.useNULL' for ways to avoid this warning.
** testing if installed package keeps a record of temporary installation path
* SHA256 sums
* creating tarball
packaged installation of ‘geomeTriD’ as ‘geomeTriD_1.6.0_R_x86_64-pc-linux-gnu.tar.gz’
* DONE (geomeTriD)

The downloaded source packages are in
	‘/tmp/Rtmpptj6kE/downloaded_packages’
Old packages: 'diffobj', 'httr2', 'pak', 'pkgdown', 'urlchecker', 'xfun',
  'zip', 'MASS', 'nlme', 'survival'

real	1m21.673s
user	0m58.320s
sys	0m8.635s
