+ Rscript -e 'Sys.setenv(BIOCONDUCTOR_USE_CONTAINER_REPOSITORY=FALSE);
  p <- .libPaths();
  p <- c('\''/tmp/library'\'', '\''/mnt/library'\'', p);
  .libPaths(p);
  if(BiocManager::install('\''mosbi'\'', INSTALL_opts = '\''--build'\'', update = TRUE, quiet = FALSE, dependencies=TRUE, force = TRUE, keep_outputs = TRUE) %in% rownames(installed.packages())) q(status = 0) else q(status = 1)'
'getOption("repos")' replaces Bioconductor standard repositories, see
'help("repositories", package = "BiocManager")' for details.
Replacement repositories:
    CRAN: https://p3m.dev/cran/__linux__/noble/latest
Bioconductor version 3.23 (BiocManager 1.30.27), R 4.6.1 (2026-06-24)
Installing package(s) 'mosbi'
Warning: dependency ‘biclust’ is not available
also installing the dependencies ‘isa2’, ‘akmbiclust’, ‘runibic’

trying URL 'https://p3m.dev/cran/__linux__/noble/latest/src/contrib/isa2_0.3.6.tar.gz'
trying URL 'https://p3m.dev/cran/__linux__/noble/latest/src/contrib/akmbiclust_0.1.0.tar.gz'
trying URL 'https://bioconductor.org/packages/3.23/bioc/src/contrib/runibic_1.33.0.tar.gz'
trying URL 'https://bioconductor.org/packages/3.23/bioc/src/contrib/mosbi_1.17.0.tar.gz'
* installing *binary* package ‘isa2’ ...
* package ‘isa2’ successfully unpacked and SHA256 sums checked
* ‘isa2’ was already a binary package and will not be rebuilt
* SHA256 sums
* creating tarball
packaged installation of ‘isa2’ as ‘isa2_0.3.6_R_x86_64-pc-linux-gnu.tar.gz’
* DONE (isa2)
* installing *binary* package ‘akmbiclust’ ...
* package ‘akmbiclust’ successfully unpacked and SHA256 sums checked
* ‘akmbiclust’ was already a binary package and will not be rebuilt
* SHA256 sums
* creating tarball
packaged installation of ‘akmbiclust’ as ‘akmbiclust_0.1.0_R_x86_64-pc-linux-gnu.tar.gz’
* DONE (akmbiclust)
Warning: SystemRequirements specified C++11: support has been removed
ERROR: dependency ‘biclust’ is not available for package ‘runibic’
Perhaps try a variation of:
install.packages('biclust')
* removing ‘/tmp/library/runibic’
ERROR: dependency ‘biclust’ is not available for package ‘mosbi’
Perhaps try a variation of:
install.packages('biclust')
* removing ‘/tmp/library/mosbi’

The downloaded source packages are in
	‘/tmp/RtmpIooEFn/downloaded_packages’
Old packages: 'diffobj', 'httr2', 'pak', 'pkgdown', 'urlchecker', 'xfun',
  'zip', 'MASS', 'nlme', 'survival'
Warning messages:
1: In install.packages(...) :
  installation of package ‘runibic’ had non-zero exit status
2: In install.packages(...) :
  installation of package ‘mosbi’ had non-zero exit status

real	0m11.959s
user	0m6.729s
sys	0m2.864s
