+ Rscript -e 'Sys.setenv(BIOCONDUCTOR_USE_CONTAINER_REPOSITORY=FALSE);
  p <- .libPaths();
  p <- c('\''/tmp/library'\'', '\''/mnt/library'\'', p);
  .libPaths(p);
  if(BiocManager::install('\''affyILM'\'', INSTALL_opts = '\''--build'\'', update = TRUE, quiet = FALSE, dependencies=TRUE, force = TRUE, keep_outputs = TRUE) %in% rownames(installed.packages())) q(status = 0) else q(status = 1)'
'getOption("repos")' replaces Bioconductor standard repositories, see
'help("repositories", package = "BiocManager")' for details.
Replacement repositories:
    CRAN: https://p3m.dev/cran/__linux__/noble/latest
Bioconductor version 3.24 (BiocManager 1.30.27), R 4.6.1 (2026-06-24)
Installing package(s) 'affyILM'
also installing the dependency ‘hgfocusprobe’

trying URL 'https://bioconductor.org/packages/3.24/data/annotation/src/contrib/hgfocusprobe_2.18.0.tar.gz'
trying URL 'https://bioconductor.org/packages/3.24/bioc/src/contrib/affyILM_1.65.0.tar.gz'
* installing *source* package ‘hgfocusprobe’ ...
** this is package ‘hgfocusprobe’ version ‘2.18.0’
** using staged installation
** R
** data
** byte-compile and prepare package for lazy loading
** help
*** installing help indices
** building package indices
** testing if installed package can be loaded from temporary location
** testing if installed package can be loaded from final location
** testing if installed package keeps a record of temporary installation path
* SHA256 sums
* creating tarball
packaged installation of ‘hgfocusprobe’ as ‘hgfocusprobe_2.18.0_R_x86_64-pc-linux-gnu.tar.gz’
* DONE (hgfocusprobe)
* installing *source* package ‘affyILM’ ...
** this is package ‘affyILM’ version ‘1.65.0’
** package ‘affyILM’ successfully unpacked and MD5 sums checked
** using staged installation
** R
** inst
** byte-compile and prepare package for lazy loading
** help
*** installing help indices
** building package indices
** installing vignettes
** testing if installed package can be loaded from temporary location
** testing if installed package can be loaded from final location
** testing if installed package keeps a record of temporary installation path
* SHA256 sums
* creating tarball
packaged installation of ‘affyILM’ as ‘affyILM_1.65.0_R_x86_64-pc-linux-gnu.tar.gz’
* DONE (affyILM)

The downloaded source packages are in
	‘/tmp/RtmpTnbiYV/downloaded_packages’

real	0m31.074s
user	0m23.636s
sys	0m5.080s
