+ Rscript -e 'Sys.setenv(BIOCONDUCTOR_USE_CONTAINER_REPOSITORY=FALSE);
  p <- .libPaths();
  p <- c('\''/tmp/library'\'', '\''/mnt/library'\'', p);
  .libPaths(p);
  if(BiocManager::install('\''transformGamPoi'\'', INSTALL_opts = '\''--build'\'', update = TRUE, quiet = FALSE, dependencies=TRUE, force = TRUE, keep_outputs = TRUE) %in% rownames(installed.packages())) q(status = 0) else q(status = 1)'
'getOption("repos")' replaces Bioconductor standard repositories, see
'help("repositories", package = "BiocManager")' for details.
Replacement repositories:
    CRAN: https://p3m.dev/cran/__linux__/noble/latest
Bioconductor version 3.24 (BiocManager 1.30.27), R 4.6.1 (2026-06-24)
Installing package(s) 'transformGamPoi'
trying URL 'https://bioconductor.org/packages/3.24/bioc/src/contrib/transformGamPoi_1.19.0.tar.gz'
Content type 'application/x-gzip' length 806092 bytes (787 KB)
==================================================
downloaded 787 KB

* installing *source* package ‘transformGamPoi’ ...
** this is package ‘transformGamPoi’ version ‘1.19.0’
** package ‘transformGamPoi’ successfully unpacked and MD5 sums checked
** using staged installation
** libs
using C++ compiler: ‘g++ (Ubuntu 13.3.0-6ubuntu2~24.04.1) 13.3.0’
g++ -std=gnu++20 -I"/usr/local/lib/R/include" -DNDEBUG  -I'/usr/local/lib/R/site-library/Rcpp/include' -I/usr/local/include    -fpic  -g -O2 -fstack-protector-strong -Wformat -Werror=format-security -Wdate-time -D_FORTIFY_SOURCE=2 -g   -c RcppExports.cpp -o RcppExports.o
g++ -std=gnu++20 -I"/usr/local/lib/R/include" -DNDEBUG  -I'/usr/local/lib/R/site-library/Rcpp/include' -I/usr/local/include    -fpic  -g -O2 -fstack-protector-strong -Wformat -Werror=format-security -Wdate-time -D_FORTIFY_SOURCE=2 -g   -c sparse_divide_out_size_factor.cpp -o sparse_divide_out_size_factor.o
g++ -std=gnu++20 -shared -L/usr/local/lib/R/lib -L/usr/local/lib -o transformGamPoi.so RcppExports.o sparse_divide_out_size_factor.o -L/usr/local/lib/R/lib -lR
installing to /tmp/library/00LOCK-transformGamPoi/00new/transformGamPoi/libs
** R
** inst
** byte-compile and prepare package for lazy loading
** help
*** installing help indices
*** copying figures
** building package indices
** installing vignettes
** testing if installed package can be loaded from temporary location
** checking absolute paths in shared objects and dynamic libraries
** testing if installed package can be loaded from final location
** testing if installed package keeps a record of temporary installation path
* SHA256 sums
* creating tarball
packaged installation of ‘transformGamPoi’ as ‘transformGamPoi_1.19.0_R_x86_64-pc-linux-gnu.tar.gz’
* DONE (transformGamPoi)

The downloaded source packages are in
	‘/tmp/RtmpYj1LiL/downloaded_packages’

real	0m31.282s
user	0m16.610s
sys	0m4.479s
