+ Rscript -e 'Sys.setenv(BIOCONDUCTOR_USE_CONTAINER_REPOSITORY=FALSE);
  p <- .libPaths();
  p <- c('\''/tmp/library'\'', '\''/mnt/library'\'', p);
  .libPaths(p);
  if(BiocManager::install('\''LymphoSeq'\'', INSTALL_opts = '\''--build'\'', update = TRUE, quiet = FALSE, dependencies=TRUE, force = TRUE, keep_outputs = TRUE) %in% rownames(installed.packages())) q(status = 0) else q(status = 1)'
'getOption("repos")' replaces Bioconductor standard repositories, see
'help("repositories", package = "BiocManager")' for details.
Replacement repositories:
    CRAN: https://p3m.dev/cran/__linux__/noble/latest
Bioconductor version 3.23 (BiocManager 1.30.27), R 4.6.1 (2026-06-24)
Installing package(s) 'LymphoSeq'
also installing the dependency ‘LymphoSeqDB’

trying URL 'https://bioconductor.org/packages/3.23/data/annotation/src/contrib/LymphoSeqDB_0.99.2.tar.gz'
trying URL 'https://bioconductor.org/packages/3.23/bioc/src/contrib/LymphoSeq_1.40.0.tar.gz'
* installing *source* package ‘LymphoSeqDB’ ...
** this is package ‘LymphoSeqDB’ version ‘0.99.2’
** using staged installation
** R
** data
*** moving datasets to lazyload DB
** byte-compile and prepare package for lazy loading
** help
*** installing help indices
** building package indices
** testing if installed package can be loaded from temporary location
** testing if installed package can be loaded from final location
** testing if installed package keeps a record of temporary installation path
* SHA256 sums
* creating tarball
packaged installation of ‘LymphoSeqDB’ as ‘LymphoSeqDB_0.99.2_R_x86_64-pc-linux-gnu.tar.gz’
* DONE (LymphoSeqDB)
* installing *source* package ‘LymphoSeq’ ...
** this is package ‘LymphoSeq’ version ‘1.40.0’
** using staged installation
** R
** inst
** byte-compile and prepare package for lazy loading
** help
*** installing help indices
** building package indices
** installing vignettes
** testing if installed package can be loaded from temporary location
** testing if installed package can be loaded from final location
** testing if installed package keeps a record of temporary installation path
* SHA256 sums
* creating tarball
packaged installation of ‘LymphoSeq’ as ‘LymphoSeq_1.40.0_R_x86_64-pc-linux-gnu.tar.gz’
* DONE (LymphoSeq)

The downloaded source packages are in
	‘/tmp/RtmpjafYXO/downloaded_packages’
Old packages: 'diffobj', 'httr2', 'pak', 'pkgdown', 'urlchecker', 'xfun',
  'zip', 'MASS', 'nlme', 'survival'

real	1m29.706s
user	1m17.206s
sys	0m7.696s
