+ Rscript -e 'Sys.setenv(BIOCONDUCTOR_USE_CONTAINER_REPOSITORY=FALSE);
  p <- .libPaths();
  p <- c('\''/tmp/library'\'', '\''/mnt/library'\'', p);
  .libPaths(p);
  if(BiocManager::install('\''extraChIPs'\'', INSTALL_opts = '\''--build'\'', update = TRUE, quiet = FALSE, dependencies=TRUE, force = TRUE, keep_outputs = TRUE) %in% rownames(installed.packages())) q(status = 0) else q(status = 1)'
'getOption("repos")' replaces Bioconductor standard repositories, see
'help("repositories", package = "BiocManager")' for details.
Replacement repositories:
    CRAN: https://p3m.dev/cran/__linux__/noble/latest
Bioconductor version 3.24 (BiocManager 1.30.27), R 4.6.1 (2026-06-24)
Installing package(s) 'extraChIPs'
also installing the dependency ‘quantro’

trying URL 'https://bioconductor.org/packages/3.24/bioc/src/contrib/quantro_1.47.0.tar.gz'
trying URL 'https://bioconductor.org/packages/3.24/bioc/src/contrib/extraChIPs_1.17.4.tar.gz'
* installing *source* package ‘quantro’ ...
** this is package ‘quantro’ version ‘1.47.0’
** package ‘quantro’ successfully unpacked and MD5 sums checked
** using staged installation
** R
** data
** inst
** byte-compile and prepare package for lazy loading
** help
*** installing help indices
** building package indices
** installing vignettes
** testing if installed package can be loaded from temporary location
** testing if installed package can be loaded from final location
** testing if installed package keeps a record of temporary installation path
* SHA256 sums
* creating tarball
packaged installation of ‘quantro’ as ‘quantro_1.47.0_R_x86_64-pc-linux-gnu.tar.gz’
* DONE (quantro)
* installing *source* package ‘extraChIPs’ ...
** this is package ‘extraChIPs’ version ‘1.17.4’
** package ‘extraChIPs’ successfully unpacked and MD5 sums checked
** using staged installation
** libs
using C compiler: ‘gcc (Ubuntu 13.3.0-6ubuntu2~24.04.1) 13.3.0’
gcc -std=gnu2x -I"/usr/local/lib/R/include" -DNDEBUG   -I/usr/local/include    -fpic  -g -O2 -fstack-protector-strong -Wformat -Werror=format-security -Wdate-time -D_FORTIFY_SOURCE=2 -g  -c HMPfuns.c -o HMPfuns.o
gcc -std=gnu2x -I"/usr/local/lib/R/include" -DNDEBUG   -I/usr/local/include    -fpic  -g -O2 -fstack-protector-strong -Wformat -Werror=format-security -Wdate-time -D_FORTIFY_SOURCE=2 -g  -c init.c -o init.o
gcc -std=gnu2x -I"/usr/local/lib/R/include" -DNDEBUG   -I/usr/local/include    -fpic  -g -O2 -fstack-protector-strong -Wformat -Werror=format-security -Wdate-time -D_FORTIFY_SOURCE=2 -g  -c lookup_tables.c -o lookup_tables.o
gcc -std=gnu2x -shared -L/usr/local/lib/R/lib -L/usr/local/lib -o extraChIPs.so HMPfuns.o init.o lookup_tables.o -L/usr/local/lib/R/lib -lR
installing to /tmp/library/00LOCK-extraChIPs/00new/extraChIPs/libs
** R
** data
** inst
** byte-compile and prepare package for lazy loading
** help
*** installing help indices
*** copying figures
** building package indices
** installing vignettes
** testing if installed package can be loaded from temporary location
** checking absolute paths in shared objects and dynamic libraries
** testing if installed package can be loaded from final location
** testing if installed package keeps a record of temporary installation path
* SHA256 sums
* creating tarball
packaged installation of ‘extraChIPs’ as ‘extraChIPs_1.17.4_R_x86_64-pc-linux-gnu.tar.gz’
* DONE (extraChIPs)

The downloaded source packages are in
	‘/tmp/Rtmp5OVgjU/downloaded_packages’

real	1m44.943s
user	1m24.022s
sys	0m9.946s
