+ Rscript -e 'Sys.setenv(BIOCONDUCTOR_USE_CONTAINER_REPOSITORY=FALSE);
  p <- .libPaths();
  p <- c('\''/tmp/library'\'', '\''/mnt/library'\'', p);
  .libPaths(p);
  if(BiocManager::install('\''CaMutQC'\'', INSTALL_opts = '\''--build'\'', update = TRUE, quiet = FALSE, dependencies=TRUE, force = TRUE, keep_outputs = TRUE) %in% rownames(installed.packages())) q(status = 0) else q(status = 1)'
'getOption("repos")' replaces Bioconductor standard repositories, see
'help("repositories", package = "BiocManager")' for details.
Replacement repositories:
    CRAN: https://p3m.dev/cran/__linux__/noble/latest
Bioconductor version 3.24 (BiocManager 1.30.27), R 4.6.1 (2026-06-24)
Installing package(s) 'CaMutQC'
trying URL 'https://bioconductor.org/packages/3.24/bioc/src/contrib/CaMutQC_1.9.0.tar.gz'
Content type 'application/x-gzip' length 5572545 bytes (5.3 MB)
==================================================
downloaded 5.3 MB

* installing *source* package ‘CaMutQC’ ...
** this is package ‘CaMutQC’ version ‘1.9.0’
** package ‘CaMutQC’ successfully unpacked and MD5 sums checked
** using staged installation
** R
** inst
** byte-compile and prepare package for lazy loading
Warning: replacing previous import ‘ape::degree’ by ‘circlize::degree’ when loading ‘MesKit’
Warning: replacing previous import ‘ape::where’ by ‘dplyr::where’ when loading ‘MesKit’
Warning: replacing previous import ‘dplyr::count’ by ‘mclust::count’ when loading ‘MesKit’
** help
*** installing help indices
** building package indices
** installing vignettes
** testing if installed package can be loaded from temporary location
Warning: replacing previous import ‘ape::degree’ by ‘circlize::degree’ when loading ‘MesKit’
Warning: replacing previous import ‘ape::where’ by ‘dplyr::where’ when loading ‘MesKit’
Warning: replacing previous import ‘dplyr::count’ by ‘mclust::count’ when loading ‘MesKit’
** testing if installed package can be loaded from final location
Warning: replacing previous import ‘ape::degree’ by ‘circlize::degree’ when loading ‘MesKit’
Warning: replacing previous import ‘ape::where’ by ‘dplyr::where’ when loading ‘MesKit’
Warning: replacing previous import ‘dplyr::count’ by ‘mclust::count’ when loading ‘MesKit’
** testing if installed package keeps a record of temporary installation path
* SHA256 sums
* creating tarball
packaged installation of ‘CaMutQC’ as ‘CaMutQC_1.9.0_R_x86_64-pc-linux-gnu.tar.gz’
* DONE (CaMutQC)

The downloaded source packages are in
	‘/tmp/Rtmp38Hw70/downloaded_packages’
Old packages: 'diffobj'

real	0m38.690s
user	0m28.739s
sys	0m4.432s
