+ Rscript -e 'Sys.setenv(BIOCONDUCTOR_USE_CONTAINER_REPOSITORY=FALSE);
  p <- .libPaths();
  p <- c('\''/tmp/library'\'', '\''/mnt/library'\'', p);
  .libPaths(p);
  if(BiocManager::install('\''flagme'\'', INSTALL_opts = '\''--build'\'', update = TRUE, quiet = FALSE, dependencies=TRUE, force = TRUE, keep_outputs = TRUE) %in% rownames(installed.packages())) q(status = 0) else q(status = 1)'
'getOption("repos")' replaces Bioconductor standard repositories, see
'help("repositories", package = "BiocManager")' for details.
Replacement repositories:
    CRAN: https://p3m.dev/cran/__linux__/noble/latest
Bioconductor version 3.24 (BiocManager 1.30.27), R 4.6.1 (2026-06-24)
Installing package(s) 'flagme'
also installing the dependency ‘gcspikelite’

trying URL 'https://bioconductor.org/packages/3.24/data/experiment/src/contrib/gcspikelite_1.51.0.tar.gz'
trying URL 'https://bioconductor.org/packages/3.24/bioc/src/contrib/flagme_1.69.0.tar.gz'
* installing *source* package ‘gcspikelite’ ...
** this is package ‘gcspikelite’ version ‘1.51.0’
** using staged installation
** R
** data
** byte-compile and prepare package for lazy loading
** help
*** installing help indices
** building package indices
** testing if installed package can be loaded from temporary location
** testing if installed package can be loaded from final location
** testing if installed package keeps a record of temporary installation path
* SHA256 sums
* creating tarball
packaged installation of ‘gcspikelite’ as ‘gcspikelite_1.51.0_R_x86_64-pc-linux-gnu.tar.gz’
* DONE (gcspikelite)
* installing *source* package ‘flagme’ ...
** this is package ‘flagme’ version ‘1.69.0’
** package ‘flagme’ successfully unpacked and MD5 sums checked
** using staged installation
** libs
using C compiler: ‘gcc (Ubuntu 13.3.0-6ubuntu2~24.04.1) 13.3.0’
gcc -std=gnu2x -I"/usr/local/lib/R/include" -DNDEBUG   -I/usr/local/include    -fpic  -g -O2 -fstack-protector-strong -Wformat -Werror=format-security -Wdate-time -D_FORTIFY_SOURCE=2 -g  -c dp.c -o dp.o
gcc -std=gnu2x -I"/usr/local/lib/R/include" -DNDEBUG   -I/usr/local/include    -fpic  -g -O2 -fstack-protector-strong -Wformat -Werror=format-security -Wdate-time -D_FORTIFY_SOURCE=2 -g  -c init.c -o init.o
gcc -std=gnu2x -I"/usr/local/lib/R/include" -DNDEBUG   -I/usr/local/include    -fpic  -g -O2 -fstack-protector-strong -Wformat -Werror=format-security -Wdate-time -D_FORTIFY_SOURCE=2 -g  -c pearson.c -o pearson.o
gcc -std=gnu2x -shared -L/usr/local/lib/R/lib -L/usr/local/lib -o flagme.so dp.o init.o pearson.o -L/usr/local/lib/R/lib -lR
installing to /tmp/library/00LOCK-flagme/00new/flagme/libs
** R
** inst
** byte-compile and prepare package for lazy loading
** help
*** installing help indices
** building package indices
** installing vignettes
** testing if installed package can be loaded from temporary location
** checking absolute paths in shared objects and dynamic libraries
** testing if installed package can be loaded from final location
** testing if installed package keeps a record of temporary installation path
* SHA256 sums
* creating tarball
packaged installation of ‘flagme’ as ‘flagme_1.69.0_R_x86_64-pc-linux-gnu.tar.gz’
* DONE (flagme)

The downloaded source packages are in
	‘/tmp/Rtmp3ABAsI/downloaded_packages’

real	1m43.817s
user	1m30.682s
sys	0m7.091s
