+ Rscript -e 'Sys.setenv(BIOCONDUCTOR_USE_CONTAINER_REPOSITORY=FALSE);
  p <- .libPaths();
  p <- c('\''/tmp/library'\'', '\''/mnt/library'\'', p);
  .libPaths(p);
  if(BiocManager::install('\''splots'\'', INSTALL_opts = '\''--build'\'', update = TRUE, quiet = FALSE, dependencies=TRUE, force = TRUE, keep_outputs = TRUE) %in% rownames(installed.packages())) q(status = 0) else q(status = 1)'
'getOption("repos")' replaces Bioconductor standard repositories, see
'help("repositories", package = "BiocManager")' for details.
Replacement repositories:
    CRAN: https://p3m.dev/cran/__linux__/noble/latest
Bioconductor version 3.24 (BiocManager 1.30.27), R 4.6.1 (2026-06-24)
Installing package(s) 'splots'
also installing the dependencies ‘vcd’, ‘HD2013SGI’

trying URL 'https://p3m.dev/cran/__linux__/noble/latest/src/contrib/vcd_1.4-13.tar.gz'
trying URL 'https://bioconductor.org/packages/3.24/data/experiment/src/contrib/HD2013SGI_1.53.0.tar.gz'
trying URL 'https://bioconductor.org/packages/3.24/bioc/src/contrib/splots_1.79.0.tar.gz'
* installing *binary* package ‘vcd’ ...
* package ‘vcd’ successfully unpacked and SHA256 sums checked
* ‘vcd’ was already a binary package and will not be rebuilt
* SHA256 sums
* creating tarball
packaged installation of ‘vcd’ as ‘vcd_1.4-13_R_x86_64-pc-linux-gnu.tar.gz’
* DONE (vcd)
* installing *source* package ‘splots’ ...
** this is package ‘splots’ version ‘1.79.0’
** package ‘splots’ successfully unpacked and MD5 sums checked
** using staged installation
** R
** inst
** byte-compile and prepare package for lazy loading
** help
*** installing help indices
** building package indices
** installing vignettes
** testing if installed package can be loaded from temporary location
** testing if installed package can be loaded from final location
** testing if installed package keeps a record of temporary installation path
* SHA256 sums
* creating tarball
packaged installation of ‘splots’ as ‘splots_1.79.0_R_x86_64-pc-linux-gnu.tar.gz’
* DONE (splots)
* installing *source* package ‘HD2013SGI’ ...
** this is package ‘HD2013SGI’ version ‘1.53.0’
** using staged installation
** R
** data
** inst
** byte-compile and prepare package for lazy loading
** help
*** installing help indices
** building package indices
** installing vignettes
** testing if installed package can be loaded from temporary location
** testing if installed package can be loaded from final location
** testing if installed package keeps a record of temporary installation path
* SHA256 sums
* creating tarball
packaged installation of ‘HD2013SGI’ as ‘HD2013SGI_1.53.0_R_x86_64-pc-linux-gnu.tar.gz’
* DONE (HD2013SGI)

The downloaded source packages are in
	‘/tmp/RtmpADmEDP/downloaded_packages’
Old packages: 'diffobj'

real	1m11.534s
user	0m56.867s
sys	0m9.168s
