+ Rscript -e 'Sys.setenv(BIOCONDUCTOR_USE_CONTAINER_REPOSITORY=FALSE);
  p <- .libPaths();
  p <- c('\''/tmp/library'\'', '\''/mnt/library'\'', p);
  .libPaths(p);
  if(BiocManager::install('\''gDNAx'\'', INSTALL_opts = '\''--build'\'', update = TRUE, quiet = FALSE, dependencies=TRUE, force = TRUE, keep_outputs = TRUE) %in% rownames(installed.packages())) q(status = 0) else q(status = 1)'
'getOption("repos")' replaces Bioconductor standard repositories, see
'help("repositories", package = "BiocManager")' for details.
Replacement repositories:
    CRAN: https://p3m.dev/cran/__linux__/noble/latest
Bioconductor version 3.24 (BiocManager 1.30.27), R 4.6.1 (2026-06-24)
Installing package(s) 'gDNAx'
also installing the dependency ‘gDNAinRNAseqData’

trying URL 'https://bioconductor.org/packages/3.24/data/experiment/src/contrib/gDNAinRNAseqData_1.13.0.tar.gz'
trying URL 'https://bioconductor.org/packages/3.24/bioc/src/contrib/gDNAx_1.11.0.tar.gz'
* installing *source* package ‘gDNAinRNAseqData’ ...
** this is package ‘gDNAinRNAseqData’ version ‘1.13.0’
** using staged installation
** R
** inst
** byte-compile and prepare package for lazy loading
** help
*** installing help indices
** building package indices
** installing vignettes
** testing if installed package can be loaded from temporary location
** testing if installed package can be loaded from final location
** testing if installed package keeps a record of temporary installation path
* SHA256 sums
* creating tarball
packaged installation of ‘gDNAinRNAseqData’ as ‘gDNAinRNAseqData_1.13.0_R_x86_64-pc-linux-gnu.tar.gz’
* DONE (gDNAinRNAseqData)
* installing *source* package ‘gDNAx’ ...
** this is package ‘gDNAx’ version ‘1.11.0’
** package ‘gDNAx’ successfully unpacked and MD5 sums checked
** using staged installation
** R
** inst
** byte-compile and prepare package for lazy loading
** help
*** installing help indices
** building package indices
** installing vignettes
** testing if installed package can be loaded from temporary location
** testing if installed package can be loaded from final location
** testing if installed package keeps a record of temporary installation path
* SHA256 sums
* creating tarball
packaged installation of ‘gDNAx’ as ‘gDNAx_1.11.0_R_x86_64-pc-linux-gnu.tar.gz’
* DONE (gDNAx)

The downloaded source packages are in
	‘/tmp/RtmpwvlFYJ/downloaded_packages’

real	1m16.467s
user	0m59.753s
sys	0m7.034s
