+ Rscript -e 'Sys.setenv(BIOCONDUCTOR_USE_CONTAINER_REPOSITORY=FALSE);
  p <- .libPaths();
  p <- c('\''/tmp/library'\'', '\''/mnt/library'\'', p);
  .libPaths(p);
  if(BiocManager::install('\''HiCaptuRe'\'', INSTALL_opts = '\''--build'\'', update = TRUE, quiet = FALSE, dependencies=TRUE, force = TRUE, keep_outputs = TRUE) %in% rownames(installed.packages())) q(status = 0) else q(status = 1)'
'getOption("repos")' replaces Bioconductor standard repositories, see
'help("repositories", package = "BiocManager")' for details.
Replacement repositories:
    CRAN: https://p3m.dev/cran/__linux__/noble/latest
Bioconductor version 3.24 (BiocManager 1.30.27), R 4.6.1 (2026-06-24)
Installing package(s) 'HiCaptuRe'
trying URL 'https://bioconductor.org/packages/3.24/bioc/src/contrib/HiCaptuRe_1.3.0.tar.gz'
Content type 'application/x-gzip' length 2024511 bytes (1.9 MB)
==================================================
downloaded 1.9 MB

* installing *source* package ‘HiCaptuRe’ ...
** this is package ‘HiCaptuRe’ version ‘1.3.0’
** package ‘HiCaptuRe’ successfully unpacked and MD5 sums checked
** using staged installation
** R
** inst
** byte-compile and prepare package for lazy loading
** help
*** installing help indices
*** copying figures
** building package indices
** installing vignettes
** testing if installed package can be loaded from temporary location
** testing if installed package can be loaded from final location
** testing if installed package keeps a record of temporary installation path
* SHA256 sums
* creating tarball
packaged installation of ‘HiCaptuRe’ as ‘HiCaptuRe_1.3.0_R_x86_64-pc-linux-gnu.tar.gz’
* DONE (HiCaptuRe)

The downloaded source packages are in
	‘/tmp/RtmpP6LHMy/downloaded_packages’
Old packages: 'diffobj'

real	1m27.711s
user	0m53.622s
sys	0m7.977s
