+ Rscript -e 'Sys.setenv(BIOCONDUCTOR_USE_CONTAINER_REPOSITORY=FALSE);
  p <- .libPaths();
  p <- c('\''/tmp/library'\'', '\''/mnt/library'\'', p);
  .libPaths(p);
  if(BiocManager::install('\''CIMICE'\'', INSTALL_opts = '\''--build'\'', update = TRUE, quiet = FALSE, dependencies=TRUE, force = TRUE, keep_outputs = TRUE) %in% rownames(installed.packages())) q(status = 0) else q(status = 1)'
'getOption("repos")' replaces Bioconductor standard repositories, see
'help("repositories", package = "BiocManager")' for details.
Replacement repositories:
    CRAN: https://p3m.dev/cran/__linux__/noble/latest
Bioconductor version 3.23 (BiocManager 1.30.27), R 4.6.1 (2026-06-24)
Installing package(s) 'CIMICE'
also installing the dependencies ‘networkD3’, ‘ggcorrplot’, ‘webshot’

trying URL 'https://p3m.dev/cran/__linux__/noble/latest/src/contrib/networkD3_0.4.1.tar.gz'
trying URL 'https://p3m.dev/cran/__linux__/noble/latest/src/contrib/ggcorrplot_0.2.0.tar.gz'
trying URL 'https://p3m.dev/cran/__linux__/noble/latest/src/contrib/webshot_0.5.5.tar.gz'
trying URL 'https://bioconductor.org/packages/3.23/bioc/src/contrib/CIMICE_1.20.0.tar.gz'
* installing *binary* package ‘networkD3’ ...
* package ‘networkD3’ successfully unpacked and SHA256 sums checked
* ‘networkD3’ was already a binary package and will not be rebuilt
* SHA256 sums
* creating tarball
packaged installation of ‘networkD3’ as ‘networkD3_0.4.1_R_x86_64-pc-linux-gnu.tar.gz’
* DONE (networkD3)
* installing *binary* package ‘ggcorrplot’ ...
* package ‘ggcorrplot’ successfully unpacked and SHA256 sums checked
* ‘ggcorrplot’ was already a binary package and will not be rebuilt
* SHA256 sums
* creating tarball
packaged installation of ‘ggcorrplot’ as ‘ggcorrplot_0.2.0_R_x86_64-pc-linux-gnu.tar.gz’
* DONE (ggcorrplot)
* installing *binary* package ‘webshot’ ...
* package ‘webshot’ successfully unpacked and SHA256 sums checked
* ‘webshot’ was already a binary package and will not be rebuilt
* SHA256 sums
* creating tarball
packaged installation of ‘webshot’ as ‘webshot_0.5.5_R_x86_64-pc-linux-gnu.tar.gz’
* DONE (webshot)
* installing *source* package ‘CIMICE’ ...
** this is package ‘CIMICE’ version ‘1.20.0’
** using staged installation
** R
** inst
** byte-compile and prepare package for lazy loading
** help
*** installing help indices
** building package indices
** installing vignettes
** testing if installed package can be loaded from temporary location
** testing if installed package can be loaded from final location
** testing if installed package keeps a record of temporary installation path
* SHA256 sums
* creating tarball
packaged installation of ‘CIMICE’ as ‘CIMICE_1.20.0_R_x86_64-pc-linux-gnu.tar.gz’
* DONE (CIMICE)

The downloaded source packages are in
	‘/tmp/RtmpTzBXag/downloaded_packages’
Old packages: 'httr2', 'pak', 'pkgdown', 'urlchecker', 'xfun', 'zip', 'MASS',
  'nlme', 'survival'

real	0m24.179s
user	0m13.037s
sys	0m4.339s
