+ Rscript -e 'Sys.setenv(BIOCONDUCTOR_USE_CONTAINER_REPOSITORY=FALSE);
  p <- .libPaths();
  p <- c('\''/tmp/library'\'', '\''/mnt/library'\'', p);
  .libPaths(p);
  if(BiocManager::install('\''VplotR'\'', INSTALL_opts = '\''--build'\'', update = TRUE, quiet = FALSE, dependencies=TRUE, force = TRUE, keep_outputs = TRUE) %in% rownames(installed.packages())) q(status = 0) else q(status = 1)'
'getOption("repos")' replaces Bioconductor standard repositories, see
'help("repositories", package = "BiocManager")' for details.
Replacement repositories:
    CRAN: https://p3m.dev/cran/__linux__/noble/latest
Bioconductor version 3.24 (BiocManager 1.30.27), R 4.6.1 (2026-06-24)
Installing package(s) 'VplotR'
also installing the dependency ‘TxDb.Scerevisiae.UCSC.sacCer3.sgdGene’

trying URL 'https://bioconductor.org/packages/3.24/data/annotation/src/contrib/TxDb.Scerevisiae.UCSC.sacCer3.sgdGene_3.2.2.tar.gz'
trying URL 'https://bioconductor.org/packages/3.24/bioc/src/contrib/VplotR_1.23.0.tar.gz'
* installing *source* package ‘TxDb.Scerevisiae.UCSC.sacCer3.sgdGene’ ...
** this is package ‘TxDb.Scerevisiae.UCSC.sacCer3.sgdGene’ version ‘3.2.2’
** using staged installation
** R
** inst
** byte-compile and prepare package for lazy loading
** help
*** installing help indices
** building package indices
** testing if installed package can be loaded from temporary location
** testing if installed package can be loaded from final location
** testing if installed package keeps a record of temporary installation path
* SHA256 sums
* creating tarball
packaged installation of ‘TxDb.Scerevisiae.UCSC.sacCer3.sgdGene’ as ‘TxDb.Scerevisiae.UCSC.sacCer3.sgdGene_3.2.2_R_x86_64-pc-linux-gnu.tar.gz’
* DONE (TxDb.Scerevisiae.UCSC.sacCer3.sgdGene)
* installing *source* package ‘VplotR’ ...
** this is package ‘VplotR’ version ‘1.23.0’
** package ‘VplotR’ successfully unpacked and MD5 sums checked
** using staged installation
** R
** data
** inst
** byte-compile and prepare package for lazy loading
** help
*** installing help indices
** building package indices
** installing vignettes
** testing if installed package can be loaded from temporary location
** testing if installed package can be loaded from final location
** testing if installed package keeps a record of temporary installation path
* SHA256 sums
* creating tarball
packaged installation of ‘VplotR’ as ‘VplotR_1.23.0_R_x86_64-pc-linux-gnu.tar.gz’
* DONE (VplotR)

The downloaded source packages are in
	‘/tmp/RtmpoXL8yT/downloaded_packages’

real	1m21.043s
user	1m0.984s
sys	0m7.678s
