+ Rscript -e 'Sys.setenv(BIOCONDUCTOR_USE_CONTAINER_REPOSITORY=FALSE);
  p <- .libPaths();
  p <- c('\''/tmp/library'\'', '\''/mnt/library'\'', p);
  .libPaths(p);
  if(BiocManager::install('\''appreci8R'\'', INSTALL_opts = '\''--build'\'', update = TRUE, quiet = FALSE, dependencies=TRUE, force = TRUE, keep_outputs = TRUE) %in% rownames(installed.packages())) q(status = 0) else q(status = 1)'
'getOption("repos")' replaces Bioconductor standard repositories, see
'help("repositories", package = "BiocManager")' for details.
Replacement repositories:
    CRAN: https://p3m.dev/cran/__linux__/noble/latest
Bioconductor version 3.23 (BiocManager 1.30.27), R 4.6.1 (2026-06-24)
Installing package(s) 'appreci8R'
also installing the dependencies ‘XtraSNPlocs.Hsapiens.dbSNP144.GRCh37’, ‘MafDb.ExAC.r1.0.hs37d5’, ‘MafDb.gnomADex.r2.1.hs37d5’, ‘COSMIC.67’

trying URL 'https://bioconductor.org/packages/3.23/data/annotation/src/contrib/XtraSNPlocs.Hsapiens.dbSNP144.GRCh37_0.99.12.tar.gz'
trying URL 'https://bioconductor.org/packages/3.23/data/annotation/src/contrib/MafDb.ExAC.r1.0.hs37d5_3.10.0.tar.gz'
trying URL 'https://bioconductor.org/packages/3.23/data/annotation/src/contrib/MafDb.gnomADex.r2.1.hs37d5_3.10.0.tar.gz'
trying URL 'https://bioconductor.org/packages/3.23/data/experiment/src/contrib/COSMIC.67_1.48.0.tar.gz'
trying URL 'https://bioconductor.org/packages/3.23/bioc/src/contrib/appreci8R_1.30.0.tar.gz'
* installing *source* package ‘XtraSNPlocs.Hsapiens.dbSNP144.GRCh37’ ...
** this is package ‘XtraSNPlocs.Hsapiens.dbSNP144.GRCh37’ version ‘0.99.12’
** using staged installation
** R
** inst
** byte-compile and prepare package for lazy loading
Warning: replacing previous import ‘utils::findMatches’ by ‘S4Vectors::findMatches’ when loading ‘XtraSNPlocs.Hsapiens.dbSNP144.GRCh37’
** help
*** installing help indices
** building package indices
** testing if installed package can be loaded from temporary location
Warning: replacing previous import ‘utils::findMatches’ by ‘S4Vectors::findMatches’ when loading ‘XtraSNPlocs.Hsapiens.dbSNP144.GRCh37’
** testing if installed package can be loaded from final location
Warning: replacing previous import ‘utils::findMatches’ by ‘S4Vectors::findMatches’ when loading ‘XtraSNPlocs.Hsapiens.dbSNP144.GRCh37’
** testing if installed package keeps a record of temporary installation path
* SHA256 sums
* creating tarball
packaged installation of ‘XtraSNPlocs.Hsapiens.dbSNP144.GRCh37’ as ‘XtraSNPlocs.Hsapiens.dbSNP144.GRCh37_0.99.12_R_x86_64-pc-linux-gnu.tar.gz’
* DONE (XtraSNPlocs.Hsapiens.dbSNP144.GRCh37)
* installing *source* package ‘MafDb.ExAC.r1.0.hs37d5’ ...
** this is package ‘MafDb.ExAC.r1.0.hs37d5’ version ‘3.10.0’
** using staged installation
** R
** inst
** byte-compile and prepare package for lazy loading
Warning: replacing previous import ‘utils::findMatches’ by ‘S4Vectors::findMatches’ when loading ‘MafDb.ExAC.r1.0.hs37d5’
** help
*** installing help indices
** building package indices
** testing if installed package can be loaded from temporary location
Warning: replacing previous import ‘utils::findMatches’ by ‘S4Vectors::findMatches’ when loading ‘MafDb.ExAC.r1.0.hs37d5’
** testing if installed package can be loaded from final location
Warning: replacing previous import ‘utils::findMatches’ by ‘S4Vectors::findMatches’ when loading ‘MafDb.ExAC.r1.0.hs37d5’
** testing if installed package keeps a record of temporary installation path
* SHA256 sums
* creating tarball
packaged installation of ‘MafDb.ExAC.r1.0.hs37d5’ as ‘MafDb.ExAC.r1.0.hs37d5_3.10.0_R_x86_64-pc-linux-gnu.tar.gz’
* DONE (MafDb.ExAC.r1.0.hs37d5)
* installing *source* package ‘MafDb.gnomADex.r2.1.hs37d5’ ...
** this is package ‘MafDb.gnomADex.r2.1.hs37d5’ version ‘3.10.0’
** using staged installation
** R
** inst
** byte-compile and prepare package for lazy loading
Warning: replacing previous import ‘utils::findMatches’ by ‘S4Vectors::findMatches’ when loading ‘MafDb.gnomADex.r2.1.hs37d5’
** help
*** installing help indices
** building package indices
** testing if installed package can be loaded from temporary location
Warning: replacing previous import ‘utils::findMatches’ by ‘S4Vectors::findMatches’ when loading ‘MafDb.gnomADex.r2.1.hs37d5’
** testing if installed package can be loaded from final location
Warning: replacing previous import ‘utils::findMatches’ by ‘S4Vectors::findMatches’ when loading ‘MafDb.gnomADex.r2.1.hs37d5’
** testing if installed package keeps a record of temporary installation path
* SHA256 sums
* creating tarball
packaged installation of ‘MafDb.gnomADex.r2.1.hs37d5’ as ‘MafDb.gnomADex.r2.1.hs37d5_3.10.0_R_x86_64-pc-linux-gnu.tar.gz’
* DONE (MafDb.gnomADex.r2.1.hs37d5)
* installing *source* package ‘COSMIC.67’ ...
** this is package ‘COSMIC.67’ version ‘1.48.0’
** using staged installation
** R
** data
** inst
** byte-compile and prepare package for lazy loading
** help
*** installing help indices
** building package indices
** installing vignettes
** testing if installed package can be loaded from temporary location
** testing if installed package can be loaded from final location
** testing if installed package keeps a record of temporary installation path
* SHA256 sums
* creating tarball
packaged installation of ‘COSMIC.67’ as ‘COSMIC.67_1.48.0_R_x86_64-pc-linux-gnu.tar.gz’
* DONE (COSMIC.67)
* installing *source* package ‘appreci8R’ ...
** this is package ‘appreci8R’ version ‘1.30.0’
** using staged installation
** R
** inst
** byte-compile and prepare package for lazy loading
Warning: replacing previous import ‘utils::findMatches’ by ‘S4Vectors::findMatches’ when loading ‘SNPlocs.Hsapiens.dbSNP144.GRCh37’
Warning: replacing previous import ‘utils::findMatches’ by ‘S4Vectors::findMatches’ when loading ‘XtraSNPlocs.Hsapiens.dbSNP144.GRCh37’
Warning: replacing previous import ‘utils::findMatches’ by ‘S4Vectors::findMatches’ when loading ‘MafDb.1Kgenomes.phase3.hs37d5’
Warning: replacing previous import ‘utils::findMatches’ by ‘S4Vectors::findMatches’ when loading ‘MafDb.ExAC.r1.0.hs37d5’
Warning: replacing previous import ‘utils::findMatches’ by ‘S4Vectors::findMatches’ when loading ‘MafDb.gnomADex.r2.1.hs37d5’
** help
*** installing help indices
** building package indices
** installing vignettes
** testing if installed package can be loaded from temporary location
Warning: replacing previous import ‘utils::findMatches’ by ‘S4Vectors::findMatches’ when loading ‘SNPlocs.Hsapiens.dbSNP144.GRCh37’
Warning: replacing previous import ‘utils::findMatches’ by ‘S4Vectors::findMatches’ when loading ‘XtraSNPlocs.Hsapiens.dbSNP144.GRCh37’
Warning: replacing previous import ‘utils::findMatches’ by ‘S4Vectors::findMatches’ when loading ‘MafDb.1Kgenomes.phase3.hs37d5’
Warning: replacing previous import ‘utils::findMatches’ by ‘S4Vectors::findMatches’ when loading ‘MafDb.ExAC.r1.0.hs37d5’
Warning: replacing previous import ‘utils::findMatches’ by ‘S4Vectors::findMatches’ when loading ‘MafDb.gnomADex.r2.1.hs37d5’
** testing if installed package can be loaded from final location
Warning: replacing previous import ‘utils::findMatches’ by ‘S4Vectors::findMatches’ when loading ‘SNPlocs.Hsapiens.dbSNP144.GRCh37’
Warning: replacing previous import ‘utils::findMatches’ by ‘S4Vectors::findMatches’ when loading ‘XtraSNPlocs.Hsapiens.dbSNP144.GRCh37’
Warning: replacing previous import ‘utils::findMatches’ by ‘S4Vectors::findMatches’ when loading ‘MafDb.1Kgenomes.phase3.hs37d5’
Warning: replacing previous import ‘utils::findMatches’ by ‘S4Vectors::findMatches’ when loading ‘MafDb.ExAC.r1.0.hs37d5’
Warning: replacing previous import ‘utils::findMatches’ by ‘S4Vectors::findMatches’ when loading ‘MafDb.gnomADex.r2.1.hs37d5’
** testing if installed package keeps a record of temporary installation path
* SHA256 sums
* creating tarball
packaged installation of ‘appreci8R’ as ‘appreci8R_1.30.0_R_x86_64-pc-linux-gnu.tar.gz’
* DONE (appreci8R)

The downloaded source packages are in
	‘/tmp/Rtmp2vWhPK/downloaded_packages’
Old packages: 'diffobj', 'httr2', 'pak', 'pkgdown', 'urlchecker', 'xfun',
  'zip', 'MASS', 'nlme', 'survival'

real	4m45.946s
user	4m13.495s
sys	0m24.642s
