+ Rscript -e 'Sys.setenv(BIOCONDUCTOR_USE_CONTAINER_REPOSITORY=FALSE);
  p <- .libPaths();
  p <- c('\''/tmp/library'\'', '\''/mnt/library'\'', p);
  .libPaths(p);
  if(BiocManager::install('\''acde'\'', INSTALL_opts = '\''--build'\'', update = TRUE, quiet = FALSE, dependencies=TRUE, force = TRUE, keep_outputs = TRUE) %in% rownames(installed.packages())) q(status = 0) else q(status = 1)'
'getOption("repos")' replaces Bioconductor standard repositories, see
'help("repositories", package = "BiocManager")' for details.
Replacement repositories:
    CRAN: https://p3m.dev/cran/__linux__/noble/latest
Bioconductor version 3.24 (BiocManager 1.30.27), R 4.6.1 (2026-06-24)
Installing package(s) 'acde'
Error in readRDS(file) : error reading from connection
trying URL 'https://bioconductor.org/packages/3.24/bioc/src/contrib/acde_1.43.0.tar.gz'
Content type 'application/x-gzip' length 9308819 bytes (8.9 MB)
==================================================
downloaded 8.9 MB

* installing *source* package ‘acde’ ...
** this is package ‘acde’ version ‘1.43.0’
** package ‘acde’ successfully unpacked and MD5 sums checked
** using staged installation
** R
** data
*** moving datasets to lazyload DB
** inst
** byte-compile and prepare package for lazy loading
** help
*** installing help indices
** building package indices
** installing vignettes
** testing if installed package can be loaded from temporary location
** testing if installed package can be loaded from final location
** testing if installed package keeps a record of temporary installation path
* SHA256 sums
* creating tarball
packaged installation of ‘acde’ as ‘acde_1.43.0_R_x86_64-pc-linux-gnu.tar.gz’
* DONE (acde)

The downloaded source packages are in
	‘/tmp/Rtmp5MHePv/downloaded_packages’
Old packages: 'diffobj'

real	0m14.807s
user	0m5.994s
sys	0m2.038s
