+ Rscript -e 'Sys.setenv(BIOCONDUCTOR_USE_CONTAINER_REPOSITORY=FALSE);
  p <- .libPaths();
  p <- c('\''/tmp/library'\'', '\''/mnt/library'\'', p);
  .libPaths(p);
  if(BiocManager::install('\''geneRxCluster'\'', INSTALL_opts = '\''--build'\'', update = TRUE, quiet = FALSE, dependencies=TRUE, force = TRUE, keep_outputs = TRUE) %in% rownames(installed.packages())) q(status = 0) else q(status = 1)'
'getOption("repos")' replaces Bioconductor standard repositories, see
'help("repositories", package = "BiocManager")' for details.
Replacement repositories:
    CRAN: https://p3m.dev/cran/__linux__/noble/latest
Bioconductor version 3.24 (BiocManager 1.30.27), R 4.6.1 (2026-06-24)
Installing package(s) 'geneRxCluster'
trying URL 'https://bioconductor.org/packages/3.24/bioc/src/contrib/geneRxCluster_1.49.0.tar.gz'
Content type 'application/x-gzip' length 287778 bytes (281 KB)
==================================================
downloaded 281 KB

* installing *source* package ‘geneRxCluster’ ...
** this is package ‘geneRxCluster’ version ‘1.49.0’
** package ‘geneRxCluster’ successfully unpacked and MD5 sums checked
** using staged installation
** libs
using C compiler: ‘gcc (Ubuntu 13.3.0-6ubuntu2~24.04.1) 13.3.0’
gcc -std=gnu2x -I"/usr/local/lib/R/include" -DNDEBUG   -I/usr/local/include    -fpic  -g -O2 -fstack-protector-strong -Wformat -Werror=format-security -Wdate-time -D_FORTIFY_SOURCE=2 -g  -c cluster.c -o cluster.o
gcc -std=gnu2x -shared -L/usr/local/lib/R/lib -L/usr/local/lib -o geneRxCluster.so cluster.o -L/usr/local/lib/R/lib -lR
installing to /tmp/library/00LOCK-geneRxCluster/00new/geneRxCluster/libs
** R
** inst
** byte-compile and prepare package for lazy loading
** help
*** installing help indices
** building package indices
** installing vignettes
** testing if installed package can be loaded from temporary location
** checking absolute paths in shared objects and dynamic libraries
** testing if installed package can be loaded from final location
** testing if installed package keeps a record of temporary installation path
* SHA256 sums
* creating tarball
packaged installation of ‘geneRxCluster’ as ‘geneRxCluster_1.49.0_R_x86_64-pc-linux-gnu.tar.gz’
* DONE (geneRxCluster)

The downloaded source packages are in
	‘/tmp/RtmplUA7SR/downloaded_packages’

real	0m19.447s
user	0m12.535s
sys	0m3.572s
