+ Rscript -e 'Sys.setenv(BIOCONDUCTOR_USE_CONTAINER_REPOSITORY=FALSE);
  p <- .libPaths();
  p <- c('\''/tmp/library'\'', '\''/mnt/library'\'', p);
  .libPaths(p);
  if(BiocManager::install('\''RGraph2js'\'', INSTALL_opts = '\''--build'\'', update = TRUE, quiet = FALSE, dependencies=TRUE, force = TRUE, keep_outputs = TRUE) %in% rownames(installed.packages())) q(status = 0) else q(status = 1)'
'getOption("repos")' replaces Bioconductor standard repositories, see
'help("repositories", package = "BiocManager")' for details.
Replacement repositories:
    CRAN: https://p3m.dev/cran/__linux__/noble/latest
Bioconductor version 3.23 (BiocManager 1.30.27), R 4.6.1 (2026-06-24)
Installing package(s) 'RGraph2js'
trying URL 'https://bioconductor.org/packages/3.23/bioc/src/contrib/RGraph2js_1.40.0.tar.gz'
Content type 'application/x-gzip' length 2456869 bytes (2.3 MB)
==================================================
downloaded 2.3 MB

* installing *source* package ‘RGraph2js’ ...
** this is package ‘RGraph2js’ version ‘1.40.0’
** using staged installation
** R
** inst
** byte-compile and prepare package for lazy loading
** help
*** installing help indices
** building package indices
** installing vignettes
** testing if installed package can be loaded from temporary location
** testing if installed package can be loaded from final location
** testing if installed package keeps a record of temporary installation path
* SHA256 sums
* creating tarball
packaged installation of ‘RGraph2js’ as ‘RGraph2js_1.40.0_R_x86_64-pc-linux-gnu.tar.gz’
* DONE (RGraph2js)

The downloaded source packages are in
	‘/tmp/RtmppuBevN/downloaded_packages’
Old packages: 'httr2', 'pak', 'pkgdown', 'urlchecker', 'xfun', 'zip', 'MASS',
  'nlme', 'survival'

real	0m11.137s
user	0m6.718s
sys	0m2.598s
