+ Rscript -e 'Sys.setenv(BIOCONDUCTOR_USE_CONTAINER_REPOSITORY=FALSE);
  p <- .libPaths();
  p <- c('\''/tmp/library'\'', '\''/mnt/library'\'', p);
  .libPaths(p);
  if(BiocManager::install('\''a4'\'', INSTALL_opts = '\''--build'\'', update = TRUE, quiet = FALSE, dependencies=TRUE, force = TRUE, keep_outputs = TRUE) %in% rownames(installed.packages())) q(status = 0) else q(status = 1)'
'getOption("repos")' replaces Bioconductor standard repositories, see
'help("repositories", package = "BiocManager")' for details.
Replacement repositories:
    CRAN: https://p3m.dev/cran/__linux__/noble/latest
Bioconductor version 3.23 (BiocManager 1.30.27), R 4.6.1 (2026-06-24)
Installing package(s) 'a4'
trying URL 'https://bioconductor.org/packages/3.23/bioc/src/contrib/a4_1.60.0.tar.gz'
Content type 'application/x-gzip' length 1264365 bytes (1.2 MB)
==================================================
downloaded 1.2 MB

* installing *source* package ‘a4’ ...
** this is package ‘a4’ version ‘1.60.0’
** using staged installation
** R
** inst
** byte-compile and prepare package for lazy loading
** help
No man pages found in package  ‘a4’ 
*** installing help indices
** building package indices
** installing vignettes
** testing if installed package can be loaded from temporary location
** testing if installed package can be loaded from final location
** testing if installed package keeps a record of temporary installation path
* SHA256 sums
* creating tarball
packaged installation of ‘a4’ as ‘a4_1.60.0_R_x86_64-pc-linux-gnu.tar.gz’
* DONE (a4)

The downloaded source packages are in
	‘/tmp/RtmpzZKUvj/downloaded_packages’
Old packages: 'diffobj', 'httr2', 'pak', 'pkgdown', 'urlchecker', 'xfun',
  'zip', 'MASS', 'nlme', 'survival'

real	0m33.567s
user	0m22.448s
sys	0m3.720s
