+ Rscript -e 'Sys.setenv(BIOCONDUCTOR_USE_CONTAINER_REPOSITORY=FALSE);
  p <- .libPaths();
  p <- c('\''/tmp/library'\'', '\''/mnt/library'\'', p);
  .libPaths(p);
  if(BiocManager::install('\''MEDIPS'\'', INSTALL_opts = '\''--build'\'', update = TRUE, quiet = FALSE, dependencies=TRUE, force = TRUE, keep_outputs = TRUE) %in% rownames(installed.packages())) q(status = 0) else q(status = 1)'
'getOption("repos")' replaces Bioconductor standard repositories, see
'help("repositories", package = "BiocManager")' for details.
Replacement repositories:
    CRAN: https://p3m.dev/cran/__linux__/noble/latest
Bioconductor version 3.23 (BiocManager 1.30.27), R 4.6.1 (2026-06-24)
Installing package(s) 'MEDIPS'
trying URL 'https://bioconductor.org/packages/3.23/bioc/src/contrib/MEDIPS_1.64.0.tar.gz'
Content type 'application/x-gzip' length 329925 bytes (322 KB)
==================================================
downloaded 322 KB

* installing *source* package ‘MEDIPS’ ...
** this is package ‘MEDIPS’ version ‘1.64.0’
** using staged installation
** R
** inst
** byte-compile and prepare package for lazy loading
No methods found in package ‘IRanges’ for request: ‘values’ when loading ‘MEDIPS’
** help
*** installing help indices
** building package indices
** installing vignettes
** testing if installed package can be loaded from temporary location
No methods found in package ‘IRanges’ for request: ‘values’ when loading ‘MEDIPS’
** testing if installed package can be loaded from final location
No methods found in package ‘IRanges’ for request: ‘values’ when loading ‘MEDIPS’
** testing if installed package keeps a record of temporary installation path
* SHA256 sums
* creating tarball
packaged installation of ‘MEDIPS’ as ‘MEDIPS_1.64.0_R_x86_64-pc-linux-gnu.tar.gz’
* DONE (MEDIPS)

The downloaded source packages are in
	‘/tmp/RtmpW1chqw/downloaded_packages’
Old packages: 'diffobj', 'httr2', 'pak', 'pkgdown', 'urlchecker', 'xfun',
  'zip', 'MASS', 'nlme', 'survival'

real	0m52.215s
user	0m39.976s
sys	0m6.094s
