+ Rscript -e 'Sys.setenv(BIOCONDUCTOR_USE_CONTAINER_REPOSITORY=FALSE);
  p <- .libPaths();
  p <- c('\''/tmp/library'\'', '\''/mnt/library'\'', p);
  .libPaths(p);
  if(BiocManager::install('\''scShapes'\'', INSTALL_opts = '\''--build'\'', update = TRUE, quiet = FALSE, dependencies=TRUE, force = TRUE, keep_outputs = TRUE) %in% rownames(installed.packages())) q(status = 0) else q(status = 1)'
'getOption("repos")' replaces Bioconductor standard repositories, see
'help("repositories", package = "BiocManager")' for details.
Replacement repositories:
    CRAN: https://p3m.dev/cran/__linux__/noble/latest
Bioconductor version 3.24 (BiocManager 1.30.27), R 4.6.1 (2026-06-24)
Installing package(s) 'scShapes'
also installing the dependencies ‘bbmle’, ‘dgof’, ‘emdbook’

trying URL 'https://p3m.dev/cran/__linux__/noble/latest/src/contrib/bbmle_1.0.25.1.tar.gz'
trying URL 'https://p3m.dev/cran/__linux__/noble/latest/src/contrib/dgof_1.5.1.tar.gz'
trying URL 'https://p3m.dev/cran/__linux__/noble/latest/src/contrib/emdbook_1.3.14.tar.gz'
trying URL 'https://bioconductor.org/packages/3.24/bioc/src/contrib/scShapes_1.19.0.tar.gz'
* installing *binary* package ‘bbmle’ ...
* package ‘bbmle’ successfully unpacked and SHA256 sums checked
* ‘bbmle’ was already a binary package and will not be rebuilt
* SHA256 sums
* creating tarball
packaged installation of ‘bbmle’ as ‘bbmle_1.0.25.1_R_x86_64-pc-linux-gnu.tar.gz’
* DONE (bbmle)
* installing *binary* package ‘dgof’ ...
* package ‘dgof’ successfully unpacked and SHA256 sums checked
* ‘dgof’ was already a binary package and will not be rebuilt
* SHA256 sums
* creating tarball
packaged installation of ‘dgof’ as ‘dgof_1.5.1_R_x86_64-pc-linux-gnu.tar.gz’
* DONE (dgof)
* installing *binary* package ‘emdbook’ ...
* package ‘emdbook’ successfully unpacked and SHA256 sums checked
* ‘emdbook’ was already a binary package and will not be rebuilt
* SHA256 sums
* creating tarball
packaged installation of ‘emdbook’ as ‘emdbook_1.3.14_R_x86_64-pc-linux-gnu.tar.gz’
* DONE (emdbook)
* installing *source* package ‘scShapes’ ...
** this is package ‘scShapes’ version ‘1.19.0’
** package ‘scShapes’ successfully unpacked and MD5 sums checked
** using staged installation
** R
** data
** inst
** byte-compile and prepare package for lazy loading
** help
*** installing help indices
** building package indices
** installing vignettes
** testing if installed package can be loaded from temporary location
** testing if installed package can be loaded from final location
** testing if installed package keeps a record of temporary installation path
* SHA256 sums
* creating tarball
packaged installation of ‘scShapes’ as ‘scShapes_1.19.0_R_x86_64-pc-linux-gnu.tar.gz’
* DONE (scShapes)

The downloaded source packages are in
	‘/tmp/RtmpTvTQge/downloaded_packages’

real	0m44.193s
user	0m11.133s
sys	0m3.824s
