+ Rscript -e 'Sys.setenv(BIOCONDUCTOR_USE_CONTAINER_REPOSITORY=FALSE);
  p <- .libPaths();
  p <- c('\''/tmp/library'\'', '\''/mnt/library'\'', p);
  .libPaths(p);
  if(BiocManager::install('\''tpSVG'\'', INSTALL_opts = '\''--build'\'', update = TRUE, quiet = FALSE, dependencies=TRUE, force = TRUE, keep_outputs = TRUE) %in% rownames(installed.packages())) q(status = 0) else q(status = 1)'
'getOption("repos")' replaces Bioconductor standard repositories, see
'help("repositories", package = "BiocManager")' for details.
Replacement repositories:
    CRAN: https://p3m.dev/cran/__linux__/noble/latest
Bioconductor version 3.23 (BiocManager 1.30.27), R 4.6.1 (2026-06-24)
Installing package(s) 'tpSVG'
also installing the dependencies ‘BRISC’, ‘nnSVG’

trying URL 'https://p3m.dev/cran/__linux__/noble/latest/src/contrib/BRISC_1.0.6.tar.gz'
trying URL 'https://bioconductor.org/packages/3.23/bioc/src/contrib/nnSVG_1.16.1.tar.gz'
trying URL 'https://bioconductor.org/packages/3.23/bioc/src/contrib/tpSVG_1.8.0.tar.gz'
* installing *binary* package ‘BRISC’ ...
* package ‘BRISC’ successfully unpacked and SHA256 sums checked
* ‘BRISC’ was already a binary package and will not be rebuilt
* SHA256 sums
* creating tarball
packaged installation of ‘BRISC’ as ‘BRISC_1.0.6_R_x86_64-pc-linux-gnu.tar.gz’
* DONE (BRISC)
* installing *source* package ‘tpSVG’ ...
** this is package ‘tpSVG’ version ‘1.8.0’
** using staged installation
** R
** inst
** byte-compile and prepare package for lazy loading
** help
*** installing help indices
** building package indices
** installing vignettes
** testing if installed package can be loaded from temporary location
** testing if installed package can be loaded from final location
** testing if installed package keeps a record of temporary installation path
* SHA256 sums
* creating tarball
packaged installation of ‘tpSVG’ as ‘tpSVG_1.8.0_R_x86_64-pc-linux-gnu.tar.gz’
* DONE (tpSVG)
* installing *source* package ‘nnSVG’ ...
** this is package ‘nnSVG’ version ‘1.16.1’
** using staged installation
** R
** inst
** byte-compile and prepare package for lazy loading
** help
*** installing help indices
** building package indices
** installing vignettes
** testing if installed package can be loaded from temporary location
** testing if installed package can be loaded from final location
** testing if installed package keeps a record of temporary installation path
* SHA256 sums
* creating tarball
packaged installation of ‘nnSVG’ as ‘nnSVG_1.16.1_R_x86_64-pc-linux-gnu.tar.gz’
* DONE (nnSVG)

The downloaded source packages are in
	‘/tmp/RtmptYiWbM/downloaded_packages’
Old packages: 'diffobj', 'httr2', 'pak', 'pkgdown', 'urlchecker', 'xfun',
  'zip', 'MASS', 'nlme', 'survival'

real	0m58.445s
user	0m45.858s
sys	0m7.313s
