+ Rscript -e 'Sys.setenv(BIOCONDUCTOR_USE_CONTAINER_REPOSITORY=FALSE);
  p <- .libPaths();
  p <- c('\''/tmp/library'\'', '\''/mnt/library'\'', p);
  .libPaths(p);
  if(BiocManager::install('\''SubCellBarCode'\'', INSTALL_opts = '\''--build'\'', update = TRUE, quiet = FALSE, dependencies=TRUE, force = TRUE, keep_outputs = TRUE) %in% rownames(installed.packages())) q(status = 0) else q(status = 1)'
'getOption("repos")' replaces Bioconductor standard repositories, see
'help("repositories", package = "BiocManager")' for details.
Replacement repositories:
    CRAN: https://p3m.dev/cran/__linux__/noble/latest
Bioconductor version 3.23 (BiocManager 1.30.27), R 4.6.1 (2026-06-24)
Installing package(s) 'SubCellBarCode'
trying URL 'https://bioconductor.org/packages/3.23/bioc/src/contrib/SubCellBarCode_1.28.0.tar.gz'
Content type 'application/x-gzip' length 2418086 bytes (2.3 MB)
==================================================
downloaded 2.3 MB

* installing *source* package ‘SubCellBarCode’ ...
** this is package ‘SubCellBarCode’ version ‘1.28.0’
** using staged installation
** R
** data
*** moving datasets to lazyload DB
** inst
** byte-compile and prepare package for lazy loading
Error in loadNamespace(j <- i[[1L]], c(lib.loc, .libPaths()), versionCheck = vI[[j]]) : 
  there is no package called ‘ModelMetrics’
Calls: <Anonymous> ... loadNamespace -> withRestarts -> withOneRestart -> doWithOneRestart
Execution halted
ERROR: lazy loading failed for package ‘SubCellBarCode’
* removing ‘/tmp/library/SubCellBarCode’

The downloaded source packages are in
	‘/tmp/Rtmpp7PqnE/downloaded_packages’
Old packages: 'diffobj', 'httr2', 'pak', 'pkgdown', 'urlchecker', 'xfun',
  'zip', 'MASS', 'nlme', 'survival'
Warning message:
In install.packages(...) :
  installation of package ‘SubCellBarCode’ had non-zero exit status

real	0m19.892s
user	0m12.068s
sys	0m2.819s
