+ Rscript -e 'Sys.setenv(BIOCONDUCTOR_USE_CONTAINER_REPOSITORY=FALSE);
  p <- .libPaths();
  p <- c('\''/tmp/library'\'', '\''/mnt/library'\'', p);
  .libPaths(p);
  if(BiocManager::install('\''NPARC'\'', INSTALL_opts = '\''--build'\'', update = TRUE, quiet = FALSE, dependencies=TRUE, force = TRUE, keep_outputs = TRUE) %in% rownames(installed.packages())) q(status = 0) else q(status = 1)'
'getOption("repos")' replaces Bioconductor standard repositories, see
'help("repositories", package = "BiocManager")' for details.
Replacement repositories:
    CRAN: https://p3m.dev/cran/__linux__/noble/latest
Bioconductor version 3.24 (BiocManager 1.30.27), R 4.6.1 (2026-06-24)
Installing package(s) 'NPARC'
trying URL 'https://bioconductor.org/packages/3.24/bioc/src/contrib/NPARC_1.25.0.tar.gz'
Content type 'application/x-gzip' length 2362701 bytes (2.3 MB)
==================================================
downloaded 2.3 MB

* installing *source* package ‘NPARC’ ...
** this is package ‘NPARC’ version ‘1.25.0’
** package ‘NPARC’ successfully unpacked and MD5 sums checked
** using staged installation
** R
** data
*** moving datasets to lazyload DB
** inst
** byte-compile and prepare package for lazy loading
** help
*** installing help indices
** building package indices
** installing vignettes
** testing if installed package can be loaded from temporary location
** testing if installed package can be loaded from final location
** testing if installed package keeps a record of temporary installation path
* SHA256 sums
* creating tarball
packaged installation of ‘NPARC’ as ‘NPARC_1.25.0_R_x86_64-pc-linux-gnu.tar.gz’
* DONE (NPARC)

The downloaded source packages are in
	‘/tmp/RtmpH7b9l8/downloaded_packages’

real	0m39.202s
user	0m7.972s
sys	0m2.551s
