+ Rscript -e 'Sys.setenv(BIOCONDUCTOR_USE_CONTAINER_REPOSITORY=FALSE);
  p <- .libPaths();
  p <- c('\''/tmp/library'\'', '\''/mnt/library'\'', p);
  .libPaths(p);
  if(BiocManager::install('\''hypeR'\'', INSTALL_opts = '\''--build'\'', update = TRUE, quiet = FALSE, dependencies=TRUE, force = TRUE, keep_outputs = TRUE) %in% rownames(installed.packages())) q(status = 0) else q(status = 1)'
'getOption("repos")' replaces Bioconductor standard repositories, see
'help("repositories", package = "BiocManager")' for details.
Replacement repositories:
    CRAN: https://p3m.dev/cran/__linux__/noble/latest
Bioconductor version 3.24 (BiocManager 1.30.27), R 4.6.1 (2026-06-24)
Installing package(s) 'hypeR'
also installing the dependencies ‘babelgene’, ‘msigdbr’

trying URL 'https://p3m.dev/cran/__linux__/noble/latest/src/contrib/babelgene_22.9.tar.gz'
trying URL 'https://p3m.dev/cran/__linux__/noble/latest/src/contrib/msigdbr_26.1.0.tar.gz'
trying URL 'https://bioconductor.org/packages/3.24/bioc/src/contrib/hypeR_2.11.0.tar.gz'
* installing *binary* package ‘babelgene’ ...
* package ‘babelgene’ successfully unpacked and SHA256 sums checked
* ‘babelgene’ was already a binary package and will not be rebuilt
* SHA256 sums
* creating tarball
packaged installation of ‘babelgene’ as ‘babelgene_22.9_R_x86_64-pc-linux-gnu.tar.gz’
* DONE (babelgene)
* installing *binary* package ‘msigdbr’ ...
* package ‘msigdbr’ successfully unpacked and SHA256 sums checked
* ‘msigdbr’ was already a binary package and will not be rebuilt
* SHA256 sums
* creating tarball
packaged installation of ‘msigdbr’ as ‘msigdbr_26.1.0_R_x86_64-pc-linux-gnu.tar.gz’
* DONE (msigdbr)
* installing *source* package ‘hypeR’ ...
** this is package ‘hypeR’ version ‘2.11.0’
** package ‘hypeR’ successfully unpacked and MD5 sums checked
** using staged installation
** R
** inst
** byte-compile and prepare package for lazy loading
** help
*** installing help indices
** building package indices
** installing vignettes
** testing if installed package can be loaded from temporary location
** testing if installed package can be loaded from final location
** testing if installed package keeps a record of temporary installation path
* SHA256 sums
* creating tarball
packaged installation of ‘hypeR’ as ‘hypeR_2.11.0_R_x86_64-pc-linux-gnu.tar.gz’
* DONE (hypeR)

The downloaded source packages are in
	‘/tmp/RtmpfBbDIb/downloaded_packages’

real	0m57.522s
user	0m12.165s
sys	0m3.625s
