+ Rscript -e 'Sys.setenv(BIOCONDUCTOR_USE_CONTAINER_REPOSITORY=FALSE);
  p <- .libPaths();
  p <- c('\''/tmp/library'\'', '\''/mnt/library'\'', p);
  .libPaths(p);
  if(BiocManager::install('\''SBGNview'\'', INSTALL_opts = '\''--build'\'', update = TRUE, quiet = FALSE, dependencies=TRUE, force = TRUE, keep_outputs = TRUE) %in% rownames(installed.packages())) q(status = 0) else q(status = 1)'
'getOption("repos")' replaces Bioconductor standard repositories, see
'help("repositories", package = "BiocManager")' for details.
Replacement repositories:
    CRAN: https://p3m.dev/cran/__linux__/noble/latest
Bioconductor version 3.23 (BiocManager 1.30.27), R 4.6.1 (2026-06-24)
Installing package(s) 'SBGNview'
also installing the dependency ‘SBGNview.data’

trying URL 'https://bioconductor.org/packages/3.23/data/experiment/src/contrib/SBGNview.data_1.26.0.tar.gz'
trying URL 'https://bioconductor.org/packages/3.23/bioc/src/contrib/SBGNview_1.26.0.tar.gz'
* installing *source* package ‘SBGNview.data’ ...
** this is package ‘SBGNview.data’ version ‘1.26.0’
** using staged installation
** R
** data
** inst
** byte-compile and prepare package for lazy loading
** help
*** installing help indices
** building package indices
** installing vignettes
** testing if installed package can be loaded from temporary location
** testing if installed package can be loaded from final location
** testing if installed package keeps a record of temporary installation path
* SHA256 sums
* creating tarball
packaged installation of ‘SBGNview.data’ as ‘SBGNview.data_1.26.0_R_x86_64-pc-linux-gnu.tar.gz’
* DONE (SBGNview.data)
* installing *source* package ‘SBGNview’ ...
** this is package ‘SBGNview’ version ‘1.26.0’
** using staged installation
** R
** data
** inst
** byte-compile and prepare package for lazy loading
** help
*** installing help indices
** building package indices
** installing vignettes
** testing if installed package can be loaded from temporary location
** testing if installed package can be loaded from final location
** testing if installed package keeps a record of temporary installation path
* SHA256 sums
* creating tarball
packaged installation of ‘SBGNview’ as ‘SBGNview_1.26.0_R_x86_64-pc-linux-gnu.tar.gz’
* DONE (SBGNview)

The downloaded source packages are in
	‘/tmp/Rtmp30d3Mb/downloaded_packages’
Old packages: 'diffobj', 'httr2', 'pak', 'pkgdown', 'urlchecker', 'xfun',
  'zip', 'MASS', 'nlme', 'survival'

real	1m1.434s
user	0m44.938s
sys	0m6.674s
