+ Rscript -e 'Sys.setenv(BIOCONDUCTOR_USE_CONTAINER_REPOSITORY=FALSE);
  p <- .libPaths();
  p <- c('\''/tmp/library'\'', '\''/mnt/library'\'', p);
  .libPaths(p);
  if(BiocManager::install('\''pandaR'\'', INSTALL_opts = '\''--build'\'', update = TRUE, quiet = FALSE, dependencies=TRUE, force = TRUE, keep_outputs = TRUE) %in% rownames(installed.packages())) q(status = 0) else q(status = 1)'
'getOption("repos")' replaces Bioconductor standard repositories, see
'help("repositories", package = "BiocManager")' for details.
Replacement repositories:
    CRAN: https://p3m.dev/cran/__linux__/noble/latest
Bioconductor version 3.24 (BiocManager 1.30.27), R 4.6.1 (2026-06-24)
Installing package(s) 'pandaR'
trying URL 'https://bioconductor.org/packages/3.24/bioc/src/contrib/pandaR_1.45.0.tar.gz'
Content type 'application/x-gzip' length 9101603 bytes (8.7 MB)
==================================================
downloaded 8.7 MB

* installing *source* package ‘pandaR’ ...
** this is package ‘pandaR’ version ‘1.45.0’
** package ‘pandaR’ successfully unpacked and MD5 sums checked
** using staged installation
** R
** data
*** moving datasets to lazyload DB
** inst
** byte-compile and prepare package for lazy loading
** help
*** installing help indices
** building package indices
** installing vignettes
** testing if installed package can be loaded from temporary location
** testing if installed package can be loaded from final location
** testing if installed package keeps a record of temporary installation path
* SHA256 sums
* creating tarball
packaged installation of ‘pandaR’ as ‘pandaR_1.45.0_R_x86_64-pc-linux-gnu.tar.gz’
* DONE (pandaR)

The downloaded source packages are in
	‘/tmp/RtmpfElFP9/downloaded_packages’
Old packages: 'diffobj'

real	0m17.118s
user	0m11.671s
sys	0m2.969s
