+ Rscript -e 'Sys.setenv(BIOCONDUCTOR_USE_CONTAINER_REPOSITORY=FALSE);
  p <- .libPaths();
  p <- c('\''/tmp/library'\'', '\''/mnt/library'\'', p);
  .libPaths(p);
  if(BiocManager::install('\''MAIT'\'', INSTALL_opts = '\''--build'\'', update = TRUE, quiet = FALSE, dependencies=TRUE, force = TRUE, keep_outputs = TRUE) %in% rownames(installed.packages())) q(status = 0) else q(status = 1)'
'getOption("repos")' replaces Bioconductor standard repositories, see
'help("repositories", package = "BiocManager")' for details.
Replacement repositories:
    CRAN: https://p3m.dev/cran/__linux__/noble/latest
Bioconductor version 3.23 (BiocManager 1.30.27), R 4.6.1 (2026-06-24)
Installing package(s) 'MAIT'
trying URL 'https://bioconductor.org/packages/3.23/bioc/src/contrib/MAIT_1.46.0.tar.gz'
Content type 'application/x-gzip' length 2481007 bytes (2.4 MB)
==================================================
downloaded 2.4 MB

* installing *source* package ‘MAIT’ ...
** this is package ‘MAIT’ version ‘1.46.0’
** using staged installation
** R
** data
** inst
** byte-compile and prepare package for lazy loading
Creating a new generic function for ‘scores’ in package ‘MAIT’
Creating a new generic function for ‘loadings’ in package ‘MAIT’
** help
*** installing help indices
** building package indices
** installing vignettes
** testing if installed package can be loaded from temporary location
** testing if installed package can be loaded from final location
** testing if installed package keeps a record of temporary installation path
* SHA256 sums
* creating tarball
packaged installation of ‘MAIT’ as ‘MAIT_1.46.0_R_x86_64-pc-linux-gnu.tar.gz’
* DONE (MAIT)

The downloaded source packages are in
	‘/tmp/RtmpQNpsQ3/downloaded_packages’
Old packages: 'httr2', 'pak', 'pkgdown', 'urlchecker', 'xfun', 'zip', 'MASS',
  'nlme', 'survival'

real	1m3.703s
user	0m53.612s
sys	0m7.155s
