+ Rscript -e 'Sys.setenv(BIOCONDUCTOR_USE_CONTAINER_REPOSITORY=FALSE);
  p <- .libPaths();
  p <- c('\''/tmp/library'\'', '\''/mnt/library'\'', p);
  .libPaths(p);
  if(BiocManager::install('\''diffcoexp'\'', INSTALL_opts = '\''--build'\'', update = TRUE, quiet = FALSE, dependencies=TRUE, force = TRUE, keep_outputs = TRUE) %in% rownames(installed.packages())) q(status = 0) else q(status = 1)'
'getOption("repos")' replaces Bioconductor standard repositories, see
'help("repositories", package = "BiocManager")' for details.
Replacement repositories:
    CRAN: https://p3m.dev/cran/__linux__/noble/latest
Bioconductor version 3.24 (BiocManager 1.30.27), R 4.6.1 (2026-06-24)
Installing package(s) 'diffcoexp'
also installing the dependency ‘DiffCorr’

trying URL 'https://p3m.dev/cran/__linux__/noble/latest/src/contrib/DiffCorr_0.4.5.tar.gz'
trying URL 'https://bioconductor.org/packages/3.24/bioc/src/contrib/diffcoexp_1.33.0.tar.gz'
* installing *binary* package ‘DiffCorr’ ...
* package ‘DiffCorr’ successfully unpacked and SHA256 sums checked
* ‘DiffCorr’ was already a binary package and will not be rebuilt
* SHA256 sums
* creating tarball
packaged installation of ‘DiffCorr’ as ‘DiffCorr_0.4.5_R_x86_64-pc-linux-gnu.tar.gz’
* DONE (DiffCorr)
* installing *source* package ‘diffcoexp’ ...
** this is package ‘diffcoexp’ version ‘1.33.0’
** package ‘diffcoexp’ successfully unpacked and MD5 sums checked
** using staged installation
** R
** data
*** moving datasets to lazyload DB
** inst
** byte-compile and prepare package for lazy loading
** help
*** installing help indices
** building package indices
** installing vignettes
** testing if installed package can be loaded from temporary location
** testing if installed package can be loaded from final location
** testing if installed package keeps a record of temporary installation path
* SHA256 sums
* creating tarball
packaged installation of ‘diffcoexp’ as ‘diffcoexp_1.33.0_R_x86_64-pc-linux-gnu.tar.gz’
* DONE (diffcoexp)

The downloaded source packages are in
	‘/tmp/Rtmpuz0h3m/downloaded_packages’
Old packages: 'diffobj'

real	0m34.280s
user	0m26.653s
sys	0m4.009s
