+ Rscript -e 'Sys.setenv(BIOCONDUCTOR_USE_CONTAINER_REPOSITORY=FALSE);
  p <- .libPaths();
  p <- c('\''/tmp/library'\'', '\''/mnt/library'\'', p);
  .libPaths(p);
  if(BiocManager::install('\''sigsquared'\'', INSTALL_opts = '\''--build'\'', update = TRUE, quiet = FALSE, dependencies=TRUE, force = TRUE, keep_outputs = TRUE) %in% rownames(installed.packages())) q(status = 0) else q(status = 1)'
'getOption("repos")' replaces Bioconductor standard repositories, see
'help("repositories", package = "BiocManager")' for details.
Replacement repositories:
    CRAN: https://p3m.dev/cran/__linux__/noble/latest
Bioconductor version 3.24 (BiocManager 1.30.27), R 4.6.1 (2026-06-24)
Installing package(s) 'sigsquared'
trying URL 'https://bioconductor.org/packages/3.24/bioc/src/contrib/sigsquared_1.45.0.tar.gz'
Content type 'application/x-gzip' length 452629 bytes (442 KB)
==================================================
downloaded 442 KB

* installing *source* package ‘sigsquared’ ...
** this is package ‘sigsquared’ version ‘1.45.0’
** package ‘sigsquared’ successfully unpacked and MD5 sums checked
** using staged installation
** R
** data
** inst
** byte-compile and prepare package for lazy loading
in method for ‘ensembleCostFcn’ with signature ‘dataSet="ExpressionSet",geneSig="geneSignature",jpdf="solnSpace"’: no definition for class “solnSpace”
in method for ‘getCVCuts’ with signature ‘cutoffResults="solnSpace"’: no definition for class “solnSpace”
in method for ‘summarizeCVCuts’ with signature ‘cutoffResults="solnSpace"’: no definition for class “solnSpace”
** help
*** installing help indices
** building package indices
** installing vignettes
** testing if installed package can be loaded from temporary location
** testing if installed package can be loaded from final location
** testing if installed package keeps a record of temporary installation path
* SHA256 sums
* creating tarball
packaged installation of ‘sigsquared’ as ‘sigsquared_1.45.0_R_x86_64-pc-linux-gnu.tar.gz’
* DONE (sigsquared)

The downloaded source packages are in
	‘/tmp/Rtmpcfy9Bd/downloaded_packages’

real	0m16.692s
user	0m10.752s
sys	0m3.237s
