+ Rscript -e 'Sys.setenv(BIOCONDUCTOR_USE_CONTAINER_REPOSITORY=FALSE);
  p <- .libPaths();
  p <- c('\''/tmp/library'\'', '\''/mnt/library'\'', p);
  .libPaths(p);
  if(BiocManager::install('\''AlphaBeta'\'', INSTALL_opts = '\''--build'\'', update = TRUE, quiet = FALSE, dependencies=TRUE, force = TRUE, keep_outputs = TRUE) %in% rownames(installed.packages())) q(status = 0) else q(status = 1)'
'getOption("repos")' replaces Bioconductor standard repositories, see
'help("repositories", package = "BiocManager")' for details.
Replacement repositories:
    CRAN: https://p3m.dev/cran/__linux__/noble/latest
Bioconductor version 3.24 (BiocManager 1.30.27), R 4.6.1 (2026-06-24)
Installing package(s) 'AlphaBeta'
also installing the dependency ‘optimx’

trying URL 'https://p3m.dev/cran/__linux__/noble/latest/src/contrib/optimx_2025-4.9.tar.gz'
trying URL 'https://bioconductor.org/packages/3.24/bioc/src/contrib/AlphaBeta_1.27.0.tar.gz'
* installing *binary* package ‘optimx’ ...
* package ‘optimx’ successfully unpacked and SHA256 sums checked
* ‘optimx’ was already a binary package and will not be rebuilt
* SHA256 sums
* creating tarball
packaged installation of ‘optimx’ as ‘optimx_2025-4.9_R_x86_64-pc-linux-gnu.tar.gz’
* DONE (optimx)
* installing *source* package ‘AlphaBeta’ ...
** this is package ‘AlphaBeta’ version ‘1.27.0’
** package ‘AlphaBeta’ successfully unpacked and MD5 sums checked
** using staged installation
** R
** inst
** byte-compile and prepare package for lazy loading
** help
*** installing help indices
** building package indices
** installing vignettes
** testing if installed package can be loaded from temporary location
** testing if installed package can be loaded from final location
** testing if installed package keeps a record of temporary installation path
* SHA256 sums
* creating tarball
packaged installation of ‘AlphaBeta’ as ‘AlphaBeta_1.27.0_R_x86_64-pc-linux-gnu.tar.gz’
* DONE (AlphaBeta)

The downloaded source packages are in
	‘/tmp/RtmpfILYHe/downloaded_packages’

real	0m46.212s
user	0m15.353s
sys	0m3.522s
