+ Rscript -e 'Sys.setenv(BIOCONDUCTOR_USE_CONTAINER_REPOSITORY=FALSE);
  p <- .libPaths();
  p <- c('\''/tmp/library'\'', '\''/mnt/library'\'', p);
  .libPaths(p);
  if(BiocManager::install('\''epiSeeker'\'', INSTALL_opts = '\''--build'\'', update = TRUE, quiet = FALSE, dependencies=TRUE, force = TRUE, keep_outputs = TRUE) %in% rownames(installed.packages())) q(status = 0) else q(status = 1)'
'getOption("repos")' replaces Bioconductor standard repositories, see
'help("repositories", package = "BiocManager")' for details.
Replacement repositories:
    CRAN: https://p3m.dev/cran/__linux__/noble/latest
Bioconductor version 3.24 (BiocManager 1.30.27), R 4.6.1 (2026-06-24)
Installing package(s) 'epiSeeker'
also installing the dependencies ‘gginnards’, ‘JASPAR2024’

trying URL 'https://p3m.dev/cran/__linux__/noble/latest/src/contrib/gginnards_0.2.0-2.tar.gz'
trying URL 'https://bioconductor.org/packages/3.24/data/annotation/src/contrib/JASPAR2024_0.99.7.tar.gz'
trying URL 'https://bioconductor.org/packages/3.24/bioc/src/contrib/epiSeeker_1.1.1.tar.gz'
* installing *binary* package ‘gginnards’ ...
* package ‘gginnards’ successfully unpacked and SHA256 sums checked
* ‘gginnards’ was already a binary package and will not be rebuilt
* SHA256 sums
* creating tarball
packaged installation of ‘gginnards’ as ‘gginnards_0.2.0-2_R_x86_64-pc-linux-gnu.tar.gz’
* DONE (gginnards)
* installing *source* package ‘JASPAR2024’ ...
** this is package ‘JASPAR2024’ version ‘0.99.7’
** using staged installation
** R
** inst
** byte-compile and prepare package for lazy loading
** help
*** installing help indices
** building package indices
** installing vignettes
** testing if installed package can be loaded from temporary location
** testing if installed package can be loaded from final location
** testing if installed package keeps a record of temporary installation path
* SHA256 sums
* creating tarball
packaged installation of ‘JASPAR2024’ as ‘JASPAR2024_0.99.7_R_x86_64-pc-linux-gnu.tar.gz’
* DONE (JASPAR2024)
* installing *source* package ‘epiSeeker’ ...
** this is package ‘epiSeeker’ version ‘1.1.1’
** package ‘epiSeeker’ successfully unpacked and MD5 sums checked
** using staged installation
** R
** data
** inst
** byte-compile and prepare package for lazy loading
** help
*** installing help indices
** building package indices
** installing vignettes
** testing if installed package can be loaded from temporary location
** testing if installed package can be loaded from final location
** testing if installed package keeps a record of temporary installation path
* SHA256 sums
* creating tarball
packaged installation of ‘epiSeeker’ as ‘epiSeeker_1.1.1_R_x86_64-pc-linux-gnu.tar.gz’
* DONE (epiSeeker)

The downloaded source packages are in
	‘/tmp/RtmpFs0Ge9/downloaded_packages’
Old packages: 'diffobj'

real	1m23.457s
user	0m59.045s
sys	0m9.284s
