+ Rscript -e 'Sys.setenv(BIOCONDUCTOR_USE_CONTAINER_REPOSITORY=FALSE);
  p <- .libPaths();
  p <- c('\''/tmp/library'\'', '\''/mnt/library'\'', p);
  .libPaths(p);
  if(BiocManager::install('\''scDiagnostics'\'', INSTALL_opts = '\''--build'\'', update = TRUE, quiet = FALSE, dependencies=TRUE, force = TRUE, keep_outputs = TRUE) %in% rownames(installed.packages())) q(status = 0) else q(status = 1)'
'getOption("repos")' replaces Bioconductor standard repositories, see
'help("repositories", package = "BiocManager")' for details.
Replacement repositories:
    CRAN: https://p3m.dev/cran/__linux__/noble/latest
Bioconductor version 3.23 (BiocManager 1.30.27), R 4.6.1 (2026-06-24)
Installing package(s) 'scDiagnostics'
also installing the dependencies ‘isotree’, ‘cramer’

trying URL 'https://p3m.dev/cran/__linux__/noble/latest/src/contrib/isotree_0.6.1-5.tar.gz'
trying URL 'https://p3m.dev/cran/__linux__/noble/latest/src/contrib/cramer_0.9-4.tar.gz'
trying URL 'https://bioconductor.org/packages/3.23/bioc/src/contrib/scDiagnostics_1.6.1.tar.gz'
* installing *binary* package ‘isotree’ ...
* package ‘isotree’ successfully unpacked and SHA256 sums checked
* ‘isotree’ was already a binary package and will not be rebuilt
* SHA256 sums
* creating tarball
packaged installation of ‘isotree’ as ‘isotree_0.6.1-5_R_x86_64-pc-linux-gnu.tar.gz’
* DONE (isotree)
* installing *binary* package ‘cramer’ ...
* package ‘cramer’ successfully unpacked and SHA256 sums checked
* ‘cramer’ was already a binary package and will not be rebuilt
* SHA256 sums
* creating tarball
packaged installation of ‘cramer’ as ‘cramer_0.9-4_R_x86_64-pc-linux-gnu.tar.gz’
* DONE (cramer)
* installing *source* package ‘scDiagnostics’ ...
** this is package ‘scDiagnostics’ version ‘1.6.1’
** using staged installation
** R
** data
*** moving datasets to lazyload DB
** inst
** byte-compile and prepare package for lazy loading
** help
*** installing help indices
** building package indices
** installing vignettes
** testing if installed package can be loaded from temporary location
** testing if installed package can be loaded from final location
** testing if installed package keeps a record of temporary installation path
* SHA256 sums
* creating tarball
packaged installation of ‘scDiagnostics’ as ‘scDiagnostics_1.6.1_R_x86_64-pc-linux-gnu.tar.gz’
* DONE (scDiagnostics)

The downloaded source packages are in
	‘/tmp/RtmpCjfO8x/downloaded_packages’
Old packages: 'diffobj', 'httr2', 'pak', 'pkgdown', 'urlchecker', 'xfun',
  'zip', 'MASS', 'nlme', 'survival'

real	0m44.751s
user	0m34.838s
sys	0m5.388s
