+ Rscript -e 'Sys.setenv(BIOCONDUCTOR_USE_CONTAINER_REPOSITORY=FALSE);
  p <- .libPaths();
  p <- c('\''/tmp/library'\'', '\''/mnt/library'\'', p);
  .libPaths(p);
  if(BiocManager::install('\''HiCDOC'\'', INSTALL_opts = '\''--build'\'', update = TRUE, quiet = FALSE, dependencies=TRUE, force = TRUE, keep_outputs = TRUE) %in% rownames(installed.packages())) q(status = 0) else q(status = 1)'
'getOption("repos")' replaces Bioconductor standard repositories, see
'help("repositories", package = "BiocManager")' for details.
Replacement repositories:
    CRAN: https://p3m.dev/cran/__linux__/noble/latest
Bioconductor version 3.24 (BiocManager 1.30.27), R 4.6.1 (2026-06-24)
Installing package(s) 'HiCDOC'
trying URL 'https://bioconductor.org/packages/3.24/bioc/src/contrib/HiCDOC_1.15.3.tar.gz'
Content type 'application/x-gzip' length 3139694 bytes (3.0 MB)
==================================================
downloaded 3.0 MB

* installing *source* package ‘HiCDOC’ ...
** this is package ‘HiCDOC’ version ‘1.15.3’
** package ‘HiCDOC’ successfully unpacked and MD5 sums checked
** using staged installation
** libs
using C++ compiler: ‘g++ (Ubuntu 13.3.0-6ubuntu2~24.04.1) 13.3.0’
g++ -std=gnu++20 -I"/usr/local/lib/R/include" -DNDEBUG  -I'/usr/local/lib/R/site-library/Rcpp/include' -I/usr/local/include    -fpic  -g -O2 -fstack-protector-strong -Wformat -Werror=format-security -Wdate-time -D_FORTIFY_SOURCE=2 -g   -c RcppExports.cpp -o RcppExports.o
g++ -std=gnu++20 -I"/usr/local/lib/R/include" -DNDEBUG  -I'/usr/local/lib/R/site-library/Rcpp/include' -I/usr/local/include    -fpic  -g -O2 -fstack-protector-strong -Wformat -Werror=format-security -Wdate-time -D_FORTIFY_SOURCE=2 -g   -c constrainedClustering.cpp -o constrainedClustering.o
g++ -std=gnu++20 -shared -L/usr/local/lib/R/lib -L/usr/local/lib -o HiCDOC.so RcppExports.o constrainedClustering.o -lz -L/usr/local/lib/R/lib -lR
installing to /tmp/library/00LOCK-HiCDOC/00new/HiCDOC/libs
** R
** data
** inst
** byte-compile and prepare package for lazy loading
** help
*** installing help indices
** building package indices
** installing vignettes
** testing if installed package can be loaded from temporary location
** checking absolute paths in shared objects and dynamic libraries
** testing if installed package can be loaded from final location
** testing if installed package keeps a record of temporary installation path
* SHA256 sums
* creating tarball
packaged installation of ‘HiCDOC’ as ‘HiCDOC_1.15.3_R_x86_64-pc-linux-gnu.tar.gz’
* DONE (HiCDOC)

The downloaded source packages are in
	‘/tmp/Rtmpksimv4/downloaded_packages’
Old packages: 'diffobj'

real	0m49.441s
user	0m39.170s
sys	0m5.961s
