+ Rscript -e 'Sys.setenv(BIOCONDUCTOR_USE_CONTAINER_REPOSITORY=FALSE);
  p <- .libPaths();
  p <- c('\''/tmp/library'\'', '\''/mnt/library'\'', p);
  .libPaths(p);
  if(BiocManager::install('\''LOBSTAHS'\'', INSTALL_opts = '\''--build'\'', update = TRUE, quiet = FALSE, dependencies=TRUE, force = TRUE, keep_outputs = TRUE) %in% rownames(installed.packages())) q(status = 0) else q(status = 1)'
'getOption("repos")' replaces Bioconductor standard repositories, see
'help("repositories", package = "BiocManager")' for details.
Replacement repositories:
    CRAN: https://p3m.dev/cran/__linux__/noble/latest
Bioconductor version 3.23 (BiocManager 1.30.27), R 4.6.1 (2026-06-24)
Installing package(s) 'LOBSTAHS'
also installing the dependency ‘PtH2O2lipids’

trying URL 'https://bioconductor.org/packages/3.23/data/experiment/src/contrib/PtH2O2lipids_1.38.0.tar.gz'
trying URL 'https://bioconductor.org/packages/3.23/bioc/src/contrib/LOBSTAHS_1.38.0.tar.gz'
* installing *source* package ‘LOBSTAHS’ ...
** this is package ‘LOBSTAHS’ version ‘1.38.0’
** using staged installation
** R
** data
** inst
** byte-compile and prepare package for lazy loading
** help
*** installing help indices
** building package indices
** installing vignettes
** testing if installed package can be loaded from temporary location
** testing if installed package can be loaded from final location
** testing if installed package keeps a record of temporary installation path
* SHA256 sums
* creating tarball
packaged installation of ‘LOBSTAHS’ as ‘LOBSTAHS_1.38.0_R_x86_64-pc-linux-gnu.tar.gz’
* DONE (LOBSTAHS)
* installing *source* package ‘PtH2O2lipids’ ...
** this is package ‘PtH2O2lipids’ version ‘1.38.0’
** using staged installation
** R
** data
** inst
** byte-compile and prepare package for lazy loading
** help
*** installing help indices
** building package indices
** testing if installed package can be loaded from temporary location
** testing if installed package can be loaded from final location
** testing if installed package keeps a record of temporary installation path
* SHA256 sums
* creating tarball
packaged installation of ‘PtH2O2lipids’ as ‘PtH2O2lipids_1.38.0_R_x86_64-pc-linux-gnu.tar.gz’
* DONE (PtH2O2lipids)

The downloaded source packages are in
	‘/tmp/RtmpRA7g9E/downloaded_packages’
Old packages: 'httr2', 'pak', 'pkgdown', 'urlchecker', 'xfun', 'zip', 'MASS',
  'nlme', 'survival'

real	1m55.288s
user	1m39.044s
sys	0m11.487s
