+ Rscript -e 'Sys.setenv(BIOCONDUCTOR_USE_CONTAINER_REPOSITORY=FALSE);
  p <- .libPaths();
  p <- c('\''/tmp/library'\'', '\''/mnt/library'\'', p);
  .libPaths(p);
  if(BiocManager::install('\''ADaCGH2'\'', INSTALL_opts = '\''--build'\'', update = TRUE, quiet = FALSE, dependencies=TRUE, force = TRUE, keep_outputs = TRUE) %in% rownames(installed.packages())) q(status = 0) else q(status = 1)'
'getOption("repos")' replaces Bioconductor standard repositories, see
'help("repositories", package = "BiocManager")' for details.
Replacement repositories:
    CRAN: https://p3m.dev/cran/__linux__/noble/latest
Bioconductor version 3.24 (BiocManager 1.30.27), R 4.6.1 (2026-06-24)
Installing package(s) 'ADaCGH2'
trying URL 'https://bioconductor.org/packages/3.24/bioc/src/contrib/ADaCGH2_2.53.0.tar.gz'
Content type 'application/x-gzip' length 1033435 bytes (1009 KB)
==================================================
downloaded 1009 KB

* installing *source* package ‘ADaCGH2’ ...
** this is package ‘ADaCGH2’ version ‘2.53.0’
** package ‘ADaCGH2’ successfully unpacked and MD5 sums checked
** using staged installation
** libs
using C compiler: ‘gcc (Ubuntu 13.3.0-6ubuntu2~24.04.1) 13.3.0’
gcc -std=gnu2x -I"/usr/local/lib/R/include" -DNDEBUG   -I/usr/local/include    -fpic  -g -O2 -fstack-protector-strong -Wformat -Werror=format-security -Wdate-time -D_FORTIFY_SOURCE=2 -g  -c init.c -o init.o
gcc -std=gnu2x -I"/usr/local/lib/R/include" -DNDEBUG   -I/usr/local/include    -fpic  -g -O2 -fstack-protector-strong -Wformat -Werror=format-security -Wdate-time -D_FORTIFY_SOURCE=2 -g  -c r_haarseg.c -o r_haarseg.o
gcc -std=gnu2x -shared -L/usr/local/lib/R/lib -L/usr/local/lib -o ADaCGH2.so init.o r_haarseg.o -L/usr/local/lib/R/lib -lR
installing to /tmp/library/00LOCK-ADaCGH2/00new/ADaCGH2/libs
** R
** data
** inst
** byte-compile and prepare package for lazy loading
** help
*** installing help indices
** building package indices
** installing vignettes
** testing if installed package can be loaded from temporary location
** checking absolute paths in shared objects and dynamic libraries
** testing if installed package can be loaded from final location
** testing if installed package keeps a record of temporary installation path
* SHA256 sums
* creating tarball
packaged installation of ‘ADaCGH2’ as ‘ADaCGH2_2.53.0_R_x86_64-pc-linux-gnu.tar.gz’
* DONE (ADaCGH2)

The downloaded source packages are in
	‘/tmp/RtmpWn4jNd/downloaded_packages’
Old packages: 'diffobj'

real	0m35.541s
user	0m24.797s
sys	0m3.782s
