+ Rscript -e 'Sys.setenv(BIOCONDUCTOR_USE_CONTAINER_REPOSITORY=FALSE);
  p <- .libPaths();
  p <- c('\''/tmp/library'\'', '\''/mnt/library'\'', p);
  .libPaths(p);
  if(BiocManager::install('\''RnBeads'\'', INSTALL_opts = '\''--build'\'', update = TRUE, quiet = FALSE, dependencies=TRUE, force = TRUE, keep_outputs = TRUE) %in% rownames(installed.packages())) q(status = 0) else q(status = 1)'
'getOption("repos")' replaces Bioconductor standard repositories, see
'help("repositories", package = "BiocManager")' for details.
Replacement repositories:
    CRAN: https://p3m.dev/cran/__linux__/noble/latest
Bioconductor version 3.24 (BiocManager 1.30.27), R 4.6.1 (2026-06-24)
Installing package(s) 'RnBeads'
also installing the dependencies ‘RnBeads.hg19’, ‘RnBeads.mm9’, ‘RnBeads.hg38’

trying URL 'https://bioconductor.org/packages/3.24/data/experiment/src/contrib/RnBeads.hg19_1.45.0.tar.gz'
trying URL 'https://bioconductor.org/packages/3.24/data/experiment/src/contrib/RnBeads.mm9_1.45.0.tar.gz'
trying URL 'https://bioconductor.org/packages/3.24/data/experiment/src/contrib/RnBeads.hg38_1.45.0.tar.gz'
trying URL 'https://bioconductor.org/packages/3.24/bioc/src/contrib/RnBeads_2.31.1.tar.gz'
* installing *source* package ‘RnBeads.hg19’ ...
** this is package ‘RnBeads.hg19’ version ‘1.45.0’
** using staged installation
** R
** data
** inst
** byte-compile and prepare package for lazy loading
** help
*** installing help indices
** building package indices
** testing if installed package can be loaded from temporary location
** testing if installed package can be loaded from final location
** testing if installed package keeps a record of temporary installation path
* SHA256 sums
* creating tarball
packaged installation of ‘RnBeads.hg19’ as ‘RnBeads.hg19_1.45.0_R_x86_64-pc-linux-gnu.tar.gz’
* DONE (RnBeads.hg19)
* installing *source* package ‘RnBeads.mm9’ ...
** this is package ‘RnBeads.mm9’ version ‘1.45.0’
** using staged installation
** R
** data
** inst
** byte-compile and prepare package for lazy loading
** help
*** installing help indices
** building package indices
** testing if installed package can be loaded from temporary location
** testing if installed package can be loaded from final location
** testing if installed package keeps a record of temporary installation path
* SHA256 sums
* creating tarball
packaged installation of ‘RnBeads.mm9’ as ‘RnBeads.mm9_1.45.0_R_x86_64-pc-linux-gnu.tar.gz’
* DONE (RnBeads.mm9)
* installing *source* package ‘RnBeads.hg38’ ...
** this is package ‘RnBeads.hg38’ version ‘1.45.0’
** using staged installation
** data
** inst
** help
*** installing help indices
** building package indices
** testing if installed package can be loaded from temporary location
** testing if installed package can be loaded from final location
** testing if installed package keeps a record of temporary installation path
* SHA256 sums
* creating tarball
packaged installation of ‘RnBeads.hg38’ as ‘RnBeads.hg38_1.45.0_R_x86_64-pc-linux-gnu.tar.gz’
* DONE (RnBeads.hg38)
* installing *source* package ‘RnBeads’ ...
** this is package ‘RnBeads’ version ‘2.31.1’
** package ‘RnBeads’ successfully unpacked and MD5 sums checked
** using staged installation
** R
** data
** inst
** byte-compile and prepare package for lazy loading
** help
*** installing help indices
** building package indices
** installing vignettes
** testing if installed package can be loaded from temporary location
** testing if installed package can be loaded from final location
** testing if installed package keeps a record of temporary installation path
* SHA256 sums
* creating tarball
packaged installation of ‘RnBeads’ as ‘RnBeads_2.31.1_R_x86_64-pc-linux-gnu.tar.gz’
* DONE (RnBeads)

The downloaded source packages are in
	‘/tmp/Rtmpspauij/downloaded_packages’
Old packages: 'diffobj'

real	2m28.735s
user	2m3.371s
sys	0m15.457s
