+ Rscript -e 'Sys.setenv(BIOCONDUCTOR_USE_CONTAINER_REPOSITORY=FALSE);
  p <- .libPaths();
  p <- c('\''/tmp/library'\'', '\''/mnt/library'\'', p);
  .libPaths(p);
  if(BiocManager::install('\''dupRadar'\'', INSTALL_opts = '\''--build'\'', update = TRUE, quiet = FALSE, dependencies=TRUE, force = TRUE, keep_outputs = TRUE) %in% rownames(installed.packages())) q(status = 0) else q(status = 1)'
'getOption("repos")' replaces Bioconductor standard repositories, see
'help("repositories", package = "BiocManager")' for details.
Replacement repositories:
    CRAN: https://p3m.dev/cran/__linux__/noble/latest
Bioconductor version 3.24 (BiocManager 1.30.27), R 4.6.1 (2026-06-24)
Installing package(s) 'dupRadar'
also installing the dependency ‘AnnotationHub’

trying URL 'https://bioconductor.org/packages/3.24/bioc/src/contrib/AnnotationHub_4.3.2.tar.gz'
trying URL 'https://bioconductor.org/packages/3.24/bioc/src/contrib/dupRadar_1.43.0.tar.gz'
* installing *source* package ‘AnnotationHub’ ...
** this is package ‘AnnotationHub’ version ‘4.3.2’
** package ‘AnnotationHub’ successfully unpacked and MD5 sums checked
** using staged installation
** R
** inst
** byte-compile and prepare package for lazy loading
** help
*** installing help indices
** building package indices
** installing vignettes
** testing if installed package can be loaded from temporary location
** testing if installed package can be loaded from final location
** testing if installed package keeps a record of temporary installation path
* SHA256 sums
* creating tarball
packaged installation of ‘AnnotationHub’ as ‘AnnotationHub_4.3.2_R_x86_64-pc-linux-gnu.tar.gz’
* DONE (AnnotationHub)
* installing *source* package ‘dupRadar’ ...
** this is package ‘dupRadar’ version ‘1.43.0’
** package ‘dupRadar’ successfully unpacked and MD5 sums checked
** using staged installation
** R
** data
*** moving datasets to lazyload DB
** inst
** byte-compile and prepare package for lazy loading
** help
*** installing help indices
** building package indices
** installing vignettes
** testing if installed package can be loaded from temporary location
** testing if installed package can be loaded from final location
** testing if installed package keeps a record of temporary installation path
* SHA256 sums
* creating tarball
packaged installation of ‘dupRadar’ as ‘dupRadar_1.43.0_R_x86_64-pc-linux-gnu.tar.gz’
* DONE (dupRadar)

The downloaded source packages are in
	‘/tmp/RtmpXBjg1v/downloaded_packages’
Old packages: 'diffobj'

real	0m56.570s
user	0m19.816s
sys	0m4.464s
