+ Rscript -e 'Sys.setenv(BIOCONDUCTOR_USE_CONTAINER_REPOSITORY=FALSE);
  p <- .libPaths();
  p <- c('\''/tmp/library'\'', '\''/mnt/library'\'', p);
  .libPaths(p);
  if(BiocManager::install('\''scBFA'\'', INSTALL_opts = '\''--build'\'', update = TRUE, quiet = FALSE, dependencies=TRUE, force = TRUE, keep_outputs = TRUE) %in% rownames(installed.packages())) q(status = 0) else q(status = 1)'
'getOption("repos")' replaces Bioconductor standard repositories, see
'help("repositories", package = "BiocManager")' for details.
Replacement repositories:
    CRAN: https://p3m.dev/cran/__linux__/noble/latest
Bioconductor version 3.24 (BiocManager 1.30.27), R 4.6.1 (2026-06-24)
Installing package(s) 'scBFA'
trying URL 'https://bioconductor.org/packages/3.24/bioc/src/contrib/scBFA_1.27.0.tar.gz'
Content type 'application/x-gzip' length 1196366 bytes (1.1 MB)
==================================================
downloaded 1.1 MB

* installing *source* package ‘scBFA’ ...
** this is package ‘scBFA’ version ‘1.27.0’
** package ‘scBFA’ successfully unpacked and MD5 sums checked
** using staged installation
** R
** data
*** moving datasets to lazyload DB
** inst
** byte-compile and prepare package for lazy loading
** help
*** installing help indices
** building package indices
** installing vignettes
** testing if installed package can be loaded from temporary location
** testing if installed package can be loaded from final location
** testing if installed package keeps a record of temporary installation path
* SHA256 sums
* creating tarball
packaged installation of ‘scBFA’ as ‘scBFA_1.27.0_R_x86_64-pc-linux-gnu.tar.gz’
* DONE (scBFA)

The downloaded source packages are in
	‘/tmp/RtmpHzT4ws/downloaded_packages’

real	1m6.019s
user	0m46.832s
sys	0m7.297s
