+ Rscript -e 'Sys.setenv(BIOCONDUCTOR_USE_CONTAINER_REPOSITORY=FALSE);
  p <- .libPaths();
  p <- c('\''/tmp/library'\'', '\''/mnt/library'\'', p);
  .libPaths(p);
  if(BiocManager::install('\''cosmosR'\'', INSTALL_opts = '\''--build'\'', update = TRUE, quiet = FALSE, dependencies=TRUE, force = TRUE, keep_outputs = TRUE) %in% rownames(installed.packages())) q(status = 0) else q(status = 1)'
'getOption("repos")' replaces Bioconductor standard repositories, see
'help("repositories", package = "BiocManager")' for details.
Replacement repositories:
    CRAN: https://p3m.dev/cran/__linux__/noble/latest
Bioconductor version 3.23 (BiocManager 1.30.27), R 4.6.1 (2026-06-24)
Installing package(s) 'cosmosR'
also installing the dependency ‘dorothea’

trying URL 'https://bioconductor.org/packages/3.23/data/experiment/src/contrib/dorothea_1.23.0.tar.gz'
trying URL 'https://bioconductor.org/packages/3.23/bioc/src/contrib/cosmosR_1.20.0.tar.gz'
* installing *source* package ‘dorothea’ ...
** this is package ‘dorothea’ version ‘1.23.0’
** using staged installation
** R
** data
*** moving datasets to lazyload DB
** inst
** byte-compile and prepare package for lazy loading
** help
*** installing help indices
*** copying figures
** building package indices
** installing vignettes
** testing if installed package can be loaded from temporary location
** testing if installed package can be loaded from final location
** testing if installed package keeps a record of temporary installation path
* SHA256 sums
* creating tarball
packaged installation of ‘dorothea’ as ‘dorothea_1.23.0_R_x86_64-pc-linux-gnu.tar.gz’
* DONE (dorothea)
* installing *source* package ‘cosmosR’ ...
** this is package ‘cosmosR’ version ‘1.20.0’
** using staged installation
** R
** data
** inst
** byte-compile and prepare package for lazy loading
** help
*** installing help indices
*** copying figures
** building package indices
** installing vignettes
** testing if installed package can be loaded from temporary location
** testing if installed package can be loaded from final location
** testing if installed package keeps a record of temporary installation path
* SHA256 sums
* creating tarball
packaged installation of ‘cosmosR’ as ‘cosmosR_1.20.0_R_x86_64-pc-linux-gnu.tar.gz’
* DONE (cosmosR)

The downloaded source packages are in
	‘/tmp/RtmpSJIWan/downloaded_packages’
Old packages: 'httr2', 'pak', 'pkgdown', 'urlchecker', 'xfun', 'zip', 'MASS',
  'nlme', 'survival'

real	1m1.395s
user	0m45.571s
sys	0m5.063s
