+ Rscript -e 'Sys.setenv(BIOCONDUCTOR_USE_CONTAINER_REPOSITORY=FALSE);
  p <- .libPaths();
  p <- c('\''/tmp/library'\'', '\''/mnt/library'\'', p);
  .libPaths(p);
  if(BiocManager::install('\''diggit'\'', INSTALL_opts = '\''--build'\'', update = TRUE, quiet = FALSE, dependencies=TRUE, force = TRUE, keep_outputs = TRUE) %in% rownames(installed.packages())) q(status = 0) else q(status = 1)'
'getOption("repos")' replaces Bioconductor standard repositories, see
'help("repositories", package = "BiocManager")' for details.
Replacement repositories:
    CRAN: https://p3m.dev/cran/__linux__/noble/latest
Bioconductor version 3.24 (BiocManager 1.30.27), R 4.6.1 (2026-06-24)
Installing package(s) 'diggit'
also installing the dependency ‘diggitdata’

trying URL 'https://bioconductor.org/packages/3.24/data/experiment/src/contrib/diggitdata_1.45.0.tar.gz'
trying URL 'https://bioconductor.org/packages/3.24/bioc/src/contrib/diggit_1.45.0.tar.gz'
* installing *source* package ‘diggitdata’ ...
** this is package ‘diggitdata’ version ‘1.45.0’
** using staged installation
** data
** inst
** help
*** installing help indices
** building package indices
** installing vignettes
** testing if installed package can be loaded from temporary location
** testing if installed package can be loaded from final location
** testing if installed package keeps a record of temporary installation path
* SHA256 sums
* creating tarball
packaged installation of ‘diggitdata’ as ‘diggitdata_1.45.0_R_x86_64-pc-linux-gnu.tar.gz’
* DONE (diggitdata)
* installing *source* package ‘diggit’ ...
** this is package ‘diggit’ version ‘1.45.0’
** package ‘diggit’ successfully unpacked and MD5 sums checked
** using staged installation
** R
** inst
** byte-compile and prepare package for lazy loading
** help
*** installing help indices
** building package indices
** installing vignettes
** testing if installed package can be loaded from temporary location
** testing if installed package can be loaded from final location
** testing if installed package keeps a record of temporary installation path
* SHA256 sums
* creating tarball
packaged installation of ‘diggit’ as ‘diggit_1.45.0_R_x86_64-pc-linux-gnu.tar.gz’
* DONE (diggit)

The downloaded source packages are in
	‘/tmp/RtmpKOggt0/downloaded_packages’

real	0m40.862s
user	0m25.544s
sys	0m5.654s
