+ Rscript -e 'Sys.setenv(BIOCONDUCTOR_USE_CONTAINER_REPOSITORY=FALSE);
  p <- .libPaths();
  p <- c('\''/tmp/library'\'', '\''/mnt/library'\'', p);
  .libPaths(p);
  if(BiocManager::install('\''lmdme'\'', INSTALL_opts = '\''--build'\'', update = TRUE, quiet = FALSE, dependencies=TRUE, force = TRUE, keep_outputs = TRUE) %in% rownames(installed.packages())) q(status = 0) else q(status = 1)'
'getOption("repos")' replaces Bioconductor standard repositories, see
'help("repositories", package = "BiocManager")' for details.
Replacement repositories:
    CRAN: https://p3m.dev/cran/__linux__/noble/latest
Bioconductor version 3.24 (BiocManager 1.30.27), R 4.6.1 (2026-06-24)
Installing package(s) 'lmdme'
also installing the dependencies ‘pls’, ‘stemHypoxia’

trying URL 'https://p3m.dev/cran/__linux__/noble/latest/src/contrib/pls_2.9-0.tar.gz'
trying URL 'https://bioconductor.org/packages/3.24/data/experiment/src/contrib/stemHypoxia_1.49.0.tar.gz'
trying URL 'https://bioconductor.org/packages/3.24/bioc/src/contrib/lmdme_1.55.0.tar.gz'
* installing *binary* package ‘pls’ ...
* package ‘pls’ successfully unpacked and SHA256 sums checked
* ‘pls’ was already a binary package and will not be rebuilt
* SHA256 sums
* creating tarball
packaged installation of ‘pls’ as ‘pls_2.9-0_R_x86_64-pc-linux-gnu.tar.gz’
* DONE (pls)
* installing *source* package ‘stemHypoxia’ ...
** this is package ‘stemHypoxia’ version ‘1.49.0’
** using staged installation
** data
** help
*** installing help indices
** building package indices
** testing if installed package can be loaded from temporary location
** testing if installed package can be loaded from final location
** testing if installed package keeps a record of temporary installation path
* SHA256 sums
* creating tarball
packaged installation of ‘stemHypoxia’ as ‘stemHypoxia_1.49.0_R_x86_64-pc-linux-gnu.tar.gz’
* DONE (stemHypoxia)
* installing *source* package ‘lmdme’ ...
** this is package ‘lmdme’ version ‘1.55.0’
** package ‘lmdme’ successfully unpacked and MD5 sums checked
** using staged installation
** R
** inst
** byte-compile and prepare package for lazy loading
Creating a new generic function for ‘p.adjust’ in package ‘lmdme’
** help
*** installing help indices
** building package indices
** installing vignettes
** testing if installed package can be loaded from temporary location
** testing if installed package can be loaded from final location
** testing if installed package keeps a record of temporary installation path
* SHA256 sums
* creating tarball
packaged installation of ‘lmdme’ as ‘lmdme_1.55.0_R_x86_64-pc-linux-gnu.tar.gz’
* DONE (lmdme)

The downloaded source packages are in
	‘/tmp/RtmpYA00xq/downloaded_packages’
Old packages: 'diffobj'

real	0m21.798s
user	0m7.496s
sys	0m2.821s
