+ Rscript -e 'Sys.setenv(BIOCONDUCTOR_USE_CONTAINER_REPOSITORY=FALSE);
  p <- .libPaths();
  p <- c('\''/tmp/library'\'', '\''/mnt/library'\'', p);
  .libPaths(p);
  if(BiocManager::install('\''GA4GHclient'\'', INSTALL_opts = '\''--build'\'', update = TRUE, quiet = FALSE, dependencies=TRUE, force = TRUE, keep_outputs = TRUE) %in% rownames(installed.packages())) q(status = 0) else q(status = 1)'
'getOption("repos")' replaces Bioconductor standard repositories, see
'help("repositories", package = "BiocManager")' for details.
Replacement repositories:
    CRAN: https://p3m.dev/cran/__linux__/noble/latest
Bioconductor version 3.24 (BiocManager 1.30.27), R 4.6.1 (2026-06-24)
Installing package(s) 'GA4GHclient'
trying URL 'https://bioconductor.org/packages/3.24/bioc/src/contrib/GA4GHclient_1.37.0.tar.gz'
Content type 'application/x-gzip' length 655250 bytes (639 KB)
==================================================
downloaded 639 KB

* installing *source* package ‘GA4GHclient’ ...
** this is package ‘GA4GHclient’ version ‘1.37.0’
** package ‘GA4GHclient’ successfully unpacked and MD5 sums checked
** using staged installation
** R
** inst
** byte-compile and prepare package for lazy loading
No methods found in package ‘BiocGenerics’ for request: ‘lengths’ when loading ‘GA4GHclient’
** help
*** installing help indices
** building package indices
** installing vignettes
** testing if installed package can be loaded from temporary location
No methods found in package ‘BiocGenerics’ for request: ‘lengths’ when loading ‘GA4GHclient’
** testing if installed package can be loaded from final location
No methods found in package ‘BiocGenerics’ for request: ‘lengths’ when loading ‘GA4GHclient’
** testing if installed package keeps a record of temporary installation path
* SHA256 sums
* creating tarball
packaged installation of ‘GA4GHclient’ as ‘GA4GHclient_1.37.0_R_x86_64-pc-linux-gnu.tar.gz’
* DONE (GA4GHclient)

The downloaded source packages are in
	‘/tmp/RtmpjafF58/downloaded_packages’

real	0m57.546s
user	0m42.132s
sys	0m6.543s
