+ Rscript -e 'Sys.setenv(BIOCONDUCTOR_USE_CONTAINER_REPOSITORY=FALSE);
  p <- .libPaths();
  p <- c('\''/tmp/library'\'', '\''/mnt/library'\'', p);
  .libPaths(p);
  if(BiocManager::install('\''ANF'\'', INSTALL_opts = '\''--build'\'', update = TRUE, quiet = FALSE, dependencies=TRUE, force = TRUE, keep_outputs = TRUE) %in% rownames(installed.packages())) q(status = 0) else q(status = 1)'
'getOption("repos")' replaces Bioconductor standard repositories, see
'help("repositories", package = "BiocManager")' for details.
Replacement repositories:
    CRAN: https://p3m.dev/cran/__linux__/noble/latest
Bioconductor version 3.23 (BiocManager 1.30.27), R 4.6.1 (2026-06-24)
Installing package(s) 'ANF'
also installing the dependencies ‘prettyGraphs’, ‘ExPosition’, ‘SNFtool’

trying URL 'https://p3m.dev/cran/__linux__/noble/latest/src/contrib/prettyGraphs_2.2.0.tar.gz'
trying URL 'https://p3m.dev/cran/__linux__/noble/latest/src/contrib/ExPosition_2.11.0.tar.gz'
trying URL 'https://p3m.dev/cran/__linux__/noble/latest/src/contrib/SNFtool_2.3.1.tar.gz'
trying URL 'https://bioconductor.org/packages/3.23/bioc/src/contrib/ANF_1.34.0.tar.gz'
* installing *binary* package ‘prettyGraphs’ ...
* package ‘prettyGraphs’ successfully unpacked and SHA256 sums checked
* ‘prettyGraphs’ was already a binary package and will not be rebuilt
* SHA256 sums
* creating tarball
packaged installation of ‘prettyGraphs’ as ‘prettyGraphs_2.2.0_R_x86_64-pc-linux-gnu.tar.gz’
* DONE (prettyGraphs)
* installing *source* package ‘ANF’ ...
** this is package ‘ANF’ version ‘1.34.0’
** using staged installation
** R
** inst
** byte-compile and prepare package for lazy loading
** help
*** installing help indices
** building package indices
** installing vignettes
** testing if installed package can be loaded from temporary location
** testing if installed package can be loaded from final location
** testing if installed package keeps a record of temporary installation path
* SHA256 sums
* creating tarball
packaged installation of ‘ANF’ as ‘ANF_1.34.0_R_x86_64-pc-linux-gnu.tar.gz’
* DONE (ANF)
* installing *binary* package ‘ExPosition’ ...
* package ‘ExPosition’ successfully unpacked and SHA256 sums checked
* ‘ExPosition’ was already a binary package and will not be rebuilt
* SHA256 sums
* creating tarball
packaged installation of ‘ExPosition’ as ‘ExPosition_2.11.0_R_x86_64-pc-linux-gnu.tar.gz’
* DONE (ExPosition)
* installing *binary* package ‘SNFtool’ ...
* package ‘SNFtool’ successfully unpacked and SHA256 sums checked
* ‘SNFtool’ was already a binary package and will not be rebuilt
* SHA256 sums
* creating tarball
packaged installation of ‘SNFtool’ as ‘SNFtool_2.3.1_R_x86_64-pc-linux-gnu.tar.gz’
* DONE (SNFtool)

The downloaded source packages are in
	‘/tmp/RtmpBAhwhB/downloaded_packages’
Old packages: 'diffobj', 'httr2', 'pak', 'pkgdown', 'urlchecker', 'xfun',
  'zip', 'MASS', 'nlme', 'survival'

real	0m13.467s
user	0m9.404s
sys	0m3.461s
