+ Rscript -e 'Sys.setenv(BIOCONDUCTOR_USE_CONTAINER_REPOSITORY=FALSE);
  p <- .libPaths();
  p <- c('\''/tmp/library'\'', '\''/mnt/library'\'', p);
  .libPaths(p);
  if(BiocManager::install('\''GOpro'\'', INSTALL_opts = '\''--build'\'', update = TRUE, quiet = FALSE, dependencies=TRUE, force = TRUE, keep_outputs = TRUE) %in% rownames(installed.packages())) q(status = 0) else q(status = 1)'
'getOption("repos")' replaces Bioconductor standard repositories, see
'help("repositories", package = "BiocManager")' for details.
Replacement repositories:
    CRAN: https://p3m.dev/cran/__linux__/noble/latest
Bioconductor version 3.24 (BiocManager 1.30.27), R 4.6.1 (2026-06-24)
Installing package(s) 'GOpro'
Warning: dependency ‘RTCGA’ is not available
also installing the dependency ‘RTCGA.PANCAN12’

trying URL 'https://bioconductor.org/packages/3.24/data/experiment/src/contrib/RTCGA.PANCAN12_1.39.0.tar.gz'
trying URL 'https://bioconductor.org/packages/3.24/bioc/src/contrib/GOpro_1.39.0.tar.gz'
ERROR: dependency ‘RTCGA’ is not available for package ‘RTCGA.PANCAN12’
Perhaps try a variation of:
install.packages('RTCGA')
* removing ‘/tmp/library/RTCGA.PANCAN12’
* installing *source* package ‘GOpro’ ...
** this is package ‘GOpro’ version ‘1.39.0’
** package ‘GOpro’ successfully unpacked and MD5 sums checked
** using staged installation
** libs
using C compiler: ‘gcc (Ubuntu 13.3.0-6ubuntu2~24.04.1) 13.3.0’
using C++ compiler: ‘g++ (Ubuntu 13.3.0-6ubuntu2~24.04.1) 13.3.0’
gcc -std=gnu2x -I"/usr/local/lib/R/include" -DNDEBUG  -I'/usr/local/lib/R/site-library/Rcpp/include' -I'/mnt/library/BH/include' -I/usr/local/include    -fpic  -g -O2 -fstack-protector-strong -Wformat -Werror=format-security -Wdate-time -D_FORTIFY_SOURCE=2 -g  -c GOpro_init.c -o GOpro_init.o
g++ -std=gnu++20 -I"/usr/local/lib/R/include" -DNDEBUG  -I'/usr/local/lib/R/site-library/Rcpp/include' -I'/mnt/library/BH/include' -I/usr/local/include    -fpic  -g -O2 -fstack-protector-strong -Wformat -Werror=format-security -Wdate-time -D_FORTIFY_SOURCE=2 -g   -c RcppExports.cpp -o RcppExports.o
g++ -std=gnu++20 -I"/usr/local/lib/R/include" -DNDEBUG  -I'/usr/local/lib/R/site-library/Rcpp/include' -I'/mnt/library/BH/include' -I/usr/local/include    -fpic  -g -O2 -fstack-protector-strong -Wformat -Werror=format-security -Wdate-time -D_FORTIFY_SOURCE=2 -g   -c fisher.cpp -o fisher.o
g++ -std=gnu++20 -shared -L/usr/local/lib/R/lib -L/usr/local/lib -o GOpro.so GOpro_init.o RcppExports.o fisher.o -L/usr/local/lib/R/lib -lR
installing to /tmp/library/00LOCK-GOpro/00new/GOpro/libs
** R
** data
*** moving datasets to lazyload DB
** inst
** byte-compile and prepare package for lazy loading
** help
*** installing help indices
** building package indices
** installing vignettes
** testing if installed package can be loaded from temporary location
** checking absolute paths in shared objects and dynamic libraries
** testing if installed package can be loaded from final location
** testing if installed package keeps a record of temporary installation path
* SHA256 sums
* creating tarball
packaged installation of ‘GOpro’ as ‘GOpro_1.39.0_R_x86_64-pc-linux-gnu.tar.gz’
* DONE (GOpro)

The downloaded source packages are in
	‘/tmp/Rtmpu3Zkrw/downloaded_packages’
Warning message:
In install.packages(...) :
  installation of package ‘RTCGA.PANCAN12’ had non-zero exit status

real	1m0.787s
user	0m44.634s
sys	0m6.910s
