+ Rscript -e 'Sys.setenv(BIOCONDUCTOR_USE_CONTAINER_REPOSITORY=FALSE);
  p <- .libPaths();
  p <- c('\''/tmp/library'\'', '\''/mnt/library'\'', p);
  .libPaths(p);
  if(BiocManager::install('\''TCGAutils'\'', INSTALL_opts = '\''--build'\'', update = TRUE, quiet = FALSE, dependencies=TRUE, force = TRUE, keep_outputs = TRUE) %in% rownames(installed.packages())) q(status = 0) else q(status = 1)'
'getOption("repos")' replaces Bioconductor standard repositories, see
'help("repositories", package = "BiocManager")' for details.
Replacement repositories:
    CRAN: https://p3m.dev/cran/__linux__/noble/latest
Bioconductor version 3.24 (BiocManager 1.30.27), R 4.6.1 (2026-06-24)
Installing package(s) 'TCGAutils'
also installing the dependency ‘RTCGAToolbox’

trying URL 'https://bioconductor.org/packages/3.24/bioc/src/contrib/RTCGAToolbox_2.43.0.tar.gz'
trying URL 'https://bioconductor.org/packages/3.24/bioc/src/contrib/TCGAutils_1.33.3.tar.gz'
* installing *source* package ‘TCGAutils’ ...
** this is package ‘TCGAutils’ version ‘1.33.3’
** package ‘TCGAutils’ successfully unpacked and MD5 sums checked
** using staged installation
** R
** data
** inst
** byte-compile and prepare package for lazy loading
** help
*** installing help indices
** building package indices
** installing vignettes
** testing if installed package can be loaded from temporary location
** testing if installed package can be loaded from final location
** testing if installed package keeps a record of temporary installation path
* SHA256 sums
* creating tarball
packaged installation of ‘TCGAutils’ as ‘TCGAutils_1.33.3_R_x86_64-pc-linux-gnu.tar.gz’
* DONE (TCGAutils)
* installing *source* package ‘RTCGAToolbox’ ...
** this is package ‘RTCGAToolbox’ version ‘2.43.0’
** package ‘RTCGAToolbox’ successfully unpacked and MD5 sums checked
** using staged installation
** R
** data
** inst
** byte-compile and prepare package for lazy loading
** help
*** installing help indices
** building package indices
** installing vignettes
** testing if installed package can be loaded from temporary location
** testing if installed package can be loaded from final location
** testing if installed package keeps a record of temporary installation path
* SHA256 sums
* creating tarball
packaged installation of ‘RTCGAToolbox’ as ‘RTCGAToolbox_2.43.0_R_x86_64-pc-linux-gnu.tar.gz’
* DONE (RTCGAToolbox)

The downloaded source packages are in
	‘/tmp/RtmphKms3y/downloaded_packages’

real	1m13.388s
user	0m59.324s
sys	0m7.698s
