+ Rscript -e 'Sys.setenv(BIOCONDUCTOR_USE_CONTAINER_REPOSITORY=FALSE);
  p <- .libPaths();
  p <- c('\''/tmp/library'\'', '\''/mnt/library'\'', p);
  .libPaths(p);
  if(BiocManager::install('\''tripr'\'', INSTALL_opts = '\''--build'\'', update = TRUE, quiet = FALSE, dependencies=TRUE, force = TRUE, keep_outputs = TRUE) %in% rownames(installed.packages())) q(status = 0) else q(status = 1)'
'getOption("repos")' replaces Bioconductor standard repositories, see
'help("repositories", package = "BiocManager")' for details.
Replacement repositories:
    CRAN: https://p3m.dev/cran/__linux__/noble/latest
Bioconductor version 3.24 (BiocManager 1.30.27), R 4.6.1 (2026-06-24)
Installing package(s) 'tripr'
also installing the dependencies ‘seqLogo’, ‘TFMPvalue’, ‘attempt’, ‘TFBSTools’, ‘shinyBS’, ‘golem’, ‘motifStack’

trying URL 'https://bioconductor.org/packages/3.24/bioc/src/contrib/seqLogo_1.79.0.tar.gz'
trying URL 'https://p3m.dev/cran/__linux__/noble/latest/src/contrib/TFMPvalue_1.0.0.tar.gz'
trying URL 'https://p3m.dev/cran/__linux__/noble/latest/src/contrib/attempt_0.3.1.tar.gz'
trying URL 'https://bioconductor.org/packages/3.24/bioc/src/contrib/TFBSTools_1.51.0.tar.gz'
trying URL 'https://p3m.dev/cran/__linux__/noble/latest/src/contrib/shinyBS_0.65.0.tar.gz'
trying URL 'https://p3m.dev/cran/__linux__/noble/latest/src/contrib/golem_1.0.1.tar.gz'
trying URL 'https://bioconductor.org/packages/3.24/bioc/src/contrib/motifStack_1.57.0.tar.gz'
trying URL 'https://bioconductor.org/packages/3.24/bioc/src/contrib/tripr_1.19.0.tar.gz'
* installing *source* package ‘seqLogo’ ...
** this is package ‘seqLogo’ version ‘1.79.0’
** package ‘seqLogo’ successfully unpacked and MD5 sums checked
** using staged installation
** R
** inst
** byte-compile and prepare package for lazy loading
** help
*** installing help indices
** building package indices
** installing vignettes
** testing if installed package can be loaded from temporary location
** testing if installed package can be loaded from final location
** testing if installed package keeps a record of temporary installation path
* SHA256 sums
* creating tarball
packaged installation of ‘seqLogo’ as ‘seqLogo_1.79.0_R_x86_64-pc-linux-gnu.tar.gz’
* DONE (seqLogo)
* installing *binary* package ‘TFMPvalue’ ...
* package ‘TFMPvalue’ successfully unpacked and SHA256 sums checked
* ‘TFMPvalue’ was already a binary package and will not be rebuilt
* SHA256 sums
* creating tarball
packaged installation of ‘TFMPvalue’ as ‘TFMPvalue_1.0.0_R_x86_64-pc-linux-gnu.tar.gz’
* DONE (TFMPvalue)
* installing *binary* package ‘attempt’ ...
* package ‘attempt’ successfully unpacked and SHA256 sums checked
* ‘attempt’ was already a binary package and will not be rebuilt
* SHA256 sums
* creating tarball
packaged installation of ‘attempt’ as ‘attempt_0.3.1_R_x86_64-pc-linux-gnu.tar.gz’
* DONE (attempt)
* installing *binary* package ‘shinyBS’ ...
* package ‘shinyBS’ successfully unpacked and SHA256 sums checked
* ‘shinyBS’ was already a binary package and will not be rebuilt
* SHA256 sums
* creating tarball
packaged installation of ‘shinyBS’ as ‘shinyBS_0.65.0_R_x86_64-pc-linux-gnu.tar.gz’
* DONE (shinyBS)
* installing *source* package ‘TFBSTools’ ...
** this is package ‘TFBSTools’ version ‘1.51.0’
** package ‘TFBSTools’ successfully unpacked and MD5 sums checked
** using staged installation
** libs
using C compiler: ‘gcc (Ubuntu 13.3.0-6ubuntu2~24.04.1) 13.3.0’
gcc -std=gnu2x -I"/usr/local/lib/R/include" -DNDEBUG   -I/usr/local/include    -fpic  -g -O2 -fstack-protector-strong -Wformat -Werror=format-security -Wdate-time -D_FORTIFY_SOURCE=2 -g  -c matrixAlignerDynamic.c -o matrixAlignerDynamic.o
gcc -std=gnu2x -I"/usr/local/lib/R/include" -DNDEBUG   -I/usr/local/include    -fpic  -g -O2 -fstack-protector-strong -Wformat -Werror=format-security -Wdate-time -D_FORTIFY_SOURCE=2 -g  -c R_init_TFBSTools.c -o R_init_TFBSTools.o
gcc -std=gnu2x -shared -L/usr/local/lib/R/lib -L/usr/local/lib -o TFBSTools.so matrixAlignerDynamic.o R_init_TFBSTools.o -L/usr/local/lib/R/lib -lR
installing to /tmp/library/00LOCK-TFBSTools/00new/TFBSTools/libs
** R
** data
*** moving datasets to lazyload DB
** inst
** byte-compile and prepare package for lazy loading
Creating a new generic function for ‘seqLogo’ in package ‘TFBSTools’
Creating a new generic function for ‘pattern’ in package ‘TFBSTools’
Creating a generic function for ‘colSums’ from package ‘base’ in package ‘TFBSTools’
Creating a generic function for ‘rowSums’ from package ‘base’ in package ‘TFBSTools’
** help
*** installing help indices
** building package indices
** installing vignettes
** testing if installed package can be loaded from temporary location
** checking absolute paths in shared objects and dynamic libraries
** testing if installed package can be loaded from final location
** testing if installed package keeps a record of temporary installation path
* SHA256 sums
* creating tarball
packaged installation of ‘TFBSTools’ as ‘TFBSTools_1.51.0_R_x86_64-pc-linux-gnu.tar.gz’
* DONE (TFBSTools)
* installing *binary* package ‘golem’ ...
* package ‘golem’ successfully unpacked and SHA256 sums checked
* ‘golem’ was already a binary package and will not be rebuilt
* SHA256 sums
* creating tarball
packaged installation of ‘golem’ as ‘golem_1.0.1_R_x86_64-pc-linux-gnu.tar.gz’
* DONE (golem)
* installing *source* package ‘motifStack’ ...
** this is package ‘motifStack’ version ‘1.57.0’
** package ‘motifStack’ successfully unpacked and MD5 sums checked
** using staged installation
** R
** inst
** byte-compile and prepare package for lazy loading
** help
*** installing help indices
** building package indices
** installing vignettes
** testing if installed package can be loaded from temporary location
** testing if installed package can be loaded from final location
** testing if installed package keeps a record of temporary installation path
* SHA256 sums
* creating tarball
packaged installation of ‘motifStack’ as ‘motifStack_1.57.0_R_x86_64-pc-linux-gnu.tar.gz’
* DONE (motifStack)
* installing *source* package ‘tripr’ ...
** this is package ‘tripr’ version ‘1.19.0’
** package ‘tripr’ successfully unpacked and MD5 sums checked
** using staged installation
** R
** inst
** byte-compile and prepare package for lazy loading
Warning: no DISPLAY variable so Tk is not available
** help
*** installing help indices
** building package indices
** installing vignettes
** testing if installed package can be loaded from temporary location
Warning: no DISPLAY variable so Tk is not available
** testing if installed package can be loaded from final location
Warning: no DISPLAY variable so Tk is not available
** testing if installed package keeps a record of temporary installation path
* SHA256 sums
* creating tarball
packaged installation of ‘tripr’ as ‘tripr_1.19.0_R_x86_64-pc-linux-gnu.tar.gz’
* DONE (tripr)

The downloaded source packages are in
	‘/tmp/RtmpXInVDG/downloaded_packages’
Old packages: 'diffobj'

real	2m22.685s
user	1m54.956s
sys	0m20.451s
