+ Rscript -e 'Sys.setenv(BIOCONDUCTOR_USE_CONTAINER_REPOSITORY=FALSE);
  p <- .libPaths();
  p <- c('\''/tmp/library'\'', '\''/mnt/library'\'', p);
  .libPaths(p);
  if(BiocManager::install('\''REDseq'\'', INSTALL_opts = '\''--build'\'', update = TRUE, quiet = FALSE, dependencies=TRUE, force = TRUE, keep_outputs = TRUE) %in% rownames(installed.packages())) q(status = 0) else q(status = 1)'
'getOption("repos")' replaces Bioconductor standard repositories, see
'help("repositories", package = "BiocManager")' for details.
Replacement repositories:
    CRAN: https://p3m.dev/cran/__linux__/noble/latest
Bioconductor version 3.23 (BiocManager 1.30.27), R 4.6.1 (2026-06-24)
Installing package(s) 'REDseq'
trying URL 'https://bioconductor.org/packages/3.23/bioc/src/contrib/REDseq_1.58.0.tar.gz'
Content type 'application/x-gzip' length 369819 bytes (361 KB)
==================================================
downloaded 361 KB

* installing *source* package ‘REDseq’ ...
** this is package ‘REDseq’ version ‘1.58.0’
** using staged installation
** R
** data
** inst
** byte-compile and prepare package for lazy loading
No methods found in package 'IRanges' for requests: '%in%', 'rep.int' when loading 'REDseq'
** help
*** installing help indices
** building package indices
** installing vignettes
** testing if installed package can be loaded from temporary location
No methods found in package 'IRanges' for requests: '%in%', 'rep.int' when loading 'REDseq'
** testing if installed package can be loaded from final location
No methods found in package 'IRanges' for requests: '%in%', 'rep.int' when loading 'REDseq'
** testing if installed package keeps a record of temporary installation path
* SHA256 sums
* creating tarball
packaged installation of ‘REDseq’ as ‘REDseq_1.58.0_R_x86_64-pc-linux-gnu.tar.gz’
* DONE (REDseq)

The downloaded source packages are in
	‘/tmp/RtmpMukaag/downloaded_packages’
Old packages: 'httr2', 'pak', 'pkgdown', 'urlchecker', 'xfun', 'zip', 'MASS',
  'nlme', 'survival'

real	1m13.078s
user	0m49.116s
sys	0m6.579s
