+ Rscript -e 'Sys.setenv(BIOCONDUCTOR_USE_CONTAINER_REPOSITORY=FALSE);
  p <- .libPaths();
  p <- c('\''/tmp/library'\'', '\''/mnt/library'\'', p);
  .libPaths(p);
  if(BiocManager::install('\''BG2'\'', INSTALL_opts = '\''--build'\'', update = TRUE, quiet = FALSE, dependencies=TRUE, force = TRUE, keep_outputs = TRUE) %in% rownames(installed.packages())) q(status = 0) else q(status = 1)'
'getOption("repos")' replaces Bioconductor standard repositories, see
'help("repositories", package = "BiocManager")' for details.
Replacement repositories:
    CRAN: https://p3m.dev/cran/__linux__/noble/latest
Bioconductor version 3.23 (BiocManager 1.30.27), R 4.6.1 (2026-06-24)
Installing package(s) 'BG2'
also installing the dependencies ‘GA’, ‘rrBLUP’

trying URL 'https://p3m.dev/cran/__linux__/noble/latest/src/contrib/GA_3.2.5.tar.gz'
trying URL 'https://p3m.dev/cran/__linux__/noble/latest/src/contrib/rrBLUP_4.6.3.tar.gz'
trying URL 'https://bioconductor.org/packages/3.23/bioc/src/contrib/BG2_1.12.0.tar.gz'
* installing *binary* package ‘GA’ ...
* package ‘GA’ successfully unpacked and SHA256 sums checked
* ‘GA’ was already a binary package and will not be rebuilt
* SHA256 sums
* creating tarball
packaged installation of ‘GA’ as ‘GA_3.2.5_R_x86_64-pc-linux-gnu.tar.gz’
* DONE (GA)
* installing *binary* package ‘rrBLUP’ ...
* package ‘rrBLUP’ successfully unpacked and SHA256 sums checked
* ‘rrBLUP’ was already a binary package and will not be rebuilt
* SHA256 sums
* creating tarball
packaged installation of ‘rrBLUP’ as ‘rrBLUP_4.6.3_R_x86_64-pc-linux-gnu.tar.gz’
* DONE (rrBLUP)
* installing *source* package ‘BG2’ ...
** this is package ‘BG2’ version ‘1.12.0’
** using staged installation
** R
** data
** inst
** byte-compile and prepare package for lazy loading
** help
*** installing help indices
** building package indices
** installing vignettes
** testing if installed package can be loaded from temporary location
** testing if installed package can be loaded from final location
** testing if installed package keeps a record of temporary installation path
* SHA256 sums
* creating tarball
packaged installation of ‘BG2’ as ‘BG2_1.12.0_R_x86_64-pc-linux-gnu.tar.gz’
* DONE (BG2)

The downloaded source packages are in
	‘/tmp/RtmpzWyZHB/downloaded_packages’
Old packages: 'httr2', 'pak', 'pkgdown', 'urlchecker', 'xfun', 'zip', 'MASS',
  'nlme', 'survival'

real	0m19.746s
user	0m9.850s
sys	0m2.653s
