+ Rscript -e 'Sys.setenv(BIOCONDUCTOR_USE_CONTAINER_REPOSITORY=FALSE);
  p <- .libPaths();
  p <- c('\''/tmp/library'\'', '\''/mnt/library'\'', p);
  .libPaths(p);
  if(BiocManager::install('\''MSstatsConvert'\'', INSTALL_opts = '\''--build'\'', update = TRUE, quiet = FALSE, dependencies=TRUE, force = TRUE, keep_outputs = TRUE) %in% rownames(installed.packages())) q(status = 0) else q(status = 1)'
'getOption("repos")' replaces Bioconductor standard repositories, see
'help("repositories", package = "BiocManager")' for details.
Replacement repositories:
    CRAN: https://p3m.dev/cran/__linux__/noble/latest
Bioconductor version 3.23 (BiocManager 1.30.27), R 4.6.1 (2026-06-24)
Installing package(s) 'MSstatsConvert'
Warning: dependency ‘log4r’ is not available
trying URL 'https://bioconductor.org/packages/3.23/bioc/src/contrib/MSstatsConvert_1.22.0.tar.gz'
Content type 'application/x-gzip' length 2342186 bytes (2.2 MB)
==================================================
downloaded 2.2 MB

ERROR: dependency ‘log4r’ is not available for package ‘MSstatsConvert’
Perhaps try a variation of:
install.packages('log4r')
* removing ‘/tmp/library/MSstatsConvert’

The downloaded source packages are in
	‘/tmp/Rtmp3xDwnk/downloaded_packages’
Old packages: 'httr2', 'pak', 'pkgdown', 'urlchecker', 'xfun', 'zip', 'MASS',
  'nlme', 'survival'
Warning message:
In install.packages(...) :
  installation of package ‘MSstatsConvert’ had non-zero exit status

real	0m15.241s
user	0m4.464s
sys	0m1.803s
