+ Rscript -e 'Sys.setenv(BIOCONDUCTOR_USE_CONTAINER_REPOSITORY=FALSE);
  p <- .libPaths();
  p <- c('\''/tmp/library'\'', '\''/mnt/library'\'', p);
  .libPaths(p);
  if(BiocManager::install('\''CalibraCurve'\'', INSTALL_opts = '\''--build'\'', update = TRUE, quiet = FALSE, dependencies=TRUE, force = TRUE, keep_outputs = TRUE) %in% rownames(installed.packages())) q(status = 0) else q(status = 1)'
'getOption("repos")' replaces Bioconductor standard repositories, see
'help("repositories", package = "BiocManager")' for details.
Replacement repositories:
    CRAN: https://p3m.dev/cran/__linux__/noble/latest
Bioconductor version 3.24 (BiocManager 1.30.27), R 4.6.1 (2026-06-24)
Installing package(s) 'CalibraCurve'
also installing the dependency ‘msqc1’

trying URL 'https://bioconductor.org/packages/3.24/data/experiment/src/contrib/msqc1_1.41.0.tar.gz'
trying URL 'https://bioconductor.org/packages/3.24/bioc/src/contrib/CalibraCurve_1.3.0.tar.gz'
* installing *source* package ‘msqc1’ ...
** this is package ‘msqc1’ version ‘1.41.0’
** using staged installation
** R
** data
*** moving datasets to lazyload DB
** inst
** byte-compile and prepare package for lazy loading
** help
*** installing help indices
** building package indices
** installing vignettes
** testing if installed package can be loaded from temporary location
** testing if installed package can be loaded from final location
** testing if installed package keeps a record of temporary installation path
* SHA256 sums
* creating tarball
packaged installation of ‘msqc1’ as ‘msqc1_1.41.0_R_x86_64-pc-linux-gnu.tar.gz’
* DONE (msqc1)
* installing *source* package ‘CalibraCurve’ ...
** this is package ‘CalibraCurve’ version ‘1.3.0’
** package ‘CalibraCurve’ successfully unpacked and MD5 sums checked
** using staged installation
** R
** inst
** byte-compile and prepare package for lazy loading
** help
*** installing help indices
*** copying figures
** building package indices
** installing vignettes
** testing if installed package can be loaded from temporary location
** testing if installed package can be loaded from final location
** testing if installed package keeps a record of temporary installation path
* SHA256 sums
* creating tarball
packaged installation of ‘CalibraCurve’ as ‘CalibraCurve_1.3.0_R_x86_64-pc-linux-gnu.tar.gz’
* DONE (CalibraCurve)

The downloaded source packages are in
	‘/tmp/RtmpZ8c7bj/downloaded_packages’
Old packages: 'diffobj'

real	0m37.997s
user	0m27.584s
sys	0m4.786s
