+ Rscript -e 'Sys.setenv(BIOCONDUCTOR_USE_CONTAINER_REPOSITORY=FALSE);
  p <- .libPaths();
  p <- c('\''/tmp/library'\'', '\''/mnt/library'\'', p);
  .libPaths(p);
  if(BiocManager::install('\''coseq'\'', INSTALL_opts = '\''--build'\'', update = TRUE, quiet = FALSE, dependencies=TRUE, force = TRUE, keep_outputs = TRUE) %in% rownames(installed.packages())) q(status = 0) else q(status = 1)'
'getOption("repos")' replaces Bioconductor standard repositories, see
'help("repositories", package = "BiocManager")' for details.
Replacement repositories:
    CRAN: https://p3m.dev/cran/__linux__/noble/latest
Bioconductor version 3.24 (BiocManager 1.30.27), R 4.6.1 (2026-06-24)
Installing package(s) 'coseq'
also installing the dependencies ‘capushe’, ‘Rmixmod’, ‘HTSCluster’

trying URL 'https://p3m.dev/cran/__linux__/noble/latest/src/contrib/capushe_1.1.3.tar.gz'
trying URL 'https://p3m.dev/cran/__linux__/noble/latest/src/contrib/Rmixmod_2.1.10.tar.gz'
trying URL 'https://p3m.dev/cran/__linux__/noble/latest/src/contrib/HTSCluster_2.0.11.tar.gz'
trying URL 'https://bioconductor.org/packages/3.24/bioc/src/contrib/coseq_1.37.0.tar.gz'
* installing *binary* package ‘capushe’ ...
* package ‘capushe’ successfully unpacked and SHA256 sums checked
* ‘capushe’ was already a binary package and will not be rebuilt
* SHA256 sums
* creating tarball
packaged installation of ‘capushe’ as ‘capushe_1.1.3_R_x86_64-pc-linux-gnu.tar.gz’
* DONE (capushe)
* installing *binary* package ‘Rmixmod’ ...
* package ‘Rmixmod’ successfully unpacked and SHA256 sums checked
* ‘Rmixmod’ was already a binary package and will not be rebuilt
* SHA256 sums
* creating tarball
packaged installation of ‘Rmixmod’ as ‘Rmixmod_2.1.10_R_x86_64-pc-linux-gnu.tar.gz’
* DONE (Rmixmod)
* installing *binary* package ‘HTSCluster’ ...
* package ‘HTSCluster’ successfully unpacked and SHA256 sums checked
* ‘HTSCluster’ was already a binary package and will not be rebuilt
* SHA256 sums
* creating tarball
packaged installation of ‘HTSCluster’ as ‘HTSCluster_2.0.11_R_x86_64-pc-linux-gnu.tar.gz’
* DONE (HTSCluster)
* installing *source* package ‘coseq’ ...
** this is package ‘coseq’ version ‘1.37.0’
** package ‘coseq’ successfully unpacked and MD5 sums checked
** using staged installation
** R
** data
** inst
** byte-compile and prepare package for lazy loading
Creating a new generic function for ‘plot’ in package ‘coseq’
** help
*** installing help indices
** building package indices
** installing vignettes
** testing if installed package can be loaded from temporary location
** testing if installed package can be loaded from final location
** testing if installed package keeps a record of temporary installation path
* SHA256 sums
* creating tarball
packaged installation of ‘coseq’ as ‘coseq_1.37.0_R_x86_64-pc-linux-gnu.tar.gz’
* DONE (coseq)

The downloaded source packages are in
	‘/tmp/RtmpsSXiKB/downloaded_packages’
Old packages: 'diffobj'

real	0m49.091s
user	0m33.470s
sys	0m5.341s
