+ Rscript -e 'Sys.setenv(BIOCONDUCTOR_USE_CONTAINER_REPOSITORY=FALSE);
  p <- .libPaths();
  p <- c('\''/tmp/library'\'', '\''/mnt/library'\'', p);
  .libPaths(p);
  if(BiocManager::install('\''iSEEpathways'\'', INSTALL_opts = '\''--build'\'', update = TRUE, quiet = FALSE, dependencies=TRUE, force = TRUE, keep_outputs = TRUE) %in% rownames(installed.packages())) q(status = 0) else q(status = 1)'
'getOption("repos")' replaces Bioconductor standard repositories, see
'help("repositories", package = "BiocManager")' for details.
Replacement repositories:
    CRAN: https://p3m.dev/cran/__linux__/noble/latest
Bioconductor version 3.24 (BiocManager 1.30.27), R 4.6.1 (2026-06-24)
Installing package(s) 'iSEEpathways'
also installing the dependency ‘iSEEde’

trying URL 'https://bioconductor.org/packages/3.24/bioc/src/contrib/iSEEde_1.11.0.tar.gz'
trying URL 'https://bioconductor.org/packages/3.24/bioc/src/contrib/iSEEpathways_1.11.0.tar.gz'
* installing *source* package ‘iSEEde’ ...
** this is package ‘iSEEde’ version ‘1.11.0’
** package ‘iSEEde’ successfully unpacked and MD5 sums checked
** using staged installation
** R
** inst
** byte-compile and prepare package for lazy loading
** help
*** installing help indices
** building package indices
** installing vignettes
** testing if installed package can be loaded from temporary location
** testing if installed package can be loaded from final location
** testing if installed package keeps a record of temporary installation path
* SHA256 sums
* creating tarball
packaged installation of ‘iSEEde’ as ‘iSEEde_1.11.0_R_x86_64-pc-linux-gnu.tar.gz’
* DONE (iSEEde)
* installing *source* package ‘iSEEpathways’ ...
** this is package ‘iSEEpathways’ version ‘1.11.0’
** package ‘iSEEpathways’ successfully unpacked and MD5 sums checked
** using staged installation
** R
** inst
** byte-compile and prepare package for lazy loading
** help
*** installing help indices
** building package indices
** installing vignettes
** testing if installed package can be loaded from temporary location
** testing if installed package can be loaded from final location
** testing if installed package keeps a record of temporary installation path
* SHA256 sums
* creating tarball
packaged installation of ‘iSEEpathways’ as ‘iSEEpathways_1.11.0_R_x86_64-pc-linux-gnu.tar.gz’
* DONE (iSEEpathways)

The downloaded source packages are in
	‘/tmp/Rtmp4Gx1dA/downloaded_packages’
Old packages: 'diffobj'

real	1m12.860s
user	1m2.831s
sys	0m7.625s
