+ Rscript -e 'Sys.setenv(BIOCONDUCTOR_USE_CONTAINER_REPOSITORY=FALSE);
  p <- .libPaths();
  p <- c('\''/tmp/library'\'', '\''/mnt/library'\'', p);
  .libPaths(p);
  if(BiocManager::install('\''hipathia'\'', INSTALL_opts = '\''--build'\'', update = TRUE, quiet = FALSE, dependencies=TRUE, force = TRUE, keep_outputs = TRUE) %in% rownames(installed.packages())) q(status = 0) else q(status = 1)'
'getOption("repos")' replaces Bioconductor standard repositories, see
'help("repositories", package = "BiocManager")' for details.
Replacement repositories:
    CRAN: https://p3m.dev/cran/__linux__/noble/latest
Bioconductor version 3.23 (BiocManager 1.30.27), R 4.6.1 (2026-06-24)
Installing package(s) 'hipathia'
also installing the dependencies ‘zen4R’, ‘servr’

trying URL 'https://p3m.dev/cran/__linux__/noble/latest/src/contrib/zen4R_0.10.6.tar.gz'
trying URL 'https://p3m.dev/cran/__linux__/noble/latest/src/contrib/servr_0.33.tar.gz'
trying URL 'https://bioconductor.org/packages/3.23/bioc/src/contrib/hipathia_3.12.0.tar.gz'
* installing *binary* package ‘zen4R’ ...
* package ‘zen4R’ successfully unpacked and SHA256 sums checked
* ‘zen4R’ was already a binary package and will not be rebuilt
* SHA256 sums
* creating tarball
packaged installation of ‘zen4R’ as ‘zen4R_0.10.6_R_x86_64-pc-linux-gnu.tar.gz’
* DONE (zen4R)
* installing *binary* package ‘servr’ ...
* package ‘servr’ successfully unpacked and SHA256 sums checked
* ‘servr’ was already a binary package and will not be rebuilt
* SHA256 sums
* creating tarball
packaged installation of ‘servr’ as ‘servr_0.33_R_x86_64-pc-linux-gnu.tar.gz’
* DONE (servr)
* installing *source* package ‘hipathia’ ...
** this is package ‘hipathia’ version ‘3.12.0’
** using staged installation
** R
** data
*** moving datasets to lazyload DB
** inst
** byte-compile and prepare package for lazy loading
** help
*** installing help indices
** building package indices
** installing vignettes
** testing if installed package can be loaded from temporary location
** testing if installed package can be loaded from final location
** testing if installed package keeps a record of temporary installation path
* SHA256 sums
* creating tarball
packaged installation of ‘hipathia’ as ‘hipathia_3.12.0_R_x86_64-pc-linux-gnu.tar.gz’
* DONE (hipathia)

The downloaded source packages are in
	‘/tmp/Rtmpki2Bal/downloaded_packages’
Old packages: 'diffobj', 'httr2', 'pak', 'pkgdown', 'urlchecker', 'xfun',
  'zip', 'MASS', 'nlme', 'survival'

real	0m43.671s
user	0m34.458s
sys	0m5.780s
