+ Rscript -e 'Sys.setenv(BIOCONDUCTOR_USE_CONTAINER_REPOSITORY=FALSE);
  p <- .libPaths();
  p <- c('\''/tmp/library'\'', '\''/mnt/library'\'', p);
  .libPaths(p);
  if(BiocManager::install('\''pRoloc'\'', INSTALL_opts = '\''--build'\'', update = TRUE, quiet = FALSE, dependencies=TRUE, force = TRUE, keep_outputs = TRUE) %in% rownames(installed.packages())) q(status = 0) else q(status = 1)'
'getOption("repos")' replaces Bioconductor standard repositories, see
'help("repositories", package = "BiocManager")' for details.
Replacement repositories:
    CRAN: https://p3m.dev/cran/__linux__/noble/latest
Bioconductor version 3.23 (BiocManager 1.30.27), R 4.6.1 (2026-06-24)
Installing package(s) 'pRoloc'
also installing the dependency ‘akima’

trying URL 'https://p3m.dev/cran/__linux__/noble/latest/src/contrib/akima_0.6-3.6.tar.gz'
trying URL 'https://bioconductor.org/packages/3.23/bioc/src/contrib/pRoloc_1.52.0.tar.gz'
* installing *binary* package ‘akima’ ...
* package ‘akima’ successfully unpacked and SHA256 sums checked
* ‘akima’ was already a binary package and will not be rebuilt
* SHA256 sums
* creating tarball
packaged installation of ‘akima’ as ‘akima_0.6-3.6_R_x86_64-pc-linux-gnu.tar.gz’
* DONE (akima)
