+ Rscript -e 'Sys.setenv(BIOCONDUCTOR_USE_CONTAINER_REPOSITORY=FALSE);
  p <- .libPaths();
  p <- c('\''/tmp/library'\'', '\''/mnt/library'\'', p);
  .libPaths(p);
  if(BiocManager::install('\''skewr'\'', INSTALL_opts = '\''--build'\'', update = TRUE, quiet = FALSE, dependencies=TRUE, force = TRUE, keep_outputs = TRUE) %in% rownames(installed.packages())) q(status = 0) else q(status = 1)'
'getOption("repos")' replaces Bioconductor standard repositories, see
'help("repositories", package = "BiocManager")' for details.
Replacement repositories:
    CRAN: https://p3m.dev/cran/__linux__/noble/latest
Bioconductor version 3.23 (BiocManager 1.30.27), R 4.6.1 (2026-06-24)
Installing package(s) 'skewr'
also installing the dependency ‘mixsmsn’

trying URL 'https://p3m.dev/cran/__linux__/noble/latest/src/contrib/mixsmsn_1.1-12.tar.gz'
trying URL 'https://bioconductor.org/packages/3.23/bioc/src/contrib/skewr_1.44.0.tar.gz'
* installing *binary* package ‘mixsmsn’ ...
* package ‘mixsmsn’ successfully unpacked and SHA256 sums checked
* ‘mixsmsn’ was already a binary package and will not be rebuilt
* SHA256 sums
* creating tarball
packaged installation of ‘mixsmsn’ as ‘mixsmsn_1.1-12_R_x86_64-pc-linux-gnu.tar.gz’
* DONE (mixsmsn)
* installing *source* package ‘skewr’ ...
** this is package ‘skewr’ version ‘1.44.0’
** using staged installation
** R
** inst
** byte-compile and prepare package for lazy loading
No methods found in package ‘RSQLite’ for request: ‘dbListFields’ when loading ‘lumi’
** help
*** installing help indices
** building package indices
** installing vignettes
** testing if installed package can be loaded from temporary location
No methods found in package ‘RSQLite’ for request: ‘dbListFields’ when loading ‘lumi’
** testing if installed package can be loaded from final location
No methods found in package ‘RSQLite’ for request: ‘dbListFields’ when loading ‘lumi’
** testing if installed package keeps a record of temporary installation path
* SHA256 sums
* creating tarball
packaged installation of ‘skewr’ as ‘skewr_1.44.0_R_x86_64-pc-linux-gnu.tar.gz’
* DONE (skewr)

The downloaded source packages are in
	‘/tmp/RtmpItlWhz/downloaded_packages’
Old packages: 'diffobj', 'httr2', 'pak', 'pkgdown', 'urlchecker', 'xfun',
  'zip', 'MASS', 'nlme', 'survival'

real	1m20.567s
user	0m53.426s
sys	0m9.321s
