+ Rscript -e 'Sys.setenv(BIOCONDUCTOR_USE_CONTAINER_REPOSITORY=FALSE);
  p <- .libPaths();
  p <- c('\''/tmp/library'\'', '\''/mnt/library'\'', p);
  .libPaths(p);
  if(BiocManager::install('\''flowVS'\'', INSTALL_opts = '\''--build'\'', update = TRUE, quiet = FALSE, dependencies=TRUE, force = TRUE, keep_outputs = TRUE) %in% rownames(installed.packages())) q(status = 0) else q(status = 1)'
'getOption("repos")' replaces Bioconductor standard repositories, see
'help("repositories", package = "BiocManager")' for details.
Replacement repositories:
    CRAN: https://p3m.dev/cran/__linux__/noble/latest
Bioconductor version 3.24 (BiocManager 1.30.27), R 4.6.1 (2026-06-24)
Installing package(s) 'flowVS'
trying URL 'https://bioconductor.org/packages/3.24/bioc/src/contrib/flowVS_1.45.0.tar.gz'
Content type 'application/x-gzip' length 3879553 bytes (3.7 MB)
==================================================
downloaded 3.7 MB

* installing *source* package ‘flowVS’ ...
** this is package ‘flowVS’ version ‘1.45.0’
** package ‘flowVS’ successfully unpacked and MD5 sums checked
** using staged installation
** R
** data
** inst
** byte-compile and prepare package for lazy loading
Warning message:
replacing previous import ‘flowViz::contour’ by ‘graphics::contour’ when loading ‘flowStats’ 
** help
*** installing help indices
** building package indices
** installing vignettes
** testing if installed package can be loaded from temporary location
Warning: replacing previous import ‘flowViz::contour’ by ‘graphics::contour’ when loading ‘flowStats’
** testing if installed package can be loaded from final location
Warning: replacing previous import ‘flowViz::contour’ by ‘graphics::contour’ when loading ‘flowStats’
** testing if installed package keeps a record of temporary installation path
* SHA256 sums
* creating tarball
packaged installation of ‘flowVS’ as ‘flowVS_1.45.0_R_x86_64-pc-linux-gnu.tar.gz’
* DONE (flowVS)

The downloaded source packages are in
	‘/tmp/RtmpGsPcyY/downloaded_packages’

real	0m23.113s
user	0m17.464s
sys	0m3.490s
