+ Rscript -e 'Sys.setenv(BIOCONDUCTOR_USE_CONTAINER_REPOSITORY=FALSE);
  p <- .libPaths();
  p <- c('\''/tmp/library'\'', '\''/mnt/library'\'', p);
  .libPaths(p);
  if(BiocManager::install('\''BaalChIP'\'', INSTALL_opts = '\''--build'\'', update = TRUE, quiet = FALSE, dependencies=TRUE, force = TRUE, keep_outputs = TRUE) %in% rownames(installed.packages())) q(status = 0) else q(status = 1)'
'getOption("repos")' replaces Bioconductor standard repositories, see
'help("repositories", package = "BiocManager")' for details.
Replacement repositories:
    CRAN: https://p3m.dev/cran/__linux__/noble/latest
Bioconductor version 3.24 (BiocManager 1.30.27), R 4.6.1 (2026-06-24)
Installing package(s) 'BaalChIP'
trying URL 'https://bioconductor.org/packages/3.24/bioc/src/contrib/BaalChIP_1.39.0.tar.gz'
Content type 'application/x-gzip' length 47437986 bytes (45.2 MB)
==================================================
downloaded 45.2 MB

* installing *source* package ‘BaalChIP’ ...
** this is package ‘BaalChIP’ version ‘1.39.0’
** package ‘BaalChIP’ successfully unpacked and MD5 sums checked
** using staged installation
** R
** data
*** moving datasets to lazyload DB
** inst
** byte-compile and prepare package for lazy loading
** help
*** installing help indices
** building package indices
** installing vignettes
** testing if installed package can be loaded from temporary location
** testing if installed package can be loaded from final location
** testing if installed package keeps a record of temporary installation path
* SHA256 sums
* creating tarball
packaged installation of ‘BaalChIP’ as ‘BaalChIP_1.39.0_R_x86_64-pc-linux-gnu.tar.gz’
* DONE (BaalChIP)

The downloaded source packages are in
	‘/tmp/Rtmpwtc1R8/downloaded_packages’

real	1m26.451s
user	1m11.789s
sys	0m8.357s
