+ Rscript -e 'Sys.setenv(BIOCONDUCTOR_USE_CONTAINER_REPOSITORY=FALSE);
  p <- .libPaths();
  p <- c('\''/tmp/library'\'', '\''/mnt/library'\'', p);
  .libPaths(p);
  if(BiocManager::install('\''aroma.light'\'', INSTALL_opts = '\''--build'\'', update = TRUE, quiet = FALSE, dependencies=TRUE, force = TRUE, keep_outputs = TRUE) %in% rownames(installed.packages())) q(status = 0) else q(status = 1)'
'getOption("repos")' replaces Bioconductor standard repositories, see
'help("repositories", package = "BiocManager")' for details.
Replacement repositories:
    CRAN: https://p3m.dev/cran/__linux__/noble/latest
Bioconductor version 3.24 (BiocManager 1.30.27), R 4.6.1 (2026-06-24)
Installing package(s) 'aroma.light'
trying URL 'https://bioconductor.org/packages/3.24/bioc/src/contrib/aroma.light_3.43.0.tar.gz'
Content type 'application/x-gzip' length 393715 bytes (384 KB)
==================================================
downloaded 384 KB

* installing *source* package ‘aroma.light’ ...
** this is package ‘aroma.light’ version ‘3.43.0’
** package ‘aroma.light’ successfully unpacked and MD5 sums checked
** using staged installation
** R
** inst
** byte-compile and prepare package for lazy loading
** help
*** installing help indices
** building package indices
** testing if installed package can be loaded from temporary location
** testing if installed package can be loaded from final location
** testing if installed package keeps a record of temporary installation path
* SHA256 sums
* creating tarball
packaged installation of ‘aroma.light’ as ‘aroma.light_3.43.0_R_x86_64-pc-linux-gnu.tar.gz’
* DONE (aroma.light)

The downloaded source packages are in
	‘/tmp/Rtmp0yhGxG/downloaded_packages’

real	1m0.125s
user	0m7.198s
sys	0m2.947s
