+ Rscript -e 'Sys.setenv(BIOCONDUCTOR_USE_CONTAINER_REPOSITORY=FALSE);
  p <- .libPaths();
  p <- c('\''/tmp/library'\'', '\''/mnt/library'\'', p);
  .libPaths(p);
  if(BiocManager::install('\''discordant'\'', INSTALL_opts = '\''--build'\'', update = TRUE, quiet = FALSE, dependencies=TRUE, force = TRUE, keep_outputs = TRUE) %in% rownames(installed.packages())) q(status = 0) else q(status = 1)'
'getOption("repos")' replaces Bioconductor standard repositories, see
'help("repositories", package = "BiocManager")' for details.
Replacement repositories:
    CRAN: https://p3m.dev/cran/__linux__/noble/latest
Bioconductor version 3.24 (BiocManager 1.30.27), R 4.6.1 (2026-06-24)
Installing package(s) 'discordant'
also installing the dependency ‘biwt’

trying URL 'https://p3m.dev/cran/__linux__/noble/latest/src/contrib/biwt_1.0.1.tar.gz'
trying URL 'https://bioconductor.org/packages/3.24/bioc/src/contrib/discordant_1.37.0.tar.gz'
* installing *binary* package ‘biwt’ ...
* package ‘biwt’ successfully unpacked and SHA256 sums checked
* ‘biwt’ was already a binary package and will not be rebuilt
* SHA256 sums
* creating tarball
packaged installation of ‘biwt’ as ‘biwt_1.0.1_R_x86_64-pc-linux-gnu.tar.gz’
* DONE (biwt)
* installing *source* package ‘discordant’ ...
** this is package ‘discordant’ version ‘1.37.0’
** package ‘discordant’ successfully unpacked and MD5 sums checked
** using staged installation
** libs
using C++ compiler: ‘g++ (Ubuntu 13.3.0-6ubuntu2~24.04.1) 13.3.0’
g++ -std=gnu++20 -I"/usr/local/lib/R/include" -DNDEBUG  -I'/usr/local/lib/R/site-library/Rcpp/include' -I/usr/local/include    -fpic  -g -O2 -fstack-protector-strong -Wformat -Werror=format-security -Wdate-time -D_FORTIFY_SOURCE=2 -g   -c RcppExports.cpp -o RcppExports.o
g++ -std=gnu++20 -I"/usr/local/lib/R/include" -DNDEBUG  -I'/usr/local/lib/R/site-library/Rcpp/include' -I/usr/local/include    -fpic  -g -O2 -fstack-protector-strong -Wformat -Werror=format-security -Wdate-time -D_FORTIFY_SOURCE=2 -g   -c discordant.cpp -o discordant.o
g++ -std=gnu++20 -shared -L/usr/local/lib/R/lib -L/usr/local/lib -o discordant.so RcppExports.o discordant.o -L/usr/local/lib/R/lib -lR
installing to /tmp/library/00LOCK-discordant/00new/discordant/libs
** R
** data
** inst
** byte-compile and prepare package for lazy loading
** help
*** installing help indices
** building package indices
** installing vignettes
** testing if installed package can be loaded from temporary location
** checking absolute paths in shared objects and dynamic libraries
** testing if installed package can be loaded from final location
** testing if installed package keeps a record of temporary installation path
* SHA256 sums
* creating tarball
packaged installation of ‘discordant’ as ‘discordant_1.37.0_R_x86_64-pc-linux-gnu.tar.gz’
* DONE (discordant)

The downloaded source packages are in
	‘/tmp/RtmpuYSVGx/downloaded_packages’

real	0m20.961s
user	0m14.670s
sys	0m3.945s
