+ Rscript -e 'Sys.setenv(BIOCONDUCTOR_USE_CONTAINER_REPOSITORY=FALSE);
  p <- .libPaths();
  p <- c('\''/tmp/library'\'', '\''/mnt/library'\'', p);
  .libPaths(p);
  if(BiocManager::install('\''iterativeBMAsurv'\'', INSTALL_opts = '\''--build'\'', update = TRUE, quiet = FALSE, dependencies=TRUE, force = TRUE, keep_outputs = TRUE) %in% rownames(installed.packages())) q(status = 0) else q(status = 1)'
'getOption("repos")' replaces Bioconductor standard repositories, see
'help("repositories", package = "BiocManager")' for details.
Replacement repositories:
    CRAN: https://p3m.dev/cran/__linux__/noble/latest
Bioconductor version 3.24 (BiocManager 1.30.27), R 4.6.1 (2026-06-24)
Installing package(s) 'iterativeBMAsurv'
also installing the dependency ‘BMA’

trying URL 'https://p3m.dev/cran/__linux__/noble/latest/src/contrib/BMA_3.18.21.tar.gz'
trying URL 'https://bioconductor.org/packages/3.24/bioc/src/contrib/iterativeBMAsurv_1.71.0.tar.gz'
* installing *binary* package ‘BMA’ ...
* package ‘BMA’ successfully unpacked and SHA256 sums checked
* ‘BMA’ was already a binary package and will not be rebuilt
* SHA256 sums
* creating tarball
packaged installation of ‘BMA’ as ‘BMA_3.18.21_R_x86_64-pc-linux-gnu.tar.gz’
* DONE (BMA)
* installing *source* package ‘iterativeBMAsurv’ ...
** this is package ‘iterativeBMAsurv’ version ‘1.71.0’
** package ‘iterativeBMAsurv’ successfully unpacked and MD5 sums checked
** using staged installation
** R
** data
** inst
** byte-compile and prepare package for lazy loading
** help
*** installing help indices
** building package indices
** installing vignettes
** testing if installed package can be loaded from temporary location
** testing if installed package can be loaded from final location
** testing if installed package keeps a record of temporary installation path
* SHA256 sums
* creating tarball
packaged installation of ‘iterativeBMAsurv’ as ‘iterativeBMAsurv_1.71.0_R_x86_64-pc-linux-gnu.tar.gz’
* DONE (iterativeBMAsurv)

The downloaded source packages are in
	‘/tmp/Rtmpm02mZZ/downloaded_packages’
Error in readRDS(file) : error reading from connection

real	0m15.581s
user	0m8.810s
sys	0m3.296s
