+ Rscript -e 'Sys.setenv(BIOCONDUCTOR_USE_CONTAINER_REPOSITORY=FALSE);
  p <- .libPaths();
  p <- c('\''/tmp/library'\'', '\''/mnt/library'\'', p);
  .libPaths(p);
  if(BiocManager::install('\''TVTB'\'', INSTALL_opts = '\''--build'\'', update = TRUE, quiet = FALSE, dependencies=TRUE, force = TRUE, keep_outputs = TRUE) %in% rownames(installed.packages())) q(status = 0) else q(status = 1)'
'getOption("repos")' replaces Bioconductor standard repositories, see
'help("repositories", package = "BiocManager")' for details.
Replacement repositories:
    CRAN: https://p3m.dev/cran/__linux__/noble/latest
Bioconductor version 3.24 (BiocManager 1.30.27), R 4.6.1 (2026-06-24)
Installing package(s) 'TVTB'
trying URL 'https://bioconductor.org/packages/3.24/bioc/src/contrib/TVTB_1.39.0.tar.gz'
Content type 'application/x-gzip' length 1606032 bytes (1.5 MB)
==================================================
downloaded 1.5 MB

* installing *source* package ‘TVTB’ ...
** this is package ‘TVTB’ version ‘1.39.0’
** package ‘TVTB’ successfully unpacked and MD5 sums checked
** using staged installation
** R
** inst
** byte-compile and prepare package for lazy loading
** help
*** installing help indices
*** copying figures
** building package indices
** installing vignettes
** testing if installed package can be loaded from temporary location
** testing if installed package can be loaded from final location
** testing if installed package keeps a record of temporary installation path
* SHA256 sums
* creating tarball
packaged installation of ‘TVTB’ as ‘TVTB_1.39.0_R_x86_64-pc-linux-gnu.tar.gz’
* DONE (TVTB)

The downloaded source packages are in
	‘/tmp/Rtmp8V1mlR/downloaded_packages’

real	1m11.824s
user	0m57.361s
sys	0m7.360s
