+ Rscript -e 'Sys.setenv(BIOCONDUCTOR_USE_CONTAINER_REPOSITORY=FALSE);
  p <- .libPaths();
  p <- c('\''/tmp/library'\'', '\''/mnt/library'\'', p);
  .libPaths(p);
  if(BiocManager::install('\''scry'\'', INSTALL_opts = '\''--build'\'', update = TRUE, quiet = FALSE, dependencies=TRUE, force = TRUE, keep_outputs = TRUE) %in% rownames(installed.packages())) q(status = 0) else q(status = 1)'
'getOption("repos")' replaces Bioconductor standard repositories, see
'help("repositories", package = "BiocManager")' for details.
Replacement repositories:
    CRAN: https://p3m.dev/cran/__linux__/noble/latest
Bioconductor version 3.23 (BiocManager 1.30.27), R 4.6.1 (2026-06-24)
Installing package(s) 'scry'
also installing the dependency ‘DuoClustering2018’

trying URL 'https://bioconductor.org/packages/3.23/data/experiment/src/contrib/DuoClustering2018_1.30.0.tar.gz'
trying URL 'https://bioconductor.org/packages/3.23/bioc/src/contrib/scry_1.24.0.tar.gz'
* installing *source* package ‘DuoClustering2018’ ...
** this is package ‘DuoClustering2018’ version ‘1.30.0’
** using staged installation
** R
** inst
** byte-compile and prepare package for lazy loading
** help
*** installing help indices
** building package indices
** installing vignettes
** testing if installed package can be loaded from temporary location
** testing if installed package can be loaded from final location
** testing if installed package keeps a record of temporary installation path
* SHA256 sums
* creating tarball
packaged installation of ‘DuoClustering2018’ as ‘DuoClustering2018_1.30.0_R_x86_64-pc-linux-gnu.tar.gz’
* DONE (DuoClustering2018)
* installing *source* package ‘scry’ ...
** this is package ‘scry’ version ‘1.24.0’
** using staged installation
** R
** inst
** byte-compile and prepare package for lazy loading
** help
*** installing help indices
** building package indices
** installing vignettes
** testing if installed package can be loaded from temporary location
** testing if installed package can be loaded from final location
** testing if installed package keeps a record of temporary installation path
* SHA256 sums
* creating tarball
packaged installation of ‘scry’ as ‘scry_1.24.0_R_x86_64-pc-linux-gnu.tar.gz’
* DONE (scry)

The downloaded source packages are in
	‘/tmp/Rtmp8mqfQs/downloaded_packages’
Old packages: 'httr2', 'pak', 'pkgdown', 'urlchecker', 'xfun', 'zip', 'MASS',
  'nlme', 'survival'

real	0m59.075s
user	0m35.659s
sys	0m5.793s
