+ Rscript -e 'Sys.setenv(BIOCONDUCTOR_USE_CONTAINER_REPOSITORY=FALSE);
  p <- .libPaths();
  p <- c('\''/tmp/library'\'', '\''/mnt/library'\'', p);
  .libPaths(p);
  if(BiocManager::install('\''EGSEA'\'', INSTALL_opts = '\''--build'\'', update = TRUE, quiet = FALSE, dependencies=TRUE, force = TRUE, keep_outputs = TRUE) %in% rownames(installed.packages())) q(status = 0) else q(status = 1)'
'getOption("repos")' replaces Bioconductor standard repositories, see
'help("repositories", package = "BiocManager")' for details.
Replacement repositories:
    CRAN: https://p3m.dev/cran/__linux__/noble/latest
Bioconductor version 3.24 (BiocManager 1.30.27), R 4.6.1 (2026-06-24)
Installing package(s) 'EGSEA'
trying URL 'https://bioconductor.org/packages/3.24/bioc/src/contrib/EGSEA_1.41.0.tar.gz'
Content type 'application/x-gzip' length 2209056 bytes (2.1 MB)
==================================================
downloaded 2.1 MB

* installing *source* package ‘EGSEA’ ...
** this is package ‘EGSEA’ version ‘1.41.0’
** package ‘EGSEA’ successfully unpacked and MD5 sums checked
** using staged installation
** R
** data
** inst
** byte-compile and prepare package for lazy loading

groupGOTerms: 	GOBPTerm, GOMFTerm, GOCCTerm environments built.
** help
*** installing help indices
** building package indices
** installing vignettes
** testing if installed package can be loaded from temporary location

groupGOTerms: 	GOBPTerm, GOMFTerm, GOCCTerm environments built.
** testing if installed package can be loaded from final location

groupGOTerms: 	GOBPTerm, GOMFTerm, GOCCTerm environments built.
** testing if installed package keeps a record of temporary installation path
* SHA256 sums
* creating tarball
packaged installation of ‘EGSEA’ as ‘EGSEA_1.41.0_R_x86_64-pc-linux-gnu.tar.gz’
* DONE (EGSEA)

The downloaded source packages are in
	‘/tmp/RtmpLwEH5b/downloaded_packages’
Old packages: 'diffobj'

real	1m7.831s
user	0m56.357s
sys	0m7.155s
