+ Rscript -e 'Sys.setenv(BIOCONDUCTOR_USE_CONTAINER_REPOSITORY=FALSE);
  p <- .libPaths();
  p <- c('\''/tmp/library'\'', '\''/mnt/library'\'', p);
  .libPaths(p);
  if(BiocManager::install('\''Polytect'\'', INSTALL_opts = '\''--build'\'', update = TRUE, quiet = FALSE, dependencies=TRUE, force = TRUE, keep_outputs = TRUE) %in% rownames(installed.packages())) q(status = 0) else q(status = 1)'
'getOption("repos")' replaces Bioconductor standard repositories, see
'help("repositories", package = "BiocManager")' for details.
Replacement repositories:
    CRAN: https://p3m.dev/cran/__linux__/noble/latest
Bioconductor version 3.23 (BiocManager 1.30.27), R 4.6.1 (2026-06-24)
Installing package(s) 'Polytect'
also installing the dependencies ‘IDPmisc’, ‘flowViz’, ‘mlr’, ‘BBmisc’, ‘parallelMap’, ‘flowDensity’, ‘SamSPECTRAL’, ‘sn’, ‘mlrMBO’, ‘DiceKriging’, ‘smoof’, ‘ParamHelpers’, ‘lhs’, ‘rgenoud’, ‘ddPCRclust’

trying URL 'https://p3m.dev/cran/__linux__/noble/latest/src/contrib/IDPmisc_1.1.21.tar.gz'
trying URL 'https://bioconductor.org/packages/3.23/bioc/src/contrib/flowViz_1.76.0.tar.gz'
trying URL 'https://p3m.dev/cran/__linux__/noble/latest/src/contrib/mlr_2.19.3.tar.gz'
trying URL 'https://p3m.dev/cran/__linux__/noble/latest/src/contrib/BBmisc_1.13.1.tar.gz'
trying URL 'https://p3m.dev/cran/__linux__/noble/latest/src/contrib/parallelMap_1.5.1.tar.gz'
trying URL 'https://bioconductor.org/packages/3.23/bioc/src/contrib/flowDensity_1.46.0.tar.gz'
trying URL 'https://bioconductor.org/packages/3.23/bioc/src/contrib/SamSPECTRAL_1.66.0.tar.gz'
trying URL 'https://p3m.dev/cran/__linux__/noble/latest/src/contrib/sn_2.1.3.tar.gz'
trying URL 'https://p3m.dev/cran/__linux__/noble/latest/src/contrib/mlrMBO_1.1.6.tar.gz'
trying URL 'https://p3m.dev/cran/__linux__/noble/latest/src/contrib/DiceKriging_1.6.1.tar.gz'
trying URL 'https://p3m.dev/cran/__linux__/noble/latest/src/contrib/smoof_1.7.0.tar.gz'
trying URL 'https://p3m.dev/cran/__linux__/noble/latest/src/contrib/ParamHelpers_1.14.2.tar.gz'
trying URL 'https://p3m.dev/cran/__linux__/noble/latest/src/contrib/lhs_1.3.0.tar.gz'
trying URL 'https://p3m.dev/cran/__linux__/noble/latest/src/contrib/rgenoud_5.9-0.11.tar.gz'
trying URL 'https://bioconductor.org/packages/3.23/bioc/src/contrib/ddPCRclust_1.32.0.tar.gz'
trying URL 'https://bioconductor.org/packages/3.23/bioc/src/contrib/Polytect_1.4.0.tar.gz'
* installing *binary* package ‘IDPmisc’ ...
* package ‘IDPmisc’ successfully unpacked and SHA256 sums checked
* ‘IDPmisc’ was already a binary package and will not be rebuilt
* SHA256 sums
* creating tarball
packaged installation of ‘IDPmisc’ as ‘IDPmisc_1.1.21_R_x86_64-pc-linux-gnu.tar.gz’
* DONE (IDPmisc)
* installing *binary* package ‘BBmisc’ ...
* package ‘BBmisc’ successfully unpacked and SHA256 sums checked
* ‘BBmisc’ was already a binary package and will not be rebuilt
* SHA256 sums
* creating tarball
packaged installation of ‘BBmisc’ as ‘BBmisc_1.13.1_R_x86_64-pc-linux-gnu.tar.gz’
* DONE (BBmisc)
* installing *source* package ‘SamSPECTRAL’ ...
** this is package ‘SamSPECTRAL’ version ‘1.66.0’
** using staged installation
** libs
using C compiler: ‘gcc (Ubuntu 13.3.0-6ubuntu2~24.04.1) 13.3.0’
gcc -std=gnu2x -I"/usr/local/lib/R/include" -DNDEBUG   -I/usr/local/include    -fpic  -g -O2 -fstack-protector-strong -Wformat -Werror=format-security -Wdate-time -D_FORTIFY_SOURCE=2 -g  -c Rinit.c -o Rinit.o
gcc -std=gnu2x -I"/usr/local/lib/R/include" -DNDEBUG   -I/usr/local/include    -fpic  -g -O2 -fstack-protector-strong -Wformat -Werror=format-security -Wdate-time -D_FORTIFY_SOURCE=2 -g  -c conductance_computation.c -o conductance_computation.o
gcc -std=gnu2x -I"/usr/local/lib/R/include" -DNDEBUG   -I/usr/local/include    -fpic  -g -O2 -fstack-protector-strong -Wformat -Werror=format-security -Wdate-time -D_FORTIFY_SOURCE=2 -g  -c maximum_of_rows.c -o maximum_of_rows.o
gcc -std=gnu2x -shared -L/usr/local/lib/R/lib -L/usr/local/lib -o SamSPECTRAL.so Rinit.o conductance_computation.o maximum_of_rows.o -L/usr/local/lib/R/lib -lR
installing to /tmp/library/00LOCK-SamSPECTRAL/00new/SamSPECTRAL/libs
** R
** data
** inst
** byte-compile and prepare package for lazy loading
** help
*** installing help indices
** building package indices
** installing vignettes
** testing if installed package can be loaded from temporary location
** checking absolute paths in shared objects and dynamic libraries
** testing if installed package can be loaded from final location
** testing if installed package keeps a record of temporary installation path
* SHA256 sums
* creating tarball
packaged installation of ‘SamSPECTRAL’ as ‘SamSPECTRAL_1.66.0_R_x86_64-pc-linux-gnu.tar.gz’
* DONE (SamSPECTRAL)
* installing *binary* package ‘sn’ ...
* package ‘sn’ successfully unpacked and SHA256 sums checked
* ‘sn’ was already a binary package and will not be rebuilt
* SHA256 sums
* creating tarball
packaged installation of ‘sn’ as ‘sn_2.1.3_R_x86_64-pc-linux-gnu.tar.gz’
* DONE (sn)
* installing *binary* package ‘DiceKriging’ ...
* package ‘DiceKriging’ successfully unpacked and SHA256 sums checked
* ‘DiceKriging’ was already a binary package and will not be rebuilt
* SHA256 sums
* creating tarball
packaged installation of ‘DiceKriging’ as ‘DiceKriging_1.6.1_R_x86_64-pc-linux-gnu.tar.gz’
* DONE (DiceKriging)
* installing *binary* package ‘lhs’ ...
* package ‘lhs’ successfully unpacked and SHA256 sums checked
* ‘lhs’ was already a binary package and will not be rebuilt
* SHA256 sums
* creating tarball
packaged installation of ‘lhs’ as ‘lhs_1.3.0_R_x86_64-pc-linux-gnu.tar.gz’
* DONE (lhs)
* installing *binary* package ‘rgenoud’ ...
* package ‘rgenoud’ successfully unpacked and SHA256 sums checked
* ‘rgenoud’ was already a binary package and will not be rebuilt
* SHA256 sums
* creating tarball
packaged installation of ‘rgenoud’ as ‘rgenoud_5.9-0.11_R_x86_64-pc-linux-gnu.tar.gz’
* DONE (rgenoud)
* installing *source* package ‘flowViz’ ...
** this is package ‘flowViz’ version ‘1.76.0’
** using staged installation
** R
** inst
** byte-compile and prepare package for lazy loading
in method for ‘densityplot’ with signature ‘x="formula",data="view"’: no definition for class “view”
in method for ‘densityplot’ with signature ‘x="formula",data="ncdfFlowSet"’: no definition for class “ncdfFlowSet”
in method for ‘densityplot’ with signature ‘x="formula",data="ncdfFlowList"’: no definition for class “ncdfFlowList”
in method for ‘histogram’ with signature ‘x="formula",data="ncdfFlowSet"’: no definition for class “ncdfFlowSet”
in method for ‘histogram’ with signature ‘x="formula",data="ncdfFlowList"’: no definition for class “ncdfFlowList”
in method for ‘glines’ with signature ‘x="norm2Filter",data="ANY"’: no definition for class “norm2Filter”
in method for ‘glines’ with signature ‘x="norm2Filter",data="logicalFilterResult"’: no definition for class “norm2Filter”
in method for ‘glines’ with signature ‘x="norm2Filter",data="flowFrame"’: no definition for class “norm2Filter”
in method for ‘glpoints’ with signature ‘x="norm2Filter",data="flowFrame",channels="character"’: no definition for class “norm2Filter”
in method for ‘glpolygon’ with signature ‘x="norm2Filter",data="ANY"’: no definition for class “norm2Filter”
in method for ‘glpolygon’ with signature ‘x="norm2Filter",data="logicalFilterResult"’: no definition for class “norm2Filter”
in method for ‘glpolygon’ with signature ‘x="norm2Filter",data="flowFrame"’: no definition for class “norm2Filter”
in method for ‘gpoints’ with signature ‘x="norm2Filter",data="flowFrame",channels="character"’: no definition for class “norm2Filter”
in method for ‘gpolygon’ with signature ‘x="norm2Filter",data="ANY"’: no definition for class “norm2Filter”
in method for ‘gpolygon’ with signature ‘x="norm2Filter",data="logicalFilterResult"’: no definition for class “norm2Filter”
in method for ‘gpolygon’ with signature ‘x="norm2Filter",data="flowFrame"’: no definition for class “norm2Filter”
in method for ‘xyplot’ with signature ‘x="formula",data="view"’: no definition for class “view”
in method for ‘xyplot’ with signature ‘x="view",data="missing"’: no definition for class “view”
in method for ‘xyplot’ with signature ‘x="formula",data="gateView"’: no definition for class “gateView”
in method for ‘xyplot’ with signature ‘x="formula",data="ncdfFlowSet"’: no definition for class “ncdfFlowSet”
in method for ‘xyplot’ with signature ‘x="formula",data="ncdfFlowList"’: no definition for class “ncdfFlowList”
** help
*** installing help indices
** building package indices
** installing vignettes
** testing if installed package can be loaded from temporary location
** testing if installed package can be loaded from final location
** testing if installed package keeps a record of temporary installation path
* SHA256 sums
* creating tarball
packaged installation of ‘flowViz’ as ‘flowViz_1.76.0_R_x86_64-pc-linux-gnu.tar.gz’
* DONE (flowViz)
* installing *binary* package ‘parallelMap’ ...
* package ‘parallelMap’ successfully unpacked and SHA256 sums checked
* ‘parallelMap’ was already a binary package and will not be rebuilt
* SHA256 sums
* creating tarball
packaged installation of ‘parallelMap’ as ‘parallelMap_1.5.1_R_x86_64-pc-linux-gnu.tar.gz’
* DONE (parallelMap)
* installing *binary* package ‘ParamHelpers’ ...
* package ‘ParamHelpers’ successfully unpacked and SHA256 sums checked
* ‘ParamHelpers’ was already a binary package and will not be rebuilt
* SHA256 sums
* creating tarball
packaged installation of ‘ParamHelpers’ as ‘ParamHelpers_1.14.2_R_x86_64-pc-linux-gnu.tar.gz’
* DONE (ParamHelpers)
* installing *binary* package ‘mlr’ ...
* package ‘mlr’ successfully unpacked and SHA256 sums checked
* ‘mlr’ was already a binary package and will not be rebuilt
* SHA256 sums
* creating tarball
packaged installation of ‘mlr’ as ‘mlr_2.19.3_R_x86_64-pc-linux-gnu.tar.gz’
* DONE (mlr)
Warning: SystemRequirements specified C++11: support has been removed
* installing *source* package ‘flowDensity’ ...
** this is package ‘flowDensity’ version ‘1.46.0’
** using staged installation
** R
** inst
** byte-compile and prepare package for lazy loading
** help
*** installing help indices
** building package indices
** installing vignettes
** testing if installed package can be loaded from temporary location
** testing if installed package can be loaded from final location
** testing if installed package keeps a record of temporary installation path
* SHA256 sums
* creating tarball
packaged installation of ‘flowDensity’ as ‘flowDensity_1.46.0_R_x86_64-pc-linux-gnu.tar.gz’
* DONE (flowDensity)
* installing *binary* package ‘smoof’ ...
* package ‘smoof’ successfully unpacked and SHA256 sums checked
* ‘smoof’ was already a binary package and will not be rebuilt
* SHA256 sums
* creating tarball
packaged installation of ‘smoof’ as ‘smoof_1.7.0_R_x86_64-pc-linux-gnu.tar.gz’
* DONE (smoof)
* installing *binary* package ‘mlrMBO’ ...
* package ‘mlrMBO’ successfully unpacked and SHA256 sums checked
* ‘mlrMBO’ was already a binary package and will not be rebuilt
* SHA256 sums
* creating tarball
packaged installation of ‘mlrMBO’ as ‘mlrMBO_1.1.6_R_x86_64-pc-linux-gnu.tar.gz’
* DONE (mlrMBO)
* installing *source* package ‘ddPCRclust’ ...
** this is package ‘ddPCRclust’ version ‘1.32.0’
** using staged installation
** R
** inst
** byte-compile and prepare package for lazy loading
** help
*** installing help indices
** building package indices
** installing vignettes
** testing if installed package can be loaded from temporary location
** testing if installed package can be loaded from final location
** testing if installed package keeps a record of temporary installation path
* SHA256 sums
* creating tarball
packaged installation of ‘ddPCRclust’ as ‘ddPCRclust_1.32.0_R_x86_64-pc-linux-gnu.tar.gz’
* DONE (ddPCRclust)
* installing *source* package ‘Polytect’ ...
** this is package ‘Polytect’ version ‘1.4.0’
** using staged installation
** R
** data
** inst
** byte-compile and prepare package for lazy loading
** help
*** installing help indices
** building package indices
** installing vignettes
** testing if installed package can be loaded from temporary location
** testing if installed package can be loaded from final location
** testing if installed package keeps a record of temporary installation path
* SHA256 sums
* creating tarball
packaged installation of ‘Polytect’ as ‘Polytect_1.4.0_R_x86_64-pc-linux-gnu.tar.gz’
* DONE (Polytect)

The downloaded source packages are in
	‘/tmp/Rtmpn4uewb/downloaded_packages’
Old packages: 'httr2', 'pak', 'pkgdown', 'urlchecker', 'xfun', 'zip', 'MASS',
  'nlme', 'survival'

real	1m7.740s
user	0m42.971s
sys	0m10.870s
