+ Rscript -e 'Sys.setenv(BIOCONDUCTOR_USE_CONTAINER_REPOSITORY=FALSE);
  p <- .libPaths();
  p <- c('\''/tmp/library'\'', '\''/mnt/library'\'', p);
  .libPaths(p);
  if(BiocManager::install('\''BEclear'\'', INSTALL_opts = '\''--build'\'', update = TRUE, quiet = FALSE, dependencies=TRUE, force = TRUE, keep_outputs = TRUE) %in% rownames(installed.packages())) q(status = 0) else q(status = 1)'
'getOption("repos")' replaces Bioconductor standard repositories, see
'help("repositories", package = "BiocManager")' for details.
Replacement repositories:
    CRAN: https://p3m.dev/cran/__linux__/noble/latest
Bioconductor version 3.24 (BiocManager 1.30.27), R 4.6.1 (2026-06-24)
Installing package(s) 'BEclear'
also installing the dependencies ‘tuneR’, ‘dixonTest’, ‘seewave’

trying URL 'https://p3m.dev/cran/__linux__/noble/latest/src/contrib/tuneR_1.4.7.tar.gz'
trying URL 'https://p3m.dev/cran/__linux__/noble/latest/src/contrib/dixonTest_1.0.4.tar.gz'
trying URL 'https://p3m.dev/cran/__linux__/noble/latest/src/contrib/seewave_2.2.4.tar.gz'
trying URL 'https://bioconductor.org/packages/3.24/bioc/src/contrib/BEclear_2.29.1.tar.gz'
* installing *binary* package ‘tuneR’ ...
* package ‘tuneR’ successfully unpacked and SHA256 sums checked
* ‘tuneR’ was already a binary package and will not be rebuilt
* SHA256 sums
* creating tarball
packaged installation of ‘tuneR’ as ‘tuneR_1.4.7_R_x86_64-pc-linux-gnu.tar.gz’
* DONE (tuneR)
* installing *binary* package ‘dixonTest’ ...
* package ‘dixonTest’ successfully unpacked and SHA256 sums checked
* ‘dixonTest’ was already a binary package and will not be rebuilt
* SHA256 sums
* creating tarball
packaged installation of ‘dixonTest’ as ‘dixonTest_1.0.4_R_x86_64-pc-linux-gnu.tar.gz’
* DONE (dixonTest)
* installing *binary* package ‘seewave’ ...
* package ‘seewave’ successfully unpacked and SHA256 sums checked
* ‘seewave’ was already a binary package and will not be rebuilt
* SHA256 sums
* creating tarball
packaged installation of ‘seewave’ as ‘seewave_2.2.4_R_x86_64-pc-linux-gnu.tar.gz’
* DONE (seewave)
* installing *source* package ‘BEclear’ ...
** this is package ‘BEclear’ version ‘2.29.1’
** package ‘BEclear’ successfully unpacked and MD5 sums checked
** using staged installation
** libs
using C++ compiler: ‘g++ (Ubuntu 13.3.0-6ubuntu2~24.04.1) 13.3.0’
g++ -std=gnu++20 -I"/usr/local/lib/R/include" -DNDEBUG  -I'/usr/local/lib/R/site-library/Rcpp/include' -I/usr/local/include    -fpic  -g -O2 -fstack-protector-strong -Wformat -Werror=format-security -Wdate-time -D_FORTIFY_SOURCE=2 -g   -c RcppExports.cpp -o RcppExports.o
g++ -std=gnu++20 -I"/usr/local/lib/R/include" -DNDEBUG  -I'/usr/local/lib/R/site-library/Rcpp/include' -I/usr/local/include    -fpic  -g -O2 -fstack-protector-strong -Wformat -Werror=format-security -Wdate-time -D_FORTIFY_SOURCE=2 -g   -c localLoss.cpp -o localLoss.o
g++ -std=gnu++20 -shared -L/usr/local/lib/R/lib -L/usr/local/lib -o BEclear.so RcppExports.o localLoss.o -L/usr/local/lib/R/lib -lR
installing to /tmp/library/00LOCK-BEclear/00new/BEclear/libs
** R
** data
** inst
** byte-compile and prepare package for lazy loading
** help
*** installing help indices
** building package indices
** installing vignettes
** testing if installed package can be loaded from temporary location
** checking absolute paths in shared objects and dynamic libraries
** testing if installed package can be loaded from final location
** testing if installed package keeps a record of temporary installation path
* SHA256 sums
* creating tarball
packaged installation of ‘BEclear’ as ‘BEclear_2.29.1_R_x86_64-pc-linux-gnu.tar.gz’
* DONE (BEclear)

The downloaded source packages are in
	‘/tmp/Rtmp0V061Z/downloaded_packages’
Old packages: 'diffobj'

real	0m20.642s
user	0m15.761s
sys	0m4.706s
