+ Rscript -e 'Sys.setenv(BIOCONDUCTOR_USE_CONTAINER_REPOSITORY=FALSE);
  p <- .libPaths();
  p <- c('\''/tmp/library'\'', '\''/mnt/library'\'', p);
  .libPaths(p);
  if(BiocManager::install('\''CAGEr'\'', INSTALL_opts = '\''--build'\'', update = TRUE, quiet = FALSE, dependencies=TRUE, force = TRUE, keep_outputs = TRUE) %in% rownames(installed.packages())) q(status = 0) else q(status = 1)'
'getOption("repos")' replaces Bioconductor standard repositories, see
'help("repositories", package = "BiocManager")' for details.
Replacement repositories:
    CRAN: https://p3m.dev/cran/__linux__/noble/latest
Bioconductor version 3.23 (BiocManager 1.30.27), R 4.6.1 (2026-06-24)
Installing package(s) 'CAGEr'
also installing the dependency ‘FANTOM3and4CAGE’

trying URL 'https://bioconductor.org/packages/3.23/data/experiment/src/contrib/FANTOM3and4CAGE_1.48.0.tar.gz'
trying URL 'https://bioconductor.org/packages/3.23/bioc/src/contrib/CAGEr_2.18.0.tar.gz'
* installing *source* package ‘FANTOM3and4CAGE’ ...
** this is package ‘FANTOM3and4CAGE’ version ‘1.48.0’
** using staged installation
** data
** inst
** help
*** installing help indices
** building package indices
** installing vignettes
** testing if installed package can be loaded from temporary location
** testing if installed package can be loaded from final location
** testing if installed package keeps a record of temporary installation path
* SHA256 sums
* creating tarball
packaged installation of ‘FANTOM3and4CAGE’ as ‘FANTOM3and4CAGE_1.48.0_R_x86_64-pc-linux-gnu.tar.gz’
* DONE (FANTOM3and4CAGE)
* installing *source* package ‘CAGEr’ ...
** this is package ‘CAGEr’ version ‘2.18.0’
** using staged installation
** R
** data
*** moving datasets to lazyload DB
** inst
** byte-compile and prepare package for lazy loading
** help
*** installing help indices
** building package indices
** installing vignettes
** testing if installed package can be loaded from temporary location
** testing if installed package can be loaded from final location
** testing if installed package keeps a record of temporary installation path
* SHA256 sums
* creating tarball
packaged installation of ‘CAGEr’ as ‘CAGEr_2.18.0_R_x86_64-pc-linux-gnu.tar.gz’
* DONE (CAGEr)

The downloaded source packages are in
	‘/tmp/RtmptOi42y/downloaded_packages’
Old packages: 'diffobj', 'httr2', 'pak', 'pkgdown', 'urlchecker', 'xfun',
  'zip', 'MASS', 'nlme', 'survival'

real	1m32.151s
user	1m13.576s
sys	0m10.406s
