+ Rscript -e 'Sys.setenv(BIOCONDUCTOR_USE_CONTAINER_REPOSITORY=FALSE);
  p <- .libPaths();
  p <- c('\''/tmp/library'\'', '\''/mnt/library'\'', p);
  .libPaths(p);
  if(BiocManager::install('\''ClusterSignificance'\'', INSTALL_opts = '\''--build'\'', update = TRUE, quiet = FALSE, dependencies=TRUE, force = TRUE, keep_outputs = TRUE) %in% rownames(installed.packages())) q(status = 0) else q(status = 1)'
'getOption("repos")' replaces Bioconductor standard repositories, see
'help("repositories", package = "BiocManager")' for details.
Replacement repositories:
    CRAN: https://p3m.dev/cran/__linux__/noble/latest
Bioconductor version 3.23 (BiocManager 1.30.27), R 4.6.1 (2026-06-24)
Installing package(s) 'ClusterSignificance'
also installing the dependencies ‘dotCall64’, ‘farver’, ‘labeling’, ‘viridisLite’, ‘stringr’, ‘spam’, ‘maps’, ‘gtable’, ‘isoband’, ‘S7’, ‘scales’, ‘reshape2’, ‘plyr’, ‘fields’, ‘RhpcBLASctl’, ‘rex’, ‘httr’, ‘pracma’, ‘princurve’, ‘scatterplot3d’, ‘RColorBrewer’, ‘ggplot2’, ‘plsgenomics’, ‘covr’

trying URL 'https://p3m.dev/cran/__linux__/noble/latest/src/contrib/dotCall64_1.2.tar.gz'
trying URL 'https://p3m.dev/cran/__linux__/noble/latest/src/contrib/farver_2.1.2.tar.gz'
trying URL 'https://p3m.dev/cran/__linux__/noble/latest/src/contrib/labeling_0.4.3.tar.gz'
trying URL 'https://p3m.dev/cran/__linux__/noble/latest/src/contrib/viridisLite_0.4.3.tar.gz'
trying URL 'https://p3m.dev/cran/__linux__/noble/latest/src/contrib/stringr_1.6.0.tar.gz'
trying URL 'https://p3m.dev/cran/__linux__/noble/latest/src/contrib/spam_2.11-4.tar.gz'
trying URL 'https://p3m.dev/cran/__linux__/noble/latest/src/contrib/maps_3.4.3.tar.gz'
trying URL 'https://p3m.dev/cran/__linux__/noble/latest/src/contrib/gtable_0.3.6.tar.gz'
trying URL 'https://p3m.dev/cran/__linux__/noble/latest/src/contrib/isoband_0.3.0.tar.gz'
trying URL 'https://p3m.dev/cran/__linux__/noble/latest/src/contrib/S7_0.2.2.tar.gz'
trying URL 'https://p3m.dev/cran/__linux__/noble/latest/src/contrib/scales_1.4.0.tar.gz'
trying URL 'https://p3m.dev/cran/__linux__/noble/latest/src/contrib/reshape2_1.4.5.tar.gz'
trying URL 'https://p3m.dev/cran/__linux__/noble/latest/src/contrib/plyr_1.8.9.tar.gz'
trying URL 'https://p3m.dev/cran/__linux__/noble/latest/src/contrib/fields_17.3.tar.gz'
trying URL 'https://p3m.dev/cran/__linux__/noble/latest/src/contrib/RhpcBLASctl_0.23-42.tar.gz'
trying URL 'https://p3m.dev/cran/__linux__/noble/latest/src/contrib/rex_1.2.2.tar.gz'
trying URL 'https://p3m.dev/cran/__linux__/noble/latest/src/contrib/httr_1.4.8.tar.gz'
trying URL 'https://p3m.dev/cran/__linux__/noble/latest/src/contrib/pracma_2.4.6.tar.gz'
trying URL 'https://p3m.dev/cran/__linux__/noble/latest/src/contrib/princurve_2.1.6.tar.gz'
trying URL 'https://p3m.dev/cran/__linux__/noble/latest/src/contrib/scatterplot3d_0.3-45.tar.gz'
trying URL 'https://p3m.dev/cran/__linux__/noble/latest/src/contrib/RColorBrewer_1.1-3.tar.gz'
trying URL 'https://p3m.dev/cran/__linux__/noble/latest/src/contrib/ggplot2_4.0.3.tar.gz'
trying URL 'https://p3m.dev/cran/__linux__/noble/latest/src/contrib/plsgenomics_1.5-3.tar.gz'
trying URL 'https://p3m.dev/cran/__linux__/noble/latest/src/contrib/covr_3.6.5.tar.gz'
trying URL 'https://bioconductor.org/packages/3.23/bioc/src/contrib/ClusterSignificance_1.40.0.tar.gz'
* installing *binary* package ‘dotCall64’ ...
* package ‘dotCall64’ successfully unpacked and SHA256 sums checked
* ‘dotCall64’ was already a binary package and will not be rebuilt
* SHA256 sums
* creating tarball
packaged installation of ‘dotCall64’ as ‘dotCall64_1.2_R_x86_64-pc-linux-gnu.tar.gz’
* DONE (dotCall64)
* installing *binary* package ‘farver’ ...
* package ‘farver’ successfully unpacked and SHA256 sums checked
* ‘farver’ was already a binary package and will not be rebuilt
* SHA256 sums
* creating tarball
packaged installation of ‘farver’ as ‘farver_2.1.2_R_x86_64-pc-linux-gnu.tar.gz’
* DONE (farver)
* installing *binary* package ‘labeling’ ...
* package ‘labeling’ successfully unpacked and SHA256 sums checked
* ‘labeling’ was already a binary package and will not be rebuilt
* SHA256 sums
* creating tarball
packaged installation of ‘labeling’ as ‘labeling_0.4.3_R_x86_64-pc-linux-gnu.tar.gz’
* DONE (labeling)
* installing *binary* package ‘viridisLite’ ...
* package ‘viridisLite’ successfully unpacked and SHA256 sums checked
* ‘viridisLite’ was already a binary package and will not be rebuilt
* SHA256 sums
* creating tarball
packaged installation of ‘viridisLite’ as ‘viridisLite_0.4.3_R_x86_64-pc-linux-gnu.tar.gz’
* DONE (viridisLite)
* installing *binary* package ‘stringr’ ...
* package ‘stringr’ successfully unpacked and SHA256 sums checked
* ‘stringr’ was already a binary package and will not be rebuilt
* SHA256 sums
* creating tarball
packaged installation of ‘stringr’ as ‘stringr_1.6.0_R_x86_64-pc-linux-gnu.tar.gz’
* DONE (stringr)
* installing *binary* package ‘maps’ ...
* package ‘maps’ successfully unpacked and SHA256 sums checked
* ‘maps’ was already a binary package and will not be rebuilt
* SHA256 sums
* creating tarball
packaged installation of ‘maps’ as ‘maps_3.4.3_R_x86_64-pc-linux-gnu.tar.gz’
* DONE (maps)
* installing *binary* package ‘gtable’ ...
* package ‘gtable’ successfully unpacked and SHA256 sums checked
* ‘gtable’ was already a binary package and will not be rebuilt
* SHA256 sums
* creating tarball
packaged installation of ‘gtable’ as ‘gtable_0.3.6_R_x86_64-pc-linux-gnu.tar.gz’
* DONE (gtable)
* installing *binary* package ‘isoband’ ...
* package ‘isoband’ successfully unpacked and SHA256 sums checked
* ‘isoband’ was already a binary package and will not be rebuilt
* SHA256 sums
* creating tarball
packaged installation of ‘isoband’ as ‘isoband_0.3.0_R_x86_64-pc-linux-gnu.tar.gz’
* DONE (isoband)
* installing *binary* package ‘S7’ ...
* package ‘S7’ successfully unpacked and SHA256 sums checked
* ‘S7’ was already a binary package and will not be rebuilt
* SHA256 sums
* creating tarball
packaged installation of ‘S7’ as ‘S7_0.2.2_R_x86_64-pc-linux-gnu.tar.gz’
* DONE (S7)
* installing *binary* package ‘plyr’ ...
* package ‘plyr’ successfully unpacked and SHA256 sums checked
* ‘plyr’ was already a binary package and will not be rebuilt
* SHA256 sums
* creating tarball
packaged installation of ‘plyr’ as ‘plyr_1.8.9_R_x86_64-pc-linux-gnu.tar.gz’
* DONE (plyr)
* installing *binary* package ‘RhpcBLASctl’ ...
* package ‘RhpcBLASctl’ successfully unpacked and SHA256 sums checked
* ‘RhpcBLASctl’ was already a binary package and will not be rebuilt
* SHA256 sums
* creating tarball
packaged installation of ‘RhpcBLASctl’ as ‘RhpcBLASctl_0.23-42_R_x86_64-pc-linux-gnu.tar.gz’
* DONE (RhpcBLASctl)
* installing *binary* package ‘rex’ ...
* package ‘rex’ successfully unpacked and SHA256 sums checked
* ‘rex’ was already a binary package and will not be rebuilt
* SHA256 sums
* creating tarball
packaged installation of ‘rex’ as ‘rex_1.2.2_R_x86_64-pc-linux-gnu.tar.gz’
* DONE (rex)
* installing *binary* package ‘httr’ ...
* package ‘httr’ successfully unpacked and SHA256 sums checked
* ‘httr’ was already a binary package and will not be rebuilt
* SHA256 sums
* creating tarball
packaged installation of ‘httr’ as ‘httr_1.4.8_R_x86_64-pc-linux-gnu.tar.gz’
* DONE (httr)
* installing *binary* package ‘pracma’ ...
* package ‘pracma’ successfully unpacked and SHA256 sums checked
* ‘pracma’ was already a binary package and will not be rebuilt
* SHA256 sums
* creating tarball
packaged installation of ‘pracma’ as ‘pracma_2.4.6_R_x86_64-pc-linux-gnu.tar.gz’
* DONE (pracma)
* installing *binary* package ‘princurve’ ...
* package ‘princurve’ successfully unpacked and SHA256 sums checked
* ‘princurve’ was already a binary package and will not be rebuilt
* SHA256 sums
* creating tarball
packaged installation of ‘princurve’ as ‘princurve_2.1.6_R_x86_64-pc-linux-gnu.tar.gz’
* DONE (princurve)
* installing *binary* package ‘scatterplot3d’ ...
* package ‘scatterplot3d’ successfully unpacked and SHA256 sums checked
* ‘scatterplot3d’ was already a binary package and will not be rebuilt
* SHA256 sums
* creating tarball
packaged installation of ‘scatterplot3d’ as ‘scatterplot3d_0.3-45_R_x86_64-pc-linux-gnu.tar.gz’
* DONE (scatterplot3d)
* installing *binary* package ‘RColorBrewer’ ...
* package ‘RColorBrewer’ successfully unpacked and SHA256 sums checked
* ‘RColorBrewer’ was already a binary package and will not be rebuilt
* SHA256 sums
* creating tarball
packaged installation of ‘RColorBrewer’ as ‘RColorBrewer_1.1-3_R_x86_64-pc-linux-gnu.tar.gz’
* DONE (RColorBrewer)
* installing *binary* package ‘spam’ ...
* package ‘spam’ successfully unpacked and SHA256 sums checked
* ‘spam’ was already a binary package and will not be rebuilt
* SHA256 sums
* creating tarball
packaged installation of ‘spam’ as ‘spam_2.11-4_R_x86_64-pc-linux-gnu.tar.gz’
* DONE (spam)
* installing *binary* package ‘scales’ ...
* package ‘scales’ successfully unpacked and SHA256 sums checked
* ‘scales’ was already a binary package and will not be rebuilt
* SHA256 sums
* creating tarball
packaged installation of ‘scales’ as ‘scales_1.4.0_R_x86_64-pc-linux-gnu.tar.gz’
* DONE (scales)
* installing *binary* package ‘reshape2’ ...
* package ‘reshape2’ successfully unpacked and SHA256 sums checked
* ‘reshape2’ was already a binary package and will not be rebuilt
* SHA256 sums
* creating tarball
packaged installation of ‘reshape2’ as ‘reshape2_1.4.5_R_x86_64-pc-linux-gnu.tar.gz’
* DONE (reshape2)
* installing *binary* package ‘covr’ ...
* package ‘covr’ successfully unpacked and SHA256 sums checked
* ‘covr’ was already a binary package and will not be rebuilt
* SHA256 sums
* creating tarball
packaged installation of ‘covr’ as ‘covr_3.6.5_R_x86_64-pc-linux-gnu.tar.gz’
* DONE (covr)
* installing *source* package ‘ClusterSignificance’ ...
** this is package ‘ClusterSignificance’ version ‘1.40.0’
** using staged installation
Found the following possibly unsafe calls:
  0 - 2 - 5778 - 7014
  0 - 2 - 5778
  0 - 2
Please only use calls to ‘person’, ‘as.person’, ‘c’, ‘list’, ‘paste’, ‘paste0’.
Warning in .canonicalize(comment) :
  Arguments of person() should be character or NULL
** R
** data
*** moving datasets to lazyload DB
** inst
** byte-compile and prepare package for lazy loading
** help
*** installing help indices
*** copying figures
** building package indices
** installing vignettes
** testing if installed package can be loaded from temporary location
** testing if installed package can be loaded from final location
** testing if installed package keeps a record of temporary installation path
* SHA256 sums
* creating tarball
packaged installation of ‘ClusterSignificance’ as ‘ClusterSignificance_1.40.0_R_x86_64-pc-linux-gnu.tar.gz’
* DONE (ClusterSignificance)
* installing *binary* package ‘fields’ ...
* package ‘fields’ successfully unpacked and SHA256 sums checked
* ‘fields’ was already a binary package and will not be rebuilt
* SHA256 sums
* creating tarball
packaged installation of ‘fields’ as ‘fields_17.3_R_x86_64-pc-linux-gnu.tar.gz’
* DONE (fields)
* installing *binary* package ‘ggplot2’ ...
* package ‘ggplot2’ successfully unpacked and SHA256 sums checked
* ‘ggplot2’ was already a binary package and will not be rebuilt
* SHA256 sums
* creating tarball
packaged installation of ‘ggplot2’ as ‘ggplot2_4.0.3_R_x86_64-pc-linux-gnu.tar.gz’
* DONE (ggplot2)
* installing *binary* package ‘plsgenomics’ ...
* package ‘plsgenomics’ successfully unpacked and SHA256 sums checked
* ‘plsgenomics’ was already a binary package and will not be rebuilt
* SHA256 sums
* creating tarball
packaged installation of ‘plsgenomics’ as ‘plsgenomics_1.5-3_R_x86_64-pc-linux-gnu.tar.gz’
* DONE (plsgenomics)

The downloaded source packages are in
	‘/tmp/RtmpbhYerb/downloaded_packages’
Old packages: 'httr2', 'pak', 'pkgdown', 'urlchecker', 'xfun', 'zip', 'MASS',
  'nlme', 'survival'

real	0m20.071s
user	0m14.038s
sys	0m7.409s
