+ Rscript -e 'Sys.setenv(BIOCONDUCTOR_USE_CONTAINER_REPOSITORY=FALSE);
  p <- .libPaths();
  p <- c('\''/tmp/library'\'', '\''/mnt/library'\'', p);
  .libPaths(p);
  if(BiocManager::install('\''mariner'\'', INSTALL_opts = '\''--build'\'', update = TRUE, quiet = FALSE, dependencies=TRUE, force = TRUE, keep_outputs = TRUE) %in% rownames(installed.packages())) q(status = 0) else q(status = 1)'
'getOption("repos")' replaces Bioconductor standard repositories, see
'help("repositories", package = "BiocManager")' for details.
Replacement repositories:
    CRAN: https://p3m.dev/cran/__linux__/noble/latest
Bioconductor version 3.23 (BiocManager 1.30.27), R 4.6.1 (2026-06-24)
Installing package(s) 'mariner'
also installing the dependency ‘marinerData’

trying URL 'https://bioconductor.org/packages/3.23/data/experiment/src/contrib/marinerData_1.12.0.tar.gz'
trying URL 'https://bioconductor.org/packages/3.23/bioc/src/contrib/mariner_1.12.0.tar.gz'
* installing *source* package ‘marinerData’ ...
** this is package ‘marinerData’ version ‘1.12.0’
** using staged installation
** R
** inst
** byte-compile and prepare package for lazy loading
** help
*** installing help indices
** building package indices
** installing vignettes
** testing if installed package can be loaded from temporary location
** testing if installed package can be loaded from final location
** testing if installed package keeps a record of temporary installation path
* SHA256 sums
* creating tarball
packaged installation of ‘marinerData’ as ‘marinerData_1.12.0_R_x86_64-pc-linux-gnu.tar.gz’
* DONE (marinerData)
* installing *source* package ‘mariner’ ...
** this is package ‘mariner’ version ‘1.12.0’
** using staged installation
** R
** inst
** byte-compile and prepare package for lazy loading
** help
*** installing help indices
*** copying figures
** building package indices
** installing vignettes
** testing if installed package can be loaded from temporary location
** testing if installed package can be loaded from final location
** testing if installed package keeps a record of temporary installation path
* SHA256 sums
* creating tarball
packaged installation of ‘mariner’ as ‘mariner_1.12.0_R_x86_64-pc-linux-gnu.tar.gz’
* DONE (mariner)

The downloaded source packages are in
	‘/tmp/Rtmpus3xE0/downloaded_packages’
Old packages: 'httr2', 'pak', 'pkgdown', 'urlchecker', 'xfun', 'zip', 'MASS',
  'nlme', 'survival'

real	1m11.536s
user	0m57.094s
sys	0m6.987s
