+ Rscript -e 'Sys.setenv(BIOCONDUCTOR_USE_CONTAINER_REPOSITORY=FALSE);
  p <- .libPaths();
  p <- c('\''/tmp/library'\'', '\''/mnt/library'\'', p);
  .libPaths(p);
  if(BiocManager::install('\''covEB'\'', INSTALL_opts = '\''--build'\'', update = TRUE, quiet = FALSE, dependencies=TRUE, force = TRUE, keep_outputs = TRUE) %in% rownames(installed.packages())) q(status = 0) else q(status = 1)'
'getOption("repos")' replaces Bioconductor standard repositories, see
'help("repositories", package = "BiocManager")' for details.
Replacement repositories:
    CRAN: https://p3m.dev/cran/__linux__/noble/latest
Bioconductor version 3.23 (BiocManager 1.30.27), R 4.6.1 (2026-06-24)
Installing package(s) 'covEB'
also installing the dependency ‘curatedBladderData’

trying URL 'https://bioconductor.org/packages/3.23/data/experiment/src/contrib/curatedBladderData_1.48.0.tar.gz'
trying URL 'https://bioconductor.org/packages/3.23/bioc/src/contrib/covEB_1.38.0.tar.gz'
* installing *source* package ‘curatedBladderData’ ...
** this is package ‘curatedBladderData’ version ‘1.48.0’
** using staged installation
** data
** inst
** help
*** installing help indices
** building package indices
** installing vignettes
** testing if installed package can be loaded from temporary location
** testing if installed package can be loaded from final location
** testing if installed package keeps a record of temporary installation path
* SHA256 sums
* creating tarball
packaged installation of ‘curatedBladderData’ as ‘curatedBladderData_1.48.0_R_x86_64-pc-linux-gnu.tar.gz’
* DONE (curatedBladderData)
* installing *source* package ‘covEB’ ...
** this is package ‘covEB’ version ‘1.38.0’
** using staged installation
** R
** inst
** byte-compile and prepare package for lazy loading
** help
*** installing help indices
** building package indices
** installing vignettes
** testing if installed package can be loaded from temporary location
** testing if installed package can be loaded from final location
** testing if installed package keeps a record of temporary installation path
* SHA256 sums
* creating tarball
packaged installation of ‘covEB’ as ‘covEB_1.38.0_R_x86_64-pc-linux-gnu.tar.gz’
* DONE (covEB)

The downloaded source packages are in
	‘/tmp/RtmpbZxV8B/downloaded_packages’
Old packages: 'httr2', 'pak', 'pkgdown', 'urlchecker', 'xfun', 'zip', 'MASS',
  'nlme', 'survival'

real	0m25.366s
user	0m17.557s
sys	0m4.687s
