+ Rscript -e 'Sys.setenv(BIOCONDUCTOR_USE_CONTAINER_REPOSITORY=FALSE);
  p <- .libPaths();
  p <- c('\''/tmp/library'\'', '\''/mnt/library'\'', p);
  .libPaths(p);
  if(BiocManager::install('\''regsplice'\'', INSTALL_opts = '\''--build'\'', update = TRUE, quiet = FALSE, dependencies=TRUE, force = TRUE, keep_outputs = TRUE) %in% rownames(installed.packages())) q(status = 0) else q(status = 1)'
'getOption("repos")' replaces Bioconductor standard repositories, see
'help("repositories", package = "BiocManager")' for details.
Replacement repositories:
    CRAN: https://p3m.dev/cran/__linux__/noble/latest
Bioconductor version 3.23 (BiocManager 1.30.27), R 4.6.1 (2026-06-24)
Installing package(s) 'regsplice'
trying URL 'https://bioconductor.org/packages/3.23/bioc/src/contrib/regsplice_1.38.1.tar.gz'
Content type 'application/x-gzip' length 293880 bytes (286 KB)
==================================================
downloaded 286 KB

* installing *source* package ‘regsplice’ ...
** this is package ‘regsplice’ version ‘1.38.1’
** using staged installation
** R
** inst
** byte-compile and prepare package for lazy loading
** help
*** installing help indices
** building package indices
** installing vignettes
** testing if installed package can be loaded from temporary location
** testing if installed package can be loaded from final location
** testing if installed package keeps a record of temporary installation path
* SHA256 sums
* creating tarball
packaged installation of ‘regsplice’ as ‘regsplice_1.38.1_R_x86_64-pc-linux-gnu.tar.gz’
* DONE (regsplice)

The downloaded source packages are in
	‘/tmp/Rtmpfqg3I5/downloaded_packages’
Old packages: 'diffobj', 'httr2', 'pak', 'pkgdown', 'urlchecker', 'xfun',
  'zip', 'MASS', 'nlme', 'survival'

real	0m33.474s
user	0m24.666s
sys	0m4.980s
