+ Rscript -e 'Sys.setenv(BIOCONDUCTOR_USE_CONTAINER_REPOSITORY=FALSE);
  p <- .libPaths();
  p <- c('\''/tmp/library'\'', '\''/mnt/library'\'', p);
  .libPaths(p);
  if(BiocManager::install('\''ontoProc'\'', INSTALL_opts = '\''--build'\'', update = TRUE, quiet = FALSE, dependencies=TRUE, force = TRUE, keep_outputs = TRUE) %in% rownames(installed.packages())) q(status = 0) else q(status = 1)'
'getOption("repos")' replaces Bioconductor standard repositories, see
'help("repositories", package = "BiocManager")' for details.
Replacement repositories:
    CRAN: https://p3m.dev/cran/__linux__/noble/latest
Bioconductor version 3.23 (BiocManager 1.30.27), R 4.6.1 (2026-06-24)
Installing package(s) 'ontoProc'
also installing the dependencies ‘paintmap’, ‘ontologyPlot’, ‘ellmer’

trying URL 'https://p3m.dev/cran/__linux__/noble/latest/src/contrib/paintmap_1.0.tar.gz'
trying URL 'https://p3m.dev/cran/__linux__/noble/latest/src/contrib/ontologyPlot_1.7.tar.gz'
trying URL 'https://p3m.dev/cran/__linux__/noble/latest/src/contrib/ellmer_0.4.2.tar.gz'
trying URL 'https://bioconductor.org/packages/3.23/bioc/src/contrib/ontoProc_2.6.0.tar.gz'
* installing *binary* package ‘paintmap’ ...
* package ‘paintmap’ successfully unpacked and SHA256 sums checked
* ‘paintmap’ was already a binary package and will not be rebuilt
* SHA256 sums
* creating tarball
packaged installation of ‘paintmap’ as ‘paintmap_1.0_R_x86_64-pc-linux-gnu.tar.gz’
* DONE (paintmap)
* installing *binary* package ‘ellmer’ ...
* package ‘ellmer’ successfully unpacked and SHA256 sums checked
* ‘ellmer’ was already a binary package and will not be rebuilt
* SHA256 sums
* creating tarball
packaged installation of ‘ellmer’ as ‘ellmer_0.4.2_R_x86_64-pc-linux-gnu.tar.gz’
* DONE (ellmer)
* installing *binary* package ‘ontologyPlot’ ...
* package ‘ontologyPlot’ successfully unpacked and SHA256 sums checked
* ‘ontologyPlot’ was already a binary package and will not be rebuilt
* SHA256 sums
* creating tarball
packaged installation of ‘ontologyPlot’ as ‘ontologyPlot_1.7_R_x86_64-pc-linux-gnu.tar.gz’
* DONE (ontologyPlot)
* installing *source* package ‘ontoProc’ ...
** this is package ‘ontoProc’ version ‘2.6.0’
** using staged installation
** R
** data
** inst
** byte-compile and prepare package for lazy loading
** help
*** installing help indices
** building package indices
** installing vignettes
** testing if installed package can be loaded from temporary location
** testing if installed package can be loaded from final location
** testing if installed package keeps a record of temporary installation path
* SHA256 sums
* creating tarball
packaged installation of ‘ontoProc’ as ‘ontoProc_2.6.0_R_x86_64-pc-linux-gnu.tar.gz’
* DONE (ontoProc)

The downloaded source packages are in
	‘/tmp/RtmpUGVvlo/downloaded_packages’
Old packages: 'httr2', 'pak', 'pkgdown', 'urlchecker', 'xfun', 'zip', 'MASS',
  'nlme', 'survival'

real	0m43.958s
user	0m34.321s
sys	0m5.164s
