+ Rscript -e 'Sys.setenv(BIOCONDUCTOR_USE_CONTAINER_REPOSITORY=FALSE);
  p <- .libPaths();
  p <- c('\''/tmp/library'\'', '\''/mnt/library'\'', p);
  .libPaths(p);
  if(BiocManager::install('\''RSVSim'\'', INSTALL_opts = '\''--build'\'', update = TRUE, quiet = FALSE, dependencies=TRUE, force = TRUE, keep_outputs = TRUE) %in% rownames(installed.packages())) q(status = 0) else q(status = 1)'
'getOption("repos")' replaces Bioconductor standard repositories, see
'help("repositories", package = "BiocManager")' for details.
Replacement repositories:
    CRAN: https://p3m.dev/cran/__linux__/noble/latest
Bioconductor version 3.24 (BiocManager 1.30.27), R 4.6.1 (2026-06-24)
Installing package(s) 'RSVSim'
also installing the dependency ‘BSgenome.Hsapiens.UCSC.hg19.masked’

trying URL 'https://bioconductor.org/packages/3.24/data/annotation/src/contrib/BSgenome.Hsapiens.UCSC.hg19.masked_1.3.993.tar.gz'
trying URL 'https://bioconductor.org/packages/3.24/bioc/src/contrib/RSVSim_1.53.0.tar.gz'
* installing *source* package ‘BSgenome.Hsapiens.UCSC.hg19.masked’ ...
** this is package ‘BSgenome.Hsapiens.UCSC.hg19.masked’ version ‘1.3.993’
** using staged installation
** R
** inst
** byte-compile and prepare package for lazy loading
** help
*** installing help indices
** building package indices
** testing if installed package can be loaded from temporary location
** testing if installed package can be loaded from final location
** testing if installed package keeps a record of temporary installation path
* SHA256 sums
* creating tarball
packaged installation of ‘BSgenome.Hsapiens.UCSC.hg19.masked’ as ‘BSgenome.Hsapiens.UCSC.hg19.masked_1.3.993_R_x86_64-pc-linux-gnu.tar.gz’
* DONE (BSgenome.Hsapiens.UCSC.hg19.masked)
* installing *source* package ‘RSVSim’ ...
** this is package ‘RSVSim’ version ‘1.53.0’
** package ‘RSVSim’ successfully unpacked and MD5 sums checked
** using staged installation
** R
** data
** inst
** byte-compile and prepare package for lazy loading
** help
*** installing help indices
** building package indices
** installing vignettes
** testing if installed package can be loaded from temporary location
** testing if installed package can be loaded from final location
** testing if installed package keeps a record of temporary installation path
* SHA256 sums
* creating tarball
packaged installation of ‘RSVSim’ as ‘RSVSim_1.53.0_R_x86_64-pc-linux-gnu.tar.gz’
* DONE (RSVSim)

The downloaded source packages are in
	‘/tmp/RtmpmCwNRV/downloaded_packages’

real	1m16.448s
user	1m0.888s
sys	0m8.241s
