+ Rscript -e 'Sys.setenv(BIOCONDUCTOR_USE_CONTAINER_REPOSITORY=FALSE);
  p <- .libPaths();
  p <- c('\''/tmp/library'\'', '\''/mnt/library'\'', p);
  .libPaths(p);
  if(BiocManager::install('\''segmenter'\'', INSTALL_opts = '\''--build'\'', update = TRUE, quiet = FALSE, dependencies=TRUE, force = TRUE, keep_outputs = TRUE) %in% rownames(installed.packages())) q(status = 0) else q(status = 1)'
'getOption("repos")' replaces Bioconductor standard repositories, see
'help("repositories", package = "BiocManager")' for details.
Replacement repositories:
    CRAN: https://p3m.dev/cran/__linux__/noble/latest
Bioconductor version 3.23 (BiocManager 1.30.27), R 4.6.1 (2026-06-24)
Installing package(s) 'segmenter'
also installing the dependency ‘chromhmmData’

trying URL 'https://bioconductor.org/packages/3.23/data/annotation/src/contrib/chromhmmData_0.99.2.tar.gz'
trying URL 'https://bioconductor.org/packages/3.23/bioc/src/contrib/segmenter_1.18.0.tar.gz'
* installing *source* package ‘chromhmmData’ ...
** this is package ‘chromhmmData’ version ‘0.99.2’
** using staged installation
** inst
** help
No man pages found in package  ‘chromhmmData’ 
*** installing help indices
** building package indices
** installing vignettes
** testing if installed package can be loaded from temporary location
** testing if installed package can be loaded from final location
** testing if installed package keeps a record of temporary installation path
* SHA256 sums
* creating tarball
packaged installation of ‘chromhmmData’ as ‘chromhmmData_0.99.2_R_x86_64-pc-linux-gnu.tar.gz’
* DONE (chromhmmData)
* installing *source* package ‘segmenter’ ...
** this is package ‘segmenter’ version ‘1.18.0’
** using staged installation
** R
** data
*** moving datasets to lazyload DB
** inst
** byte-compile and prepare package for lazy loading
** help
*** installing help indices
** building package indices
** installing vignettes
** testing if installed package can be loaded from temporary location
** testing if installed package can be loaded from final location
** testing if installed package keeps a record of temporary installation path
* SHA256 sums
* creating tarball
packaged installation of ‘segmenter’ as ‘segmenter_1.18.0_R_x86_64-pc-linux-gnu.tar.gz’
* DONE (segmenter)

The downloaded source packages are in
	‘/tmp/Rtmpyt7Phg/downloaded_packages’
Old packages: 'diffobj', 'httr2', 'pak', 'pkgdown', 'urlchecker', 'xfun',
  'zip', 'MASS', 'nlme', 'survival'

real	0m56.294s
user	0m46.381s
sys	0m6.520s
