+ Rscript -e 'Sys.setenv(BIOCONDUCTOR_USE_CONTAINER_REPOSITORY=FALSE);
  p <- .libPaths();
  p <- c('\''/tmp/library'\'', '\''/mnt/library'\'', p);
  .libPaths(p);
  if(BiocManager::install('\''NetSAM'\'', INSTALL_opts = '\''--build'\'', update = TRUE, quiet = FALSE, dependencies=TRUE, force = TRUE, keep_outputs = TRUE) %in% rownames(installed.packages())) q(status = 0) else q(status = 1)'
'getOption("repos")' replaces Bioconductor standard repositories, see
'help("repositories", package = "BiocManager")' for details.
Replacement repositories:
    CRAN: https://p3m.dev/cran/__linux__/noble/latest
Bioconductor version 3.23 (BiocManager 1.30.27), R 4.6.1 (2026-06-24)
Installing package(s) 'NetSAM'
also installing the dependencies ‘org.Dr.eg.db’, ‘org.Ce.eg.db’, ‘org.Cf.eg.db’

trying URL 'https://bioconductor.org/packages/3.23/data/annotation/src/contrib/org.Dr.eg.db_3.22.0.tar.gz'
trying URL 'https://bioconductor.org/packages/3.23/data/annotation/src/contrib/org.Ce.eg.db_3.22.0.tar.gz'
trying URL 'https://bioconductor.org/packages/3.23/data/annotation/src/contrib/org.Cf.eg.db_3.22.0.tar.gz'
trying URL 'https://bioconductor.org/packages/3.23/bioc/src/contrib/NetSAM_1.52.0.tar.gz'
* installing *source* package ‘org.Dr.eg.db’ ...
** this is package ‘org.Dr.eg.db’ version ‘3.22.0’
** using staged installation
** R
** inst
** byte-compile and prepare package for lazy loading
** help
*** installing help indices
** building package indices
** testing if installed package can be loaded from temporary location
** testing if installed package can be loaded from final location
** testing if installed package keeps a record of temporary installation path
* SHA256 sums
* creating tarball
packaged installation of ‘org.Dr.eg.db’ as ‘org.Dr.eg.db_3.22.0_R_x86_64-pc-linux-gnu.tar.gz’
* DONE (org.Dr.eg.db)
* installing *source* package ‘org.Ce.eg.db’ ...
** this is package ‘org.Ce.eg.db’ version ‘3.22.0’
** using staged installation
** R
** inst
** byte-compile and prepare package for lazy loading
** help
*** installing help indices
** building package indices
** testing if installed package can be loaded from temporary location
** testing if installed package can be loaded from final location
** testing if installed package keeps a record of temporary installation path
* SHA256 sums
* creating tarball
packaged installation of ‘org.Ce.eg.db’ as ‘org.Ce.eg.db_3.22.0_R_x86_64-pc-linux-gnu.tar.gz’
* DONE (org.Ce.eg.db)
* installing *source* package ‘org.Cf.eg.db’ ...
** this is package ‘org.Cf.eg.db’ version ‘3.22.0’
** using staged installation
** R
** inst
** byte-compile and prepare package for lazy loading
** help
*** installing help indices
** building package indices
** testing if installed package can be loaded from temporary location
** testing if installed package can be loaded from final location
** testing if installed package keeps a record of temporary installation path
* SHA256 sums
* creating tarball
packaged installation of ‘org.Cf.eg.db’ as ‘org.Cf.eg.db_3.22.0_R_x86_64-pc-linux-gnu.tar.gz’
* DONE (org.Cf.eg.db)
* installing *source* package ‘NetSAM’ ...
** this is package ‘NetSAM’ version ‘1.52.0’
** using staged installation
** R
** data
** inst
** byte-compile and prepare package for lazy loading
** help
*** installing help indices
** building package indices
** installing vignettes
** testing if installed package can be loaded from temporary location
** testing if installed package can be loaded from final location
** testing if installed package keeps a record of temporary installation path
* SHA256 sums
* creating tarball
packaged installation of ‘NetSAM’ as ‘NetSAM_1.52.0_R_x86_64-pc-linux-gnu.tar.gz’
* DONE (NetSAM)

The downloaded source packages are in
	‘/tmp/Rtmprh0p57/downloaded_packages’
Old packages: 'diffobj', 'httr2', 'pak', 'pkgdown', 'urlchecker', 'xfun',
  'zip', 'MASS', 'nlme', 'survival'

real	4m27.833s
user	4m13.089s
sys	0m11.872s
