+ Rscript -e 'Sys.setenv(BIOCONDUCTOR_USE_CONTAINER_REPOSITORY=FALSE);
  p <- .libPaths();
  p <- c('\''/tmp/library'\'', '\''/mnt/library'\'', p);
  .libPaths(p);
  if(BiocManager::install('\''ITALICS'\'', INSTALL_opts = '\''--build'\'', update = TRUE, quiet = FALSE, dependencies=TRUE, force = TRUE, keep_outputs = TRUE) %in% rownames(installed.packages())) q(status = 0) else q(status = 1)'
'getOption("repos")' replaces Bioconductor standard repositories, see
'help("repositories", package = "BiocManager")' for details.
Replacement repositories:
    CRAN: https://p3m.dev/cran/__linux__/noble/latest
Bioconductor version 3.24 (BiocManager 1.30.27), R 4.6.1 (2026-06-24)
Installing package(s) 'ITALICS'
also installing the dependency ‘ITALICSData’

trying URL 'https://bioconductor.org/packages/3.24/data/experiment/src/contrib/ITALICSData_2.51.0.tar.gz'
trying URL 'https://bioconductor.org/packages/3.24/bioc/src/contrib/ITALICS_2.73.0.tar.gz'
* installing *source* package ‘ITALICSData’ ...
** this is package ‘ITALICSData’ version ‘2.51.0’
** using staged installation
** data
** inst
** help
*** installing help indices
** building package indices
** testing if installed package can be loaded from temporary location
** testing if installed package can be loaded from final location
** testing if installed package keeps a record of temporary installation path
* SHA256 sums
* creating tarball
packaged installation of ‘ITALICSData’ as ‘ITALICSData_2.51.0_R_x86_64-pc-linux-gnu.tar.gz’
* DONE (ITALICSData)
* installing *source* package ‘ITALICS’ ...
** this is package ‘ITALICS’ version ‘2.73.0’
** package ‘ITALICS’ successfully unpacked and MD5 sums checked
** using staged installation
** R
** inst
** byte-compile and prepare package for lazy loading
** help
*** installing help indices
** building package indices
** installing vignettes
** testing if installed package can be loaded from temporary location
** testing if installed package can be loaded from final location
** testing if installed package keeps a record of temporary installation path
* SHA256 sums
* creating tarball
packaged installation of ‘ITALICS’ as ‘ITALICS_2.73.0_R_x86_64-pc-linux-gnu.tar.gz’
* DONE (ITALICS)

The downloaded source packages are in
	‘/tmp/Rtmp65GFaT/downloaded_packages’
Old packages: 'diffobj'

real	1m39.636s
user	1m26.617s
sys	0m6.861s
