+ Rscript -e 'Sys.setenv(BIOCONDUCTOR_USE_CONTAINER_REPOSITORY=FALSE);
  p <- .libPaths();
  p <- c('\''/tmp/library'\'', '\''/mnt/library'\'', p);
  .libPaths(p);
  if(BiocManager::install('\''Pigengene'\'', INSTALL_opts = '\''--build'\'', update = TRUE, quiet = FALSE, dependencies=TRUE, force = TRUE, keep_outputs = TRUE) %in% rownames(installed.packages())) q(status = 0) else q(status = 1)'
'getOption("repos")' replaces Bioconductor standard repositories, see
'help("repositories", package = "BiocManager")' for details.
Replacement repositories:
    CRAN: https://p3m.dev/cran/__linux__/noble/latest
Bioconductor version 3.23 (BiocManager 1.30.27), R 4.6.1 (2026-06-24)
Installing package(s) 'Pigengene'
also installing the dependencies ‘Cubist’, ‘C50’

trying URL 'https://p3m.dev/cran/__linux__/noble/latest/src/contrib/Cubist_0.6.0.tar.gz'
trying URL 'https://p3m.dev/cran/__linux__/noble/latest/src/contrib/C50_0.2.0.tar.gz'
trying URL 'https://bioconductor.org/packages/3.23/bioc/src/contrib/Pigengene_1.38.0.tar.gz'
* installing *binary* package ‘Cubist’ ...
* package ‘Cubist’ successfully unpacked and SHA256 sums checked
* ‘Cubist’ was already a binary package and will not be rebuilt
* SHA256 sums
* creating tarball
packaged installation of ‘Cubist’ as ‘Cubist_0.6.0_R_x86_64-pc-linux-gnu.tar.gz’
* DONE (Cubist)
* installing *binary* package ‘C50’ ...
* package ‘C50’ successfully unpacked and SHA256 sums checked
* ‘C50’ was already a binary package and will not be rebuilt
* SHA256 sums
* creating tarball
packaged installation of ‘C50’ as ‘C50_0.2.0_R_x86_64-pc-linux-gnu.tar.gz’
* DONE (C50)
* installing *source* package ‘Pigengene’ ...
** this is package ‘Pigengene’ version ‘1.38.0’
** using staged installation
** R
** data
** inst
** byte-compile and prepare package for lazy loading
** help
*** installing help indices
** building package indices
** installing vignettes
** testing if installed package can be loaded from temporary location
** testing if installed package can be loaded from final location
** testing if installed package keeps a record of temporary installation path
* SHA256 sums
* creating tarball
packaged installation of ‘Pigengene’ as ‘Pigengene_1.38.0_R_x86_64-pc-linux-gnu.tar.gz’
* DONE (Pigengene)

The downloaded source packages are in
	‘/tmp/Rtmp0Oc16y/downloaded_packages’
Old packages: 'diffobj', 'httr2', 'pak', 'pkgdown', 'urlchecker', 'xfun',
  'zip', 'MASS', 'nlme', 'survival'

real	0m45.924s
user	0m30.002s
sys	0m5.491s
