+ Rscript -e 'Sys.setenv(BIOCONDUCTOR_USE_CONTAINER_REPOSITORY=FALSE);
  p <- .libPaths();
  p <- c('\''/tmp/library'\'', '\''/mnt/library'\'', p);
  .libPaths(p);
  if(BiocManager::install('\''IFAA'\'', INSTALL_opts = '\''--build'\'', update = TRUE, quiet = FALSE, dependencies=TRUE, force = TRUE, keep_outputs = TRUE) %in% rownames(installed.packages())) q(status = 0) else q(status = 1)'
'getOption("repos")' replaces Bioconductor standard repositories, see
'help("repositories", package = "BiocManager")' for details.
Replacement repositories:
    CRAN: https://p3m.dev/cran/__linux__/noble/latest
Bioconductor version 3.24 (BiocManager 1.30.27), R 4.6.1 (2026-06-24)
Installing package(s) 'IFAA'
Warning: dependency ‘HDCI’ is not available
trying URL 'https://bioconductor.org/packages/3.24/bioc/src/contrib/IFAA_1.15.0.tar.gz'
Content type 'application/x-gzip' length 306643 bytes (299 KB)
==================================================
downloaded 299 KB

ERROR: dependency ‘HDCI’ is not available for package ‘IFAA’
Perhaps try a variation of:
install.packages('HDCI')
* removing ‘/tmp/library/IFAA’

The downloaded source packages are in
	‘/tmp/RtmpD4Uwod/downloaded_packages’
Warning message:
In install.packages(...) :
  installation of package ‘IFAA’ had non-zero exit status

real	0m11.207s
user	0m6.357s
sys	0m1.758s
