+ Rscript -e 'Sys.setenv(BIOCONDUCTOR_USE_CONTAINER_REPOSITORY=FALSE);
  p <- .libPaths();
  p <- c('\''/tmp/library'\'', '\''/mnt/library'\'', p);
  .libPaths(p);
  if(BiocManager::install('\''vulcan'\'', INSTALL_opts = '\''--build'\'', update = TRUE, quiet = FALSE, dependencies=TRUE, force = TRUE, keep_outputs = TRUE) %in% rownames(installed.packages())) q(status = 0) else q(status = 1)'
'getOption("repos")' replaces Bioconductor standard repositories, see
'help("repositories", package = "BiocManager")' for details.
Replacement repositories:
    CRAN: https://p3m.dev/cran/__linux__/noble/latest
Bioconductor version 3.23 (BiocManager 1.30.27), R 4.6.1 (2026-06-24)
Installing package(s) 'vulcan'
also installing the dependency ‘vulcandata’

trying URL 'https://bioconductor.org/packages/3.23/data/experiment/src/contrib/vulcandata_1.34.0.tar.gz'
trying URL 'https://bioconductor.org/packages/3.23/bioc/src/contrib/vulcan_1.34.0.tar.gz'
* installing *source* package ‘vulcandata’ ...
** this is package ‘vulcandata’ version ‘1.34.0’
** using staged installation
** R
** inst
** byte-compile and prepare package for lazy loading
** help
*** installing help indices
** building package indices
** installing vignettes
** testing if installed package can be loaded from temporary location
** testing if installed package can be loaded from final location
** testing if installed package keeps a record of temporary installation path
* SHA256 sums
* creating tarball
packaged installation of ‘vulcandata’ as ‘vulcandata_1.34.0_R_x86_64-pc-linux-gnu.tar.gz’
* DONE (vulcandata)
* installing *source* package ‘vulcan’ ...
** this is package ‘vulcan’ version ‘1.34.0’
** using staged installation
** R
** inst
** byte-compile and prepare package for lazy loading
** help
*** installing help indices
** building package indices
** installing vignettes
** testing if installed package can be loaded from temporary location
** testing if installed package can be loaded from final location
** testing if installed package keeps a record of temporary installation path
* SHA256 sums
* creating tarball
packaged installation of ‘vulcan’ as ‘vulcan_1.34.0_R_x86_64-pc-linux-gnu.tar.gz’
* DONE (vulcan)

The downloaded source packages are in
	‘/tmp/RtmpFUp4rj/downloaded_packages’
Old packages: 'diffobj', 'httr2', 'pak', 'pkgdown', 'urlchecker', 'xfun',
  'zip', 'MASS', 'nlme', 'survival'

real	1m18.888s
user	1m2.516s
sys	0m8.779s
