+ Rscript -e 'Sys.setenv(BIOCONDUCTOR_USE_CONTAINER_REPOSITORY=FALSE);
  p <- .libPaths();
  p <- c('\''/tmp/library'\'', '\''/mnt/library'\'', p);
  .libPaths(p);
  if(BiocManager::install('\''miaSim'\'', INSTALL_opts = '\''--build'\'', update = TRUE, quiet = FALSE, dependencies=TRUE, force = TRUE, keep_outputs = TRUE) %in% rownames(installed.packages())) q(status = 0) else q(status = 1)'
'getOption("repos")' replaces Bioconductor standard repositories, see
'help("repositories", package = "BiocManager")' for details.
Replacement repositories:
    CRAN: https://p3m.dev/cran/__linux__/noble/latest
Bioconductor version 3.23 (BiocManager 1.30.27), R 4.6.1 (2026-06-24)
Installing package(s) 'miaSim'
also installing the dependencies ‘miaViz’, ‘colourvalues’

trying URL 'https://bioconductor.org/packages/3.23/bioc/src/contrib/miaViz_1.20.0.tar.gz'
trying URL 'https://p3m.dev/cran/__linux__/noble/latest/src/contrib/colourvalues_0.3.11.tar.gz'
trying URL 'https://bioconductor.org/packages/3.23/bioc/src/contrib/miaSim_1.18.0.tar.gz'
* installing *source* package ‘miaViz’ ...
** this is package ‘miaViz’ version ‘1.20.0’
** using staged installation
** R
** data
** inst
** byte-compile and prepare package for lazy loading
** help
*** installing help indices
*** copying figures
** building package indices
** installing vignettes
** testing if installed package can be loaded from temporary location
** testing if installed package can be loaded from final location
** testing if installed package keeps a record of temporary installation path
* SHA256 sums
* creating tarball
packaged installation of ‘miaViz’ as ‘miaViz_1.20.0_R_x86_64-pc-linux-gnu.tar.gz’
* DONE (miaViz)
* installing *binary* package ‘colourvalues’ ...
* package ‘colourvalues’ successfully unpacked and SHA256 sums checked
* ‘colourvalues’ was already a binary package and will not be rebuilt
* SHA256 sums
* creating tarball
packaged installation of ‘colourvalues’ as ‘colourvalues_0.3.11_R_x86_64-pc-linux-gnu.tar.gz’
* DONE (colourvalues)
* installing *source* package ‘miaSim’ ...
** this is package ‘miaSim’ version ‘1.18.0’
** using staged installation
** R
** inst
** byte-compile and prepare package for lazy loading
** help
*** installing help indices
*** copying figures
** building package indices
** installing vignettes
** testing if installed package can be loaded from temporary location
** testing if installed package can be loaded from final location
** testing if installed package keeps a record of temporary installation path
* SHA256 sums
* creating tarball
packaged installation of ‘miaSim’ as ‘miaSim_1.18.0_R_x86_64-pc-linux-gnu.tar.gz’
* DONE (miaSim)

The downloaded source packages are in
	‘/tmp/RtmpWmMBN9/downloaded_packages’
Old packages: 'diffobj', 'httr2', 'pak', 'pkgdown', 'urlchecker', 'xfun',
  'zip', 'MASS', 'nlme', 'survival'

real	1m23.930s
user	1m6.742s
sys	0m9.678s
