+ Rscript -e 'Sys.setenv(BIOCONDUCTOR_USE_CONTAINER_REPOSITORY=FALSE);
  p <- .libPaths();
  p <- c('\''/tmp/library'\'', '\''/mnt/library'\'', p);
  .libPaths(p);
  if(BiocManager::install('\''PoDCall'\'', INSTALL_opts = '\''--build'\'', update = TRUE, quiet = FALSE, dependencies=TRUE, force = TRUE, keep_outputs = TRUE) %in% rownames(installed.packages())) q(status = 0) else q(status = 1)'
'getOption("repos")' replaces Bioconductor standard repositories, see
'help("repositories", package = "BiocManager")' for details.
Replacement repositories:
    CRAN: https://p3m.dev/cran/__linux__/noble/latest
Bioconductor version 3.24 (BiocManager 1.30.27), R 4.6.1 (2026-06-24)
Installing package(s) 'PoDCall'
also installing the dependencies ‘mclust’, ‘diptest’, ‘rlist’, ‘LaplacesDemon’

trying URL 'https://p3m.dev/cran/__linux__/noble/latest/src/contrib/mclust_6.1.3.tar.gz'
trying URL 'https://p3m.dev/cran/__linux__/noble/latest/src/contrib/diptest_0.77-2.tar.gz'
trying URL 'https://p3m.dev/cran/__linux__/noble/latest/src/contrib/rlist_0.4.6.2.tar.gz'
trying URL 'https://p3m.dev/cran/__linux__/noble/latest/src/contrib/LaplacesDemon_16.1.8.tar.gz'
trying URL 'https://bioconductor.org/packages/3.24/bioc/src/contrib/PoDCall_1.21.0.tar.gz'
* installing *binary* package ‘mclust’ ...
* package ‘mclust’ successfully unpacked and SHA256 sums checked
* ‘mclust’ was already a binary package and will not be rebuilt
* SHA256 sums
* creating tarball
packaged installation of ‘mclust’ as ‘mclust_6.1.3_R_x86_64-pc-linux-gnu.tar.gz’
* DONE (mclust)
* installing *binary* package ‘diptest’ ...
* package ‘diptest’ successfully unpacked and SHA256 sums checked
* ‘diptest’ was already a binary package and will not be rebuilt
* SHA256 sums
* creating tarball
packaged installation of ‘diptest’ as ‘diptest_0.77-2_R_x86_64-pc-linux-gnu.tar.gz’
* DONE (diptest)
* installing *binary* package ‘rlist’ ...
* package ‘rlist’ successfully unpacked and SHA256 sums checked
* ‘rlist’ was already a binary package and will not be rebuilt
* SHA256 sums
* creating tarball
packaged installation of ‘rlist’ as ‘rlist_0.4.6.2_R_x86_64-pc-linux-gnu.tar.gz’
* DONE (rlist)
* installing *binary* package ‘LaplacesDemon’ ...
* package ‘LaplacesDemon’ successfully unpacked and SHA256 sums checked
* ‘LaplacesDemon’ was already a binary package and will not be rebuilt
* SHA256 sums
* creating tarball
packaged installation of ‘LaplacesDemon’ as ‘LaplacesDemon_16.1.8_R_x86_64-pc-linux-gnu.tar.gz’
* DONE (LaplacesDemon)
* installing *source* package ‘PoDCall’ ...
** this is package ‘PoDCall’ version ‘1.21.0’
** package ‘PoDCall’ successfully unpacked and MD5 sums checked
** using non-staged installation via StagedInstall field
** R
** data
** inst
** byte-compile and prepare package for lazy loading
** help
*** installing help indices
*** copying figures
** building package indices
** installing vignettes
** testing if installed package can be loaded
* SHA256 sums
* creating tarball
packaged installation of ‘PoDCall’ as ‘PoDCall_1.21.0_R_x86_64-pc-linux-gnu.tar.gz’
* DONE (PoDCall)

The downloaded source packages are in
	‘/tmp/RtmpkSPIYS/downloaded_packages’
Old packages: 'diffobj'

real	0m13.254s
user	0m8.292s
sys	0m3.000s
