+ Rscript -e 'Sys.setenv(BIOCONDUCTOR_USE_CONTAINER_REPOSITORY=FALSE);
  p <- .libPaths();
  p <- c('\''/tmp/library'\'', '\''/mnt/library'\'', p);
  .libPaths(p);
  if(BiocManager::install('\''M3Drop'\'', INSTALL_opts = '\''--build'\'', update = TRUE, quiet = FALSE, dependencies=TRUE, force = TRUE, keep_outputs = TRUE) %in% rownames(installed.packages())) q(status = 0) else q(status = 1)'
'getOption("repos")' replaces Bioconductor standard repositories, see
'help("repositories", package = "BiocManager")' for details.
Replacement repositories:
    CRAN: https://p3m.dev/cran/__linux__/noble/latest
Bioconductor version 3.24 (BiocManager 1.30.27), R 4.6.1 (2026-06-24)
Installing package(s) 'M3Drop'
also installing the dependencies ‘densEstBayes’, ‘reldist’, ‘M3DExampleData’

trying URL 'https://p3m.dev/cran/__linux__/noble/latest/src/contrib/densEstBayes_1.0-2.2.tar.gz'
trying URL 'https://p3m.dev/cran/__linux__/noble/latest/src/contrib/reldist_1.7-2.tar.gz'
trying URL 'https://bioconductor.org/packages/3.24/data/experiment/src/contrib/M3DExampleData_1.39.0.tar.gz'
trying URL 'https://bioconductor.org/packages/3.24/bioc/src/contrib/M3Drop_1.39.0.tar.gz'
* installing *binary* package ‘densEstBayes’ ...
* package ‘densEstBayes’ successfully unpacked and SHA256 sums checked
* ‘densEstBayes’ was already a binary package and will not be rebuilt
* SHA256 sums
* creating tarball
packaged installation of ‘densEstBayes’ as ‘densEstBayes_1.0-2.2_R_x86_64-pc-linux-gnu.tar.gz’
* DONE (densEstBayes)
* installing *source* package ‘M3DExampleData’ ...
** this is package ‘M3DExampleData’ version ‘1.39.0’
** using staged installation
** data
*** moving datasets to lazyload DB
** help
*** installing help indices
** building package indices
** installing vignettes
** testing if installed package can be loaded from temporary location
** testing if installed package can be loaded from final location
** testing if installed package keeps a record of temporary installation path
* SHA256 sums
* creating tarball
packaged installation of ‘M3DExampleData’ as ‘M3DExampleData_1.39.0_R_x86_64-pc-linux-gnu.tar.gz’
* DONE (M3DExampleData)
* installing *binary* package ‘reldist’ ...
* package ‘reldist’ successfully unpacked and SHA256 sums checked
* ‘reldist’ was already a binary package and will not be rebuilt
* SHA256 sums
* creating tarball
packaged installation of ‘reldist’ as ‘reldist_1.7-2_R_x86_64-pc-linux-gnu.tar.gz’
* DONE (reldist)
* installing *source* package ‘M3Drop’ ...
** this is package ‘M3Drop’ version ‘1.39.0’
** package ‘M3Drop’ successfully unpacked and MD5 sums checked
** using staged installation
** R
** inst
** byte-compile and prepare package for lazy loading
** help
*** installing help indices
** building package indices
** installing vignettes
** testing if installed package can be loaded from temporary location
** testing if installed package can be loaded from final location
** testing if installed package keeps a record of temporary installation path
* SHA256 sums
* creating tarball
packaged installation of ‘M3Drop’ as ‘M3Drop_1.39.0_R_x86_64-pc-linux-gnu.tar.gz’
* DONE (M3Drop)

The downloaded source packages are in
	‘/tmp/Rtmp9UxF20/downloaded_packages’
Old packages: 'diffobj'

real	0m37.153s
user	0m23.749s
sys	0m5.280s
