+ Rscript -e 'Sys.setenv(BIOCONDUCTOR_USE_CONTAINER_REPOSITORY=FALSE);
  p <- .libPaths();
  p <- c('\''/tmp/library'\'', '\''/mnt/library'\'', p);
  .libPaths(p);
  if(BiocManager::install('\''GLAD'\'', INSTALL_opts = '\''--build'\'', update = TRUE, quiet = FALSE, dependencies=TRUE, force = TRUE, keep_outputs = TRUE) %in% rownames(installed.packages())) q(status = 0) else q(status = 1)'
'getOption("repos")' replaces Bioconductor standard repositories, see
'help("repositories", package = "BiocManager")' for details.
Replacement repositories:
    CRAN: https://p3m.dev/cran/__linux__/noble/latest
Bioconductor version 3.24 (BiocManager 1.30.27), R 4.6.1 (2026-06-24)
Installing package(s) 'GLAD'
Error in readRDS(file) : error reading from connection
also installing the dependencies ‘awsMethods’, ‘gsl’, ‘aws’

trying URL 'https://p3m.dev/cran/__linux__/noble/latest/src/contrib/awsMethods_1.1-1.tar.gz'
trying URL 'https://p3m.dev/cran/__linux__/noble/latest/src/contrib/gsl_2.1-9.tar.gz'
trying URL 'https://p3m.dev/cran/__linux__/noble/latest/src/contrib/aws_2.5-7.tar.gz'
trying URL 'https://bioconductor.org/packages/3.24/bioc/src/contrib/GLAD_2.77.0.tar.gz'
* installing *binary* package ‘awsMethods’ ...
* package ‘awsMethods’ successfully unpacked and SHA256 sums checked
* ‘awsMethods’ was already a binary package and will not be rebuilt
* SHA256 sums
* creating tarball
packaged installation of ‘awsMethods’ as ‘awsMethods_1.1-1_R_x86_64-pc-linux-gnu.tar.gz’
* DONE (awsMethods)
* installing *binary* package ‘gsl’ ...
* package ‘gsl’ successfully unpacked and SHA256 sums checked
* ‘gsl’ was already a binary package and will not be rebuilt
* SHA256 sums
* creating tarball
packaged installation of ‘gsl’ as ‘gsl_2.1-9_R_x86_64-pc-linux-gnu.tar.gz’
* DONE (gsl)
* installing *binary* package ‘aws’ ...
* package ‘aws’ successfully unpacked and SHA256 sums checked
* ‘aws’ was already a binary package and will not be rebuilt
* SHA256 sums
* creating tarball
packaged installation of ‘aws’ as ‘aws_2.5-7_R_x86_64-pc-linux-gnu.tar.gz’
* DONE (aws)
* installing *source* package ‘GLAD’ ...
** this is package ‘GLAD’ version ‘2.77.0’
** package ‘GLAD’ successfully unpacked and MD5 sums checked
** using staged installation
checking for pkg-config... /usr/bin/pkg-config
checking pkg-config is at least version 0.9.0... yes
checking for GSL... yes
GSL has been found on the operating system
operating system: Linux
configure: creating ./config.status
config.status: creating src/Makevars

src/Makevars file

PKG_LIBS = -lgsl -lgslcblas -lm 
PKG_CPPFLAGS = -I/usr/local/include

** libs
using C compiler: ‘gcc (Ubuntu 13.3.0-6ubuntu2~24.04.1) 13.3.0’
using C++ compiler: ‘g++ (Ubuntu 13.3.0-6ubuntu2~24.04.1) 13.3.0’
g++ -std=gnu++20 -I"/usr/local/lib/R/include" -DNDEBUG -I/usr/local/include  -I/usr/local/include    -fpic  -g -O2 -fstack-protector-strong -Wformat -Werror=format-security -Wdate-time -D_FORTIFY_SOURCE=2 -g   -c BkpInfo.cpp -o BkpInfo.o
g++ -std=gnu++20 -I"/usr/local/lib/R/include" -DNDEBUG -I/usr/local/include  -I/usr/local/include    -fpic  -g -O2 -fstack-protector-strong -Wformat -Werror=format-security -Wdate-time -D_FORTIFY_SOURCE=2 -g   -c HaarSeg.cpp -o HaarSeg.o
g++ -std=gnu++20 -I"/usr/local/lib/R/include" -DNDEBUG -I/usr/local/include  -I/usr/local/include    -fpic  -g -O2 -fstack-protector-strong -Wformat -Werror=format-security -Wdate-time -D_FORTIFY_SOURCE=2 -g   -c MoveBkp.cpp -o MoveBkp.o
g++ -std=gnu++20 -I"/usr/local/lib/R/include" -DNDEBUG -I/usr/local/include  -I/usr/local/include    -fpic  -g -O2 -fstack-protector-strong -Wformat -Werror=format-security -Wdate-time -D_FORTIFY_SOURCE=2 -g   -c OutliersGNL.cpp -o OutliersGNL.o
g++ -std=gnu++20 -I"/usr/local/lib/R/include" -DNDEBUG -I/usr/local/include  -I/usr/local/include    -fpic  -g -O2 -fstack-protector-strong -Wformat -Werror=format-security -Wdate-time -D_FORTIFY_SOURCE=2 -g   -c chrBreakpoints.cpp -o chrBreakpoints.o
g++ -std=gnu++20 -I"/usr/local/lib/R/include" -DNDEBUG -I/usr/local/include  -I/usr/local/include    -fpic  -g -O2 -fstack-protector-strong -Wformat -Werror=format-security -Wdate-time -D_FORTIFY_SOURCE=2 -g   -c cutree.cpp -o cutree.o
g++ -std=gnu++20 -I"/usr/local/lib/R/include" -DNDEBUG -I/usr/local/include  -I/usr/local/include    -fpic  -g -O2 -fstack-protector-strong -Wformat -Werror=format-security -Wdate-time -D_FORTIFY_SOURCE=2 -g   -c daglad.cpp -o daglad.o
g++ -std=gnu++20 -I"/usr/local/lib/R/include" -DNDEBUG -I/usr/local/include  -I/usr/local/include    -fpic  -g -O2 -fstack-protector-strong -Wformat -Werror=format-security -Wdate-time -D_FORTIFY_SOURCE=2 -g   -c distance.cpp -o distance.o
g++ -std=gnu++20 -I"/usr/local/lib/R/include" -DNDEBUG -I/usr/local/include  -I/usr/local/include    -fpic  -g -O2 -fstack-protector-strong -Wformat -Werror=format-security -Wdate-time -D_FORTIFY_SOURCE=2 -g   -c filterBkp.cpp -o filterBkp.o
g++ -std=gnu++20 -I"/usr/local/lib/R/include" -DNDEBUG -I/usr/local/include  -I/usr/local/include    -fpic  -g -O2 -fstack-protector-strong -Wformat -Werror=format-security -Wdate-time -D_FORTIFY_SOURCE=2 -g   -c findCluster.cpp -o findCluster.o
g++ -std=gnu++20 -I"/usr/local/lib/R/include" -DNDEBUG -I/usr/local/include  -I/usr/local/include    -fpic  -g -O2 -fstack-protector-strong -Wformat -Werror=format-security -Wdate-time -D_FORTIFY_SOURCE=2 -g   -c glad-utils.cpp -o glad-utils.o
g++ -std=gnu++20 -I"/usr/local/lib/R/include" -DNDEBUG -I/usr/local/include  -I/usr/local/include    -fpic  -g -O2 -fstack-protector-strong -Wformat -Werror=format-security -Wdate-time -D_FORTIFY_SOURCE=2 -g   -c hclust.cpp -o hclust.o
gcc -std=gnu2x -I"/usr/local/lib/R/include" -DNDEBUG -I/usr/local/include  -I/usr/local/include    -fpic  -g -O2 -fstack-protector-strong -Wformat -Werror=format-security -Wdate-time -D_FORTIFY_SOURCE=2 -g  -c laws.c -o laws.o
g++ -std=gnu++20 -I"/usr/local/lib/R/include" -DNDEBUG -I/usr/local/include  -I/usr/local/include    -fpic  -g -O2 -fstack-protector-strong -Wformat -Werror=format-security -Wdate-time -D_FORTIFY_SOURCE=2 -g   -c loopRemove.cpp -o loopRemove.o
g++ -std=gnu++20 -shared -L/usr/local/lib/R/lib -L/usr/local/lib -o GLAD.so BkpInfo.o HaarSeg.o MoveBkp.o OutliersGNL.o chrBreakpoints.o cutree.o daglad.o distance.o filterBkp.o findCluster.o glad-utils.o hclust.o laws.o loopRemove.o -lgsl -lgslcblas -lm -L/usr/local/lib/R/lib -lR
installing to /tmp/library/00LOCK-GLAD/00new/GLAD/libs
** R
** data
** demo
** inst
** byte-compile and prepare package for lazy loading
** help
*** installing help indices
** building package indices
** installing vignettes
** testing if installed package can be loaded from temporary location
** checking absolute paths in shared objects and dynamic libraries
** testing if installed package can be loaded from final location
** testing if installed package keeps a record of temporary installation path
* SHA256 sums
* creating tarball
packaged installation of ‘GLAD’ as ‘GLAD_2.77.0_R_x86_64-pc-linux-gnu.tar.gz’
* DONE (GLAD)

The downloaded source packages are in
	‘/tmp/RtmpuvS73g/downloaded_packages’

real	0m19.184s
user	0m13.150s
sys	0m4.509s
