+ Rscript -e 'Sys.setenv(BIOCONDUCTOR_USE_CONTAINER_REPOSITORY=FALSE);
  p <- .libPaths();
  p <- c('\''/tmp/library'\'', '\''/mnt/library'\'', p);
  .libPaths(p);
  if(BiocManager::install('\''gemma.R'\'', INSTALL_opts = '\''--build'\'', update = TRUE, quiet = FALSE, dependencies=TRUE, force = TRUE, keep_outputs = TRUE) %in% rownames(installed.packages())) q(status = 0) else q(status = 1)'
'getOption("repos")' replaces Bioconductor standard repositories, see
'help("repositories", package = "BiocManager")' for details.
Replacement repositories:
    CRAN: https://p3m.dev/cran/__linux__/noble/latest
Bioconductor version 3.24 (BiocManager 1.30.27), R 4.6.1 (2026-06-24)
Installing package(s) 'gemma.R'
also installing the dependencies ‘poolr’, ‘listviewer’

trying URL 'https://p3m.dev/cran/__linux__/noble/latest/src/contrib/poolr_1.2-0.tar.gz'
trying URL 'https://p3m.dev/cran/__linux__/noble/latest/src/contrib/listviewer_4.0.0.tar.gz'
trying URL 'https://bioconductor.org/packages/3.24/bioc/src/contrib/gemma.R_3.9.1.tar.gz'
* installing *binary* package ‘poolr’ ...
* package ‘poolr’ successfully unpacked and SHA256 sums checked
* ‘poolr’ was already a binary package and will not be rebuilt
* SHA256 sums
* creating tarball
packaged installation of ‘poolr’ as ‘poolr_1.2-0_R_x86_64-pc-linux-gnu.tar.gz’
* DONE (poolr)
* installing *binary* package ‘listviewer’ ...
* package ‘listviewer’ successfully unpacked and SHA256 sums checked
* ‘listviewer’ was already a binary package and will not be rebuilt
* SHA256 sums
* creating tarball
packaged installation of ‘listviewer’ as ‘listviewer_4.0.0_R_x86_64-pc-linux-gnu.tar.gz’
* DONE (listviewer)
* installing *source* package ‘gemma.R’ ...
** this is package ‘gemma.R’ version ‘3.9.1’
** package ‘gemma.R’ successfully unpacked and MD5 sums checked
** using staged installation
** R
** inst
** byte-compile and prepare package for lazy loading
** help
*** installing help indices
*** copying figures
** building package indices
** installing vignettes
** testing if installed package can be loaded from temporary location
** testing if installed package can be loaded from final location
** testing if installed package keeps a record of temporary installation path
* SHA256 sums
* creating tarball
packaged installation of ‘gemma.R’ as ‘gemma.R_3.9.1_R_x86_64-pc-linux-gnu.tar.gz’
* DONE (gemma.R)

The downloaded source packages are in
	‘/tmp/Rtmp7gqzbj/downloaded_packages’
Old packages: 'diffobj'

real	0m17.597s
user	0m10.882s
sys	0m3.170s
