+ Rscript -e 'Sys.setenv(BIOCONDUCTOR_USE_CONTAINER_REPOSITORY=FALSE);
  p <- .libPaths();
  p <- c('\''/tmp/library'\'', '\''/mnt/library'\'', p);
  .libPaths(p);
  if(BiocManager::install('\''sketchR'\'', INSTALL_opts = '\''--build'\'', update = TRUE, quiet = FALSE, dependencies=TRUE, force = TRUE, keep_outputs = TRUE) %in% rownames(installed.packages())) q(status = 0) else q(status = 1)'
'getOption("repos")' replaces Bioconductor standard repositories, see
'help("repositories", package = "BiocManager")' for details.
Replacement repositories:
    CRAN: https://p3m.dev/cran/__linux__/noble/latest
Bioconductor version 3.24 (BiocManager 1.30.27), R 4.6.1 (2026-06-24)
Installing package(s) 'sketchR'
also installing the dependencies ‘TENxPBMCData’, ‘beachmat.hdf5’

trying URL 'https://bioconductor.org/packages/3.24/data/experiment/src/contrib/TENxPBMCData_1.31.0.tar.gz'
trying URL 'https://bioconductor.org/packages/3.24/bioc/src/contrib/beachmat.hdf5_1.11.0.tar.gz'
trying URL 'https://bioconductor.org/packages/3.24/bioc/src/contrib/sketchR_1.9.1.tar.gz'
* installing *source* package ‘TENxPBMCData’ ...
** this is package ‘TENxPBMCData’ version ‘1.31.0’
** using staged installation
** R
** inst
** byte-compile and prepare package for lazy loading
** help
*** installing help indices
** building package indices
** installing vignettes
** testing if installed package can be loaded from temporary location
** testing if installed package can be loaded from final location
** testing if installed package keeps a record of temporary installation path
* SHA256 sums
* creating tarball
packaged installation of ‘TENxPBMCData’ as ‘TENxPBMCData_1.31.0_R_x86_64-pc-linux-gnu.tar.gz’
* DONE (TENxPBMCData)
* installing *source* package ‘beachmat.hdf5’ ...
** this is package ‘beachmat.hdf5’ version ‘1.11.0’
** package ‘beachmat.hdf5’ successfully unpacked and MD5 sums checked
** using staged installation
** libs
specified C++17
using C++ compiler: ‘g++ (Ubuntu 13.3.0-6ubuntu2~24.04.1) 13.3.0’
using C++17
g++ -std=gnu++17 -I"/usr/local/lib/R/include" -DNDEBUG -I../inst/include -DNDEBUG -I'/usr/local/lib/R/site-library/Rcpp/include' -I'/mnt/library/assorthead/include' -I'/mnt/library/beachmat/include' -I'/mnt/library/Rhdf5lib/include' -I/usr/local/include    -fpic  -g -O2 -fstack-protector-strong -Wformat -Werror=format-security -Wdate-time -D_FORTIFY_SOURCE=2 -g   -c RcppExports.cpp -o RcppExports.o
g++ -std=gnu++17 -I"/usr/local/lib/R/include" -DNDEBUG -I../inst/include -DNDEBUG -I'/usr/local/lib/R/site-library/Rcpp/include' -I'/mnt/library/assorthead/include' -I'/mnt/library/beachmat/include' -I'/mnt/library/Rhdf5lib/include' -I/usr/local/include    -fpic  -g -O2 -fstack-protector-strong -Wformat -Werror=format-security -Wdate-time -D_FORTIFY_SOURCE=2 -g   -c initialize_from_hdf5.cpp -o initialize_from_hdf5.o
g++ -std=gnu++17 -I"/usr/local/lib/R/include" -DNDEBUG -I../inst/include -DNDEBUG -I'/usr/local/lib/R/site-library/Rcpp/include' -I'/mnt/library/assorthead/include' -I'/mnt/library/beachmat/include' -I'/mnt/library/Rhdf5lib/include' -I/usr/local/include    -fpic  -g -O2 -fstack-protector-strong -Wformat -Werror=format-security -Wdate-time -D_FORTIFY_SOURCE=2 -g   -c load_into_memory.cpp -o load_into_memory.o
g++ -std=gnu++17 -shared -L/usr/local/lib/R/lib -L/usr/local/lib -o beachmat.hdf5.so RcppExports.o initialize_from_hdf5.o load_into_memory.o /mnt/library/Rhdf5lib/lib/libhdf5_cpp.a /mnt/library/Rhdf5lib/lib/libhdf5.a -L/mnt/library/Rhdf5lib/lib -lsz -lm -ldl -lcurl -lssl -lcrypto -L/usr/local/lib/R/lib -lR
installing to /tmp/library/00LOCK-beachmat.hdf5/00new/beachmat.hdf5/libs
** R
** inst
** byte-compile and prepare package for lazy loading
** help
*** installing help indices
** building package indices
** installing vignettes
** testing if installed package can be loaded from temporary location
** checking absolute paths in shared objects and dynamic libraries
** testing if installed package can be loaded from final location
** testing if installed package keeps a record of temporary installation path
* SHA256 sums
* creating tarball
packaged installation of ‘beachmat.hdf5’ as ‘beachmat.hdf5_1.11.0_R_x86_64-pc-linux-gnu.tar.gz’
* DONE (beachmat.hdf5)
* installing *source* package ‘sketchR’ ...
** this is package ‘sketchR’ version ‘1.9.1’
** package ‘sketchR’ successfully unpacked and MD5 sums checked
** using non-staged installation via StagedInstall field
** R
** inst
** byte-compile and prepare package for lazy loading
** help
*** installing help indices
*** copying figures
** building package indices
** installing vignettes
** testing if installed package can be loaded
* SHA256 sums
* creating tarball
packaged installation of ‘sketchR’ as ‘sketchR_1.9.1_R_x86_64-pc-linux-gnu.tar.gz’
* DONE (sketchR)

The downloaded source packages are in
	‘/tmp/Rtmp6Mg5Af/downloaded_packages’
Old packages: 'diffobj'

real	2m23.657s
user	1m45.873s
sys	0m12.205s
