+ Rscript -e 'Sys.setenv(BIOCONDUCTOR_USE_CONTAINER_REPOSITORY=FALSE);
  p <- .libPaths();
  p <- c('\''/tmp/library'\'', '\''/mnt/library'\'', p);
  .libPaths(p);
  if(BiocManager::install('\''ssize'\'', INSTALL_opts = '\''--build'\'', update = TRUE, quiet = FALSE, dependencies=TRUE, force = TRUE, keep_outputs = TRUE) %in% rownames(installed.packages())) q(status = 0) else q(status = 1)'
'getOption("repos")' replaces Bioconductor standard repositories, see
'help("repositories", package = "BiocManager")' for details.
Replacement repositories:
    CRAN: https://p3m.dev/cran/__linux__/noble/latest
Bioconductor version 3.23 (BiocManager 1.30.27), R 4.6.1 (2026-06-24)
Installing package(s) 'ssize'
also installing the dependency ‘gdata’

trying URL 'https://p3m.dev/cran/__linux__/noble/latest/src/contrib/gdata_3.0.1.tar.gz'
trying URL 'https://bioconductor.org/packages/3.23/bioc/src/contrib/ssize_1.86.0.tar.gz'
* installing *binary* package ‘gdata’ ...
* package ‘gdata’ successfully unpacked and SHA256 sums checked
* ‘gdata’ was already a binary package and will not be rebuilt
* SHA256 sums
* creating tarball
packaged installation of ‘gdata’ as ‘gdata_3.0.1_R_x86_64-pc-linux-gnu.tar.gz’
* DONE (gdata)
* installing *source* package ‘ssize’ ...
** this is package ‘ssize’ version ‘1.86.0’
** using staged installation
** R
** data
** inst
** byte-compile and prepare package for lazy loading
** help
*** installing help indices
** building package indices
** installing vignettes
** testing if installed package can be loaded from temporary location
** testing if installed package can be loaded from final location
** testing if installed package keeps a record of temporary installation path
* SHA256 sums
* creating tarball
packaged installation of ‘ssize’ as ‘ssize_1.86.0_R_x86_64-pc-linux-gnu.tar.gz’
* DONE (ssize)

The downloaded source packages are in
	‘/tmp/RtmpQwhVZK/downloaded_packages’
Old packages: 'httr2', 'pak', 'pkgdown', 'urlchecker', 'xfun', 'zip', 'MASS',
  'nlme', 'survival'

real	0m27.377s
user	0m3.941s
sys	0m2.304s
