+ Rscript -e 'Sys.setenv(BIOCONDUCTOR_USE_CONTAINER_REPOSITORY=FALSE);
  p <- .libPaths();
  p <- c('\''/tmp/library'\'', '\''/mnt/library'\'', p);
  .libPaths(p);
  if(BiocManager::install('\''Xeva'\'', INSTALL_opts = '\''--build'\'', update = TRUE, quiet = FALSE, dependencies=TRUE, force = TRUE, keep_outputs = TRUE) %in% rownames(installed.packages())) q(status = 0) else q(status = 1)'
'getOption("repos")' replaces Bioconductor standard repositories, see
'help("repositories", package = "BiocManager")' for details.
Replacement repositories:
    CRAN: https://p3m.dev/cran/__linux__/noble/latest
Bioconductor version 3.24 (BiocManager 1.30.27), R 4.6.1 (2026-06-24)
Installing package(s) 'Xeva'
also installing the dependency ‘Rmisc’

trying URL 'https://p3m.dev/cran/__linux__/noble/latest/src/contrib/Rmisc_1.5.1.tar.gz'
trying URL 'https://bioconductor.org/packages/3.24/bioc/src/contrib/Xeva_1.29.0.tar.gz'
* installing *binary* package ‘Rmisc’ ...
* package ‘Rmisc’ successfully unpacked and SHA256 sums checked
* ‘Rmisc’ was already a binary package and will not be rebuilt
* SHA256 sums
* creating tarball
packaged installation of ‘Rmisc’ as ‘Rmisc_1.5.1_R_x86_64-pc-linux-gnu.tar.gz’
* DONE (Rmisc)
* installing *source* package ‘Xeva’ ...
** this is package ‘Xeva’ version ‘1.29.0’
** package ‘Xeva’ successfully unpacked and MD5 sums checked
** using staged installation
** R
** data
** inst
** byte-compile and prepare package for lazy loading
** help
*** installing help indices
** building package indices
** installing vignettes
** testing if installed package can be loaded from temporary location
** testing if installed package can be loaded from final location
** testing if installed package keeps a record of temporary installation path
* SHA256 sums
* creating tarball
packaged installation of ‘Xeva’ as ‘Xeva_1.29.0_R_x86_64-pc-linux-gnu.tar.gz’
* DONE (Xeva)

The downloaded source packages are in
	‘/tmp/RtmpjDaYWk/downloaded_packages’
Old packages: 'diffobj'

real	0m50.372s
user	0m37.641s
sys	0m5.622s
