+ Rscript -e 'Sys.setenv(BIOCONDUCTOR_USE_CONTAINER_REPOSITORY=FALSE);
  p <- .libPaths();
  p <- c('\''/tmp/library'\'', '\''/mnt/library'\'', p);
  .libPaths(p);
  if(BiocManager::install('\''RJMCMCNucleosomes'\'', INSTALL_opts = '\''--build'\'', update = TRUE, quiet = FALSE, dependencies=TRUE, force = TRUE, keep_outputs = TRUE) %in% rownames(installed.packages())) q(status = 0) else q(status = 1)'
'getOption("repos")' replaces Bioconductor standard repositories, see
'help("repositories", package = "BiocManager")' for details.
Replacement repositories:
    CRAN: https://p3m.dev/cran/__linux__/noble/latest
Bioconductor version 3.23 (BiocManager 1.30.27), R 4.6.1 (2026-06-24)
Installing package(s) 'RJMCMCNucleosomes'
trying URL 'https://bioconductor.org/packages/3.23/bioc/src/contrib/RJMCMCNucleosomes_1.36.0.tar.gz'
Content type 'application/x-gzip' length 581954 bytes (568 KB)
==================================================
downloaded 568 KB

* installing *source* package ‘RJMCMCNucleosomes’ ...
** this is package ‘RJMCMCNucleosomes’ version ‘1.36.0’
** using staged installation
** libs
using C compiler: ‘gcc (Ubuntu 13.3.0-6ubuntu2~24.04.1) 13.3.0’
using C++ compiler: ‘g++ (Ubuntu 13.3.0-6ubuntu2~24.04.1) 13.3.0’
g++ -std=gnu++20 -I"/usr/local/lib/R/include" -DNDEBUG `gsl-config --cflags` -I'/usr/local/lib/R/site-library/Rcpp/include' -I/usr/local/include    -fpic  -g -O2 -fstack-protector-strong -Wformat -Werror=format-security -Wdate-time -D_FORTIFY_SOURCE=2 -g   -c NucleoDirichlet.cpp -o NucleoDirichlet.o
g++ -std=gnu++20 -I"/usr/local/lib/R/include" -DNDEBUG `gsl-config --cflags` -I'/usr/local/lib/R/site-library/Rcpp/include' -I/usr/local/include    -fpic  -g -O2 -fstack-protector-strong -Wformat -Werror=format-security -Wdate-time -D_FORTIFY_SOURCE=2 -g   -c NucleoDirichletPA.cpp -o NucleoDirichletPA.o
g++ -std=gnu++20 -I"/usr/local/lib/R/include" -DNDEBUG `gsl-config --cflags` -I'/usr/local/lib/R/site-library/Rcpp/include' -I/usr/local/include    -fpic  -g -O2 -fstack-protector-strong -Wformat -Werror=format-security -Wdate-time -D_FORTIFY_SOURCE=2 -g   -c Nucleosome.cpp -o Nucleosome.o
gcc -std=gnu2x -I"/usr/local/lib/R/include" -DNDEBUG `gsl-config --cflags` -I'/usr/local/lib/R/site-library/Rcpp/include' -I/usr/local/include    -fpic  -g -O2 -fstack-protector-strong -Wformat -Werror=format-security -Wdate-time -D_FORTIFY_SOURCE=2 -g  -c RJMCMCNucleosomes_init.c -o RJMCMCNucleosomes_init.o
g++ -std=gnu++20 -I"/usr/local/lib/R/include" -DNDEBUG `gsl-config --cflags` -I'/usr/local/lib/R/site-library/Rcpp/include' -I/usr/local/include    -fpic  -g -O2 -fstack-protector-strong -Wformat -Werror=format-security -Wdate-time -D_FORTIFY_SOURCE=2 -g   -c RcppExports.cpp -o RcppExports.o
g++ -std=gnu++20 -I"/usr/local/lib/R/include" -DNDEBUG `gsl-config --cflags` -I'/usr/local/lib/R/site-library/Rcpp/include' -I/usr/local/include    -fpic  -g -O2 -fstack-protector-strong -Wformat -Werror=format-security -Wdate-time -D_FORTIFY_SOURCE=2 -g   -c SegmentSeq.cpp -o SegmentSeq.o
g++ -std=gnu++20 -I"/usr/local/lib/R/include" -DNDEBUG `gsl-config --cflags` -I'/usr/local/lib/R/site-library/Rcpp/include' -I/usr/local/include    -fpic  -g -O2 -fstack-protector-strong -Wformat -Werror=format-security -Wdate-time -D_FORTIFY_SOURCE=2 -g   -c rjmcmcNucleo.cpp -o rjmcmcNucleo.o
g++ -std=gnu++20 -shared -L/usr/local/lib/R/lib -L/usr/local/lib -o RJMCMCNucleosomes.so NucleoDirichlet.o NucleoDirichletPA.o Nucleosome.o RJMCMCNucleosomes_init.o RcppExports.o SegmentSeq.o rjmcmcNucleo.o -L/usr/lib/x86_64-linux-gnu -lgsl -lgslcblas -lm -L/usr/local/lib/R/lib -lR
installing to /tmp/library/00LOCK-RJMCMCNucleosomes/00new/RJMCMCNucleosomes/libs
** R
** data
** inst
** byte-compile and prepare package for lazy loading
** help
*** installing help indices
** building package indices
** installing vignettes
** testing if installed package can be loaded from temporary location
** checking absolute paths in shared objects and dynamic libraries
** testing if installed package can be loaded from final location
** testing if installed package keeps a record of temporary installation path
* SHA256 sums
* creating tarball
packaged installation of ‘RJMCMCNucleosomes’ as ‘RJMCMCNucleosomes_1.36.0_R_x86_64-pc-linux-gnu.tar.gz’
* DONE (RJMCMCNucleosomes)

The downloaded source packages are in
	‘/tmp/Rtmpe6WruK/downloaded_packages’
Old packages: 'httr2', 'pak', 'pkgdown', 'urlchecker', 'xfun', 'zip', 'MASS',
  'nlme', 'survival'

real	1m0.658s
user	0m47.731s
sys	0m7.135s
