+ Rscript -e 'Sys.setenv(BIOCONDUCTOR_USE_CONTAINER_REPOSITORY=FALSE);
  p <- .libPaths();
  p <- c('\''/tmp/library'\'', '\''/mnt/library'\'', p);
  .libPaths(p);
  if(BiocManager::install('\''mastR'\'', INSTALL_opts = '\''--build'\'', update = TRUE, quiet = FALSE, dependencies=TRUE, force = TRUE, keep_outputs = TRUE) %in% rownames(installed.packages())) q(status = 0) else q(status = 1)'
'getOption("repos")' replaces Bioconductor standard repositories, see
'help("repositories", package = "BiocManager")' for details.
Replacement repositories:
    CRAN: https://p3m.dev/cran/__linux__/noble/latest
Bioconductor version 3.24 (BiocManager 1.30.27), R 4.6.1 (2026-06-24)
Installing package(s) 'mastR'
also installing the dependencies ‘RobustRankAggreg’, ‘singscore’

trying URL 'https://p3m.dev/cran/__linux__/noble/latest/src/contrib/RobustRankAggreg_1.2.1.tar.gz'
trying URL 'https://bioconductor.org/packages/3.24/bioc/src/contrib/singscore_1.33.0.tar.gz'
trying URL 'https://bioconductor.org/packages/3.24/bioc/src/contrib/mastR_1.13.1.tar.gz'
* installing *binary* package ‘RobustRankAggreg’ ...
* package ‘RobustRankAggreg’ successfully unpacked and SHA256 sums checked
* ‘RobustRankAggreg’ was already a binary package and will not be rebuilt
* SHA256 sums
* creating tarball
packaged installation of ‘RobustRankAggreg’ as ‘RobustRankAggreg_1.2.1_R_x86_64-pc-linux-gnu.tar.gz’
* DONE (RobustRankAggreg)
* installing *source* package ‘singscore’ ...
** this is package ‘singscore’ version ‘1.33.0’
** package ‘singscore’ successfully unpacked and MD5 sums checked
** using staged installation
Warning in person1(given = given[[i]], family = family[[i]], middle = middle[[i]],  :
  It is recommended to use ‘given’ instead of ‘middle’.
** R
** data
*** moving datasets to lazyload DB
** inst
** byte-compile and prepare package for lazy loading
** help
*** installing help indices
*** copying figures
** building package indices
** installing vignettes
** testing if installed package can be loaded from temporary location
** testing if installed package can be loaded from final location
** testing if installed package keeps a record of temporary installation path
* SHA256 sums
* creating tarball
packaged installation of ‘singscore’ as ‘singscore_1.33.0_R_x86_64-pc-linux-gnu.tar.gz’
* DONE (singscore)
* installing *source* package ‘mastR’ ...
** this is package ‘mastR’ version ‘1.13.1’
** package ‘mastR’ successfully unpacked and MD5 sums checked
** using staged installation
** R
** data
** inst
** byte-compile and prepare package for lazy loading
** help
*** installing help indices
*** copying figures
** building package indices
** installing vignettes
** testing if installed package can be loaded from temporary location
** testing if installed package can be loaded from final location
** testing if installed package keeps a record of temporary installation path
* SHA256 sums
* creating tarball
packaged installation of ‘mastR’ as ‘mastR_1.13.1_R_x86_64-pc-linux-gnu.tar.gz’
* DONE (mastR)

The downloaded source packages are in
	‘/tmp/RtmpihoPkQ/downloaded_packages’
Old packages: 'diffobj'

real	1m39.493s
user	1m11.279s
sys	0m8.683s
