+ Rscript -e 'Sys.setenv(BIOCONDUCTOR_USE_CONTAINER_REPOSITORY=FALSE);
  p <- .libPaths();
  p <- c('\''/tmp/library'\'', '\''/mnt/library'\'', p);
  .libPaths(p);
  if(BiocManager::install('\''SparseSignatures'\'', INSTALL_opts = '\''--build'\'', update = TRUE, quiet = FALSE, dependencies=TRUE, force = TRUE, keep_outputs = TRUE) %in% rownames(installed.packages())) q(status = 0) else q(status = 1)'
'getOption("repos")' replaces Bioconductor standard repositories, see
'help("repositories", package = "BiocManager")' for details.
Replacement repositories:
    CRAN: https://p3m.dev/cran/__linux__/noble/latest
Bioconductor version 3.24 (BiocManager 1.30.27), R 4.6.1 (2026-06-24)
Installing package(s) 'SparseSignatures'
also installing the dependencies ‘nnlasso’, ‘BSgenome.Hsapiens.1000genomes.hs37d5’

trying URL 'https://p3m.dev/cran/__linux__/noble/latest/src/contrib/nnlasso_0.3.tar.gz'
trying URL 'https://bioconductor.org/packages/3.24/data/annotation/src/contrib/BSgenome.Hsapiens.1000genomes.hs37d5_0.99.1.tar.gz'
trying URL 'https://bioconductor.org/packages/3.24/bioc/src/contrib/SparseSignatures_2.23.0.tar.gz'
* installing *binary* package ‘nnlasso’ ...
* package ‘nnlasso’ successfully unpacked and SHA256 sums checked
* ‘nnlasso’ was already a binary package and will not be rebuilt
* SHA256 sums
* creating tarball
packaged installation of ‘nnlasso’ as ‘nnlasso_0.3_R_x86_64-pc-linux-gnu.tar.gz’
* DONE (nnlasso)
* installing *source* package ‘BSgenome.Hsapiens.1000genomes.hs37d5’ ...
** this is package ‘BSgenome.Hsapiens.1000genomes.hs37d5’ version ‘0.99.1’
** using staged installation
** R
** inst
** byte-compile and prepare package for lazy loading
** help
*** installing help indices
** building package indices
** testing if installed package can be loaded from temporary location
** testing if installed package can be loaded from final location
** testing if installed package keeps a record of temporary installation path
* SHA256 sums
* creating tarball
packaged installation of ‘BSgenome.Hsapiens.1000genomes.hs37d5’ as ‘BSgenome.Hsapiens.1000genomes.hs37d5_0.99.1_R_x86_64-pc-linux-gnu.tar.gz’
* DONE (BSgenome.Hsapiens.1000genomes.hs37d5)
* installing *source* package ‘SparseSignatures’ ...
** this is package ‘SparseSignatures’ version ‘2.23.0’
** package ‘SparseSignatures’ successfully unpacked and MD5 sums checked
** using staged installation
** R
** data
** inst
** byte-compile and prepare package for lazy loading
** help
*** installing help indices
** building package indices
** installing vignettes
** testing if installed package can be loaded from temporary location
** testing if installed package can be loaded from final location
** testing if installed package keeps a record of temporary installation path
* SHA256 sums
* creating tarball
packaged installation of ‘SparseSignatures’ as ‘SparseSignatures_2.23.0_R_x86_64-pc-linux-gnu.tar.gz’
* DONE (SparseSignatures)

The downloaded source packages are in
	‘/tmp/RtmpQGlbdL/downloaded_packages’
Old packages: 'diffobj'

real	2m47.044s
user	2m6.951s
sys	0m14.252s
