+ Rscript -e 'Sys.setenv(BIOCONDUCTOR_USE_CONTAINER_REPOSITORY=FALSE);
  p <- .libPaths();
  p <- c('\''/tmp/library'\'', '\''/mnt/library'\'', p);
  .libPaths(p);
  if(BiocManager::install('\''SEraster'\'', INSTALL_opts = '\''--build'\'', update = TRUE, quiet = FALSE, dependencies=TRUE, force = TRUE, keep_outputs = TRUE) %in% rownames(installed.packages())) q(status = 0) else q(status = 1)'
'getOption("repos")' replaces Bioconductor standard repositories, see
'help("repositories", package = "BiocManager")' for details.
Replacement repositories:
    CRAN: https://p3m.dev/cran/__linux__/noble/latest
Bioconductor version 3.24 (BiocManager 1.30.27), R 4.6.1 (2026-06-24)
Installing package(s) 'SEraster'
also installing the dependencies ‘BRISC’, ‘CooccurrenceAffinity’, ‘nnSVG’

trying URL 'https://p3m.dev/cran/__linux__/noble/latest/src/contrib/BRISC_1.0.6.tar.gz'
trying URL 'https://p3m.dev/cran/__linux__/noble/latest/src/contrib/CooccurrenceAffinity_2.0.0.tar.gz'
trying URL 'https://bioconductor.org/packages/3.24/bioc/src/contrib/nnSVG_1.17.1.tar.gz'
trying URL 'https://bioconductor.org/packages/3.24/bioc/src/contrib/SEraster_1.5.0.tar.gz'
* installing *binary* package ‘BRISC’ ...
* package ‘BRISC’ successfully unpacked and SHA256 sums checked
* ‘BRISC’ was already a binary package and will not be rebuilt
* SHA256 sums
* creating tarball
packaged installation of ‘BRISC’ as ‘BRISC_1.0.6_R_x86_64-pc-linux-gnu.tar.gz’
* DONE (BRISC)
* installing *binary* package ‘CooccurrenceAffinity’ ...
* package ‘CooccurrenceAffinity’ successfully unpacked and SHA256 sums checked
* ‘CooccurrenceAffinity’ was already a binary package and will not be rebuilt
* SHA256 sums
* creating tarball
packaged installation of ‘CooccurrenceAffinity’ as ‘CooccurrenceAffinity_2.0.0_R_x86_64-pc-linux-gnu.tar.gz’
* DONE (CooccurrenceAffinity)
* installing *source* package ‘SEraster’ ...
** this is package ‘SEraster’ version ‘1.5.0’
** package ‘SEraster’ successfully unpacked and MD5 sums checked
** using staged installation
** R
** data
** inst
** byte-compile and prepare package for lazy loading
** help
*** installing help indices
** building package indices
** installing vignettes
** testing if installed package can be loaded from temporary location
** testing if installed package can be loaded from final location
** testing if installed package keeps a record of temporary installation path
* SHA256 sums
* creating tarball
packaged installation of ‘SEraster’ as ‘SEraster_1.5.0_R_x86_64-pc-linux-gnu.tar.gz’
* DONE (SEraster)
* installing *source* package ‘nnSVG’ ...
** this is package ‘nnSVG’ version ‘1.17.1’
** package ‘nnSVG’ successfully unpacked and MD5 sums checked
** using staged installation
** R
** inst
** byte-compile and prepare package for lazy loading
** help
*** installing help indices
** building package indices
** installing vignettes
** testing if installed package can be loaded from temporary location
** testing if installed package can be loaded from final location
** testing if installed package keeps a record of temporary installation path
* SHA256 sums
* creating tarball
packaged installation of ‘nnSVG’ as ‘nnSVG_1.17.1_R_x86_64-pc-linux-gnu.tar.gz’
* DONE (nnSVG)

The downloaded source packages are in
	‘/tmp/Rtmp9acNeV/downloaded_packages’

real	0m59.186s
user	0m49.198s
sys	0m6.730s
