+ Rscript -e 'Sys.setenv(BIOCONDUCTOR_USE_CONTAINER_REPOSITORY=FALSE);
  p <- .libPaths();
  p <- c('\''/tmp/library'\'', '\''/mnt/library'\'', p);
  .libPaths(p);
  if(BiocManager::install('\''ChromSCape'\'', INSTALL_opts = '\''--build'\'', update = TRUE, quiet = FALSE, dependencies=TRUE, force = TRUE, keep_outputs = TRUE) %in% rownames(installed.packages())) q(status = 0) else q(status = 1)'
'getOption("repos")' replaces Bioconductor standard repositories, see
'help("repositories", package = "BiocManager")' for details.
Replacement repositories:
    CRAN: https://p3m.dev/cran/__linux__/noble/latest
Bioconductor version 3.24 (BiocManager 1.30.27), R 4.6.1 (2026-06-24)
Installing package(s) 'ChromSCape'
also installing the dependency ‘qualV’

trying URL 'https://p3m.dev/cran/__linux__/noble/latest/src/contrib/qualV_0.3-5.tar.gz'
trying URL 'https://bioconductor.org/packages/3.24/bioc/src/contrib/ChromSCape_1.23.0.tar.gz'
* installing *binary* package ‘qualV’ ...
* package ‘qualV’ successfully unpacked and SHA256 sums checked
* ‘qualV’ was already a binary package and will not be rebuilt
* SHA256 sums
* creating tarball
packaged installation of ‘qualV’ as ‘qualV_0.3-5_R_x86_64-pc-linux-gnu.tar.gz’
* DONE (qualV)
* installing *source* package ‘ChromSCape’ ...
** this is package ‘ChromSCape’ version ‘1.23.0’
** package ‘ChromSCape’ successfully unpacked and MD5 sums checked
** using staged installation
** libs
using C++ compiler: ‘g++ (Ubuntu 13.3.0-6ubuntu2~24.04.1) 13.3.0’
g++ -std=gnu++20 -I"/usr/local/lib/R/include" -DNDEBUG  -I'/usr/local/lib/R/site-library/Rcpp/include' -I/usr/local/include    -fpic  -g -O2 -fstack-protector-strong -Wformat -Werror=format-security -Wdate-time -D_FORTIFY_SOURCE=2 -g   -c RcppExports.cpp -o RcppExports.o
g++ -std=gnu++20 -I"/usr/local/lib/R/include" -DNDEBUG  -I'/usr/local/lib/R/site-library/Rcpp/include' -I/usr/local/include    -fpic  -g -O2 -fstack-protector-strong -Wformat -Werror=format-security -Wdate-time -D_FORTIFY_SOURCE=2 -g   -c as_dist.cpp -o as_dist.o
g++ -std=gnu++20 -shared -L/usr/local/lib/R/lib -L/usr/local/lib -o ChromSCape.so RcppExports.o as_dist.o -L/usr/local/lib/R/lib -lR
installing to /tmp/library/00LOCK-ChromSCape/00new/ChromSCape/libs
** R
** data
** inst
** byte-compile and prepare package for lazy loading
** help
*** installing help indices
** building package indices
** installing vignettes
** testing if installed package can be loaded from temporary location
** checking absolute paths in shared objects and dynamic libraries
** testing if installed package can be loaded from final location
** testing if installed package keeps a record of temporary installation path
* SHA256 sums
* creating tarball
packaged installation of ‘ChromSCape’ as ‘ChromSCape_1.23.0_R_x86_64-pc-linux-gnu.tar.gz’
* DONE (ChromSCape)

The downloaded source packages are in
	‘/tmp/Rtmp6X3uaM/downloaded_packages’
Old packages: 'diffobj'

real	1m2.254s
user	0m51.631s
sys	0m6.871s
