+ Rscript -e 'Sys.setenv(BIOCONDUCTOR_USE_CONTAINER_REPOSITORY=FALSE);
  p <- .libPaths();
  p <- c('\''/tmp/library'\'', '\''/mnt/library'\'', p);
  .libPaths(p);
  if(BiocManager::install('\''kebabs'\'', INSTALL_opts = '\''--build'\'', update = TRUE, quiet = FALSE, dependencies=TRUE, force = TRUE, keep_outputs = TRUE) %in% rownames(installed.packages())) q(status = 0) else q(status = 1)'
'getOption("repos")' replaces Bioconductor standard repositories, see
'help("repositories", package = "BiocManager")' for details.
Replacement repositories:
    CRAN: https://p3m.dev/cran/__linux__/noble/latest
Bioconductor version 3.23 (BiocManager 1.30.27), R 4.6.1 (2026-06-24)
Installing package(s) 'kebabs'
also installing the dependency ‘LiblineaR’

trying URL 'https://p3m.dev/cran/__linux__/noble/latest/src/contrib/LiblineaR_2.10-24.tar.gz'
trying URL 'https://bioconductor.org/packages/3.23/bioc/src/contrib/kebabs_1.46.0.tar.gz'
* installing *binary* package ‘LiblineaR’ ...
* package ‘LiblineaR’ successfully unpacked and SHA256 sums checked
* ‘LiblineaR’ was already a binary package and will not be rebuilt
* SHA256 sums
* creating tarball
packaged installation of ‘LiblineaR’ as ‘LiblineaR_2.10-24_R_x86_64-pc-linux-gnu.tar.gz’
* DONE (LiblineaR)
* installing *source* package ‘kebabs’ ...
** this is package ‘kebabs’ version ‘1.46.0’
** using staged installation
** libs
using C compiler: ‘gcc (Ubuntu 13.3.0-6ubuntu2~24.04.1) 13.3.0’
using C++ compiler: ‘g++ (Ubuntu 13.3.0-6ubuntu2~24.04.1) 13.3.0’
gcc -std=gnu2x -I"/usr/local/lib/R/include" -DNDEBUG -DSTRICT_R_HEADERS -I'/mnt/library/IRanges/include' -I'/mnt/library/XVector/include' -I'/mnt/library/Biostrings/include' -I'/usr/local/lib/R/site-library/Rcpp/include' -I'/mnt/library/S4Vectors/include' -I/usr/local/include    -fpic  -g -O2 -fstack-protector-strong -Wformat -Werror=format-security -Wdate-time -D_FORTIFY_SOURCE=2 -g  -c Biostrings_stubs.c -o Biostrings_stubs.o
gcc -std=gnu2x -I"/usr/local/lib/R/include" -DNDEBUG -DSTRICT_R_HEADERS -I'/mnt/library/IRanges/include' -I'/mnt/library/XVector/include' -I'/mnt/library/Biostrings/include' -I'/usr/local/lib/R/site-library/Rcpp/include' -I'/mnt/library/S4Vectors/include' -I/usr/local/include    -fpic  -g -O2 -fstack-protector-strong -Wformat -Werror=format-security -Wdate-time -D_FORTIFY_SOURCE=2 -g  -c ByteStringVector.c -o ByteStringVector.o
g++ -std=gnu++20 -I"/usr/local/lib/R/include" -DNDEBUG -DSTRICT_R_HEADERS -I'/mnt/library/IRanges/include' -I'/mnt/library/XVector/include' -I'/mnt/library/Biostrings/include' -I'/usr/local/lib/R/site-library/Rcpp/include' -I'/mnt/library/S4Vectors/include' -I/usr/local/include    -fpic  -g -O2 -fstack-protector-strong -Wformat -Werror=format-security -Wdate-time -D_FORTIFY_SOURCE=2 -g   -c ExplicitRepC.cpp -o ExplicitRepC.o
g++ -std=gnu++20 -I"/usr/local/lib/R/include" -DNDEBUG -DSTRICT_R_HEADERS -I'/mnt/library/IRanges/include' -I'/mnt/library/XVector/include' -I'/mnt/library/Biostrings/include' -I'/usr/local/lib/R/site-library/Rcpp/include' -I'/mnt/library/S4Vectors/include' -I/usr/local/include    -fpic  -g -O2 -fstack-protector-strong -Wformat -Werror=format-security -Wdate-time -D_FORTIFY_SOURCE=2 -g   -c FeatureWeightsPosDepC.cpp -o FeatureWeightsPosDepC.o
g++ -std=gnu++20 -I"/usr/local/lib/R/include" -DNDEBUG -DSTRICT_R_HEADERS -I'/mnt/library/IRanges/include' -I'/mnt/library/XVector/include' -I'/mnt/library/Biostrings/include' -I'/usr/local/lib/R/site-library/Rcpp/include' -I'/mnt/library/S4Vectors/include' -I/usr/local/include    -fpic  -g -O2 -fstack-protector-strong -Wformat -Werror=format-security -Wdate-time -D_FORTIFY_SOURCE=2 -g   -c GappyPairC.cpp -o GappyPairC.o
gcc -std=gnu2x -I"/usr/local/lib/R/include" -DNDEBUG -DSTRICT_R_HEADERS -I'/mnt/library/IRanges/include' -I'/mnt/library/XVector/include' -I'/mnt/library/Biostrings/include' -I'/usr/local/lib/R/site-library/Rcpp/include' -I'/mnt/library/S4Vectors/include' -I/usr/local/include    -fpic  -g -O2 -fstack-protector-strong -Wformat -Werror=format-security -Wdate-time -D_FORTIFY_SOURCE=2 -g  -c IRanges_stubs.c -o IRanges_stubs.o
g++ -std=gnu++20 -I"/usr/local/lib/R/include" -DNDEBUG -DSTRICT_R_HEADERS -I'/mnt/library/IRanges/include' -I'/mnt/library/XVector/include' -I'/mnt/library/Biostrings/include' -I'/usr/local/lib/R/site-library/Rcpp/include' -I'/mnt/library/S4Vectors/include' -I/usr/local/include    -fpic  -g -O2 -fstack-protector-strong -Wformat -Werror=format-security -Wdate-time -D_FORTIFY_SOURCE=2 -g   -c KernelUtils.cpp -o KernelUtils.o
g++ -std=gnu++20 -I"/usr/local/lib/R/include" -DNDEBUG -DSTRICT_R_HEADERS -I'/mnt/library/IRanges/include' -I'/mnt/library/XVector/include' -I'/mnt/library/Biostrings/include' -I'/usr/local/lib/R/site-library/Rcpp/include' -I'/mnt/library/S4Vectors/include' -I/usr/local/include    -fpic  -g -O2 -fstack-protector-strong -Wformat -Werror=format-security -Wdate-time -D_FORTIFY_SOURCE=2 -g   -c MismatchC.cpp -o MismatchC.o
g++ -std=gnu++20 -I"/usr/local/lib/R/include" -DNDEBUG -DSTRICT_R_HEADERS -I'/mnt/library/IRanges/include' -I'/mnt/library/XVector/include' -I'/mnt/library/Biostrings/include' -I'/usr/local/lib/R/site-library/Rcpp/include' -I'/mnt/library/S4Vectors/include' -I/usr/local/include    -fpic  -g -O2 -fstack-protector-strong -Wformat -Werror=format-security -Wdate-time -D_FORTIFY_SOURCE=2 -g   -c MotifC.cpp -o MotifC.o
g++ -std=gnu++20 -I"/usr/local/lib/R/include" -DNDEBUG -DSTRICT_R_HEADERS -I'/mnt/library/IRanges/include' -I'/mnt/library/XVector/include' -I'/mnt/library/Biostrings/include' -I'/usr/local/lib/R/site-library/Rcpp/include' -I'/mnt/library/S4Vectors/include' -I/usr/local/include    -fpic  -g -O2 -fstack-protector-strong -Wformat -Werror=format-security -Wdate-time -D_FORTIFY_SOURCE=2 -g   -c PredictionC.cpp -o PredictionC.o
g++ -std=gnu++20 -I"/usr/local/lib/R/include" -DNDEBUG -DSTRICT_R_HEADERS -I'/mnt/library/IRanges/include' -I'/mnt/library/XVector/include' -I'/mnt/library/Biostrings/include' -I'/usr/local/lib/R/site-library/Rcpp/include' -I'/mnt/library/S4Vectors/include' -I/usr/local/include    -fpic  -g -O2 -fstack-protector-strong -Wformat -Werror=format-security -Wdate-time -D_FORTIFY_SOURCE=2 -g   -c PredictionProfileC.cpp -o PredictionProfileC.o
g++ -std=gnu++20 -I"/usr/local/lib/R/include" -DNDEBUG -DSTRICT_R_HEADERS -I'/mnt/library/IRanges/include' -I'/mnt/library/XVector/include' -I'/mnt/library/Biostrings/include' -I'/usr/local/lib/R/site-library/Rcpp/include' -I'/mnt/library/S4Vectors/include' -I/usr/local/include    -fpic  -g -O2 -fstack-protector-strong -Wformat -Werror=format-security -Wdate-time -D_FORTIFY_SOURCE=2 -g   -c R_init_kebabs.cpp -o R_init_kebabs.o
gcc -std=gnu2x -I"/usr/local/lib/R/include" -DNDEBUG -DSTRICT_R_HEADERS -I'/mnt/library/IRanges/include' -I'/mnt/library/XVector/include' -I'/mnt/library/Biostrings/include' -I'/usr/local/lib/R/site-library/Rcpp/include' -I'/mnt/library/S4Vectors/include' -I/usr/local/include    -fpic  -g -O2 -fstack-protector-strong -Wformat -Werror=format-security -Wdate-time -D_FORTIFY_SOURCE=2 -g  -c Rsvm.c -o Rsvm.o
g++ -std=gnu++20 -I"/usr/local/lib/R/include" -DNDEBUG -DSTRICT_R_HEADERS -I'/mnt/library/IRanges/include' -I'/mnt/library/XVector/include' -I'/mnt/library/Biostrings/include' -I'/usr/local/lib/R/site-library/Rcpp/include' -I'/mnt/library/S4Vectors/include' -I/usr/local/include    -fpic  -g -O2 -fstack-protector-strong -Wformat -Werror=format-security -Wdate-time -D_FORTIFY_SOURCE=2 -g   -c SparseMatrixHash.cpp -o SparseMatrixHash.o
g++ -std=gnu++20 -I"/usr/local/lib/R/include" -DNDEBUG -DSTRICT_R_HEADERS -I'/mnt/library/IRanges/include' -I'/mnt/library/XVector/include' -I'/mnt/library/Biostrings/include' -I'/usr/local/lib/R/site-library/Rcpp/include' -I'/mnt/library/S4Vectors/include' -I/usr/local/include    -fpic  -g -O2 -fstack-protector-strong -Wformat -Werror=format-security -Wdate-time -D_FORTIFY_SOURCE=2 -g   -c SpectrumC.cpp -o SpectrumC.o
g++ -std=gnu++20 -I"/usr/local/lib/R/include" -DNDEBUG -DSTRICT_R_HEADERS -I'/mnt/library/IRanges/include' -I'/mnt/library/XVector/include' -I'/mnt/library/Biostrings/include' -I'/usr/local/lib/R/site-library/Rcpp/include' -I'/mnt/library/S4Vectors/include' -I/usr/local/include    -fpic  -g -O2 -fstack-protector-strong -Wformat -Werror=format-security -Wdate-time -D_FORTIFY_SOURCE=2 -g   -c SymmetricPairC.cpp -o SymmetricPairC.o
g++ -std=gnu++20 -I"/usr/local/lib/R/include" -DNDEBUG -DSTRICT_R_HEADERS -I'/mnt/library/IRanges/include' -I'/mnt/library/XVector/include' -I'/mnt/library/Biostrings/include' -I'/usr/local/lib/R/site-library/Rcpp/include' -I'/mnt/library/S4Vectors/include' -I/usr/local/include    -fpic  -g -O2 -fstack-protector-strong -Wformat -Werror=format-security -Wdate-time -D_FORTIFY_SOURCE=2 -g   -c Utils.cpp -o Utils.o
gcc -std=gnu2x -I"/usr/local/lib/R/include" -DNDEBUG -DSTRICT_R_HEADERS -I'/mnt/library/IRanges/include' -I'/mnt/library/XVector/include' -I'/mnt/library/Biostrings/include' -I'/usr/local/lib/R/site-library/Rcpp/include' -I'/mnt/library/S4Vectors/include' -I/usr/local/include    -fpic  -g -O2 -fstack-protector-strong -Wformat -Werror=format-security -Wdate-time -D_FORTIFY_SOURCE=2 -g  -c XVector_stubs.c -o XVector_stubs.o
g++ -std=gnu++20 -I"/usr/local/lib/R/include" -DNDEBUG -DSTRICT_R_HEADERS -I'/mnt/library/IRanges/include' -I'/mnt/library/XVector/include' -I'/mnt/library/Biostrings/include' -I'/usr/local/lib/R/site-library/Rcpp/include' -I'/mnt/library/S4Vectors/include' -I/usr/local/include    -fpic  -g -O2 -fstack-protector-strong -Wformat -Werror=format-security -Wdate-time -D_FORTIFY_SOURCE=2 -g   -c svm.cpp -o svm.o
g++ -std=gnu++20 -shared -L/usr/local/lib/R/lib -L/usr/local/lib -o kebabs.so Biostrings_stubs.o ByteStringVector.o ExplicitRepC.o FeatureWeightsPosDepC.o GappyPairC.o IRanges_stubs.o KernelUtils.o MismatchC.o MotifC.o PredictionC.o PredictionProfileC.o R_init_kebabs.o Rsvm.o SparseMatrixHash.o SpectrumC.o SymmetricPairC.o Utils.o XVector_stubs.o svm.o -L/usr/local/lib/R/lib -lR
installing to /tmp/library/00LOCK-kebabs/00new/kebabs/libs
** R
** data
** inst
** byte-compile and prepare package for lazy loading
** help
*** installing help indices
** building package indices
** installing vignettes
** testing if installed package can be loaded from temporary location
** checking absolute paths in shared objects and dynamic libraries
** testing if installed package can be loaded from final location
** testing if installed package keeps a record of temporary installation path
* SHA256 sums
* creating tarball
packaged installation of ‘kebabs’ as ‘kebabs_1.46.0_R_x86_64-pc-linux-gnu.tar.gz’
* DONE (kebabs)

The downloaded source packages are in
	‘/tmp/RtmpBe0Vme/downloaded_packages’
Old packages: 'httr2', 'pak', 'pkgdown', 'urlchecker', 'xfun', 'zip', 'MASS',
  'nlme', 'survival'

real	1m34.801s
user	1m21.974s
sys	0m9.291s
