+ Rscript -e 'Sys.setenv(BIOCONDUCTOR_USE_CONTAINER_REPOSITORY=FALSE);
  p <- .libPaths();
  p <- c('\''/tmp/library'\'', '\''/mnt/library'\'', p);
  .libPaths(p);
  if(BiocManager::install('\''VISTA'\'', INSTALL_opts = '\''--build'\'', update = TRUE, quiet = FALSE, dependencies=TRUE, force = TRUE, keep_outputs = TRUE) %in% rownames(installed.packages())) q(status = 0) else q(status = 1)'
'getOption("repos")' replaces Bioconductor standard repositories, see
'help("repositories", package = "BiocManager")' for details.
Replacement repositories:
    CRAN: https://p3m.dev/cran/__linux__/noble/latest
Bioconductor version 3.24 (BiocManager 1.30.27), R 4.6.1 (2026-06-24)
Installing package(s) 'VISTA'
also installing the dependencies ‘singscore’, ‘ggrain’, ‘xCell2’

trying URL 'https://bioconductor.org/packages/3.24/bioc/src/contrib/singscore_1.33.0.tar.gz'
trying URL 'https://p3m.dev/cran/__linux__/noble/latest/src/contrib/ggrain_0.1.2.tar.gz'
trying URL 'https://bioconductor.org/packages/3.24/bioc/src/contrib/xCell2_1.5.0.tar.gz'
trying URL 'https://bioconductor.org/packages/3.24/bioc/src/contrib/VISTA_1.1.0.tar.gz'
* installing *source* package ‘singscore’ ...
** this is package ‘singscore’ version ‘1.33.0’
** package ‘singscore’ successfully unpacked and MD5 sums checked
** using staged installation
Warning in person1(given = given[[i]], family = family[[i]], middle = middle[[i]],  :
  It is recommended to use ‘given’ instead of ‘middle’.
** R
** data
*** moving datasets to lazyload DB
** inst
** byte-compile and prepare package for lazy loading
** help
*** installing help indices
*** copying figures
** building package indices
** installing vignettes
** testing if installed package can be loaded from temporary location
** testing if installed package can be loaded from final location
** testing if installed package keeps a record of temporary installation path
* SHA256 sums
* creating tarball
packaged installation of ‘singscore’ as ‘singscore_1.33.0_R_x86_64-pc-linux-gnu.tar.gz’
* DONE (singscore)
* installing *binary* package ‘ggrain’ ...
* package ‘ggrain’ successfully unpacked and SHA256 sums checked
* ‘ggrain’ was already a binary package and will not be rebuilt
* SHA256 sums
* creating tarball
packaged installation of ‘ggrain’ as ‘ggrain_0.1.2_R_x86_64-pc-linux-gnu.tar.gz’
* DONE (ggrain)
* installing *source* package ‘VISTA’ ...
** this is package ‘VISTA’ version ‘1.1.0’
** package ‘VISTA’ successfully unpacked and MD5 sums checked
** using staged installation
** R
** data
** inst
** byte-compile and prepare package for lazy loading
** help
*** installing help indices
*** copying figures
** building package indices
** installing vignettes
** testing if installed package can be loaded from temporary location
** testing if installed package can be loaded from final location
** testing if installed package keeps a record of temporary installation path
* SHA256 sums
* creating tarball
packaged installation of ‘VISTA’ as ‘VISTA_1.1.0_R_x86_64-pc-linux-gnu.tar.gz’
* DONE (VISTA)
* installing *source* package ‘xCell2’ ...
** this is package ‘xCell2’ version ‘1.5.0’
** package ‘xCell2’ successfully unpacked and MD5 sums checked
** using staged installation
** R
** data
** inst
** byte-compile and prepare package for lazy loading
** help
*** installing help indices
** building package indices
** installing vignettes
** testing if installed package can be loaded from temporary location
** testing if installed package can be loaded from final location
** testing if installed package keeps a record of temporary installation path
* SHA256 sums
* creating tarball
packaged installation of ‘xCell2’ as ‘xCell2_1.5.0_R_x86_64-pc-linux-gnu.tar.gz’
* DONE (xCell2)

The downloaded source packages are in
	‘/tmp/RtmpzdrMOx/downloaded_packages’
Old packages: 'diffobj'

real	2m24.278s
user	1m43.654s
sys	0m12.666s
