+ Rscript -e 'Sys.setenv(BIOCONDUCTOR_USE_CONTAINER_REPOSITORY=FALSE);
  p <- .libPaths();
  p <- c('\''/tmp/library'\'', '\''/mnt/library'\'', p);
  .libPaths(p);
  if(BiocManager::install('\''switchBox'\'', INSTALL_opts = '\''--build'\'', update = TRUE, quiet = FALSE, dependencies=TRUE, force = TRUE, keep_outputs = TRUE) %in% rownames(installed.packages())) q(status = 0) else q(status = 1)'
'getOption("repos")' replaces Bioconductor standard repositories, see
'help("repositories", package = "BiocManager")' for details.
Replacement repositories:
    CRAN: https://p3m.dev/cran/__linux__/noble/latest
Bioconductor version 3.24 (BiocManager 1.30.27), R 4.6.1 (2026-06-24)
Installing package(s) 'switchBox'
trying URL 'https://bioconductor.org/packages/3.24/bioc/src/contrib/switchBox_1.49.0.tar.gz'
Content type 'application/x-gzip' length 485176 bytes (473 KB)
==================================================
downloaded 473 KB

* installing *source* package ‘switchBox’ ...
** this is package ‘switchBox’ version ‘1.49.0’
** package ‘switchBox’ successfully unpacked and MD5 sums checked
** using staged installation
** libs
using C compiler: ‘gcc (Ubuntu 13.3.0-6ubuntu2~24.04.1) 13.3.0’
using C++ compiler: ‘g++ (Ubuntu 13.3.0-6ubuntu2~24.04.1) 13.3.0’
g++ -std=gnu++20 -I"/usr/local/lib/R/include" -DNDEBUG   -I/usr/local/include    -fpic  -g -O2 -fstack-protector-strong -Wformat -Werror=format-security -Wdate-time -D_FORTIFY_SOURCE=2 -g   -c CalculateSignedScoreCore.cc -o CalculateSignedScoreCore.o
g++ -std=gnu++20 -I"/usr/local/lib/R/include" -DNDEBUG   -I/usr/local/include    -fpic  -g -O2 -fstack-protector-strong -Wformat -Werror=format-security -Wdate-time -D_FORTIFY_SOURCE=2 -g   -c CalculateSignedScoreCoreTieHandler.cc -o CalculateSignedScoreCoreTieHandler.o
g++ -std=gnu++20 -I"/usr/local/lib/R/include" -DNDEBUG   -I/usr/local/include    -fpic  -g -O2 -fstack-protector-strong -Wformat -Werror=format-security -Wdate-time -D_FORTIFY_SOURCE=2 -g   -c CalculateSignedScoreRestrictedPairsCore.cc -o CalculateSignedScoreRestrictedPairsCore.o
g++ -std=gnu++20 -I"/usr/local/lib/R/include" -DNDEBUG   -I/usr/local/include    -fpic  -g -O2 -fstack-protector-strong -Wformat -Werror=format-security -Wdate-time -D_FORTIFY_SOURCE=2 -g   -c CalculateSignedScoreRestrictedPairsCoreTieHandler.cc -o CalculateSignedScoreRestrictedPairsCoreTieHandler.o
gcc -std=gnu2x -I"/usr/local/lib/R/include" -DNDEBUG   -I/usr/local/include    -fpic  -g -O2 -fstack-protector-strong -Wformat -Werror=format-security -Wdate-time -D_FORTIFY_SOURCE=2 -g  -c rinit.c -o rinit.o
g++ -std=gnu++20 -I"/usr/local/lib/R/include" -DNDEBUG   -I/usr/local/include    -fpic  -g -O2 -fstack-protector-strong -Wformat -Werror=format-security -Wdate-time -D_FORTIFY_SOURCE=2 -g   -c vect2compC.cc -o vect2compC.o
g++ -std=gnu++20 -shared -L/usr/local/lib/R/lib -L/usr/local/lib -o switchBox.so CalculateSignedScoreCore.o CalculateSignedScoreCoreTieHandler.o CalculateSignedScoreRestrictedPairsCore.o CalculateSignedScoreRestrictedPairsCoreTieHandler.o rinit.o vect2compC.o -L/usr/local/lib/R/lib -lR
installing to /tmp/library/00LOCK-switchBox/00new/switchBox/libs
** R
** data
** inst
** byte-compile and prepare package for lazy loading
** help
*** installing help indices
** building package indices
** installing vignettes
** testing if installed package can be loaded from temporary location
** checking absolute paths in shared objects and dynamic libraries
** testing if installed package can be loaded from final location
** testing if installed package keeps a record of temporary installation path
* SHA256 sums
* creating tarball
packaged installation of ‘switchBox’ as ‘switchBox_1.49.0_R_x86_64-pc-linux-gnu.tar.gz’
* DONE (switchBox)

The downloaded source packages are in
	‘/tmp/RtmpaT3ade/downloaded_packages’
Old packages: 'diffobj'

real	0m19.726s
user	0m6.275s
sys	0m2.750s
