+ Rscript -e 'Sys.setenv(BIOCONDUCTOR_USE_CONTAINER_REPOSITORY=FALSE);
  p <- .libPaths();
  p <- c('\''/tmp/library'\'', '\''/mnt/library'\'', p);
  .libPaths(p);
  if(BiocManager::install('\''BicARE'\'', INSTALL_opts = '\''--build'\'', update = TRUE, quiet = FALSE, dependencies=TRUE, force = TRUE, keep_outputs = TRUE) %in% rownames(installed.packages())) q(status = 0) else q(status = 1)'
'getOption("repos")' replaces Bioconductor standard repositories, see
'help("repositories", package = "BiocManager")' for details.
Replacement repositories:
    CRAN: https://p3m.dev/cran/__linux__/noble/latest
Bioconductor version 3.24 (BiocManager 1.30.27), R 4.6.1 (2026-06-24)
Installing package(s) 'BicARE'
also installing the dependency ‘hgu95av2’

trying URL 'https://bioconductor.org/packages/3.24/data/annotation/src/contrib/hgu95av2_2.2.0.tar.gz'
trying URL 'https://bioconductor.org/packages/3.24/bioc/src/contrib/BicARE_1.71.0.tar.gz'
* installing *source* package ‘hgu95av2’ ...
** this is package ‘hgu95av2’ version ‘2.2.0’
** using staged installation
** R
** data
*** moving datasets to lazyload DB
** byte-compile and prepare package for lazy loading
** help
*** installing help indices
** building package indices
** testing if installed package can be loaded from temporary location
** testing if installed package can be loaded from final location
** testing if installed package keeps a record of temporary installation path
* SHA256 sums
* creating tarball
packaged installation of ‘hgu95av2’ as ‘hgu95av2_2.2.0_R_x86_64-pc-linux-gnu.tar.gz’
* DONE (hgu95av2)
* installing *source* package ‘BicARE’ ...
** this is package ‘BicARE’ version ‘1.71.0’
** package ‘BicARE’ successfully unpacked and MD5 sums checked
** using staged installation
** libs
using C compiler: ‘gcc (Ubuntu 13.3.0-6ubuntu2~24.04.1) 13.3.0’
gcc -std=gnu2x -I"/usr/local/lib/R/include" -DNDEBUG   -I/usr/local/include    -fpic  -g -O2 -fstack-protector-strong -Wformat -Werror=format-security -Wdate-time -D_FORTIFY_SOURCE=2 -g  -c BicARE.c -o BicARE.o
gcc -std=gnu2x -shared -L/usr/local/lib/R/lib -L/usr/local/lib -o BicARE.so BicARE.o -L/usr/local/lib/R/lib -lR
installing to /tmp/library/00LOCK-BicARE/00new/BicARE/libs
** R
** data
** inst
** byte-compile and prepare package for lazy loading
** help
*** installing help indices
** building package indices
** installing vignettes
** testing if installed package can be loaded from temporary location
** checking absolute paths in shared objects and dynamic libraries
** testing if installed package can be loaded from final location
** testing if installed package keeps a record of temporary installation path
* SHA256 sums
* creating tarball
packaged installation of ‘BicARE’ as ‘BicARE_1.71.0_R_x86_64-pc-linux-gnu.tar.gz’
* DONE (BicARE)

The downloaded source packages are in
	‘/tmp/RtmpYl9NIa/downloaded_packages’
Old packages: 'diffobj'

real	0m42.531s
user	0m24.076s
sys	0m6.091s
