+ Rscript -e 'Sys.setenv(BIOCONDUCTOR_USE_CONTAINER_REPOSITORY=FALSE);
  p <- .libPaths();
  p <- c('\''/tmp/library'\'', '\''/mnt/library'\'', p);
  .libPaths(p);
  if(BiocManager::install('\''DNEA'\'', INSTALL_opts = '\''--build'\'', update = TRUE, quiet = FALSE, dependencies=TRUE, force = TRUE, keep_outputs = TRUE) %in% rownames(installed.packages())) q(status = 0) else q(status = 1)'
'getOption("repos")' replaces Bioconductor standard repositories, see
'help("repositories", package = "BiocManager")' for details.
Replacement repositories:
    CRAN: https://p3m.dev/cran/__linux__/noble/latest
Bioconductor version 3.23 (BiocManager 1.30.27), R 4.6.1 (2026-06-24)
Installing package(s) 'DNEA'
also installing the dependency ‘netgsa’

trying URL 'https://p3m.dev/cran/__linux__/noble/latest/src/contrib/netgsa_4.0.7.tar.gz'
trying URL 'https://bioconductor.org/packages/3.23/bioc/src/contrib/DNEA_1.2.0.tar.gz'
* installing *binary* package ‘netgsa’ ...
* package ‘netgsa’ successfully unpacked and SHA256 sums checked
* ‘netgsa’ was already a binary package and will not be rebuilt
* SHA256 sums
* creating tarball
packaged installation of ‘netgsa’ as ‘netgsa_4.0.7_R_x86_64-pc-linux-gnu.tar.gz’
* DONE (netgsa)
* installing *source* package ‘DNEA’ ...
** this is package ‘DNEA’ version ‘1.2.0’
** using staged installation
** R
** data
** inst
** byte-compile and prepare package for lazy loading
** help
*** installing help indices
** building package indices
** installing vignettes
** testing if installed package can be loaded from temporary location
** testing if installed package can be loaded from final location
** testing if installed package keeps a record of temporary installation path
* SHA256 sums
* creating tarball
packaged installation of ‘DNEA’ as ‘DNEA_1.2.0_R_x86_64-pc-linux-gnu.tar.gz’
* DONE (DNEA)

The downloaded source packages are in
	‘/tmp/RtmpHJ57qv/downloaded_packages’
Old packages: 'diffobj', 'httr2', 'pak', 'pkgdown', 'urlchecker', 'xfun',
  'zip', 'MASS', 'nlme', 'survival'

real	0m52.316s
user	0m34.205s
sys	0m5.412s
