+ Rscript -e 'Sys.setenv(BIOCONDUCTOR_USE_CONTAINER_REPOSITORY=FALSE);
  p <- .libPaths();
  p <- c('\''/tmp/library'\'', '\''/mnt/library'\'', p);
  .libPaths(p);
  if(BiocManager::install('\''cola'\'', INSTALL_opts = '\''--build'\'', update = TRUE, quiet = FALSE, dependencies=TRUE, force = TRUE, keep_outputs = TRUE) %in% rownames(installed.packages())) q(status = 0) else q(status = 1)'
'getOption("repos")' replaces Bioconductor standard repositories, see
'help("repositories", package = "BiocManager")' for details.
Replacement repositories:
    CRAN: https://p3m.dev/cran/__linux__/noble/latest
Bioconductor version 3.24 (BiocManager 1.30.27), R 4.6.1 (2026-06-24)
Installing package(s) 'cola'
also installing the dependencies ‘simona’, ‘skmeans’, ‘samr’, ‘ReactomePA’, ‘hu6800.db’, ‘Polychrome’, ‘simplifyEnrichment’

trying URL 'https://bioconductor.org/packages/3.24/bioc/src/contrib/simona_1.11.0.tar.gz'
trying URL 'https://p3m.dev/cran/__linux__/noble/latest/src/contrib/skmeans_0.2-20.tar.gz'
trying URL 'https://p3m.dev/cran/__linux__/noble/latest/src/contrib/samr_3.0.1.tar.gz'
trying URL 'https://bioconductor.org/packages/3.24/bioc/src/contrib/ReactomePA_1.57.0.tar.gz'
trying URL 'https://bioconductor.org/packages/3.24/data/annotation/src/contrib/hu6800.db_3.13.0.tar.gz'
trying URL 'https://p3m.dev/cran/__linux__/noble/latest/src/contrib/Polychrome_1.6.1.tar.gz'
trying URL 'https://bioconductor.org/packages/3.24/bioc/src/contrib/simplifyEnrichment_2.7.0.tar.gz'
trying URL 'https://bioconductor.org/packages/3.24/bioc/src/contrib/cola_2.19.0.tar.gz'
* installing *binary* package ‘skmeans’ ...
* package ‘skmeans’ successfully unpacked and SHA256 sums checked
* ‘skmeans’ was already a binary package and will not be rebuilt
* SHA256 sums
* creating tarball
packaged installation of ‘skmeans’ as ‘skmeans_0.2-20_R_x86_64-pc-linux-gnu.tar.gz’
* DONE (skmeans)
* installing *binary* package ‘samr’ ...
* package ‘samr’ successfully unpacked and SHA256 sums checked
* ‘samr’ was already a binary package and will not be rebuilt
* SHA256 sums
* creating tarball
packaged installation of ‘samr’ as ‘samr_3.0.1_R_x86_64-pc-linux-gnu.tar.gz’
* DONE (samr)
* installing *source* package ‘ReactomePA’ ...
** this is package ‘ReactomePA’ version ‘1.57.0’
** package ‘ReactomePA’ successfully unpacked and MD5 sums checked
** using staged installation
** R
** inst
** byte-compile and prepare package for lazy loading
** help
*** installing help indices
** building package indices
** installing vignettes
** testing if installed package can be loaded from temporary location
** testing if installed package can be loaded from final location
** testing if installed package keeps a record of temporary installation path
* SHA256 sums
* creating tarball
packaged installation of ‘ReactomePA’ as ‘ReactomePA_1.57.0_R_x86_64-pc-linux-gnu.tar.gz’
* DONE (ReactomePA)
* installing *source* package ‘hu6800.db’ ...
** this is package ‘hu6800.db’ version ‘3.13.0’
** using staged installation
** R
** inst
** byte-compile and prepare package for lazy loading
** help
*** installing help indices
** building package indices
** testing if installed package can be loaded from temporary location
** testing if installed package can be loaded from final location
** testing if installed package keeps a record of temporary installation path
* SHA256 sums
* creating tarball
packaged installation of ‘hu6800.db’ as ‘hu6800.db_3.13.0_R_x86_64-pc-linux-gnu.tar.gz’
* DONE (hu6800.db)
* installing *binary* package ‘Polychrome’ ...
* package ‘Polychrome’ successfully unpacked and SHA256 sums checked
* ‘Polychrome’ was already a binary package and will not be rebuilt
* SHA256 sums
* creating tarball
packaged installation of ‘Polychrome’ as ‘Polychrome_1.6.1_R_x86_64-pc-linux-gnu.tar.gz’
* DONE (Polychrome)
* installing *source* package ‘simona’ ...
** this is package ‘simona’ version ‘1.11.0’
** package ‘simona’ successfully unpacked and MD5 sums checked
** using staged installation
** libs
specified C++11
using C++ compiler: ‘g++ (Ubuntu 13.3.0-6ubuntu2~24.04.1) 13.3.0’
g++ -std=gnu++20 -I"/usr/local/lib/R/include" -DNDEBUG  -I'/usr/local/lib/R/site-library/Rcpp/include' -I/usr/local/include    -fpic  -g -O2 -fstack-protector-strong -Wformat -Werror=format-security -Wdate-time -D_FORTIFY_SOURCE=2 -g   -c RcppExports.cpp -o RcppExports.o
g++ -std=gnu++20 -I"/usr/local/lib/R/include" -DNDEBUG  -I'/usr/local/lib/R/site-library/Rcpp/include' -I/usr/local/include    -fpic  -g -O2 -fstack-protector-strong -Wformat -Werror=format-security -Wdate-time -D_FORTIFY_SOURCE=2 -g   -c annotation.cpp -o annotation.o
g++ -std=gnu++20 -I"/usr/local/lib/R/include" -DNDEBUG  -I'/usr/local/lib/R/site-library/Rcpp/include' -I/usr/local/include    -fpic  -g -O2 -fstack-protector-strong -Wformat -Werror=format-security -Wdate-time -D_FORTIFY_SOURCE=2 -g   -c common_ancestor.cpp -o common_ancestor.o
g++ -std=gnu++20 -I"/usr/local/lib/R/include" -DNDEBUG  -I'/usr/local/lib/R/site-library/Rcpp/include' -I/usr/local/include    -fpic  -g -O2 -fstack-protector-strong -Wformat -Werror=format-security -Wdate-time -D_FORTIFY_SOURCE=2 -g   -c dist.cpp -o dist.o
g++ -std=gnu++20 -I"/usr/local/lib/R/include" -DNDEBUG  -I'/usr/local/lib/R/site-library/Rcpp/include' -I/usr/local/include    -fpic  -g -O2 -fstack-protector-strong -Wformat -Werror=format-security -Wdate-time -D_FORTIFY_SOURCE=2 -g   -c intersectToList_logical.cpp -o intersectToList_logical.o
g++ -std=gnu++20 -I"/usr/local/lib/R/include" -DNDEBUG  -I'/usr/local/lib/R/site-library/Rcpp/include' -I/usr/local/include    -fpic  -g -O2 -fstack-protector-strong -Wformat -Werror=format-security -Wdate-time -D_FORTIFY_SOURCE=2 -g   -c partition.cpp -o partition.o
g++ -std=gnu++20 -I"/usr/local/lib/R/include" -DNDEBUG  -I'/usr/local/lib/R/site-library/Rcpp/include' -I/usr/local/include    -fpic  -g -O2 -fstack-protector-strong -Wformat -Werror=format-security -Wdate-time -D_FORTIFY_SOURCE=2 -g   -c permutation.cpp -o permutation.o
g++ -std=gnu++20 -I"/usr/local/lib/R/include" -DNDEBUG  -I'/usr/local/lib/R/site-library/Rcpp/include' -I/usr/local/include    -fpic  -g -O2 -fstack-protector-strong -Wformat -Werror=format-security -Wdate-time -D_FORTIFY_SOURCE=2 -g   -c plot.cpp -o plot.o
g++ -std=gnu++20 -I"/usr/local/lib/R/include" -DNDEBUG  -I'/usr/local/lib/R/site-library/Rcpp/include' -I/usr/local/include    -fpic  -g -O2 -fstack-protector-strong -Wformat -Werror=format-security -Wdate-time -D_FORTIFY_SOURCE=2 -g   -c reorder.cpp -o reorder.o
g++ -std=gnu++20 -I"/usr/local/lib/R/include" -DNDEBUG  -I'/usr/local/lib/R/site-library/Rcpp/include' -I/usr/local/include    -fpic  -g -O2 -fstack-protector-strong -Wformat -Werror=format-security -Wdate-time -D_FORTIFY_SOURCE=2 -g   -c sim.cpp -o sim.o
g++ -std=gnu++20 -I"/usr/local/lib/R/include" -DNDEBUG  -I'/usr/local/lib/R/site-library/Rcpp/include' -I/usr/local/include    -fpic  -g -O2 -fstack-protector-strong -Wformat -Werror=format-security -Wdate-time -D_FORTIFY_SOURCE=2 -g   -c term.cpp -o term.o
g++ -std=gnu++20 -I"/usr/local/lib/R/include" -DNDEBUG  -I'/usr/local/lib/R/site-library/Rcpp/include' -I/usr/local/include    -fpic  -g -O2 -fstack-protector-strong -Wformat -Werror=format-security -Wdate-time -D_FORTIFY_SOURCE=2 -g   -c traverse.cpp -o traverse.o
g++ -std=gnu++20 -I"/usr/local/lib/R/include" -DNDEBUG  -I'/usr/local/lib/R/site-library/Rcpp/include' -I/usr/local/include    -fpic  -g -O2 -fstack-protector-strong -Wformat -Werror=format-security -Wdate-time -D_FORTIFY_SOURCE=2 -g   -c tree.cpp -o tree.o
g++ -std=gnu++20 -I"/usr/local/lib/R/include" -DNDEBUG  -I'/usr/local/lib/R/site-library/Rcpp/include' -I/usr/local/include    -fpic  -g -O2 -fstack-protector-strong -Wformat -Werror=format-security -Wdate-time -D_FORTIFY_SOURCE=2 -g   -c utils.cpp -o utils.o
g++ -std=gnu++20 -shared -L/usr/local/lib/R/lib -L/usr/local/lib -o simona.so RcppExports.o annotation.o common_ancestor.o dist.o intersectToList_logical.o partition.o permutation.o plot.o reorder.o sim.o term.o traverse.o tree.o utils.o -L/usr/local/lib/R/lib -lR
installing to /tmp/library/00LOCK-simona/00new/simona/libs
** R
** inst
** byte-compile and prepare package for lazy loading
** help
*** installing help indices
** building package indices
** installing vignettes
** testing if installed package can be loaded from temporary location
** checking absolute paths in shared objects and dynamic libraries
** testing if installed package can be loaded from final location
** testing if installed package keeps a record of temporary installation path
* SHA256 sums
* creating tarball
packaged installation of ‘simona’ as ‘simona_1.11.0_R_x86_64-pc-linux-gnu.tar.gz’
* DONE (simona)
* installing *source* package ‘cola’ ...
** this is package ‘cola’ version ‘2.19.0’
** package ‘cola’ successfully unpacked and MD5 sums checked
** using staged installation
** libs
using C++ compiler: ‘g++ (Ubuntu 13.3.0-6ubuntu2~24.04.1) 13.3.0’
g++ -std=gnu++20 -I"/usr/local/lib/R/include" -DNDEBUG  -I'/usr/local/lib/R/site-library/Rcpp/include' -I/usr/local/include    -fpic  -g -O2 -fstack-protector-strong -Wformat -Werror=format-security -Wdate-time -D_FORTIFY_SOURCE=2 -g   -c RcppExports.cpp -o RcppExports.o
g++ -std=gnu++20 -I"/usr/local/lib/R/include" -DNDEBUG  -I'/usr/local/lib/R/site-library/Rcpp/include' -I/usr/local/include    -fpic  -g -O2 -fstack-protector-strong -Wformat -Werror=format-security -Wdate-time -D_FORTIFY_SOURCE=2 -g   -c atc.cpp -o atc.o
g++ -std=gnu++20 -I"/usr/local/lib/R/include" -DNDEBUG  -I'/usr/local/lib/R/site-library/Rcpp/include' -I/usr/local/include    -fpic  -g -O2 -fstack-protector-strong -Wformat -Werror=format-security -Wdate-time -D_FORTIFY_SOURCE=2 -g   -c cal_consensus_mat.cpp -o cal_consensus_mat.o
g++ -std=gnu++20 -I"/usr/local/lib/R/include" -DNDEBUG  -I'/usr/local/lib/R/site-library/Rcpp/include' -I/usr/local/include    -fpic  -g -O2 -fstack-protector-strong -Wformat -Werror=format-security -Wdate-time -D_FORTIFY_SOURCE=2 -g   -c pdist.cpp -o pdist.o
g++ -std=gnu++20 -shared -L/usr/local/lib/R/lib -L/usr/local/lib -o cola.so RcppExports.o atc.o cal_consensus_mat.o pdist.o -L/usr/local/lib/R/lib -lR
installing to /tmp/library/00LOCK-cola/00new/cola/libs
** R
** data
** inst
** byte-compile and prepare package for lazy loading
** help
*** installing help indices
** building package indices
** installing vignettes
** testing if installed package can be loaded from temporary location
** checking absolute paths in shared objects and dynamic libraries
** testing if installed package can be loaded from final location
** testing if installed package keeps a record of temporary installation path
* SHA256 sums
* creating tarball
packaged installation of ‘cola’ as ‘cola_2.19.0_R_x86_64-pc-linux-gnu.tar.gz’
* DONE (cola)
* installing *source* package ‘simplifyEnrichment’ ...
** this is package ‘simplifyEnrichment’ version ‘2.7.0’
** package ‘simplifyEnrichment’ successfully unpacked and MD5 sums checked
** using staged installation
** R
** inst
** byte-compile and prepare package for lazy loading
** help
*** installing help indices
** building package indices
** installing vignettes
** testing if installed package can be loaded from temporary location
** testing if installed package can be loaded from final location
** testing if installed package keeps a record of temporary installation path
* SHA256 sums
* creating tarball
packaged installation of ‘simplifyEnrichment’ as ‘simplifyEnrichment_2.7.0_R_x86_64-pc-linux-gnu.tar.gz’
* DONE (simplifyEnrichment)

The downloaded source packages are in
	‘/tmp/Rtmp2vUAdg/downloaded_packages’
Old packages: 'diffobj'

real	2m35.786s
user	2m15.628s
sys	0m19.002s
