+ Rscript -e 'Sys.setenv(BIOCONDUCTOR_USE_CONTAINER_REPOSITORY=FALSE);
  p <- .libPaths();
  p <- c('\''/tmp/library'\'', '\''/mnt/library'\'', p);
  .libPaths(p);
  if(BiocManager::install('\''vissE'\'', INSTALL_opts = '\''--build'\'', update = TRUE, quiet = FALSE, dependencies=TRUE, force = TRUE, keep_outputs = TRUE) %in% rownames(installed.packages())) q(status = 0) else q(status = 1)'
'getOption("repos")' replaces Bioconductor standard repositories, see
'help("repositories", package = "BiocManager")' for details.
Replacement repositories:
    CRAN: https://p3m.dev/cran/__linux__/noble/latest
Bioconductor version 3.24 (BiocManager 1.30.27), R 4.6.1 (2026-06-24)
Installing package(s) 'vissE'
also installing the dependency ‘singscore’

trying URL 'https://bioconductor.org/packages/3.24/bioc/src/contrib/singscore_1.33.0.tar.gz'
trying URL 'https://bioconductor.org/packages/3.24/bioc/src/contrib/vissE_1.21.0.tar.gz'
* installing *source* package ‘singscore’ ...
** this is package ‘singscore’ version ‘1.33.0’
** package ‘singscore’ successfully unpacked and MD5 sums checked
** using staged installation
Warning in person1(given = given[[i]], family = family[[i]], middle = middle[[i]],  :
  It is recommended to use ‘given’ instead of ‘middle’.
** R
** data
*** moving datasets to lazyload DB
** inst
** byte-compile and prepare package for lazy loading
** help
*** installing help indices
*** copying figures
** building package indices
** installing vignettes
** testing if installed package can be loaded from temporary location
** testing if installed package can be loaded from final location
** testing if installed package keeps a record of temporary installation path
* SHA256 sums
* creating tarball
packaged installation of ‘singscore’ as ‘singscore_1.33.0_R_x86_64-pc-linux-gnu.tar.gz’
* DONE (singscore)
* installing *source* package ‘vissE’ ...
** this is package ‘vissE’ version ‘1.21.0’
** package ‘vissE’ successfully unpacked and MD5 sums checked
** using staged installation
** R
** data
** inst
** byte-compile and prepare package for lazy loading
** help
*** installing help indices
** building package indices
** installing vignettes
** testing if installed package can be loaded from temporary location
** testing if installed package can be loaded from final location
** testing if installed package keeps a record of temporary installation path
* SHA256 sums
* creating tarball
packaged installation of ‘vissE’ as ‘vissE_1.21.0_R_x86_64-pc-linux-gnu.tar.gz’
* DONE (vissE)

The downloaded source packages are in
	‘/tmp/RtmpAfA8e8/downloaded_packages’
Old packages: 'diffobj'

real	0m50.542s
user	0m39.191s
sys	0m6.133s
