+ Rscript -e 'Sys.setenv(BIOCONDUCTOR_USE_CONTAINER_REPOSITORY=FALSE);
  p <- .libPaths();
  p <- c('\''/tmp/library'\'', '\''/mnt/library'\'', p);
  .libPaths(p);
  if(BiocManager::install('\''pgca'\'', INSTALL_opts = '\''--build'\'', update = TRUE, quiet = FALSE, dependencies=TRUE, force = TRUE, keep_outputs = TRUE) %in% rownames(installed.packages())) q(status = 0) else q(status = 1)'
'getOption("repos")' replaces Bioconductor standard repositories, see
'help("repositories", package = "BiocManager")' for details.
Replacement repositories:
    CRAN: https://p3m.dev/cran/__linux__/noble/latest
Bioconductor version 3.24 (BiocManager 1.30.27), R 4.6.1 (2026-06-24)
Installing package(s) 'pgca'
trying URL 'https://bioconductor.org/packages/3.24/bioc/src/contrib/pgca_1.37.0.tar.gz'
Content type 'application/x-gzip' length 223029 bytes (217 KB)
==================================================
downloaded 217 KB

* installing *source* package ‘pgca’ ...
** this is package ‘pgca’ version ‘1.37.0’
** package ‘pgca’ successfully unpacked and MD5 sums checked
** using staged installation
** R
** data
*** moving datasets to lazyload DB
** inst
** byte-compile and prepare package for lazy loading
** help
*** installing help indices
** building package indices
** installing vignettes
** testing if installed package can be loaded from temporary location
** testing if installed package can be loaded from final location
** testing if installed package keeps a record of temporary installation path
* SHA256 sums
* creating tarball
packaged installation of ‘pgca’ as ‘pgca_1.37.0_R_x86_64-pc-linux-gnu.tar.gz’
* DONE (pgca)

The downloaded source packages are in
	‘/tmp/Rtmprn8paD/downloaded_packages’
Old packages: 'diffobj'

real	0m22.465s
user	0m4.355s
sys	0m2.271s
