+ Rscript -e 'Sys.setenv(BIOCONDUCTOR_USE_CONTAINER_REPOSITORY=FALSE);
  p <- .libPaths();
  p <- c('\''/tmp/library'\'', '\''/mnt/library'\'', p);
  .libPaths(p);
  if(BiocManager::install('\''makecdfenv'\'', INSTALL_opts = '\''--build'\'', update = TRUE, quiet = FALSE, dependencies=TRUE, force = TRUE, keep_outputs = TRUE) %in% rownames(installed.packages())) q(status = 0) else q(status = 1)'
'getOption("repos")' replaces Bioconductor standard repositories, see
'help("repositories", package = "BiocManager")' for details.
Replacement repositories:
    CRAN: https://p3m.dev/cran/__linux__/noble/latest
Bioconductor version 3.23 (BiocManager 1.30.27), R 4.6.1 (2026-06-24)
Installing package(s) 'makecdfenv'
trying URL 'https://bioconductor.org/packages/3.23/bioc/src/contrib/makecdfenv_1.88.0.tar.gz'
Content type 'application/x-gzip' length 3416708 bytes (3.3 MB)
==================================================
downloaded 3.3 MB

* installing *source* package ‘makecdfenv’ ...
** this is package ‘makecdfenv’ version ‘1.88.0’
** using staged installation
creating cache ./config.cache
checking how to run the C preprocessor... gcc -std=gnu2x -E
checking for main in -lz... yes
checking for zlib.h... yes
checking if zlib version >= 1.1.3... yes
updating cache ./config.cache
creating ./config.status
creating src/Makevars
** libs
using C compiler: ‘gcc (Ubuntu 13.3.0-6ubuntu2~24.04.1) 13.3.0’
gcc -std=gnu2x -I"/usr/local/lib/R/include" -DNDEBUG -DHAVE_ZLIB=1   -I/usr/local/include   -g -O2 -fstack-protector-strong -Wformat -Werror=format-security -Wdate-time -D_FORTIFY_SOURCE=2 -g -fpic  -g -O2 -fstack-protector-strong -Wformat -Werror=format-security -Wdate-time -D_FORTIFY_SOURCE=2 -g  -c read_cdffile.c -o read_cdffile.o
read_cdffile.c: In function ‘openCDFfile’:
read_cdffile.c:340:7: warning: ignoring return value of ‘fgets’ declared with attribute ‘warn_unused_result’ [-Wunused-result]
  340 |       fgets(buffy, SIZE_LINE, affyFile->stream);
      |       ^~~~~~~~~~~~~~~~~~~~~~~~~~~~~~~~~~~~~~~~~
gcc -std=gnu2x -shared -L/usr/local/lib/R/lib -L/usr/local/lib -o makecdfenv.so read_cdffile.o -lz -L/usr/local/lib/R/lib -lR
installing to /tmp/library/00LOCK-makecdfenv/00new/makecdfenv/libs
** R
** inst
** byte-compile and prepare package for lazy loading
** help
*** installing help indices
** building package indices
** installing vignettes
** testing if installed package can be loaded from temporary location
** checking absolute paths in shared objects and dynamic libraries
** testing if installed package can be loaded from final location
** testing if installed package keeps a record of temporary installation path
* SHA256 sums
* creating tarball
packaged installation of ‘makecdfenv’ as ‘makecdfenv_1.88.0_R_x86_64-pc-linux-gnu.tar.gz’
* DONE (makecdfenv)

The downloaded source packages are in
	‘/tmp/Rtmp12UVym/downloaded_packages’
Old packages: 'diffobj', 'httr2', 'pak', 'pkgdown', 'urlchecker', 'xfun',
  'zip', 'MASS', 'nlme', 'survival'

real	0m15.483s
user	0m8.838s
sys	0m3.133s
