+ Rscript -e 'Sys.setenv(BIOCONDUCTOR_USE_CONTAINER_REPOSITORY=FALSE);
  p <- .libPaths();
  p <- c('\''/tmp/library'\'', '\''/mnt/library'\'', p);
  .libPaths(p);
  if(BiocManager::install('\''scider'\'', INSTALL_opts = '\''--build'\'', update = TRUE, quiet = FALSE, dependencies=TRUE, force = TRUE, keep_outputs = TRUE) %in% rownames(installed.packages())) q(status = 0) else q(status = 1)'
'getOption("repos")' replaces Bioconductor standard repositories, see
'help("repositories", package = "BiocManager")' for details.
Replacement repositories:
    CRAN: https://p3m.dev/cran/__linux__/noble/latest
Bioconductor version 3.24 (BiocManager 1.30.27), R 4.6.1 (2026-06-24)
Installing package(s) 'scider'
also installing the dependencies ‘fastmatrix’, ‘lwgeom’, ‘SpatialPack’, ‘hexDensity’

trying URL 'https://p3m.dev/cran/__linux__/noble/latest/src/contrib/fastmatrix_0.6-6.tar.gz'
trying URL 'https://p3m.dev/cran/__linux__/noble/latest/src/contrib/lwgeom_0.2-17.tar.gz'
trying URL 'https://p3m.dev/cran/__linux__/noble/latest/src/contrib/SpatialPack_0.4-1.tar.gz'
trying URL 'https://p3m.dev/cran/__linux__/noble/latest/src/contrib/hexDensity_1.4.10.tar.gz'
trying URL 'https://bioconductor.org/packages/3.24/bioc/src/contrib/scider_1.11.0.tar.gz'
* installing *binary* package ‘fastmatrix’ ...
* package ‘fastmatrix’ successfully unpacked and SHA256 sums checked
* ‘fastmatrix’ was already a binary package and will not be rebuilt
* SHA256 sums
* creating tarball
packaged installation of ‘fastmatrix’ as ‘fastmatrix_0.6-6_R_x86_64-pc-linux-gnu.tar.gz’
* DONE (fastmatrix)
* installing *binary* package ‘lwgeom’ ...
* package ‘lwgeom’ successfully unpacked and SHA256 sums checked
* ‘lwgeom’ was already a binary package and will not be rebuilt
* SHA256 sums
* creating tarball
packaged installation of ‘lwgeom’ as ‘lwgeom_0.2-17_R_x86_64-pc-linux-gnu.tar.gz’
* DONE (lwgeom)
* installing *binary* package ‘hexDensity’ ...
* package ‘hexDensity’ successfully unpacked and SHA256 sums checked
* ‘hexDensity’ was already a binary package and will not be rebuilt
* SHA256 sums
* creating tarball
packaged installation of ‘hexDensity’ as ‘hexDensity_1.4.10_R_x86_64-pc-linux-gnu.tar.gz’
* DONE (hexDensity)
* installing *binary* package ‘SpatialPack’ ...
* package ‘SpatialPack’ successfully unpacked and SHA256 sums checked
* ‘SpatialPack’ was already a binary package and will not be rebuilt
* SHA256 sums
* creating tarball
packaged installation of ‘SpatialPack’ as ‘SpatialPack_0.4-1_R_x86_64-pc-linux-gnu.tar.gz’
* DONE (SpatialPack)
* installing *source* package ‘scider’ ...
** this is package ‘scider’ version ‘1.11.0’
** package ‘scider’ successfully unpacked and MD5 sums checked
** using staged installation
** libs
using C++ compiler: ‘g++ (Ubuntu 13.3.0-6ubuntu2~24.04.1) 13.3.0’
g++ -std=gnu++20 -I"/usr/local/lib/R/include" -DNDEBUG   -I/usr/local/include    -fpic  -g -O2 -fstack-protector-strong -Wformat -Werror=format-security -Wdate-time -D_FORTIFY_SOURCE=2 -g   -c C_findSNN.cpp -o C_findSNN.o
g++ -std=gnu++20 -I"/usr/local/lib/R/include" -DNDEBUG   -I/usr/local/include    -fpic  -g -O2 -fstack-protector-strong -Wformat -Werror=format-security -Wdate-time -D_FORTIFY_SOURCE=2 -g   -c C_globalMoran.cpp -o C_globalMoran.o
g++ -std=gnu++20 -I"/usr/local/lib/R/include" -DNDEBUG   -I/usr/local/include    -fpic  -g -O2 -fstack-protector-strong -Wformat -Werror=format-security -Wdate-time -D_FORTIFY_SOURCE=2 -g   -c C_localMoran.cpp -o C_localMoran.o
g++ -std=gnu++20 -I"/usr/local/lib/R/include" -DNDEBUG   -I/usr/local/include    -fpic  -g -O2 -fstack-protector-strong -Wformat -Werror=format-security -Wdate-time -D_FORTIFY_SOURCE=2 -g   -c rand.cpp -o rand.o
g++ -std=gnu++20 -I"/usr/local/lib/R/include" -DNDEBUG   -I/usr/local/include    -fpic  -g -O2 -fstack-protector-strong -Wformat -Werror=format-security -Wdate-time -D_FORTIFY_SOURCE=2 -g   -c utils.cpp -o utils.o
g++ -std=gnu++20 -shared -L/usr/local/lib/R/lib -L/usr/local/lib -o scider.so C_findSNN.o C_globalMoran.o C_localMoran.o rand.o utils.o -L/usr/local/lib/R/lib -lR
installing to /tmp/library/00LOCK-scider/00new/scider/libs
** R
** data
** inst
** byte-compile and prepare package for lazy loading
** help
*** installing help indices
*** copying figures
** building package indices
** installing vignettes
** testing if installed package can be loaded from temporary location
** checking absolute paths in shared objects and dynamic libraries
** testing if installed package can be loaded from final location
** testing if installed package keeps a record of temporary installation path
* SHA256 sums
* creating tarball
packaged installation of ‘scider’ as ‘scider_1.11.0_R_x86_64-pc-linux-gnu.tar.gz’
* DONE (scider)

The downloaded source packages are in
	‘/tmp/RtmpbDNBuN/downloaded_packages’
Old packages: 'diffobj'

real	0m48.531s
user	0m39.191s
sys	0m6.824s
