+ Rscript -e 'Sys.setenv(BIOCONDUCTOR_USE_CONTAINER_REPOSITORY=FALSE);
  p <- .libPaths();
  p <- c('\''/tmp/library'\'', '\''/mnt/library'\'', p);
  .libPaths(p);
  if(BiocManager::install('\''consensusOV'\'', INSTALL_opts = '\''--build'\'', update = TRUE, quiet = FALSE, dependencies=TRUE, force = TRUE, keep_outputs = TRUE) %in% rownames(installed.packages())) q(status = 0) else q(status = 1)'
'getOption("repos")' replaces Bioconductor standard repositories, see
'help("repositories", package = "BiocManager")' for details.
Replacement repositories:
    CRAN: https://p3m.dev/cran/__linux__/noble/latest
Bioconductor version 3.24 (BiocManager 1.30.27), R 4.6.1 (2026-06-24)
Installing package(s) 'consensusOV'
trying URL 'https://bioconductor.org/packages/3.24/bioc/src/contrib/consensusOV_1.35.0.tar.gz'
Content type 'application/x-gzip' length 3457883 bytes (3.3 MB)
==================================================
downloaded 3.3 MB

* installing *source* package ‘consensusOV’ ...
** this is package ‘consensusOV’ version ‘1.35.0’
** package ‘consensusOV’ successfully unpacked and MD5 sums checked
** using staged installation
Warning in person1(given = given[[i]], family = family[[i]], middle = middle[[i]],  :
  It is recommended to use ‘given’ instead of ‘middle’.
** R
** data
*** moving datasets to lazyload DB
** inst
** byte-compile and prepare package for lazy loading
** help
*** installing help indices
** building package indices
** installing vignettes
** testing if installed package can be loaded from temporary location
** testing if installed package can be loaded from final location
** testing if installed package keeps a record of temporary installation path
* SHA256 sums
* creating tarball
packaged installation of ‘consensusOV’ as ‘consensusOV_1.35.0_R_x86_64-pc-linux-gnu.tar.gz’
* DONE (consensusOV)

The downloaded source packages are in
	‘/tmp/RtmpXOgQXu/downloaded_packages’

real	1m9.264s
user	0m52.067s
sys	0m5.958s
