+ Rscript -e 'Sys.setenv(BIOCONDUCTOR_USE_CONTAINER_REPOSITORY=FALSE);
  p <- .libPaths();
  p <- c('\''/tmp/library'\'', '\''/mnt/library'\'', p);
  .libPaths(p);
  if(BiocManager::install('\''EpiDISH'\'', INSTALL_opts = '\''--build'\'', update = TRUE, quiet = FALSE, dependencies=TRUE, force = TRUE, keep_outputs = TRUE) %in% rownames(installed.packages())) q(status = 0) else q(status = 1)'
'getOption("repos")' replaces Bioconductor standard repositories, see
'help("repositories", package = "BiocManager")' for details.
Replacement repositories:
    CRAN: https://p3m.dev/cran/__linux__/noble/latest
Bioconductor version 3.24 (BiocManager 1.30.27), R 4.6.1 (2026-06-24)
Installing package(s) 'EpiDISH'
trying URL 'https://bioconductor.org/packages/3.24/bioc/src/contrib/EpiDISH_2.29.0.tar.gz'
Content type 'application/x-gzip' length 3274281 bytes (3.1 MB)
==================================================
downloaded 3.1 MB

* installing *source* package ‘EpiDISH’ ...
** this is package ‘EpiDISH’ version ‘2.29.0’
** package ‘EpiDISH’ successfully unpacked and MD5 sums checked
** using staged installation
** R
** data
*** moving datasets to lazyload DB
** inst
** byte-compile and prepare package for lazy loading
** help
*** installing help indices
** building package indices
** installing vignettes
** testing if installed package can be loaded from temporary location
** testing if installed package can be loaded from final location
** testing if installed package keeps a record of temporary installation path
* SHA256 sums
* creating tarball
packaged installation of ‘EpiDISH’ as ‘EpiDISH_2.29.0_R_x86_64-pc-linux-gnu.tar.gz’
* DONE (EpiDISH)

The downloaded source packages are in
	‘/tmp/RtmppuMjxr/downloaded_packages’

real	0m26.740s
user	0m20.002s
sys	0m3.940s
