+ Rscript -e 'Sys.setenv(BIOCONDUCTOR_USE_CONTAINER_REPOSITORY=FALSE);
  p <- .libPaths();
  p <- c('\''/tmp/library'\'', '\''/mnt/library'\'', p);
  .libPaths(p);
  if(BiocManager::install('\''PREDA'\'', INSTALL_opts = '\''--build'\'', update = TRUE, quiet = FALSE, dependencies=TRUE, force = TRUE, keep_outputs = TRUE) %in% rownames(installed.packages())) q(status = 0) else q(status = 1)'
'getOption("repos")' replaces Bioconductor standard repositories, see
'help("repositories", package = "BiocManager")' for details.
Replacement repositories:
    CRAN: https://p3m.dev/cran/__linux__/noble/latest
Bioconductor version 3.23 (BiocManager 1.30.27), R 4.6.1 (2026-06-24)
Installing package(s) 'PREDA'
also installing the dependency ‘PREDAsampledata’

trying URL 'https://bioconductor.org/packages/3.23/data/experiment/src/contrib/PREDAsampledata_0.52.0.tar.gz'
trying URL 'https://bioconductor.org/packages/3.23/bioc/src/contrib/PREDA_1.58.0.tar.gz'
* installing *source* package ‘PREDA’ ...
** this is package ‘PREDA’ version ‘1.58.0’
** using staged installation
** R
** inst
** byte-compile and prepare package for lazy loading
** help
*** installing help indices
** building package indices
** installing vignettes
** testing if installed package can be loaded from temporary location
** testing if installed package can be loaded from final location
** testing if installed package keeps a record of temporary installation path
* SHA256 sums
* creating tarball
packaged installation of ‘PREDA’ as ‘PREDA_1.58.0_R_x86_64-pc-linux-gnu.tar.gz’
* DONE (PREDA)
* installing *source* package ‘PREDAsampledata’ ...
** this is package ‘PREDAsampledata’ version ‘0.52.0’
** using staged installation
** R
** data
** inst
** byte-compile and prepare package for lazy loading
** help
*** installing help indices
** building package indices
** testing if installed package can be loaded from temporary location
** testing if installed package can be loaded from final location
** testing if installed package keeps a record of temporary installation path
* SHA256 sums
* creating tarball
packaged installation of ‘PREDAsampledata’ as ‘PREDAsampledata_0.52.0_R_x86_64-pc-linux-gnu.tar.gz’
* DONE (PREDAsampledata)

The downloaded source packages are in
	‘/tmp/RtmpZxbSom/downloaded_packages’
Old packages: 'httr2', 'pak', 'pkgdown', 'urlchecker', 'xfun', 'zip', 'MASS',
  'nlme', 'survival'

real	0m54.761s
user	0m43.616s
sys	0m6.218s
