+ Rscript -e 'Sys.setenv(BIOCONDUCTOR_USE_CONTAINER_REPOSITORY=FALSE);
  p <- .libPaths();
  p <- c('\''/tmp/library'\'', '\''/mnt/library'\'', p);
  .libPaths(p);
  if(BiocManager::install('\''alevinQC'\'', INSTALL_opts = '\''--build'\'', update = TRUE, quiet = FALSE, dependencies=TRUE, force = TRUE, keep_outputs = TRUE) %in% rownames(installed.packages())) q(status = 0) else q(status = 1)'
'getOption("repos")' replaces Bioconductor standard repositories, see
'help("repositories", package = "BiocManager")' for details.
Replacement repositories:
    CRAN: https://p3m.dev/cran/__linux__/noble/latest
Bioconductor version 3.24 (BiocManager 1.30.27), R 4.6.1 (2026-06-24)
Installing package(s) 'alevinQC'
also installing the dependencies ‘ggstats’, ‘GGally’

trying URL 'https://p3m.dev/cran/__linux__/noble/latest/src/contrib/ggstats_0.13.0.tar.gz'
trying URL 'https://p3m.dev/cran/__linux__/noble/latest/src/contrib/GGally_2.4.0.tar.gz'
trying URL 'https://bioconductor.org/packages/3.24/bioc/src/contrib/alevinQC_1.29.0.tar.gz'
* installing *binary* package ‘ggstats’ ...
* package ‘ggstats’ successfully unpacked and SHA256 sums checked
* ‘ggstats’ was already a binary package and will not be rebuilt
* SHA256 sums
* creating tarball
packaged installation of ‘ggstats’ as ‘ggstats_0.13.0_R_x86_64-pc-linux-gnu.tar.gz’
* DONE (ggstats)
* installing *binary* package ‘GGally’ ...
* package ‘GGally’ successfully unpacked and SHA256 sums checked
* ‘GGally’ was already a binary package and will not be rebuilt
* SHA256 sums
* creating tarball
packaged installation of ‘GGally’ as ‘GGally_2.4.0_R_x86_64-pc-linux-gnu.tar.gz’
* DONE (GGally)
* installing *source* package ‘alevinQC’ ...
** this is package ‘alevinQC’ version ‘1.29.0’
** package ‘alevinQC’ successfully unpacked and MD5 sums checked
** using staged installation
** libs
using C++ compiler: ‘g++ (Ubuntu 13.3.0-6ubuntu2~24.04.1) 13.3.0’
g++ -std=gnu++20 -I"/usr/local/lib/R/include" -DNDEBUG  -I'/usr/local/lib/R/site-library/Rcpp/include' -I/usr/local/include    -fpic  -g -O2 -fstack-protector-strong -Wformat -Werror=format-security -Wdate-time -D_FORTIFY_SOURCE=2 -g   -c RcppExports.cpp -o RcppExports.o
g++ -std=gnu++20 -I"/usr/local/lib/R/include" -DNDEBUG  -I'/usr/local/lib/R/site-library/Rcpp/include' -I/usr/local/include    -fpic  -g -O2 -fstack-protector-strong -Wformat -Werror=format-security -Wdate-time -D_FORTIFY_SOURCE=2 -g   -c convert_permit_freq.cpp -o convert_permit_freq.o
g++ -std=gnu++20 -shared -L/usr/local/lib/R/lib -L/usr/local/lib -o alevinQC.so RcppExports.o convert_permit_freq.o -L/usr/local/lib/R/lib -lR
installing to /tmp/library/00LOCK-alevinQC/00new/alevinQC/libs
** R
** inst
** byte-compile and prepare package for lazy loading
** help
*** installing help indices
** building package indices
** installing vignettes
** testing if installed package can be loaded from temporary location
** checking absolute paths in shared objects and dynamic libraries
** testing if installed package can be loaded from final location
** testing if installed package keeps a record of temporary installation path
* SHA256 sums
* creating tarball
packaged installation of ‘alevinQC’ as ‘alevinQC_1.29.0_R_x86_64-pc-linux-gnu.tar.gz’
* DONE (alevinQC)

The downloaded source packages are in
	‘/tmp/RtmpvYD0UT/downloaded_packages’
Old packages: 'diffobj'

real	0m39.132s
user	0m24.476s
sys	0m3.943s
