+ Rscript -e 'Sys.setenv(BIOCONDUCTOR_USE_CONTAINER_REPOSITORY=FALSE);
  p <- .libPaths();
  p <- c('\''/tmp/library'\'', '\''/mnt/library'\'', p);
  .libPaths(p);
  if(BiocManager::install('\''limmaGUI'\'', INSTALL_opts = '\''--build'\'', update = TRUE, quiet = FALSE, dependencies=TRUE, force = TRUE, keep_outputs = TRUE) %in% rownames(installed.packages())) q(status = 0) else q(status = 1)'
'getOption("repos")' replaces Bioconductor standard repositories, see
'help("repositories", package = "BiocManager")' for details.
Replacement repositories:
    CRAN: https://p3m.dev/cran/__linux__/noble/latest
Bioconductor version 3.23 (BiocManager 1.30.27), R 4.6.1 (2026-06-24)
Installing package(s) 'limmaGUI'
also installing the dependency ‘R2HTML’

trying URL 'https://p3m.dev/cran/__linux__/noble/latest/src/contrib/R2HTML_2.3.4.tar.gz'
trying URL 'https://bioconductor.org/packages/3.23/bioc/src/contrib/limmaGUI_1.88.0.tar.gz'
* installing *binary* package ‘R2HTML’ ...
* package ‘R2HTML’ successfully unpacked and SHA256 sums checked
* ‘R2HTML’ was already a binary package and will not be rebuilt
* SHA256 sums
* creating tarball
packaged installation of ‘R2HTML’ as ‘R2HTML_2.3.4_R_x86_64-pc-linux-gnu.tar.gz’
* DONE (R2HTML)
* installing *source* package ‘limmaGUI’ ...
** this is package ‘limmaGUI’ version ‘1.88.0’
** using staged installation
** R
** inst
** byte-compile and prepare package for lazy loading
Warning: no DISPLAY variable so Tk is not available
Warning: loading Rplot failed
** help
*** installing help indices
** building package indices
** installing vignettes
** testing if installed package can be loaded from temporary location
Warning: no DISPLAY variable so Tk is not available
Warning: loading Rplot failed
** testing if installed package can be loaded from final location
Warning: no DISPLAY variable so Tk is not available
Warning: loading Rplot failed
** testing if installed package keeps a record of temporary installation path
* SHA256 sums
* creating tarball
packaged installation of ‘limmaGUI’ as ‘limmaGUI_1.88.0_R_x86_64-pc-linux-gnu.tar.gz’
* DONE (limmaGUI)

The downloaded source packages are in
	‘/tmp/RtmpWQ55B8/downloaded_packages’
Old packages: 'diffobj', 'httr2', 'pak', 'pkgdown', 'urlchecker', 'xfun',
  'zip', 'MASS', 'nlme', 'survival'

real	0m31.931s
user	0m19.083s
sys	0m7.506s
