+ Rscript -e 'Sys.setenv(BIOCONDUCTOR_USE_CONTAINER_REPOSITORY=FALSE);
  p <- .libPaths();
  p <- c('\''/tmp/library'\'', '\''/mnt/library'\'', p);
  .libPaths(p);
  if(BiocManager::install('\''LiquidAssociation'\'', INSTALL_opts = '\''--build'\'', update = TRUE, quiet = FALSE, dependencies=TRUE, force = TRUE, keep_outputs = TRUE) %in% rownames(installed.packages())) q(status = 0) else q(status = 1)'
'getOption("repos")' replaces Bioconductor standard repositories, see
'help("repositories", package = "BiocManager")' for details.
Replacement repositories:
    CRAN: https://p3m.dev/cran/__linux__/noble/latest
Bioconductor version 3.23 (BiocManager 1.30.27), R 4.6.1 (2026-06-24)
Installing package(s) 'LiquidAssociation'
trying URL 'https://bioconductor.org/packages/3.23/bioc/src/contrib/LiquidAssociation_1.66.0.tar.gz'
Content type 'application/x-gzip' length 292355 bytes (285 KB)
==================================================
downloaded 285 KB

* installing *source* package ‘LiquidAssociation’ ...
** this is package ‘LiquidAssociation’ version ‘1.66.0’
** using staged installation
** R
** inst
** byte-compile and prepare package for lazy loading
** help
*** installing help indices
** building package indices
** installing vignettes
** testing if installed package can be loaded from temporary location
** testing if installed package can be loaded from final location
** testing if installed package keeps a record of temporary installation path
* SHA256 sums
* creating tarball
packaged installation of ‘LiquidAssociation’ as ‘LiquidAssociation_1.66.0_R_x86_64-pc-linux-gnu.tar.gz’
* DONE (LiquidAssociation)

The downloaded source packages are in
	‘/tmp/RtmpozZHNr/downloaded_packages’
Old packages: 'diffobj', 'httr2', 'pak', 'pkgdown', 'urlchecker', 'xfun',
  'zip', 'MASS', 'nlme', 'survival'

real	0m31.323s
user	0m17.395s
sys	0m3.836s
