+ Rscript -e 'Sys.setenv(BIOCONDUCTOR_USE_CONTAINER_REPOSITORY=FALSE);
  p <- .libPaths();
  p <- c('\''/tmp/library'\'', '\''/mnt/library'\'', p);
  .libPaths(p);
  if(BiocManager::install('\''CNViz'\'', INSTALL_opts = '\''--build'\'', update = TRUE, quiet = FALSE, dependencies=TRUE, force = TRUE, keep_outputs = TRUE) %in% rownames(installed.packages())) q(status = 0) else q(status = 1)'
'getOption("repos")' replaces Bioconductor standard repositories, see
'help("repositories", package = "BiocManager")' for details.
Replacement repositories:
    CRAN: https://p3m.dev/cran/__linux__/noble/latest
Bioconductor version 3.24 (BiocManager 1.30.27), R 4.6.1 (2026-06-24)
Installing package(s) 'CNViz'
also installing the dependencies ‘regioneR’, ‘bezier’, ‘bamsignals’, ‘cn.mops’, ‘karyoploteR’, ‘CopyNumberPlots’

trying URL 'https://bioconductor.org/packages/3.24/bioc/src/contrib/regioneR_1.45.0.tar.gz'
trying URL 'https://p3m.dev/cran/__linux__/noble/latest/src/contrib/bezier_1.1.2.tar.gz'
trying URL 'https://bioconductor.org/packages/3.24/bioc/src/contrib/bamsignals_1.45.1.tar.gz'
trying URL 'https://bioconductor.org/packages/3.24/bioc/src/contrib/cn.mops_1.59.0.tar.gz'
trying URL 'https://bioconductor.org/packages/3.24/bioc/src/contrib/karyoploteR_1.39.0.tar.gz'
trying URL 'https://bioconductor.org/packages/3.24/bioc/src/contrib/CopyNumberPlots_1.29.0.tar.gz'
trying URL 'https://bioconductor.org/packages/3.24/bioc/src/contrib/CNViz_1.21.0.tar.gz'
* installing *source* package ‘regioneR’ ...
** this is package ‘regioneR’ version ‘1.45.0’
** package ‘regioneR’ successfully unpacked and MD5 sums checked
** using staged installation
** R
** inst
** byte-compile and prepare package for lazy loading
** help
*** installing help indices
** building package indices
** installing vignettes
** testing if installed package can be loaded from temporary location
** testing if installed package can be loaded from final location
** testing if installed package keeps a record of temporary installation path
* SHA256 sums
* creating tarball
packaged installation of ‘regioneR’ as ‘regioneR_1.45.0_R_x86_64-pc-linux-gnu.tar.gz’
* DONE (regioneR)
* installing *binary* package ‘bezier’ ...
* package ‘bezier’ successfully unpacked and SHA256 sums checked
* ‘bezier’ was already a binary package and will not be rebuilt
* SHA256 sums
* creating tarball
packaged installation of ‘bezier’ as ‘bezier_1.1.2_R_x86_64-pc-linux-gnu.tar.gz’
* DONE (bezier)
* installing *source* package ‘bamsignals’ ...
** this is package ‘bamsignals’ version ‘1.45.1’
** package ‘bamsignals’ successfully unpacked and MD5 sums checked
** using staged installation
** libs
using C compiler: ‘gcc (Ubuntu 13.3.0-6ubuntu2~24.04.1) 13.3.0’
using C++ compiler: ‘g++ (Ubuntu 13.3.0-6ubuntu2~24.04.1) 13.3.0’
g++ -std=gnu++20 -I"/usr/local/lib/R/include" -DNDEBUG -D_FILE_OFFSET_BITS=64 -I'/usr/local/lib/R/site-library/Rcpp/include' -I'/mnt/library/Rhtslib/include' -I/usr/local/include    -fpic  -g -O2 -fstack-protector-strong -Wformat -Werror=format-security -Wdate-time -D_FORTIFY_SOURCE=2 -g   -c CountSignals.cpp -o CountSignals.o
g++ -std=gnu++20 -I"/usr/local/lib/R/include" -DNDEBUG -D_FILE_OFFSET_BITS=64 -I'/usr/local/lib/R/site-library/Rcpp/include' -I'/mnt/library/Rhtslib/include' -I/usr/local/include    -fpic  -g -O2 -fstack-protector-strong -Wformat -Werror=format-security -Wdate-time -D_FORTIFY_SOURCE=2 -g   -c RcppExports.cpp -o RcppExports.o
g++ -std=gnu++20 -I"/usr/local/lib/R/include" -DNDEBUG -D_FILE_OFFSET_BITS=64 -I'/usr/local/lib/R/site-library/Rcpp/include' -I'/mnt/library/Rhtslib/include' -I/usr/local/include    -fpic  -g -O2 -fstack-protector-strong -Wformat -Werror=format-security -Wdate-time -D_FORTIFY_SOURCE=2 -g   -c bamsignals.cpp -o bamsignals.o
gcc -std=gnu2x -I"/usr/local/lib/R/include" -DNDEBUG -D_FILE_OFFSET_BITS=64 -I'/usr/local/lib/R/site-library/Rcpp/include' -I'/mnt/library/Rhtslib/include' -I/usr/local/include    -fpic  -g -O2 -fstack-protector-strong -Wformat -Werror=format-security -Wdate-time -D_FORTIFY_SOURCE=2 -g  -c bamsignals_init.c -o bamsignals_init.o
g++ -std=gnu++20 -shared -L/usr/local/lib/R/lib -L/usr/local/lib -o bamsignals.so CountSignals.o RcppExports.o bamsignals.o bamsignals_init.o /mnt/library/Rhtslib/usrlib/libhts.a -lcurl -lbz2 -llzma -lz -L/usr/local/lib/R/lib -lR
installing to /tmp/library/00LOCK-bamsignals/00new/bamsignals/libs
** R
** inst
** byte-compile and prepare package for lazy loading
** help
*** installing help indices
** building package indices
** installing vignettes
** testing if installed package can be loaded from temporary location
** checking absolute paths in shared objects and dynamic libraries
** testing if installed package can be loaded from final location
** testing if installed package keeps a record of temporary installation path
* SHA256 sums
* creating tarball
packaged installation of ‘bamsignals’ as ‘bamsignals_1.45.1_R_x86_64-pc-linux-gnu.tar.gz’
* DONE (bamsignals)
* installing *source* package ‘cn.mops’ ...
** this is package ‘cn.mops’ version ‘1.59.0’
** package ‘cn.mops’ successfully unpacked and MD5 sums checked
** using staged installation
** libs
using C compiler: ‘gcc (Ubuntu 13.3.0-6ubuntu2~24.04.1) 13.3.0’
using C++ compiler: ‘g++ (Ubuntu 13.3.0-6ubuntu2~24.04.1) 13.3.0’
gcc -std=gnu2x -I"/usr/local/lib/R/include" -DNDEBUG   -I/usr/local/include    -fpic  -g -O2 -fstack-protector-strong -Wformat -Werror=format-security -Wdate-time -D_FORTIFY_SOURCE=2 -g  -c R_init_cnmops.c -o R_init_cnmops.o
g++ -std=gnu++20 -I"/usr/local/lib/R/include" -DNDEBUG   -I/usr/local/include    -fpic  -g -O2 -fstack-protector-strong -Wformat -Werror=format-security -Wdate-time -D_FORTIFY_SOURCE=2 -g   -c cnmops.cpp -o cnmops.o
g++ -std=gnu++20 -I"/usr/local/lib/R/include" -DNDEBUG   -I/usr/local/include    -fpic  -g -O2 -fstack-protector-strong -Wformat -Werror=format-security -Wdate-time -D_FORTIFY_SOURCE=2 -g   -c segment.cpp -o segment.o
g++ -std=gnu++20 -shared -L/usr/local/lib/R/lib -L/usr/local/lib -o cn.mops.so R_init_cnmops.o cnmops.o segment.o -L/usr/local/lib/R/lib -lR
installing to /tmp/library/00LOCK-cn.mops/00new/cn.mops/libs
** R
** data
** inst
** byte-compile and prepare package for lazy loading
** help
*** installing help indices
** building package indices
** installing vignettes
** testing if installed package can be loaded from temporary location
** checking absolute paths in shared objects and dynamic libraries
** testing if installed package can be loaded from final location
** testing if installed package keeps a record of temporary installation path
* SHA256 sums
* creating tarball
packaged installation of ‘cn.mops’ as ‘cn.mops_1.59.0_R_x86_64-pc-linux-gnu.tar.gz’
* DONE (cn.mops)
* installing *source* package ‘CNViz’ ...
** this is package ‘CNViz’ version ‘1.21.0’
** package ‘CNViz’ successfully unpacked and MD5 sums checked
** using staged installation
** R
** data
** inst
** byte-compile and prepare package for lazy loading
** help
*** installing help indices
** building package indices
** installing vignettes
** testing if installed package can be loaded from temporary location
** testing if installed package can be loaded from final location
** testing if installed package keeps a record of temporary installation path
* SHA256 sums
* creating tarball
packaged installation of ‘CNViz’ as ‘CNViz_1.21.0_R_x86_64-pc-linux-gnu.tar.gz’
* DONE (CNViz)
* installing *source* package ‘karyoploteR’ ...
** this is package ‘karyoploteR’ version ‘1.39.0’
** package ‘karyoploteR’ successfully unpacked and MD5 sums checked
** using staged installation
** R
** inst
** byte-compile and prepare package for lazy loading
** help
*** installing help indices
** building package indices
** installing vignettes
** testing if installed package can be loaded from temporary location
** testing if installed package can be loaded from final location
** testing if installed package keeps a record of temporary installation path
* SHA256 sums
* creating tarball
packaged installation of ‘karyoploteR’ as ‘karyoploteR_1.39.0_R_x86_64-pc-linux-gnu.tar.gz’
* DONE (karyoploteR)
* installing *source* package ‘CopyNumberPlots’ ...
** this is package ‘CopyNumberPlots’ version ‘1.29.0’
** package ‘CopyNumberPlots’ successfully unpacked and MD5 sums checked
** using staged installation
** R
** inst
** byte-compile and prepare package for lazy loading
** help
*** installing help indices
** building package indices
** installing vignettes
** testing if installed package can be loaded from temporary location
** testing if installed package can be loaded from final location
** testing if installed package keeps a record of temporary installation path
* SHA256 sums
* creating tarball
packaged installation of ‘CopyNumberPlots’ as ‘CopyNumberPlots_1.29.0_R_x86_64-pc-linux-gnu.tar.gz’
* DONE (CopyNumberPlots)

The downloaded source packages are in
	‘/tmp/RtmpXTQMMj/downloaded_packages’

real	2m59.467s
user	2m37.154s
sys	0m21.289s
