+ Rscript -e 'Sys.setenv(BIOCONDUCTOR_USE_CONTAINER_REPOSITORY=FALSE);
  p <- .libPaths();
  p <- c('\''/tmp/library'\'', '\''/mnt/library'\'', p);
  .libPaths(p);
  if(BiocManager::install('\''scHiCcompare'\'', INSTALL_opts = '\''--build'\'', update = TRUE, quiet = FALSE, dependencies=TRUE, force = TRUE, keep_outputs = TRUE) %in% rownames(installed.packages())) q(status = 0) else q(status = 1)'
'getOption("repos")' replaces Bioconductor standard repositories, see
'help("repositories", package = "BiocManager")' for details.
Replacement repositories:
    CRAN: https://p3m.dev/cran/__linux__/noble/latest
Bioconductor version 3.24 (BiocManager 1.30.27), R 4.6.1 (2026-06-24)
Installing package(s) 'scHiCcompare'
also installing the dependency ‘miceadds’

trying URL 'https://p3m.dev/cran/__linux__/noble/latest/src/contrib/miceadds_3.20-10.tar.gz'
trying URL 'https://bioconductor.org/packages/3.24/bioc/src/contrib/scHiCcompare_1.5.0.tar.gz'
* installing *binary* package ‘miceadds’ ...
* package ‘miceadds’ successfully unpacked and SHA256 sums checked
* ‘miceadds’ was already a binary package and will not be rebuilt
* SHA256 sums
* creating tarball
packaged installation of ‘miceadds’ as ‘miceadds_3.20-10_R_x86_64-pc-linux-gnu.tar.gz’
* DONE (miceadds)
* installing *source* package ‘scHiCcompare’ ...
** this is package ‘scHiCcompare’ version ‘1.5.0’
** package ‘scHiCcompare’ successfully unpacked and MD5 sums checked
** using staged installation
** R
** data
** inst
** byte-compile and prepare package for lazy loading
Warning: replacing previous import ‘dplyr::count’ by ‘mclust::count’ when loading ‘scHiCcompare’
** help
*** installing help indices
*** copying figures
** building package indices
** installing vignettes
** testing if installed package can be loaded from temporary location
Warning: replacing previous import ‘dplyr::count’ by ‘mclust::count’ when loading ‘scHiCcompare’
** testing if installed package can be loaded from final location
Warning: replacing previous import ‘dplyr::count’ by ‘mclust::count’ when loading ‘scHiCcompare’
** testing if installed package keeps a record of temporary installation path
* SHA256 sums
* creating tarball
packaged installation of ‘scHiCcompare’ as ‘scHiCcompare_1.5.0_R_x86_64-pc-linux-gnu.tar.gz’
* DONE (scHiCcompare)

The downloaded source packages are in
	‘/tmp/Rtmpe5BWtm/downloaded_packages’

real	0m44.713s
user	0m32.414s
sys	0m6.172s
