+ Rscript -e 'Sys.setenv(BIOCONDUCTOR_USE_CONTAINER_REPOSITORY=FALSE);
  p <- .libPaths();
  p <- c('\''/tmp/library'\'', '\''/mnt/library'\'', p);
  .libPaths(p);
  if(BiocManager::install('\''flowcatchR'\'', INSTALL_opts = '\''--build'\'', update = TRUE, quiet = FALSE, dependencies=TRUE, force = TRUE, keep_outputs = TRUE) %in% rownames(installed.packages())) q(status = 0) else q(status = 1)'
'getOption("repos")' replaces Bioconductor standard repositories, see
'help("repositories", package = "BiocManager")' for details.
Replacement repositories:
    CRAN: https://p3m.dev/cran/__linux__/noble/latest
Bioconductor version 3.23 (BiocManager 1.30.27), R 4.6.1 (2026-06-24)
Installing package(s) 'flowcatchR'
also installing the dependency ‘colorRamps’

trying URL 'https://p3m.dev/cran/__linux__/noble/latest/src/contrib/colorRamps_2.3.4.tar.gz'
trying URL 'https://bioconductor.org/packages/3.23/bioc/src/contrib/flowcatchR_1.46.0.tar.gz'
* installing *binary* package ‘colorRamps’ ...
* package ‘colorRamps’ successfully unpacked and SHA256 sums checked
* ‘colorRamps’ was already a binary package and will not be rebuilt
* SHA256 sums
* creating tarball
packaged installation of ‘colorRamps’ as ‘colorRamps_2.3.4_R_x86_64-pc-linux-gnu.tar.gz’
* DONE (colorRamps)
* installing *source* package ‘flowcatchR’ ...
** this is package ‘flowcatchR’ version ‘1.46.0’
** using staged installation
** R
** data
*** moving datasets to lazyload DB
** inst
** byte-compile and prepare package for lazy loading
** help
*** installing help indices
** building package indices
** installing vignettes
** testing if installed package can be loaded from temporary location
** testing if installed package can be loaded from final location
** testing if installed package keeps a record of temporary installation path
* SHA256 sums
* creating tarball
packaged installation of ‘flowcatchR’ as ‘flowcatchR_1.46.0_R_x86_64-pc-linux-gnu.tar.gz’
* DONE (flowcatchR)

The downloaded source packages are in
	‘/tmp/Rtmp0NQgY2/downloaded_packages’
Old packages: 'diffobj', 'httr2', 'pak', 'pkgdown', 'urlchecker', 'xfun',
  'zip', 'MASS', 'nlme', 'survival'

real	0m18.683s
user	0m13.684s
sys	0m3.050s
