+ Rscript -e 'Sys.setenv(BIOCONDUCTOR_USE_CONTAINER_REPOSITORY=FALSE);
  p <- .libPaths();
  p <- c('\''/tmp/library'\'', '\''/mnt/library'\'', p);
  .libPaths(p);
  if(BiocManager::install('\''MethylMix'\'', INSTALL_opts = '\''--build'\'', update = TRUE, quiet = FALSE, dependencies=TRUE, force = TRUE, keep_outputs = TRUE) %in% rownames(installed.packages())) q(status = 0) else q(status = 1)'
'getOption("repos")' replaces Bioconductor standard repositories, see
'help("repositories", package = "BiocManager")' for details.
Replacement repositories:
    CRAN: https://p3m.dev/cran/__linux__/noble/latest
Bioconductor version 3.23 (BiocManager 1.30.27), R 4.6.1 (2026-06-24)
Installing package(s) 'MethylMix'
also installing the dependency ‘RPMM’

trying URL 'https://p3m.dev/cran/__linux__/noble/latest/src/contrib/RPMM_1.25.tar.gz'
trying URL 'https://bioconductor.org/packages/3.23/bioc/src/contrib/MethylMix_2.42.0.tar.gz'
* installing *binary* package ‘RPMM’ ...
* package ‘RPMM’ successfully unpacked and SHA256 sums checked
* ‘RPMM’ was already a binary package and will not be rebuilt
* SHA256 sums
* creating tarball
packaged installation of ‘RPMM’ as ‘RPMM_1.25_R_x86_64-pc-linux-gnu.tar.gz’
* DONE (RPMM)
* installing *source* package ‘MethylMix’ ...
** this is package ‘MethylMix’ version ‘2.42.0’
** using staged installation
** R
** data
*** moving datasets to lazyload DB
** inst
** byte-compile and prepare package for lazy loading
** help
*** installing help indices
** building package indices
** installing vignettes
** testing if installed package can be loaded from temporary location
** testing if installed package can be loaded from final location
** testing if installed package keeps a record of temporary installation path
* SHA256 sums
* creating tarball
packaged installation of ‘MethylMix’ as ‘MethylMix_2.42.0_R_x86_64-pc-linux-gnu.tar.gz’
* DONE (MethylMix)

The downloaded source packages are in
	‘/tmp/RtmpgMvkC8/downloaded_packages’
Old packages: 'httr2', 'pak', 'pkgdown', 'urlchecker', 'xfun', 'zip', 'MASS',
  'nlme', 'survival'

real	0m19.808s
user	0m10.585s
sys	0m3.144s
