+ Rscript -e 'Sys.setenv(BIOCONDUCTOR_USE_CONTAINER_REPOSITORY=FALSE);
  p <- .libPaths();
  p <- c('\''/tmp/library'\'', '\''/mnt/library'\'', p);
  .libPaths(p);
  if(BiocManager::install('\''sparrow'\'', INSTALL_opts = '\''--build'\'', update = TRUE, quiet = FALSE, dependencies=TRUE, force = TRUE, keep_outputs = TRUE) %in% rownames(installed.packages())) q(status = 0) else q(status = 1)'
'getOption("repos")' replaces Bioconductor standard repositories, see
'help("repositories", package = "BiocManager")' for details.
Replacement repositories:
    CRAN: https://p3m.dev/cran/__linux__/noble/latest
Bioconductor version 3.23 (BiocManager 1.30.27), R 4.6.1 (2026-06-24)
Installing package(s) 'sparrow'
also installing the dependency ‘PANTHER.db’

trying URL 'https://bioconductor.org/packages/3.23/data/annotation/src/contrib/PANTHER.db_1.0.12.tar.gz'
trying URL 'https://bioconductor.org/packages/3.23/bioc/src/contrib/sparrow_1.18.0.tar.gz'
* installing *source* package ‘PANTHER.db’ ...
** this is package ‘PANTHER.db’ version ‘1.0.12’
** using staged installation
** R
** inst
** byte-compile and prepare package for lazy loading
** help
*** installing help indices
** building package indices
** installing vignettes
** testing if installed package can be loaded from temporary location
** testing if installed package can be loaded from final location


** testing if installed package keeps a record of temporary installation path
* SHA256 sums
* creating tarball
packaged installation of ‘PANTHER.db’ as ‘PANTHER.db_1.0.12_R_x86_64-pc-linux-gnu.tar.gz’
* DONE (PANTHER.db)
* installing *source* package ‘sparrow’ ...
** this is package ‘sparrow’ version ‘1.18.0’
** using staged installation
** R
** inst
** byte-compile and prepare package for lazy loading
** help
*** installing help indices
*** copying figures
** building package indices
** installing vignettes
** testing if installed package can be loaded from temporary location
** testing if installed package can be loaded from final location
** testing if installed package keeps a record of temporary installation path
* SHA256 sums
* creating tarball
packaged installation of ‘sparrow’ as ‘sparrow_1.18.0_R_x86_64-pc-linux-gnu.tar.gz’
* DONE (sparrow)

The downloaded source packages are in
	‘/tmp/Rtmp01Tdtl/downloaded_packages’
Old packages: 'diffobj', 'httr2', 'pak', 'pkgdown', 'urlchecker', 'xfun',
  'zip', 'MASS', 'nlme', 'survival'

real	1m7.677s
user	0m51.014s
sys	0m7.867s
