+ Rscript -e 'Sys.setenv(BIOCONDUCTOR_USE_CONTAINER_REPOSITORY=FALSE);
  p <- .libPaths();
  p <- c('\''/tmp/library'\'', '\''/mnt/library'\'', p);
  .libPaths(p);
  if(BiocManager::install('\''RMassBank'\'', INSTALL_opts = '\''--build'\'', update = TRUE, quiet = FALSE, dependencies=TRUE, force = TRUE, keep_outputs = TRUE) %in% rownames(installed.packages())) q(status = 0) else q(status = 1)'
'getOption("repos")' replaces Bioconductor standard repositories, see
'help("repositories", package = "BiocManager")' for details.
Replacement repositories:
    CRAN: https://p3m.dev/cran/__linux__/noble/latest
Bioconductor version 3.23 (BiocManager 1.30.27), R 4.6.1 (2026-06-24)
Installing package(s) 'RMassBank'
also installing the dependencies ‘enviPat’, ‘RMassBankData’

trying URL 'https://p3m.dev/cran/__linux__/noble/latest/src/contrib/enviPat_2.8.tar.gz'
trying URL 'https://bioconductor.org/packages/3.23/data/experiment/src/contrib/RMassBankData_1.50.0.tar.gz'
trying URL 'https://bioconductor.org/packages/3.23/bioc/src/contrib/RMassBank_3.22.0.tar.gz'
* installing *binary* package ‘enviPat’ ...
* package ‘enviPat’ successfully unpacked and SHA256 sums checked
* ‘enviPat’ was already a binary package and will not be rebuilt
* SHA256 sums
* creating tarball
packaged installation of ‘enviPat’ as ‘enviPat_2.8_R_x86_64-pc-linux-gnu.tar.gz’
* DONE (enviPat)
* installing *source* package ‘RMassBankData’ ...
** this is package ‘RMassBankData’ version ‘1.50.0’
** using staged installation
** R
** inst
** byte-compile and prepare package for lazy loading
** help
*** installing help indices
** building package indices
** testing if installed package can be loaded from temporary location
** testing if installed package can be loaded from final location
** testing if installed package keeps a record of temporary installation path
* SHA256 sums
* creating tarball
packaged installation of ‘RMassBankData’ as ‘RMassBankData_1.50.0_R_x86_64-pc-linux-gnu.tar.gz’
* DONE (RMassBankData)
* installing *source* package ‘RMassBank’ ...
** this is package ‘RMassBank’ version ‘3.22.0’
** using staged installation
** R
** inst
** byte-compile and prepare package for lazy loading
** help
*** installing help indices
** building package indices
** installing vignettes
** testing if installed package can be loaded from temporary location
** testing if installed package can be loaded from final location
** testing if installed package keeps a record of temporary installation path
* SHA256 sums
* creating tarball
packaged installation of ‘RMassBank’ as ‘RMassBank_3.22.0_R_x86_64-pc-linux-gnu.tar.gz’
* DONE (RMassBank)

The downloaded source packages are in
	‘/tmp/RtmpHV13cL/downloaded_packages’
Old packages: 'httr2', 'pak', 'pkgdown', 'urlchecker', 'xfun', 'zip', 'MASS',
  'nlme', 'survival'

real	1m31.474s
user	1m10.820s
sys	0m11.101s
