+ Rscript -e 'Sys.setenv(BIOCONDUCTOR_USE_CONTAINER_REPOSITORY=FALSE);
  p <- .libPaths();
  p <- c('\''/tmp/library'\'', '\''/mnt/library'\'', p);
  .libPaths(p);
  if(BiocManager::install('\''yarn'\'', INSTALL_opts = '\''--build'\'', update = TRUE, quiet = FALSE, dependencies=TRUE, force = TRUE, keep_outputs = TRUE) %in% rownames(installed.packages())) q(status = 0) else q(status = 1)'
'getOption("repos")' replaces Bioconductor standard repositories, see
'help("repositories", package = "BiocManager")' for details.
Replacement repositories:
    CRAN: https://p3m.dev/cran/__linux__/noble/latest
Bioconductor version 3.24 (BiocManager 1.30.27), R 4.6.1 (2026-06-24)
Installing package(s) 'yarn'
trying URL 'https://bioconductor.org/packages/3.24/bioc/src/contrib/yarn_1.39.0.tar.gz'
Content type 'application/x-gzip' length 3120180 bytes (3.0 MB)
==================================================
downloaded 3.0 MB

* installing *source* package ‘yarn’ ...
** this is package ‘yarn’ version ‘1.39.0’
** package ‘yarn’ successfully unpacked and MD5 sums checked
** using staged installation
** R
** data
*** moving datasets to lazyload DB
** inst
** byte-compile and prepare package for lazy loading
** help
*** installing help indices
** building package indices
** installing vignettes
** testing if installed package can be loaded from temporary location
** testing if installed package can be loaded from final location
** testing if installed package keeps a record of temporary installation path
* SHA256 sums
* creating tarball
packaged installation of ‘yarn’ as ‘yarn_1.39.0_R_x86_64-pc-linux-gnu.tar.gz’
* DONE (yarn)

The downloaded source packages are in
	‘/tmp/RtmpnSAMYW/downloaded_packages’

real	1m4.848s
user	0m49.590s
sys	0m6.734s
