+ Rscript -e 'Sys.setenv(BIOCONDUCTOR_USE_CONTAINER_REPOSITORY=FALSE);
  p <- .libPaths();
  p <- c('\''/tmp/library'\'', '\''/mnt/library'\'', p);
  .libPaths(p);
  if(BiocManager::install('\''MEDME'\'', INSTALL_opts = '\''--build'\'', update = TRUE, quiet = FALSE, dependencies=TRUE, force = TRUE, keep_outputs = TRUE) %in% rownames(installed.packages())) q(status = 0) else q(status = 1)'
'getOption("repos")' replaces Bioconductor standard repositories, see
'help("repositories", package = "BiocManager")' for details.
Replacement repositories:
    CRAN: https://p3m.dev/cran/__linux__/noble/latest
Bioconductor version 3.23 (BiocManager 1.30.27), R 4.6.1 (2026-06-24)
Installing package(s) 'MEDME'
also installing the dependency ‘BSgenome.Mmusculus.UCSC.mm9’

trying URL 'https://bioconductor.org/packages/3.23/data/annotation/src/contrib/BSgenome.Mmusculus.UCSC.mm9_1.4.0.tar.gz'
trying URL 'https://bioconductor.org/packages/3.23/bioc/src/contrib/MEDME_1.72.0.tar.gz'
* installing *source* package ‘BSgenome.Mmusculus.UCSC.mm9’ ...
** this is package ‘BSgenome.Mmusculus.UCSC.mm9’ version ‘1.4.0’
** using staged installation
** R
** inst
** byte-compile and prepare package for lazy loading
** help
*** installing help indices
** building package indices
** testing if installed package can be loaded from temporary location
** testing if installed package can be loaded from final location
** testing if installed package keeps a record of temporary installation path
* SHA256 sums
* creating tarball
packaged installation of ‘BSgenome.Mmusculus.UCSC.mm9’ as ‘BSgenome.Mmusculus.UCSC.mm9_1.4.0_R_x86_64-pc-linux-gnu.tar.gz’
* DONE (BSgenome.Mmusculus.UCSC.mm9)
* installing *source* package ‘MEDME’ ...
** this is package ‘MEDME’ version ‘1.72.0’
** using staged installation
** libs
using C compiler: ‘gcc (Ubuntu 13.3.0-6ubuntu2~24.04.1) 13.3.0’
gcc -std=gnu2x -I"/usr/local/lib/R/include" -DNDEBUG   -I/usr/local/include    -fpic  -g -O2 -fstack-protector-strong -Wformat -Werror=format-security -Wdate-time -D_FORTIFY_SOURCE=2 -g  -c MEDMEweight.c -o MEDMEweight.o
gcc -std=gnu2x -shared -L/usr/local/lib/R/lib -L/usr/local/lib -o MEDME.so MEDMEweight.o -L/usr/local/lib/R/lib -lR
installing to /tmp/library/00LOCK-MEDME/00new/MEDME/libs
** R
** data
** inst
** byte-compile and prepare package for lazy loading
** help
*** installing help indices
** building package indices
** installing vignettes
** testing if installed package can be loaded from temporary location
** checking absolute paths in shared objects and dynamic libraries
** testing if installed package can be loaded from final location
** testing if installed package keeps a record of temporary installation path
* SHA256 sums
* creating tarball
packaged installation of ‘MEDME’ as ‘MEDME_1.72.0_R_x86_64-pc-linux-gnu.tar.gz’
* DONE (MEDME)

The downloaded source packages are in
	‘/tmp/Rtmpq9N7SQ/downloaded_packages’
Old packages: 'httr2', 'pak', 'pkgdown', 'urlchecker', 'xfun', 'zip', 'MASS',
  'nlme', 'survival'

real	1m53.403s
user	1m36.010s
sys	0m11.666s
