+ Rscript -e 'Sys.setenv(BIOCONDUCTOR_USE_CONTAINER_REPOSITORY=FALSE);
  p <- .libPaths();
  p <- c('\''/tmp/library'\'', '\''/mnt/library'\'', p);
  .libPaths(p);
  if(BiocManager::install('\''BayesSpace'\'', INSTALL_opts = '\''--build'\'', update = TRUE, quiet = FALSE, dependencies=TRUE, force = TRUE, keep_outputs = TRUE) %in% rownames(installed.packages())) q(status = 0) else q(status = 1)'
'getOption("repos")' replaces Bioconductor standard repositories, see
'help("repositories", package = "BiocManager")' for details.
Replacement repositories:
    CRAN: https://p3m.dev/cran/__linux__/noble/latest
Bioconductor version 3.23 (BiocManager 1.30.27), R 4.6.1 (2026-06-24)
Installing package(s) 'BayesSpace'
also installing the dependencies ‘DirichletReg’, ‘RcppDist’

trying URL 'https://p3m.dev/cran/__linux__/noble/latest/src/contrib/DirichletReg_0.7-2.tar.gz'
trying URL 'https://p3m.dev/cran/__linux__/noble/latest/src/contrib/RcppDist_0.1.1.1.tar.gz'
trying URL 'https://bioconductor.org/packages/3.23/bioc/src/contrib/BayesSpace_1.22.0.tar.gz'
* installing *binary* package ‘DirichletReg’ ...
* package ‘DirichletReg’ successfully unpacked and SHA256 sums checked
* ‘DirichletReg’ was already a binary package and will not be rebuilt
* SHA256 sums
* creating tarball
packaged installation of ‘DirichletReg’ as ‘DirichletReg_0.7-2_R_x86_64-pc-linux-gnu.tar.gz’
* DONE (DirichletReg)
* installing *binary* package ‘RcppDist’ ...
* package ‘RcppDist’ successfully unpacked and SHA256 sums checked
* ‘RcppDist’ was already a binary package and will not be rebuilt
* SHA256 sums
* creating tarball
packaged installation of ‘RcppDist’ as ‘RcppDist_0.1.1.1_R_x86_64-pc-linux-gnu.tar.gz’
* DONE (RcppDist)
* installing *source* package ‘BayesSpace’ ...
** this is package ‘BayesSpace’ version ‘1.22.0’
** using staged installation
** libs
specified C++17
using C++ compiler: ‘g++ (Ubuntu 13.3.0-6ubuntu2~24.04.1) 13.3.0’
using C++17
g++ -std=gnu++17 -I"/usr/local/lib/R/include" -DNDEBUG  -I'/usr/local/lib/R/site-library/Rcpp/include' -I'/mnt/library/RcppArmadillo/include' -I'/tmp/library/RcppDist/include' -I'/mnt/library/RcppProgress/include' -I/usr/local/include   -Iindicators/include -fopenmp -fpic  -g -O2 -fstack-protector-strong -Wformat -Werror=format-security -Wdate-time -D_FORTIFY_SOURCE=2 -g   -c RcppExports.cpp -o RcppExports.o
g++ -std=gnu++17 -I"/usr/local/lib/R/include" -DNDEBUG  -I'/usr/local/lib/R/site-library/Rcpp/include' -I'/mnt/library/RcppArmadillo/include' -I'/tmp/library/RcppDist/include' -I'/mnt/library/RcppProgress/include' -I/usr/local/include   -Iindicators/include -fopenmp -fpic  -g -O2 -fstack-protector-strong -Wformat -Werror=format-security -Wdate-time -D_FORTIFY_SOURCE=2 -g   -c cluster.cpp -o cluster.o
g++ -std=gnu++17 -I"/usr/local/lib/R/include" -DNDEBUG  -I'/usr/local/lib/R/site-library/Rcpp/include' -I'/mnt/library/RcppArmadillo/include' -I'/tmp/library/RcppDist/include' -I'/mnt/library/RcppProgress/include' -I/usr/local/include   -Iindicators/include -fopenmp -fpic  -g -O2 -fstack-protector-strong -Wformat -Werror=format-security -Wdate-time -D_FORTIFY_SOURCE=2 -g   -c compare_enhanced.cpp -o compare_enhanced.o
g++ -std=gnu++17 -shared -L/usr/local/lib/R/lib -L/usr/local/lib -o BayesSpace.so RcppExports.o cluster.o compare_enhanced.o -fopenmp -llapack -lblas -lgfortran -lm -lquadmath -L/usr/local/lib/R/lib -lR
installing to /tmp/library/00LOCK-BayesSpace/00new/BayesSpace/libs
** R
** inst
** byte-compile and prepare package for lazy loading
** help
*** installing help indices
** building package indices
** installing vignettes
** testing if installed package can be loaded from temporary location
** checking absolute paths in shared objects and dynamic libraries
** testing if installed package can be loaded from final location
** testing if installed package keeps a record of temporary installation path
* SHA256 sums
* creating tarball
packaged installation of ‘BayesSpace’ as ‘BayesSpace_1.22.0_R_x86_64-pc-linux-gnu.tar.gz’
* DONE (BayesSpace)

The downloaded source packages are in
	‘/tmp/Rtmp9K8s47/downloaded_packages’
Old packages: 'httr2', 'pak', 'pkgdown', 'urlchecker', 'xfun', 'zip', 'MASS',
  'nlme', 'survival'

real	1m21.647s
user	1m7.143s
sys	0m8.980s
