+ Rscript -e 'Sys.setenv(BIOCONDUCTOR_USE_CONTAINER_REPOSITORY=FALSE);
  p <- .libPaths();
  p <- c('\''/tmp/library'\'', '\''/mnt/library'\'', p);
  .libPaths(p);
  if(BiocManager::install('\''GOTHiC'\'', INSTALL_opts = '\''--build'\'', update = TRUE, quiet = FALSE, dependencies=TRUE, force = TRUE, keep_outputs = TRUE) %in% rownames(installed.packages())) q(status = 0) else q(status = 1)'
'getOption("repos")' replaces Bioconductor standard repositories, see
'help("repositories", package = "BiocManager")' for details.
Replacement repositories:
    CRAN: https://p3m.dev/cran/__linux__/noble/latest
Bioconductor version 3.24 (BiocManager 1.30.27), R 4.6.1 (2026-06-24)
Installing package(s) 'GOTHiC'
also installing the dependency ‘HiCDataLymphoblast’

trying URL 'https://bioconductor.org/packages/3.24/data/experiment/src/contrib/HiCDataLymphoblast_1.49.0.tar.gz'
trying URL 'https://bioconductor.org/packages/3.24/bioc/src/contrib/GOTHiC_1.49.0.tar.gz'
* installing *source* package ‘HiCDataLymphoblast’ ...
** this is package ‘HiCDataLymphoblast’ version ‘1.49.0’
** using staged installation
** inst
** help
No man pages found in package  ‘HiCDataLymphoblast’ 
*** installing help indices
** building package indices
** installing vignettes
** testing if installed package can be loaded from temporary location
** testing if installed package can be loaded from final location
** testing if installed package keeps a record of temporary installation path
* SHA256 sums
* creating tarball
packaged installation of ‘HiCDataLymphoblast’ as ‘HiCDataLymphoblast_1.49.0_R_x86_64-pc-linux-gnu.tar.gz’
* DONE (HiCDataLymphoblast)
* installing *source* package ‘GOTHiC’ ...
** this is package ‘GOTHiC’ version ‘1.49.0’
** package ‘GOTHiC’ successfully unpacked and MD5 sums checked
** using staged installation
** R
** data
** inst
** byte-compile and prepare package for lazy loading
** help
*** installing help indices
** building package indices
** installing vignettes
** testing if installed package can be loaded from temporary location
** testing if installed package can be loaded from final location
** testing if installed package keeps a record of temporary installation path
* SHA256 sums
* creating tarball
packaged installation of ‘GOTHiC’ as ‘GOTHiC_1.49.0_R_x86_64-pc-linux-gnu.tar.gz’
* DONE (GOTHiC)

The downloaded source packages are in
	‘/tmp/RtmpFw0JkE/downloaded_packages’
Old packages: 'diffobj'

real	1m16.602s
user	0m56.327s
sys	0m7.052s
