+ Rscript -e 'Sys.setenv(BIOCONDUCTOR_USE_CONTAINER_REPOSITORY=FALSE);
  p <- .libPaths();
  p <- c('\''/tmp/library'\'', '\''/mnt/library'\'', p);
  .libPaths(p);
  if(BiocManager::install('\''BatChef'\'', INSTALL_opts = '\''--build'\'', update = TRUE, quiet = FALSE, dependencies=TRUE, force = TRUE, keep_outputs = TRUE) %in% rownames(installed.packages())) q(status = 0) else q(status = 1)'
'getOption("repos")' replaces Bioconductor standard repositories, see
'help("repositories", package = "BiocManager")' for details.
Replacement repositories:
    CRAN: https://p3m.dev/cran/__linux__/noble/latest
Bioconductor version 3.24 (BiocManager 1.30.27), R 4.6.1 (2026-06-24)
Installing package(s) 'BatChef'
also installing the dependencies ‘easy.utils’, ‘hdf5r.Extra’, ‘HighFive’, ‘RcppPlanc’, ‘ggprism’, ‘rliger’, ‘scCustomize’

trying URL 'https://p3m.dev/cran/__linux__/noble/latest/src/contrib/easy.utils_0.1.0.tar.gz'
trying URL 'https://p3m.dev/cran/__linux__/noble/latest/src/contrib/hdf5r.Extra_0.1.0.tar.gz'
trying URL 'https://p3m.dev/cran/__linux__/noble/latest/src/contrib/HighFive_3.3.0.tar.gz'
trying URL 'https://p3m.dev/cran/__linux__/noble/latest/src/contrib/RcppPlanc_2.0.15.tar.gz'
trying URL 'https://p3m.dev/cran/__linux__/noble/latest/src/contrib/ggprism_1.0.7.tar.gz'
trying URL 'https://p3m.dev/cran/__linux__/noble/latest/src/contrib/rliger_2.2.1.tar.gz'
trying URL 'https://p3m.dev/cran/__linux__/noble/latest/src/contrib/scCustomize_3.3.0.tar.gz'
trying URL 'https://bioconductor.org/packages/3.24/bioc/src/contrib/BatChef_1.1.1.tar.gz'
* installing *binary* package ‘easy.utils’ ...
* package ‘easy.utils’ successfully unpacked and SHA256 sums checked
* ‘easy.utils’ was already a binary package and will not be rebuilt
* SHA256 sums
* creating tarball
packaged installation of ‘easy.utils’ as ‘easy.utils_0.1.0_R_x86_64-pc-linux-gnu.tar.gz’
* DONE (easy.utils)
* installing *binary* package ‘HighFive’ ...
* package ‘HighFive’ successfully unpacked and SHA256 sums checked
* ‘HighFive’ was already a binary package and will not be rebuilt
* SHA256 sums
* creating tarball
packaged installation of ‘HighFive’ as ‘HighFive_3.3.0_R_x86_64-pc-linux-gnu.tar.gz’
* DONE (HighFive)
* installing *binary* package ‘ggprism’ ...
* package ‘ggprism’ successfully unpacked and SHA256 sums checked
* ‘ggprism’ was already a binary package and will not be rebuilt
* SHA256 sums
* creating tarball
packaged installation of ‘ggprism’ as ‘ggprism_1.0.7_R_x86_64-pc-linux-gnu.tar.gz’
* DONE (ggprism)
* installing *binary* package ‘hdf5r.Extra’ ...
* package ‘hdf5r.Extra’ successfully unpacked and SHA256 sums checked
* ‘hdf5r.Extra’ was already a binary package and will not be rebuilt
* SHA256 sums
* creating tarball
packaged installation of ‘hdf5r.Extra’ as ‘hdf5r.Extra_0.1.0_R_x86_64-pc-linux-gnu.tar.gz’
* DONE (hdf5r.Extra)
* installing *binary* package ‘scCustomize’ ...
* package ‘scCustomize’ successfully unpacked and SHA256 sums checked
* ‘scCustomize’ was already a binary package and will not be rebuilt
* SHA256 sums
* creating tarball
packaged installation of ‘scCustomize’ as ‘scCustomize_3.3.0_R_x86_64-pc-linux-gnu.tar.gz’
* DONE (scCustomize)
* installing *binary* package ‘RcppPlanc’ ...
* package ‘RcppPlanc’ successfully unpacked and SHA256 sums checked
* ‘RcppPlanc’ was already a binary package and will not be rebuilt
* SHA256 sums
* creating tarball
packaged installation of ‘RcppPlanc’ as ‘RcppPlanc_2.0.15_R_x86_64-pc-linux-gnu.tar.gz’
* DONE (RcppPlanc)
* installing *binary* package ‘rliger’ ...
* package ‘rliger’ successfully unpacked and SHA256 sums checked
* ‘rliger’ was already a binary package and will not be rebuilt
* SHA256 sums
* creating tarball
packaged installation of ‘rliger’ as ‘rliger_2.2.1_R_x86_64-pc-linux-gnu.tar.gz’
* DONE (rliger)
* installing *source* package ‘BatChef’ ...
** this is package ‘BatChef’ version ‘1.1.1’
** package ‘BatChef’ successfully unpacked and MD5 sums checked
** using staged installation
** libs
using C++ compiler: ‘g++ (Ubuntu 13.3.0-6ubuntu2~24.04.1) 13.3.0’
g++ -std=gnu++20 -I"/usr/local/lib/R/include" -DNDEBUG  -I'/usr/local/lib/R/site-library/Rcpp/include' -I'/mnt/library/RcppArmadillo/include' -I/usr/local/include    -fpic  -g -O2 -fstack-protector-strong -Wformat -Werror=format-security -Wdate-time -D_FORTIFY_SOURCE=2 -g   -c RcppExports.cpp -o RcppExports.o
g++ -std=gnu++20 -I"/usr/local/lib/R/include" -DNDEBUG  -I'/usr/local/lib/R/site-library/Rcpp/include' -I'/mnt/library/RcppArmadillo/include' -I/usr/local/include    -fpic  -g -O2 -fstack-protector-strong -Wformat -Werror=format-security -Wdate-time -D_FORTIFY_SOURCE=2 -g   -c utils.cpp -o utils.o
g++ -std=gnu++20 -shared -L/usr/local/lib/R/lib -L/usr/local/lib -o BatChef.so RcppExports.o utils.o -L/usr/local/lib/R/lib -lR
installing to /tmp/library/00LOCK-BatChef/00new/BatChef/libs
** R
** inst
** byte-compile and prepare package for lazy loading
** help
*** installing help indices
** building package indices
** installing vignettes
** testing if installed package can be loaded from temporary location
** checking absolute paths in shared objects and dynamic libraries
** testing if installed package can be loaded from final location
** testing if installed package keeps a record of temporary installation path
* SHA256 sums
* creating tarball
packaged installation of ‘BatChef’ as ‘BatChef_1.1.1_R_x86_64-pc-linux-gnu.tar.gz’
* DONE (BatChef)

The downloaded source packages are in
	‘/tmp/RtmpuwGZqG/downloaded_packages’
Old packages: 'diffobj'

real	1m44.823s
user	1m25.145s
sys	0m11.330s
