+ Rscript -e 'Sys.setenv(BIOCONDUCTOR_USE_CONTAINER_REPOSITORY=FALSE);
  p <- .libPaths();
  p <- c('\''/tmp/library'\'', '\''/mnt/library'\'', p);
  .libPaths(p);
  if(BiocManager::install('\''pipeFrame'\'', INSTALL_opts = '\''--build'\'', update = TRUE, quiet = FALSE, dependencies=TRUE, force = TRUE, keep_outputs = TRUE) %in% rownames(installed.packages())) q(status = 0) else q(status = 1)'
'getOption("repos")' replaces Bioconductor standard repositories, see
'help("repositories", package = "BiocManager")' for details.
Replacement repositories:
    CRAN: https://p3m.dev/cran/__linux__/noble/latest
Bioconductor version 3.24 (BiocManager 1.30.27), R 4.6.1 (2026-06-24)
Installing package(s) 'pipeFrame'
trying URL 'https://bioconductor.org/packages/3.24/bioc/src/contrib/pipeFrame_1.29.0.tar.gz'
Content type 'application/x-gzip' length 1254954 bytes (1.2 MB)
==================================================
downloaded 1.2 MB

* installing *source* package ‘pipeFrame’ ...
** this is package ‘pipeFrame’ version ‘1.29.0’
** package ‘pipeFrame’ successfully unpacked and MD5 sums checked
** using staged installation
** R
** inst
** byte-compile and prepare package for lazy loading
** help
*** installing help indices
** building package indices
** installing vignettes
** testing if installed package can be loaded from temporary location
** testing if installed package can be loaded from final location
** testing if installed package keeps a record of temporary installation path
* SHA256 sums
* creating tarball
packaged installation of ‘pipeFrame’ as ‘pipeFrame_1.29.0_R_x86_64-pc-linux-gnu.tar.gz’
* DONE (pipeFrame)

The downloaded source packages are in
	‘/tmp/Rtmpfu3Fp1/downloaded_packages’

real	0m46.101s
user	0m35.140s
sys	0m5.119s
