+ Rscript -e 'Sys.setenv(BIOCONDUCTOR_USE_CONTAINER_REPOSITORY=FALSE);
  p <- .libPaths();
  p <- c('\''/tmp/library'\'', '\''/mnt/library'\'', p);
  .libPaths(p);
  if(BiocManager::install('\''MAGAR'\'', INSTALL_opts = '\''--build'\'', update = TRUE, quiet = FALSE, dependencies=TRUE, force = TRUE, keep_outputs = TRUE) %in% rownames(installed.packages())) q(status = 0) else q(status = 1)'
'getOption("repos")' replaces Bioconductor standard repositories, see
'help("repositories", package = "BiocManager")' for details.
Replacement repositories:
    CRAN: https://p3m.dev/cran/__linux__/noble/latest
Bioconductor version 3.24 (BiocManager 1.30.27), R 4.6.1 (2026-06-24)
Installing package(s) 'MAGAR'
trying URL 'https://bioconductor.org/packages/3.24/bioc/src/contrib/MAGAR_1.21.0.tar.gz'
Content type 'application/x-gzip' length 1055597 bytes (1.0 MB)
==================================================
downloaded 1.0 MB

* installing *source* package ‘MAGAR’ ...
** this is package ‘MAGAR’ version ‘1.21.0’
** package ‘MAGAR’ successfully unpacked and MD5 sums checked
** using staged installation
** R
** inst
** byte-compile and prepare package for lazy loading
No methods found in package ‘oligoClasses’ for request: ‘mean’ when loading ‘crlmm’
** help
*** installing help indices
** building package indices
** installing vignettes
** testing if installed package can be loaded from temporary location
No methods found in package ‘oligoClasses’ for request: ‘mean’ when loading ‘crlmm’
** testing if installed package can be loaded from final location
No methods found in package ‘oligoClasses’ for request: ‘mean’ when loading ‘crlmm’
** testing if installed package keeps a record of temporary installation path
* SHA256 sums
* creating tarball
packaged installation of ‘MAGAR’ as ‘MAGAR_1.21.0_R_x86_64-pc-linux-gnu.tar.gz’
* DONE (MAGAR)

The downloaded source packages are in
	‘/tmp/RtmpTwg09t/downloaded_packages’
Old packages: 'diffobj'

real	1m46.618s
user	1m18.693s
sys	0m10.320s
