+ Rscript -e 'Sys.setenv(BIOCONDUCTOR_USE_CONTAINER_REPOSITORY=FALSE);
  p <- .libPaths();
  p <- c('\''/tmp/library'\'', '\''/mnt/library'\'', p);
  .libPaths(p);
  if(BiocManager::install('\''HDF5Array'\'', INSTALL_opts = '\''--build'\'', update = TRUE, quiet = FALSE, dependencies=TRUE, force = TRUE, keep_outputs = TRUE) %in% rownames(installed.packages())) q(status = 0) else q(status = 1)'
'getOption("repos")' replaces Bioconductor standard repositories, see
'help("repositories", package = "BiocManager")' for details.
Replacement repositories:
    CRAN: https://p3m.dev/cran/__linux__/noble/latest
Bioconductor version 3.24 (BiocManager 1.30.27), R 4.6.1 (2026-06-24)
Installing package(s) 'HDF5Array'
also installing the dependency ‘h5vcData’

trying URL 'https://bioconductor.org/packages/3.24/data/experiment/src/contrib/h5vcData_2.33.0.tar.gz'
trying URL 'https://bioconductor.org/packages/3.24/bioc/src/contrib/HDF5Array_1.41.0.tar.gz'
* installing *source* package ‘h5vcData’ ...
** this is package ‘h5vcData’ version ‘2.33.0’
** using staged installation
** R
** data
** inst
** byte-compile and prepare package for lazy loading
** help
*** installing help indices
** building package indices
** testing if installed package can be loaded from temporary location
** testing if installed package can be loaded from final location
** testing if installed package keeps a record of temporary installation path
* SHA256 sums
* creating tarball
packaged installation of ‘h5vcData’ as ‘h5vcData_2.33.0_R_x86_64-pc-linux-gnu.tar.gz’
* DONE (h5vcData)
* installing *source* package ‘HDF5Array’ ...
** this is package ‘HDF5Array’ version ‘1.41.0’
** package ‘HDF5Array’ successfully unpacked and MD5 sums checked
** using staged installation
** R
** inst
** byte-compile and prepare package for lazy loading
** help
*** installing help indices
** building package indices
** installing vignettes
** testing if installed package can be loaded from temporary location
** testing if installed package can be loaded from final location
** testing if installed package keeps a record of temporary installation path
* SHA256 sums
* creating tarball
packaged installation of ‘HDF5Array’ as ‘HDF5Array_1.41.0_R_x86_64-pc-linux-gnu.tar.gz’
* DONE (HDF5Array)

The downloaded source packages are in
	‘/tmp/RtmplywgEO/downloaded_packages’

real	0m37.808s
user	0m25.115s
sys	0m5.122s
