+ Rscript -e 'Sys.setenv(BIOCONDUCTOR_USE_CONTAINER_REPOSITORY=FALSE);
  p <- .libPaths();
  p <- c('\''/tmp/library'\'', '\''/mnt/library'\'', p);
  .libPaths(p);
  if(BiocManager::install('\''FISHalyseR'\'', INSTALL_opts = '\''--build'\'', update = TRUE, quiet = FALSE, dependencies=TRUE, force = TRUE, keep_outputs = TRUE) %in% rownames(installed.packages())) q(status = 0) else q(status = 1)'
'getOption("repos")' replaces Bioconductor standard repositories, see
'help("repositories", package = "BiocManager")' for details.
Replacement repositories:
    CRAN: https://p3m.dev/cran/__linux__/noble/latest
Bioconductor version 3.23 (BiocManager 1.30.27), R 4.6.1 (2026-06-24)
Installing package(s) 'FISHalyseR'
trying URL 'https://bioconductor.org/packages/3.23/bioc/src/contrib/FISHalyseR_1.46.0.tar.gz'
Content type 'application/x-gzip' length 800225 bytes (781 KB)
==================================================
downloaded 781 KB

* installing *source* package ‘FISHalyseR’ ...
** this is package ‘FISHalyseR’ version ‘1.46.0’
** using staged installation
** R
** inst
** byte-compile and prepare package for lazy loading
Warning: replacing previous import ‘EBImage::abind’ by ‘abind::abind’ when loading ‘FISHalyseR’
** help
*** installing help indices
** building package indices
** installing vignettes
** testing if installed package can be loaded from temporary location
Warning: replacing previous import ‘EBImage::abind’ by ‘abind::abind’ when loading ‘FISHalyseR’
** testing if installed package can be loaded from final location
Warning: replacing previous import ‘EBImage::abind’ by ‘abind::abind’ when loading ‘FISHalyseR’
** testing if installed package keeps a record of temporary installation path
* SHA256 sums
* creating tarball
packaged installation of ‘FISHalyseR’ as ‘FISHalyseR_1.46.0_R_x86_64-pc-linux-gnu.tar.gz’
* DONE (FISHalyseR)

The downloaded source packages are in
	‘/tmp/RtmpvI0AEs/downloaded_packages’
Old packages: 'httr2', 'pak', 'pkgdown', 'urlchecker', 'xfun', 'zip', 'MASS',
  'nlme', 'survival'

real	0m16.833s
user	0m7.877s
sys	0m2.660s
