+ Rscript -e 'Sys.setenv(BIOCONDUCTOR_USE_CONTAINER_REPOSITORY=FALSE);
  p <- .libPaths();
  p <- c('\''/tmp/library'\'', '\''/mnt/library'\'', p);
  .libPaths(p);
  if(BiocManager::install('\''chevreulPlot'\'', INSTALL_opts = '\''--build'\'', update = TRUE, quiet = FALSE, dependencies=TRUE, force = TRUE, keep_outputs = TRUE) %in% rownames(installed.packages())) q(status = 0) else q(status = 1)'
'getOption("repos")' replaces Bioconductor standard repositories, see
'help("repositories", package = "BiocManager")' for details.
Replacement repositories:
    CRAN: https://p3m.dev/cran/__linux__/noble/latest
Bioconductor version 3.24 (BiocManager 1.30.27), R 4.6.1 (2026-06-24)
Installing package(s) 'chevreulPlot'
also installing the dependency ‘clustree’

trying URL 'https://p3m.dev/cran/__linux__/noble/latest/src/contrib/clustree_0.5.1.tar.gz'
trying URL 'https://bioconductor.org/packages/3.24/bioc/src/contrib/chevreulPlot_1.5.0.tar.gz'
* installing *binary* package ‘clustree’ ...
* package ‘clustree’ successfully unpacked and SHA256 sums checked
* ‘clustree’ was already a binary package and will not be rebuilt
* SHA256 sums
* creating tarball
packaged installation of ‘clustree’ as ‘clustree_0.5.1_R_x86_64-pc-linux-gnu.tar.gz’
* DONE (clustree)
* installing *source* package ‘chevreulPlot’ ...
** this is package ‘chevreulPlot’ version ‘1.5.0’
** package ‘chevreulPlot’ successfully unpacked and MD5 sums checked
** using staged installation
** R
** data
** inst
** byte-compile and prepare package for lazy loading
** help
*** installing help indices
** building package indices
** installing vignettes
** testing if installed package can be loaded from temporary location
** testing if installed package can be loaded from final location
** testing if installed package keeps a record of temporary installation path
* SHA256 sums
* creating tarball
packaged installation of ‘chevreulPlot’ as ‘chevreulPlot_1.5.0_R_x86_64-pc-linux-gnu.tar.gz’
* DONE (chevreulPlot)

The downloaded source packages are in
	‘/tmp/RtmpJlRuD3/downloaded_packages’
Old packages: 'diffobj'

real	1m12.838s
user	0m54.442s
sys	0m8.226s
