+ Rscript -e 'Sys.setenv(BIOCONDUCTOR_USE_CONTAINER_REPOSITORY=FALSE);
  p <- .libPaths();
  p <- c('\''/tmp/library'\'', '\''/mnt/library'\'', p);
  .libPaths(p);
  if(BiocManager::install('\''BCRANK'\'', INSTALL_opts = '\''--build'\'', update = TRUE, quiet = FALSE, dependencies=TRUE, force = TRUE, keep_outputs = TRUE) %in% rownames(installed.packages())) q(status = 0) else q(status = 1)'
'getOption("repos")' replaces Bioconductor standard repositories, see
'help("repositories", package = "BiocManager")' for details.
Replacement repositories:
    CRAN: https://p3m.dev/cran/__linux__/noble/latest
Bioconductor version 3.24 (BiocManager 1.30.27), R 4.6.1 (2026-06-24)
Installing package(s) 'BCRANK'
trying URL 'https://bioconductor.org/packages/3.24/bioc/src/contrib/BCRANK_1.75.0.tar.gz'
Content type 'application/x-gzip' length 3044161 bytes (2.9 MB)
==================================================
downloaded 2.9 MB

* installing *source* package ‘BCRANK’ ...
** this is package ‘BCRANK’ version ‘1.75.0’
** package ‘BCRANK’ successfully unpacked and MD5 sums checked
** using staged installation
** libs
using C compiler: ‘gcc (Ubuntu 13.3.0-6ubuntu2~24.04.1) 13.3.0’
gcc -std=gnu2x -I"/usr/local/lib/R/include" -DNDEBUG   -I/usr/local/include    -fpic  -g -O2 -fstack-protector-strong -Wformat -Werror=format-security -Wdate-time -D_FORTIFY_SOURCE=2 -g  -c init.c -o init.o
gcc -std=gnu2x -I"/usr/local/lib/R/include" -DNDEBUG   -I/usr/local/include    -fpic  -g -O2 -fstack-protector-strong -Wformat -Werror=format-security -Wdate-time -D_FORTIFY_SOURCE=2 -g  -c match_consensus.c -o match_consensus.o
gcc -std=gnu2x -shared -L/usr/local/lib/R/lib -L/usr/local/lib -o BCRANK.so init.o match_consensus.o -L/usr/local/lib/R/lib -lR
installing to /tmp/library/00LOCK-BCRANK/00new/BCRANK/libs
** R
** data
** inst
** byte-compile and prepare package for lazy loading
** help
*** installing help indices
** building package indices
** installing vignettes
** testing if installed package can be loaded from temporary location
** checking absolute paths in shared objects and dynamic libraries
** testing if installed package can be loaded from final location
** testing if installed package keeps a record of temporary installation path
* SHA256 sums
* creating tarball
packaged installation of ‘BCRANK’ as ‘BCRANK_1.75.0_R_x86_64-pc-linux-gnu.tar.gz’
* DONE (BCRANK)

The downloaded source packages are in
	‘/tmp/Rtmp52Ry10/downloaded_packages’

real	0m20.822s
user	0m15.816s
sys	0m3.491s
