+ Rscript -e 'Sys.setenv(BIOCONDUCTOR_USE_CONTAINER_REPOSITORY=FALSE);
  p <- .libPaths();
  p <- c('\''/tmp/library'\'', '\''/mnt/library'\'', p);
  .libPaths(p);
  if(BiocManager::install('\''XINA'\'', INSTALL_opts = '\''--build'\'', update = TRUE, quiet = FALSE, dependencies=TRUE, force = TRUE, keep_outputs = TRUE) %in% rownames(installed.packages())) q(status = 0) else q(status = 1)'
'getOption("repos")' replaces Bioconductor standard repositories, see
'help("repositories", package = "BiocManager")' for details.
Replacement repositories:
    CRAN: https://p3m.dev/cran/__linux__/noble/latest
Bioconductor version 3.23 (BiocManager 1.30.27), R 4.6.1 (2026-06-24)
Installing package(s) 'XINA'
also installing the dependency ‘alluvial’

trying URL 'https://p3m.dev/cran/__linux__/noble/latest/src/contrib/alluvial_0.1-2.tar.gz'
trying URL 'https://bioconductor.org/packages/3.23/bioc/src/contrib/XINA_1.30.0.tar.gz'
* installing *binary* package ‘alluvial’ ...
* package ‘alluvial’ successfully unpacked and SHA256 sums checked
* ‘alluvial’ was already a binary package and will not be rebuilt
* SHA256 sums
* creating tarball
packaged installation of ‘alluvial’ as ‘alluvial_0.1-2_R_x86_64-pc-linux-gnu.tar.gz’
* DONE (alluvial)
* installing *source* package ‘XINA’ ...
** this is package ‘XINA’ version ‘1.30.0’
** using staged installation
** R
** data
** inst
** byte-compile and prepare package for lazy loading
Warning: replacing previous import ‘mclust::count’ by ‘plyr::count’ when loading ‘XINA’
** help
*** installing help indices
** building package indices
** installing vignettes
** testing if installed package can be loaded from temporary location
Warning: replacing previous import ‘mclust::count’ by ‘plyr::count’ when loading ‘XINA’
** testing if installed package can be loaded from final location
Warning: replacing previous import ‘mclust::count’ by ‘plyr::count’ when loading ‘XINA’
** testing if installed package keeps a record of temporary installation path
* SHA256 sums
* creating tarball
packaged installation of ‘XINA’ as ‘XINA_1.30.0_R_x86_64-pc-linux-gnu.tar.gz’
* DONE (XINA)

The downloaded source packages are in
	‘/tmp/RtmpEcCOoS/downloaded_packages’
Old packages: 'diffobj', 'httr2', 'pak', 'pkgdown', 'urlchecker', 'xfun',
  'zip', 'MASS', 'nlme', 'survival'

real	0m17.807s
user	0m10.669s
sys	0m3.329s
