+ Rscript -e 'Sys.setenv(BIOCONDUCTOR_USE_CONTAINER_REPOSITORY=FALSE);
  p <- .libPaths();
  p <- c('\''/tmp/library'\'', '\''/mnt/library'\'', p);
  .libPaths(p);
  if(BiocManager::install('\''MinimumDistance'\'', INSTALL_opts = '\''--build'\'', update = TRUE, quiet = FALSE, dependencies=TRUE, force = TRUE, keep_outputs = TRUE) %in% rownames(installed.packages())) q(status = 0) else q(status = 1)'
'getOption("repos")' replaces Bioconductor standard repositories, see
'help("repositories", package = "BiocManager")' for details.
Replacement repositories:
    CRAN: https://p3m.dev/cran/__linux__/noble/latest
Bioconductor version 3.24 (BiocManager 1.30.27), R 4.6.1 (2026-06-24)
Installing package(s) 'MinimumDistance'
trying URL 'https://bioconductor.org/packages/3.24/bioc/src/contrib/MinimumDistance_1.57.0.tar.gz'
Content type 'application/x-gzip' length 2680576 bytes (2.6 MB)
==================================================
downloaded 2.6 MB

* installing *source* package ‘MinimumDistance’ ...
** this is package ‘MinimumDistance’ version ‘1.57.0’
** package ‘MinimumDistance’ successfully unpacked and MD5 sums checked
** using staged installation
** R
** data
** inst
** byte-compile and prepare package for lazy loading
No methods found in package ‘oligoClasses’ for request: ‘mean’ when loading ‘crlmm’
Warning: replacing previous import ‘ff::pattern’ by ‘grid::pattern’ when loading ‘MinimumDistance’
Warning: replacing previous import ‘BiocGenerics::data’ by ‘utils::data’ when loading ‘MinimumDistance’
Creating a new generic function for ‘allNames’ in package ‘MinimumDistance’
in method for ‘coerce’ with signature ‘"RangedDataCNV","GRanges"’: no definition for class “RangedDataCNV”
in method for ‘todf’ with signature ‘object="TrioSet",rangeData="RangedData"’: no definition for class “RangedData”
in method for ‘prune’ with signature ‘object="TrioSet",ranges="RangedDataCNV"’: no definition for class “RangedDataCNV”
in method for ‘prune’ with signature ‘object="TrioSetList",ranges="RangedDataCNV"’: no definition for class “RangedDataCNV”
** help
*** installing help indices
** building package indices
** installing vignettes
** testing if installed package can be loaded from temporary location
No methods found in package ‘oligoClasses’ for request: ‘mean’ when loading ‘crlmm’
Warning: replacing previous import ‘ff::pattern’ by ‘grid::pattern’ when loading ‘MinimumDistance’
Warning: replacing previous import ‘BiocGenerics::data’ by ‘utils::data’ when loading ‘MinimumDistance’
** testing if installed package can be loaded from final location
No methods found in package ‘oligoClasses’ for request: ‘mean’ when loading ‘crlmm’
Warning: replacing previous import ‘ff::pattern’ by ‘grid::pattern’ when loading ‘MinimumDistance’
Warning: replacing previous import ‘BiocGenerics::data’ by ‘utils::data’ when loading ‘MinimumDistance’
** testing if installed package keeps a record of temporary installation path
* SHA256 sums
* creating tarball
packaged installation of ‘MinimumDistance’ as ‘MinimumDistance_1.57.0_R_x86_64-pc-linux-gnu.tar.gz’
* DONE (MinimumDistance)

The downloaded source packages are in
	‘/tmp/Rtmp6MVGFy/downloaded_packages’
Old packages: 'diffobj'

real	0m59.712s
user	0m47.484s
sys	0m6.446s
