+ Rscript -e 'Sys.setenv(BIOCONDUCTOR_USE_CONTAINER_REPOSITORY=FALSE);
  p <- .libPaths();
  p <- c('\''/tmp/library'\'', '\''/mnt/library'\'', p);
  .libPaths(p);
  if(BiocManager::install('\''scrapper'\'', INSTALL_opts = '\''--build'\'', update = TRUE, quiet = FALSE, dependencies=TRUE, force = TRUE, keep_outputs = TRUE) %in% rownames(installed.packages())) q(status = 0) else q(status = 1)'
'getOption("repos")' replaces Bioconductor standard repositories, see
'help("repositories", package = "BiocManager")' for details.
Replacement repositories:
    CRAN: https://p3m.dev/cran/__linux__/noble/latest
Bioconductor version 3.24 (BiocManager 1.30.27), R 4.6.1 (2026-06-24)
Installing package(s) 'scrapper'
trying URL 'https://bioconductor.org/packages/3.24/bioc/src/contrib/scrapper_1.7.3.tar.gz'
Content type 'application/x-gzip' length 1424024 bytes (1.4 MB)
==================================================
downloaded 1.4 MB

* installing *source* package ‘scrapper’ ...
** this is package ‘scrapper’ version ‘1.7.3’
** package ‘scrapper’ successfully unpacked and MD5 sums checked
** using staged installation
** libs
specified C++17
using C++ compiler: ‘g++ (Ubuntu 13.3.0-6ubuntu2~24.04.1) 13.3.0’
using C++17
g++ -std=gnu++17 -I"/usr/local/lib/R/include" -DNDEBUG -I'/mnt/library/Rigraphlib/igraph/include/igraph' -I'/usr/local/lib/R/site-library/Rcpp/include' -I'/mnt/library/assorthead/include' -I'/mnt/library/beachmat/include' -I'/mnt/library/BiocNeighbors/include' -I'/mnt/library/Rigraphlib/include' -I/usr/local/include    -fpic  -g -O2 -fstack-protector-strong -Wformat -Werror=format-security -Wdate-time -D_FORTIFY_SOURCE=2 -g   -c RcppExports.cpp -o RcppExports.o
g++ -std=gnu++17 -I"/usr/local/lib/R/include" -DNDEBUG -I'/mnt/library/Rigraphlib/igraph/include/igraph' -I'/usr/local/lib/R/site-library/Rcpp/include' -I'/mnt/library/assorthead/include' -I'/mnt/library/beachmat/include' -I'/mnt/library/BiocNeighbors/include' -I'/mnt/library/Rigraphlib/include' -I/usr/local/include    -fpic  -g -O2 -fstack-protector-strong -Wformat -Werror=format-security -Wdate-time -D_FORTIFY_SOURCE=2 -g   -c adt_quality_control.cpp -o adt_quality_control.o
g++ -std=gnu++17 -I"/usr/local/lib/R/include" -DNDEBUG -I'/mnt/library/Rigraphlib/igraph/include/igraph' -I'/usr/local/lib/R/site-library/Rcpp/include' -I'/mnt/library/assorthead/include' -I'/mnt/library/beachmat/include' -I'/mnt/library/BiocNeighbors/include' -I'/mnt/library/Rigraphlib/include' -I/usr/local/include    -fpic  -g -O2 -fstack-protector-strong -Wformat -Werror=format-security -Wdate-time -D_FORTIFY_SOURCE=2 -g   -c aggregate_across_cells.cpp -o aggregate_across_cells.o
g++ -std=gnu++17 -I"/usr/local/lib/R/include" -DNDEBUG -I'/mnt/library/Rigraphlib/igraph/include/igraph' -I'/usr/local/lib/R/site-library/Rcpp/include' -I'/mnt/library/assorthead/include' -I'/mnt/library/beachmat/include' -I'/mnt/library/BiocNeighbors/include' -I'/mnt/library/Rigraphlib/include' -I/usr/local/include    -fpic  -g -O2 -fstack-protector-strong -Wformat -Werror=format-security -Wdate-time -D_FORTIFY_SOURCE=2 -g   -c aggregate_across_genes.cpp -o aggregate_across_genes.o
g++ -std=gnu++17 -I"/usr/local/lib/R/include" -DNDEBUG -I'/mnt/library/Rigraphlib/igraph/include/igraph' -I'/usr/local/lib/R/site-library/Rcpp/include' -I'/mnt/library/assorthead/include' -I'/mnt/library/beachmat/include' -I'/mnt/library/BiocNeighbors/include' -I'/mnt/library/Rigraphlib/include' -I/usr/local/include    -fpic  -g -O2 -fstack-protector-strong -Wformat -Werror=format-security -Wdate-time -D_FORTIFY_SOURCE=2 -g   -c build_snn_graph.cpp -o build_snn_graph.o
g++ -std=gnu++17 -I"/usr/local/lib/R/include" -DNDEBUG -I'/mnt/library/Rigraphlib/igraph/include/igraph' -I'/usr/local/lib/R/site-library/Rcpp/include' -I'/mnt/library/assorthead/include' -I'/mnt/library/beachmat/include' -I'/mnt/library/BiocNeighbors/include' -I'/mnt/library/Rigraphlib/include' -I/usr/local/include    -fpic  -g -O2 -fstack-protector-strong -Wformat -Werror=format-security -Wdate-time -D_FORTIFY_SOURCE=2 -g   -c center_size_factors.cpp -o center_size_factors.o
g++ -std=gnu++17 -I"/usr/local/lib/R/include" -DNDEBUG -I'/mnt/library/Rigraphlib/igraph/include/igraph' -I'/usr/local/lib/R/site-library/Rcpp/include' -I'/mnt/library/assorthead/include' -I'/mnt/library/beachmat/include' -I'/mnt/library/BiocNeighbors/include' -I'/mnt/library/Rigraphlib/include' -I/usr/local/include    -fpic  -g -O2 -fstack-protector-strong -Wformat -Werror=format-security -Wdate-time -D_FORTIFY_SOURCE=2 -g   -c center_spike_in_factors.cpp -o center_spike_in_factors.o
g++ -std=gnu++17 -I"/usr/local/lib/R/include" -DNDEBUG -I'/mnt/library/Rigraphlib/igraph/include/igraph' -I'/usr/local/lib/R/site-library/Rcpp/include' -I'/mnt/library/assorthead/include' -I'/mnt/library/beachmat/include' -I'/mnt/library/BiocNeighbors/include' -I'/mnt/library/Rigraphlib/include' -I/usr/local/include    -fpic  -g -O2 -fstack-protector-strong -Wformat -Werror=format-security -Wdate-time -D_FORTIFY_SOURCE=2 -g   -c choose_highly_variable_genes.cpp -o choose_highly_variable_genes.o
g++ -std=gnu++17 -I"/usr/local/lib/R/include" -DNDEBUG -I'/mnt/library/Rigraphlib/igraph/include/igraph' -I'/usr/local/lib/R/site-library/Rcpp/include' -I'/mnt/library/assorthead/include' -I'/mnt/library/beachmat/include' -I'/mnt/library/BiocNeighbors/include' -I'/mnt/library/Rigraphlib/include' -I/usr/local/include    -fpic  -g -O2 -fstack-protector-strong -Wformat -Werror=format-security -Wdate-time -D_FORTIFY_SOURCE=2 -g   -c choose_pseudo_count.cpp -o choose_pseudo_count.o
g++ -std=gnu++17 -I"/usr/local/lib/R/include" -DNDEBUG -I'/mnt/library/Rigraphlib/igraph/include/igraph' -I'/usr/local/lib/R/site-library/Rcpp/include' -I'/mnt/library/assorthead/include' -I'/mnt/library/beachmat/include' -I'/mnt/library/BiocNeighbors/include' -I'/mnt/library/Rigraphlib/include' -I/usr/local/include    -fpic  -g -O2 -fstack-protector-strong -Wformat -Werror=format-security -Wdate-time -D_FORTIFY_SOURCE=2 -g   -c cluster_graph.cpp -o cluster_graph.o
g++ -std=gnu++17 -I"/usr/local/lib/R/include" -DNDEBUG -I'/mnt/library/Rigraphlib/igraph/include/igraph' -I'/usr/local/lib/R/site-library/Rcpp/include' -I'/mnt/library/assorthead/include' -I'/mnt/library/beachmat/include' -I'/mnt/library/BiocNeighbors/include' -I'/mnt/library/Rigraphlib/include' -I/usr/local/include    -fpic  -g -O2 -fstack-protector-strong -Wformat -Werror=format-security -Wdate-time -D_FORTIFY_SOURCE=2 -g   -c cluster_kmeans.cpp -o cluster_kmeans.o
g++ -std=gnu++17 -I"/usr/local/lib/R/include" -DNDEBUG -I'/mnt/library/Rigraphlib/igraph/include/igraph' -I'/usr/local/lib/R/site-library/Rcpp/include' -I'/mnt/library/assorthead/include' -I'/mnt/library/beachmat/include' -I'/mnt/library/BiocNeighbors/include' -I'/mnt/library/Rigraphlib/include' -I/usr/local/include    -fpic  -g -O2 -fstack-protector-strong -Wformat -Werror=format-security -Wdate-time -D_FORTIFY_SOURCE=2 -g   -c combine_factors.cpp -o combine_factors.o
g++ -std=gnu++17 -I"/usr/local/lib/R/include" -DNDEBUG -I'/mnt/library/Rigraphlib/igraph/include/igraph' -I'/usr/local/lib/R/site-library/Rcpp/include' -I'/mnt/library/assorthead/include' -I'/mnt/library/beachmat/include' -I'/mnt/library/BiocNeighbors/include' -I'/mnt/library/Rigraphlib/include' -I/usr/local/include    -fpic  -g -O2 -fstack-protector-strong -Wformat -Werror=format-security -Wdate-time -D_FORTIFY_SOURCE=2 -g   -c compute_block_weights.cpp -o compute_block_weights.o
g++ -std=gnu++17 -I"/usr/local/lib/R/include" -DNDEBUG -I'/mnt/library/Rigraphlib/igraph/include/igraph' -I'/usr/local/lib/R/site-library/Rcpp/include' -I'/mnt/library/assorthead/include' -I'/mnt/library/beachmat/include' -I'/mnt/library/BiocNeighbors/include' -I'/mnt/library/Rigraphlib/include' -I/usr/local/include    -fpic  -g -O2 -fstack-protector-strong -Wformat -Werror=format-security -Wdate-time -D_FORTIFY_SOURCE=2 -g   -c compute_clrm1_factors.cpp -o compute_clrm1_factors.o
g++ -std=gnu++17 -I"/usr/local/lib/R/include" -DNDEBUG -I'/mnt/library/Rigraphlib/igraph/include/igraph' -I'/usr/local/lib/R/site-library/Rcpp/include' -I'/mnt/library/assorthead/include' -I'/mnt/library/beachmat/include' -I'/mnt/library/BiocNeighbors/include' -I'/mnt/library/Rigraphlib/include' -I/usr/local/include    -fpic  -g -O2 -fstack-protector-strong -Wformat -Werror=format-security -Wdate-time -D_FORTIFY_SOURCE=2 -g   -c correct_mnn.cpp -o correct_mnn.o
g++ -std=gnu++17 -I"/usr/local/lib/R/include" -DNDEBUG -I'/mnt/library/Rigraphlib/igraph/include/igraph' -I'/usr/local/lib/R/site-library/Rcpp/include' -I'/mnt/library/assorthead/include' -I'/mnt/library/beachmat/include' -I'/mnt/library/BiocNeighbors/include' -I'/mnt/library/Rigraphlib/include' -I/usr/local/include    -fpic  -g -O2 -fstack-protector-strong -Wformat -Werror=format-security -Wdate-time -D_FORTIFY_SOURCE=2 -g   -c crispr_quality_control.cpp -o crispr_quality_control.o
g++ -std=gnu++17 -I"/usr/local/lib/R/include" -DNDEBUG -I'/mnt/library/Rigraphlib/igraph/include/igraph' -I'/usr/local/lib/R/site-library/Rcpp/include' -I'/mnt/library/assorthead/include' -I'/mnt/library/beachmat/include' -I'/mnt/library/BiocNeighbors/include' -I'/mnt/library/Rigraphlib/include' -I/usr/local/include    -fpic  -g -O2 -fstack-protector-strong -Wformat -Werror=format-security -Wdate-time -D_FORTIFY_SOURCE=2 -g   -c fit_variance_trend.cpp -o fit_variance_trend.o
g++ -std=gnu++17 -I"/usr/local/lib/R/include" -DNDEBUG -I'/mnt/library/Rigraphlib/igraph/include/igraph' -I'/usr/local/lib/R/site-library/Rcpp/include' -I'/mnt/library/assorthead/include' -I'/mnt/library/beachmat/include' -I'/mnt/library/BiocNeighbors/include' -I'/mnt/library/Rigraphlib/include' -I/usr/local/include    -fpic  -g -O2 -fstack-protector-strong -Wformat -Werror=format-security -Wdate-time -D_FORTIFY_SOURCE=2 -g   -c model_gene_variances.cpp -o model_gene_variances.o
g++ -std=gnu++17 -I"/usr/local/lib/R/include" -DNDEBUG -I'/mnt/library/Rigraphlib/igraph/include/igraph' -I'/usr/local/lib/R/site-library/Rcpp/include' -I'/mnt/library/assorthead/include' -I'/mnt/library/beachmat/include' -I'/mnt/library/BiocNeighbors/include' -I'/mnt/library/Rigraphlib/include' -I/usr/local/include    -fpic  -g -O2 -fstack-protector-strong -Wformat -Werror=format-security -Wdate-time -D_FORTIFY_SOURCE=2 -g   -c normalize_counts.cpp -o normalize_counts.o
g++ -std=gnu++17 -I"/usr/local/lib/R/include" -DNDEBUG -I'/mnt/library/Rigraphlib/igraph/include/igraph' -I'/usr/local/lib/R/site-library/Rcpp/include' -I'/mnt/library/assorthead/include' -I'/mnt/library/beachmat/include' -I'/mnt/library/BiocNeighbors/include' -I'/mnt/library/Rigraphlib/include' -I/usr/local/include    -fpic  -g -O2 -fstack-protector-strong -Wformat -Werror=format-security -Wdate-time -D_FORTIFY_SOURCE=2 -g   -c rna_quality_control.cpp -o rna_quality_control.o
g++ -std=gnu++17 -I"/usr/local/lib/R/include" -DNDEBUG -I'/mnt/library/Rigraphlib/igraph/include/igraph' -I'/usr/local/lib/R/site-library/Rcpp/include' -I'/mnt/library/assorthead/include' -I'/mnt/library/beachmat/include' -I'/mnt/library/BiocNeighbors/include' -I'/mnt/library/Rigraphlib/include' -I/usr/local/include    -fpic  -g -O2 -fstack-protector-strong -Wformat -Werror=format-security -Wdate-time -D_FORTIFY_SOURCE=2 -g   -c run_pca.cpp -o run_pca.o
run_pca.cpp: In function ‘Rcpp::List run_pca(SEXP, Rcpp::RObject, Rcpp::Nullable<Rcpp::Vector<13> >, Rcpp::RObject, Rcpp::RObject, Rcpp::RObject, Rcpp::RObject, Rcpp::Nullable<Rcpp::Vector<13> >, Rcpp::RObject, Rcpp::RObject, Rcpp::RObject, Rcpp::RObject, Rcpp::RObject, Rcpp::RObject)’:
run_pca.cpp:99:48: warning: alias template deduction only available with ‘-std=c++20’ or ‘-std=gnu++20’
   99 |             scran_pca::SubsetPcaBlockedOptions opt;
      |                                                ^~~
run_pca.cpp:99:48: note: use ‘template<class EigenVector_> struct scran_pca::BlockedPcaOptions’ directly instead
run_pca.cpp:112:41: warning: alias template deduction only available with ‘-std=c++20’ or ‘-std=gnu++20’
  112 |             scran_pca::SubsetPcaOptions opt;
      |                                         ^~~
run_pca.cpp:112:41: note: use ‘template<class EigenVector_> struct scran_pca::SimplePcaOptions’ directly instead
run_pca.cpp: In function ‘Rcpp::List run_pca_defaults(bool, bool)’:
run_pca.cpp:149:48: warning: alias template deduction only available with ‘-std=c++20’ or ‘-std=gnu++20’
  149 |             scran_pca::SubsetPcaBlockedOptions opt;
      |                                                ^~~
run_pca.cpp:149:48: note: use ‘template<class EigenVector_> struct scran_pca::BlockedPcaOptions’ directly instead
run_pca.cpp:159:41: warning: alias template deduction only available with ‘-std=c++20’ or ‘-std=gnu++20’
  159 |             scran_pca::SubsetPcaOptions opt;
      |                                         ^~~
run_pca.cpp:159:41: note: use ‘template<class EigenVector_> struct scran_pca::SimplePcaOptions’ directly instead
g++ -std=gnu++17 -I"/usr/local/lib/R/include" -DNDEBUG -I'/mnt/library/Rigraphlib/igraph/include/igraph' -I'/usr/local/lib/R/site-library/Rcpp/include' -I'/mnt/library/assorthead/include' -I'/mnt/library/beachmat/include' -I'/mnt/library/BiocNeighbors/include' -I'/mnt/library/Rigraphlib/include' -I/usr/local/include    -fpic  -g -O2 -fstack-protector-strong -Wformat -Werror=format-security -Wdate-time -D_FORTIFY_SOURCE=2 -g   -c run_tsne.cpp -o run_tsne.o
g++ -std=gnu++17 -I"/usr/local/lib/R/include" -DNDEBUG -I'/mnt/library/Rigraphlib/igraph/include/igraph' -I'/usr/local/lib/R/site-library/Rcpp/include' -I'/mnt/library/assorthead/include' -I'/mnt/library/beachmat/include' -I'/mnt/library/BiocNeighbors/include' -I'/mnt/library/Rigraphlib/include' -I/usr/local/include    -fpic  -g -O2 -fstack-protector-strong -Wformat -Werror=format-security -Wdate-time -D_FORTIFY_SOURCE=2 -g   -c run_umap.cpp -o run_umap.o
g++ -std=gnu++17 -I"/usr/local/lib/R/include" -DNDEBUG -I'/mnt/library/Rigraphlib/igraph/include/igraph' -I'/usr/local/lib/R/site-library/Rcpp/include' -I'/mnt/library/assorthead/include' -I'/mnt/library/beachmat/include' -I'/mnt/library/BiocNeighbors/include' -I'/mnt/library/Rigraphlib/include' -I/usr/local/include    -fpic  -g -O2 -fstack-protector-strong -Wformat -Werror=format-security -Wdate-time -D_FORTIFY_SOURCE=2 -g   -c sanitize_size_factors.cpp -o sanitize_size_factors.o
g++ -std=gnu++17 -I"/usr/local/lib/R/include" -DNDEBUG -I'/mnt/library/Rigraphlib/igraph/include/igraph' -I'/usr/local/lib/R/site-library/Rcpp/include' -I'/mnt/library/assorthead/include' -I'/mnt/library/beachmat/include' -I'/mnt/library/BiocNeighbors/include' -I'/mnt/library/Rigraphlib/include' -I/usr/local/include    -fpic  -g -O2 -fstack-protector-strong -Wformat -Werror=format-security -Wdate-time -D_FORTIFY_SOURCE=2 -g   -c scale_by_neighbors.cpp -o scale_by_neighbors.o
g++ -std=gnu++17 -I"/usr/local/lib/R/include" -DNDEBUG -I'/mnt/library/Rigraphlib/igraph/include/igraph' -I'/usr/local/lib/R/site-library/Rcpp/include' -I'/mnt/library/assorthead/include' -I'/mnt/library/beachmat/include' -I'/mnt/library/BiocNeighbors/include' -I'/mnt/library/Rigraphlib/include' -I/usr/local/include    -fpic  -g -O2 -fstack-protector-strong -Wformat -Werror=format-security -Wdate-time -D_FORTIFY_SOURCE=2 -g   -c score_gene_set.cpp -o score_gene_set.o
g++ -std=gnu++17 -I"/usr/local/lib/R/include" -DNDEBUG -I'/mnt/library/Rigraphlib/igraph/include/igraph' -I'/usr/local/lib/R/site-library/Rcpp/include' -I'/mnt/library/assorthead/include' -I'/mnt/library/beachmat/include' -I'/mnt/library/BiocNeighbors/include' -I'/mnt/library/Rigraphlib/include' -I/usr/local/include    -fpic  -g -O2 -fstack-protector-strong -Wformat -Werror=format-security -Wdate-time -D_FORTIFY_SOURCE=2 -g   -c score_markers.cpp -o score_markers.o
g++ -std=gnu++17 -I"/usr/local/lib/R/include" -DNDEBUG -I'/mnt/library/Rigraphlib/igraph/include/igraph' -I'/usr/local/lib/R/site-library/Rcpp/include' -I'/mnt/library/assorthead/include' -I'/mnt/library/beachmat/include' -I'/mnt/library/BiocNeighbors/include' -I'/mnt/library/Rigraphlib/include' -I/usr/local/include    -fpic  -g -O2 -fstack-protector-strong -Wformat -Werror=format-security -Wdate-time -D_FORTIFY_SOURCE=2 -g   -c set_executor.cpp -o set_executor.o
g++ -std=gnu++17 -I"/usr/local/lib/R/include" -DNDEBUG -I'/mnt/library/Rigraphlib/igraph/include/igraph' -I'/usr/local/lib/R/site-library/Rcpp/include' -I'/mnt/library/assorthead/include' -I'/mnt/library/beachmat/include' -I'/mnt/library/BiocNeighbors/include' -I'/mnt/library/Rigraphlib/include' -I/usr/local/include    -fpic  -g -O2 -fstack-protector-strong -Wformat -Werror=format-security -Wdate-time -D_FORTIFY_SOURCE=2 -g   -c subsample_by_neighbors.cpp -o subsample_by_neighbors.o
g++ -std=gnu++17 -I"/usr/local/lib/R/include" -DNDEBUG -I'/mnt/library/Rigraphlib/igraph/include/igraph' -I'/usr/local/lib/R/site-library/Rcpp/include' -I'/mnt/library/assorthead/include' -I'/mnt/library/beachmat/include' -I'/mnt/library/BiocNeighbors/include' -I'/mnt/library/Rigraphlib/include' -I/usr/local/include    -fpic  -g -O2 -fstack-protector-strong -Wformat -Werror=format-security -Wdate-time -D_FORTIFY_SOURCE=2 -g   -c subsample_by_partition.cpp -o subsample_by_partition.o
g++ -std=gnu++17 -I"/usr/local/lib/R/include" -DNDEBUG -I'/mnt/library/Rigraphlib/igraph/include/igraph' -I'/usr/local/lib/R/site-library/Rcpp/include' -I'/mnt/library/assorthead/include' -I'/mnt/library/beachmat/include' -I'/mnt/library/BiocNeighbors/include' -I'/mnt/library/Rigraphlib/include' -I/usr/local/include    -fpic  -g -O2 -fstack-protector-strong -Wformat -Werror=format-security -Wdate-time -D_FORTIFY_SOURCE=2 -g   -c summarize_effects.cpp -o summarize_effects.o
g++ -std=gnu++17 -I"/usr/local/lib/R/include" -DNDEBUG -I'/mnt/library/Rigraphlib/igraph/include/igraph' -I'/usr/local/lib/R/site-library/Rcpp/include' -I'/mnt/library/assorthead/include' -I'/mnt/library/beachmat/include' -I'/mnt/library/BiocNeighbors/include' -I'/mnt/library/Rigraphlib/include' -I/usr/local/include    -fpic  -g -O2 -fstack-protector-strong -Wformat -Werror=format-security -Wdate-time -D_FORTIFY_SOURCE=2 -g   -c test_enrichment.cpp -o test_enrichment.o
g++ -std=gnu++17 -shared -L/usr/local/lib/R/lib -L/usr/local/lib -o scrapper.so RcppExports.o adt_quality_control.o aggregate_across_cells.o aggregate_across_genes.o build_snn_graph.o center_size_factors.o center_spike_in_factors.o choose_highly_variable_genes.o choose_pseudo_count.o cluster_graph.o cluster_kmeans.o combine_factors.o compute_block_weights.o compute_clrm1_factors.o correct_mnn.o crispr_quality_control.o fit_variance_trend.o model_gene_variances.o normalize_counts.o rna_quality_control.o run_pca.o run_tsne.o run_umap.o sanitize_size_factors.o scale_by_neighbors.o score_gene_set.o score_markers.o set_executor.o subsample_by_neighbors.o subsample_by_partition.o summarize_effects.o test_enrichment.o /mnt/library/Rigraphlib/igraph/lib/libigraph.a -llapack -lblas -lgfortran -lm -lquadmath -L/usr/local/lib/R/lib -lR
installing to /tmp/library/00LOCK-scrapper/00new/scrapper/libs
** R
** inst
** byte-compile and prepare package for lazy loading
** help
*** installing help indices
** building package indices
** installing vignettes
** testing if installed package can be loaded from temporary location
** checking absolute paths in shared objects and dynamic libraries
** testing if installed package can be loaded from final location
** testing if installed package keeps a record of temporary installation path
* SHA256 sums
* creating tarball
packaged installation of ‘scrapper’ as ‘scrapper_1.7.3_R_x86_64-pc-linux-gnu.tar.gz’
* DONE (scrapper)

The downloaded source packages are in
	‘/tmp/RtmpdlmAP7/downloaded_packages’

real	6m39.341s
user	5m55.457s
sys	0m36.829s
