+ Rscript -e 'Sys.setenv(BIOCONDUCTOR_USE_CONTAINER_REPOSITORY=FALSE);
  p <- .libPaths();
  p <- c('\''/tmp/library'\'', '\''/mnt/library'\'', p);
  .libPaths(p);
  if(BiocManager::install('\''SPONGE'\'', INSTALL_opts = '\''--build'\'', update = TRUE, quiet = FALSE, dependencies=TRUE, force = TRUE, keep_outputs = TRUE) %in% rownames(installed.packages())) q(status = 0) else q(status = 1)'
'getOption("repos")' replaces Bioconductor standard repositories, see
'help("repositories", package = "BiocManager")' for details.
Replacement repositories:
    CRAN: https://p3m.dev/cran/__linux__/noble/latest
Bioconductor version 3.24 (BiocManager 1.30.27), R 4.6.1 (2026-06-24)
Installing package(s) 'SPONGE'
trying URL 'https://bioconductor.org/packages/3.24/bioc/src/contrib/SPONGE_1.35.3.tar.gz'
Content type 'application/x-gzip' length 9392130 bytes (9.0 MB)
==================================================
downloaded 9.0 MB

* installing *source* package ‘SPONGE’ ...
** this is package ‘SPONGE’ version ‘1.35.3’
** package ‘SPONGE’ successfully unpacked and MD5 sums checked
** using staged installation
** R
** data
*** moving datasets to lazyload DB
** inst
** byte-compile and prepare package for lazy loading
** help
*** installing help indices
** building package indices
** installing vignettes
** testing if installed package can be loaded from temporary location
** testing if installed package can be loaded from final location
** testing if installed package keeps a record of temporary installation path
* SHA256 sums
* creating tarball
packaged installation of ‘SPONGE’ as ‘SPONGE_1.35.3_R_x86_64-pc-linux-gnu.tar.gz’
* DONE (SPONGE)

The downloaded source packages are in
	‘/tmp/RtmpwGSpO0/downloaded_packages’

real	1m8.934s
user	0m58.686s
sys	0m5.866s
