+ Rscript -e 'Sys.setenv(BIOCONDUCTOR_USE_CONTAINER_REPOSITORY=FALSE);
  p <- .libPaths();
  p <- c('\''/tmp/library'\'', '\''/mnt/library'\'', p);
  .libPaths(p);
  if(BiocManager::install('\''transmogR'\'', INSTALL_opts = '\''--build'\'', update = TRUE, quiet = FALSE, dependencies=TRUE, force = TRUE, keep_outputs = TRUE) %in% rownames(installed.packages())) q(status = 0) else q(status = 1)'
'getOption("repos")' replaces Bioconductor standard repositories, see
'help("repositories", package = "BiocManager")' for details.
Replacement repositories:
    CRAN: https://p3m.dev/cran/__linux__/noble/latest
Bioconductor version 3.24 (BiocManager 1.30.27), R 4.6.1 (2026-06-24)
Installing package(s) 'transmogR'
trying URL 'https://bioconductor.org/packages/3.24/bioc/src/contrib/transmogR_1.9.1.tar.gz'
Content type 'application/x-gzip' length 598995 bytes (584 KB)
==================================================
downloaded 584 KB

* installing *source* package ‘transmogR’ ...
** this is package ‘transmogR’ version ‘1.9.1’
** package ‘transmogR’ successfully unpacked and MD5 sums checked
** using staged installation
** libs
using C compiler: ‘gcc (Ubuntu 13.3.0-6ubuntu2~24.04.1) 13.3.0’
gcc -std=gnu2x -I"/usr/local/lib/R/include" -DNDEBUG   -I/usr/local/include   -I/usr/include -fpic  -g -O2 -fstack-protector-strong -Wformat -Werror=format-security -Wdate-time -D_FORTIFY_SOURCE=2 -g  -c calc_boot_sums_ti.c -o calc_boot_sums_ti.o
gcc -std=gnu2x -I"/usr/local/lib/R/include" -DNDEBUG   -I/usr/local/include   -I/usr/include -fpic  -g -O2 -fstack-protector-strong -Wformat -Werror=format-security -Wdate-time -D_FORTIFY_SOURCE=2 -g  -c init.c -o init.o
gcc -std=gnu2x -I"/usr/local/lib/R/include" -DNDEBUG   -I/usr/local/include   -I/usr/include -fpic  -g -O2 -fstack-protector-strong -Wformat -Werror=format-security -Wdate-time -D_FORTIFY_SOURCE=2 -g  -c parse_trans_names.c -o parse_trans_names.o
gcc -std=gnu2x -shared -L/usr/local/lib/R/lib -L/usr/local/lib -o transmogR.so calc_boot_sums_ti.o init.o parse_trans_names.o -L/usr/lib -lz -lm -L/usr/local/lib/R/lib -lR
installing to /tmp/library/00LOCK-transmogR/00new/transmogR/libs
** R
** inst
** byte-compile and prepare package for lazy loading
** help
*** installing help indices
*** copying figures
** building package indices
** installing vignettes
** testing if installed package can be loaded from temporary location
** checking absolute paths in shared objects and dynamic libraries
** testing if installed package can be loaded from final location
** testing if installed package keeps a record of temporary installation path
* SHA256 sums
* creating tarball
packaged installation of ‘transmogR’ as ‘transmogR_1.9.1_R_x86_64-pc-linux-gnu.tar.gz’
* DONE (transmogR)

The downloaded source packages are in
	‘/tmp/RtmpeRhmQq/downloaded_packages’
Old packages: 'diffobj'

real	1m6.249s
user	0m43.726s
sys	0m6.118s
