+ Rscript -e 'Sys.setenv(BIOCONDUCTOR_USE_CONTAINER_REPOSITORY=FALSE);
  p <- .libPaths();
  p <- c('\''/tmp/library'\'', '\''/mnt/library'\'', p);
  .libPaths(p);
  if(BiocManager::install('\''BloodGen3Module'\'', INSTALL_opts = '\''--build'\'', update = TRUE, quiet = FALSE, dependencies=TRUE, force = TRUE, keep_outputs = TRUE) %in% rownames(installed.packages())) q(status = 0) else q(status = 1)'
'getOption("repos")' replaces Bioconductor standard repositories, see
'help("repositories", package = "BiocManager")' for details.
Replacement repositories:
    CRAN: https://p3m.dev/cran/__linux__/noble/latest
Bioconductor version 3.23 (BiocManager 1.30.27), R 4.6.1 (2026-06-24)
Installing package(s) 'BloodGen3Module'
trying URL 'https://bioconductor.org/packages/3.23/bioc/src/contrib/BloodGen3Module_1.20.0.tar.gz'
Content type 'application/x-gzip' length 183043 bytes (178 KB)
==================================================
downloaded 178 KB

* installing *source* package ‘BloodGen3Module’ ...
** this is package ‘BloodGen3Module’ version ‘1.20.0’
** using staged installation
** R
** inst
** byte-compile and prepare package for lazy loading
Warning: replacing previous import ‘SummarizedExperiment::rowRanges’ by ‘matrixStats::rowRanges’ when loading ‘BloodGen3Module’
Warning: replacing previous import ‘SummarizedExperiment::start’ by ‘stats::start’ when loading ‘BloodGen3Module’
Warning: replacing previous import ‘SummarizedExperiment::end’ by ‘stats::end’ when loading ‘BloodGen3Module’
Warning: replacing previous import ‘matrixStats::rowRanges’ by ‘SummarizedExperiment::rowRanges’ when loading ‘BloodGen3Module’
** help
*** installing help indices
** building package indices
** installing vignettes
** testing if installed package can be loaded from temporary location
Warning: replacing previous import ‘SummarizedExperiment::rowRanges’ by ‘matrixStats::rowRanges’ when loading ‘BloodGen3Module’
Warning: replacing previous import ‘SummarizedExperiment::start’ by ‘stats::start’ when loading ‘BloodGen3Module’
Warning: replacing previous import ‘SummarizedExperiment::end’ by ‘stats::end’ when loading ‘BloodGen3Module’
Warning: replacing previous import ‘matrixStats::rowRanges’ by ‘SummarizedExperiment::rowRanges’ when loading ‘BloodGen3Module’
** testing if installed package can be loaded from final location
Warning: replacing previous import ‘SummarizedExperiment::rowRanges’ by ‘matrixStats::rowRanges’ when loading ‘BloodGen3Module’
Warning: replacing previous import ‘SummarizedExperiment::start’ by ‘stats::start’ when loading ‘BloodGen3Module’
Warning: replacing previous import ‘SummarizedExperiment::end’ by ‘stats::end’ when loading ‘BloodGen3Module’
Warning: replacing previous import ‘matrixStats::rowRanges’ by ‘SummarizedExperiment::rowRanges’ when loading ‘BloodGen3Module’
** testing if installed package keeps a record of temporary installation path
* SHA256 sums
* creating tarball
packaged installation of ‘BloodGen3Module’ as ‘BloodGen3Module_1.20.0_R_x86_64-pc-linux-gnu.tar.gz’
* DONE (BloodGen3Module)

The downloaded source packages are in
	‘/tmp/RtmpcjAT31/downloaded_packages’
Old packages: 'httr2', 'pak', 'pkgdown', 'urlchecker', 'xfun', 'zip', 'MASS',
  'nlme', 'survival'

real	0m39.776s
user	0m31.784s
sys	0m4.302s
