+ Rscript -e 'Sys.setenv(BIOCONDUCTOR_USE_CONTAINER_REPOSITORY=FALSE);
  p <- .libPaths();
  p <- c('\''/tmp/library'\'', '\''/mnt/library'\'', p);
  .libPaths(p);
  if(BiocManager::install('\''TDbasedUFEadv'\'', INSTALL_opts = '\''--build'\'', update = TRUE, quiet = FALSE, dependencies=TRUE, force = TRUE, keep_outputs = TRUE) %in% rownames(installed.packages())) q(status = 0) else q(status = 1)'
'getOption("repos")' replaces Bioconductor standard repositories, see
'help("repositories", package = "BiocManager")' for details.
Replacement repositories:
    CRAN: https://p3m.dev/cran/__linux__/noble/latest
Bioconductor version 3.24 (BiocManager 1.30.27), R 4.6.1 (2026-06-24)
Installing package(s) 'TDbasedUFEadv'
Warning: dependency ‘RTCGA’ is not available
also installing the dependencies ‘RTCGA.rnaseq’, ‘RTCGA.clinical’

trying URL 'https://bioconductor.org/packages/3.24/data/experiment/src/contrib/RTCGA.rnaseq_20151101.41.0.tar.gz'
trying URL 'https://bioconductor.org/packages/3.24/data/experiment/src/contrib/RTCGA.clinical_20151101.41.0.tar.gz'
trying URL 'https://bioconductor.org/packages/3.24/bioc/src/contrib/TDbasedUFEadv_1.13.1.tar.gz'
ERROR: dependency ‘RTCGA’ is not available for package ‘RTCGA.rnaseq’
Perhaps try a variation of:
install.packages('RTCGA')
* removing ‘/tmp/library/RTCGA.rnaseq’
ERROR: dependency ‘RTCGA’ is not available for package ‘RTCGA.clinical’
Perhaps try a variation of:
install.packages('RTCGA')
* removing ‘/tmp/library/RTCGA.clinical’
* installing *source* package ‘TDbasedUFEadv’ ...
** this is package ‘TDbasedUFEadv’ version ‘1.13.1’
** package ‘TDbasedUFEadv’ successfully unpacked and MD5 sums checked
** using staged installation
** R
** inst
** byte-compile and prepare package for lazy loading
** help
*** installing help indices
** building package indices
** installing vignettes
** testing if installed package can be loaded from temporary location
** testing if installed package can be loaded from final location
** testing if installed package keeps a record of temporary installation path
* SHA256 sums
* creating tarball
packaged installation of ‘TDbasedUFEadv’ as ‘TDbasedUFEadv_1.13.1_R_x86_64-pc-linux-gnu.tar.gz’
* DONE (TDbasedUFEadv)

The downloaded source packages are in
	‘/tmp/RtmpBKkz26/downloaded_packages’
Old packages: 'diffobj'
Warning messages:
1: In install.packages(...) :
  installation of package ‘RTCGA.rnaseq’ had non-zero exit status
2: In install.packages(...) :
  installation of package ‘RTCGA.clinical’ had non-zero exit status

real	0m56.245s
user	0m33.701s
sys	0m7.168s
