+ Rscript -e 'Sys.setenv(BIOCONDUCTOR_USE_CONTAINER_REPOSITORY=FALSE);
  p <- .libPaths();
  p <- c('\''/tmp/library'\'', '\''/mnt/library'\'', p);
  .libPaths(p);
  if(BiocManager::install('\''ELViS'\'', INSTALL_opts = '\''--build'\'', update = TRUE, quiet = FALSE, dependencies=TRUE, force = TRUE, keep_outputs = TRUE) %in% rownames(installed.packages())) q(status = 0) else q(status = 1)'
'getOption("repos")' replaces Bioconductor standard repositories, see
'help("repositories", package = "BiocManager")' for details.
Replacement repositories:
    CRAN: https://p3m.dev/cran/__linux__/noble/latest
Bioconductor version 3.23 (BiocManager 1.30.27), R 4.6.1 (2026-06-24)
Installing package(s) 'ELViS'
also installing the dependency ‘segclust2d’

trying URL 'https://p3m.dev/cran/__linux__/noble/latest/src/contrib/segclust2d_0.3.3.tar.gz'
trying URL 'https://bioconductor.org/packages/3.23/bioc/src/contrib/ELViS_1.4.0.tar.gz'
* installing *binary* package ‘segclust2d’ ...
* package ‘segclust2d’ successfully unpacked and SHA256 sums checked
* ‘segclust2d’ was already a binary package and will not be rebuilt
* SHA256 sums
* creating tarball
packaged installation of ‘segclust2d’ as ‘segclust2d_0.3.3_R_x86_64-pc-linux-gnu.tar.gz’
* DONE (segclust2d)
* installing *source* package ‘ELViS’ ...
** this is package ‘ELViS’ version ‘1.4.0’
** using staged installation
** R
** data
** inst
** byte-compile and prepare package for lazy loading
** help
*** installing help indices
** building package indices
** installing vignettes
** testing if installed package can be loaded from temporary location
** testing if installed package can be loaded from final location
** testing if installed package keeps a record of temporary installation path
* SHA256 sums
* creating tarball
packaged installation of ‘ELViS’ as ‘ELViS_1.4.0_R_x86_64-pc-linux-gnu.tar.gz’
* DONE (ELViS)

The downloaded source packages are in
	‘/tmp/RtmpieNaJs/downloaded_packages’
Old packages: 'httr2', 'pak', 'pkgdown', 'urlchecker', 'xfun', 'zip', 'MASS',
  'nlme', 'survival'

real	0m55.071s
user	0m43.828s
sys	0m6.517s
