+ Rscript -e 'Sys.setenv(BIOCONDUCTOR_USE_CONTAINER_REPOSITORY=FALSE);
  p <- .libPaths();
  p <- c('\''/tmp/library'\'', '\''/mnt/library'\'', p);
  .libPaths(p);
  if(BiocManager::install('\''MoonlightR'\'', INSTALL_opts = '\''--build'\'', update = TRUE, quiet = FALSE, dependencies=TRUE, force = TRUE, keep_outputs = TRUE) %in% rownames(installed.packages())) q(status = 0) else q(status = 1)'
'getOption("repos")' replaces Bioconductor standard repositories, see
'help("repositories", package = "BiocManager")' for details.
Replacement repositories:
    CRAN: https://p3m.dev/cran/__linux__/noble/latest
Bioconductor version 3.24 (BiocManager 1.30.27), R 4.6.1 (2026-06-24)
Installing package(s) 'MoonlightR'
trying URL 'https://bioconductor.org/packages/3.24/bioc/src/contrib/MoonlightR_1.39.0.tar.gz'
Content type 'application/x-gzip' length 15470190 bytes (14.8 MB)
==================================================
downloaded 14.8 MB

* installing *source* package ‘MoonlightR’ ...
** this is package ‘MoonlightR’ version ‘1.39.0’
** package ‘MoonlightR’ successfully unpacked and MD5 sums checked
** using staged installation
** R
** data
*** moving datasets to lazyload DB
** inst
** byte-compile and prepare package for lazy loading
Warning: 'rgl.init' failed, will use the null device.
See '?rgl.useNULL' for ways to avoid this warning.
Warning: no DISPLAY variable so Tk is not available
** help
*** installing help indices
** building package indices
** installing vignettes
** testing if installed package can be loaded from temporary location
Warning: 'rgl.init' failed, will use the null device.
See '?rgl.useNULL' for ways to avoid this warning.
Warning: no DISPLAY variable so Tk is not available
** testing if installed package can be loaded from final location
Warning: 'rgl.init' failed, will use the null device.
See '?rgl.useNULL' for ways to avoid this warning.
Warning: no DISPLAY variable so Tk is not available
** testing if installed package keeps a record of temporary installation path
* SHA256 sums
* creating tarball
packaged installation of ‘MoonlightR’ as ‘MoonlightR_1.39.0_R_x86_64-pc-linux-gnu.tar.gz’
* DONE (MoonlightR)

The downloaded source packages are in
	‘/tmp/RtmpLqJx1b/downloaded_packages’

real	1m20.245s
user	0m49.027s
sys	0m18.962s
