+ Rscript -e 'Sys.setenv(BIOCONDUCTOR_USE_CONTAINER_REPOSITORY=FALSE);
  p <- .libPaths();
  p <- c('\''/tmp/library'\'', '\''/mnt/library'\'', p);
  .libPaths(p);
  if(BiocManager::install('\''AllelicImbalance'\'', INSTALL_opts = '\''--build'\'', update = TRUE, quiet = FALSE, dependencies=TRUE, force = TRUE, keep_outputs = TRUE) %in% rownames(installed.packages())) q(status = 0) else q(status = 1)'
'getOption("repos")' replaces Bioconductor standard repositories, see
'help("repositories", package = "BiocManager")' for details.
Replacement repositories:
    CRAN: https://p3m.dev/cran/__linux__/noble/latest
Bioconductor version 3.23 (BiocManager 1.30.27), R 4.6.1 (2026-06-24)
Installing package(s) 'AllelicImbalance'
trying URL 'https://bioconductor.org/packages/3.23/bioc/src/contrib/AllelicImbalance_1.50.0.tar.gz'
Content type 'application/x-gzip' length 792266 bytes (773 KB)
==================================================
downloaded 773 KB

* installing *source* package ‘AllelicImbalance’ ...
** this is package ‘AllelicImbalance’ version ‘1.50.0’
** using staged installation
** R
** data
*** moving datasets to lazyload DB
** inst
** byte-compile and prepare package for lazy loading
Creating a generic function for 'chisq.test' from package 'stats' in package 'AllelicImbalance'
Creating a generic function for 'binom.test' from package 'stats' in package 'AllelicImbalance'
** help
*** installing help indices
** building package indices
** installing vignettes
** testing if installed package can be loaded from temporary location
** testing if installed package can be loaded from final location
** testing if installed package keeps a record of temporary installation path
* SHA256 sums
* creating tarball
packaged installation of ‘AllelicImbalance’ as ‘AllelicImbalance_1.50.0_R_x86_64-pc-linux-gnu.tar.gz’
* DONE (AllelicImbalance)

The downloaded source packages are in
	‘/tmp/RtmpJj9f3m/downloaded_packages’
Old packages: 'diffobj', 'httr2', 'pak', 'pkgdown', 'urlchecker', 'xfun',
  'zip', 'MASS', 'nlme', 'survival'

real	1m7.675s
user	0m52.579s
sys	0m6.524s
