+ Rscript -e 'Sys.setenv(BIOCONDUCTOR_USE_CONTAINER_REPOSITORY=FALSE);
  p <- .libPaths();
  p <- c('\''/tmp/library'\'', '\''/mnt/library'\'', p);
  .libPaths(p);
  if(BiocManager::install('\''pathwayPCA'\'', INSTALL_opts = '\''--build'\'', update = TRUE, quiet = FALSE, dependencies=TRUE, force = TRUE, keep_outputs = TRUE) %in% rownames(installed.packages())) q(status = 0) else q(status = 1)'
'getOption("repos")' replaces Bioconductor standard repositories, see
'help("repositories", package = "BiocManager")' for details.
Replacement repositories:
    CRAN: https://p3m.dev/cran/__linux__/noble/latest
Bioconductor version 3.24 (BiocManager 1.30.27), R 4.6.1 (2026-06-24)
Installing package(s) 'pathwayPCA'
also installing the dependencies ‘exactRankTests’, ‘gridtext’, ‘maxstat’, ‘ggtext’, ‘lars’, ‘airway’, ‘survminer’

trying URL 'https://p3m.dev/cran/__linux__/noble/latest/src/contrib/exactRankTests_0.8-37.tar.gz'
trying URL 'https://p3m.dev/cran/__linux__/noble/latest/src/contrib/gridtext_0.1.6.tar.gz'
trying URL 'https://p3m.dev/cran/__linux__/noble/latest/src/contrib/maxstat_0.7-26.tar.gz'
trying URL 'https://p3m.dev/cran/__linux__/noble/latest/src/contrib/ggtext_0.1.2.tar.gz'
trying URL 'https://p3m.dev/cran/__linux__/noble/latest/src/contrib/lars_1.3.tar.gz'
trying URL 'https://bioconductor.org/packages/3.24/data/experiment/src/contrib/airway_1.33.0.tar.gz'
trying URL 'https://p3m.dev/cran/__linux__/noble/latest/src/contrib/survminer_0.5.2.tar.gz'
trying URL 'https://bioconductor.org/packages/3.24/bioc/src/contrib/pathwayPCA_1.29.0.tar.gz'
* installing *binary* package ‘exactRankTests’ ...
* package ‘exactRankTests’ successfully unpacked and SHA256 sums checked
* ‘exactRankTests’ was already a binary package and will not be rebuilt
* SHA256 sums
* creating tarball
packaged installation of ‘exactRankTests’ as ‘exactRankTests_0.8-37_R_x86_64-pc-linux-gnu.tar.gz’
* DONE (exactRankTests)
* installing *binary* package ‘gridtext’ ...
* package ‘gridtext’ successfully unpacked and SHA256 sums checked
* ‘gridtext’ was already a binary package and will not be rebuilt
* SHA256 sums
* creating tarball
packaged installation of ‘gridtext’ as ‘gridtext_0.1.6_R_x86_64-pc-linux-gnu.tar.gz’
* DONE (gridtext)
* installing *binary* package ‘lars’ ...
* package ‘lars’ successfully unpacked and SHA256 sums checked
* ‘lars’ was already a binary package and will not be rebuilt
* SHA256 sums
* creating tarball
packaged installation of ‘lars’ as ‘lars_1.3_R_x86_64-pc-linux-gnu.tar.gz’
* DONE (lars)
* installing *source* package ‘airway’ ...
** this is package ‘airway’ version ‘1.33.0’
** using staged installation
** data
** inst
** help
*** installing help indices
** building package indices
** installing vignettes
** testing if installed package can be loaded from temporary location
** testing if installed package can be loaded from final location

 *** caught segfault ***
address 0xc370, cause 'memory not mapped'
An irrecoverable exception occurred. R is aborting now ...
Segmentation fault (core dumped)
ERROR: loading failed
* removing ‘/tmp/library/airway’
* installing *binary* package ‘maxstat’ ...
* package ‘maxstat’ successfully unpacked and SHA256 sums checked
* ‘maxstat’ was already a binary package and will not be rebuilt
* SHA256 sums
* creating tarball
packaged installation of ‘maxstat’ as ‘maxstat_0.7-26_R_x86_64-pc-linux-gnu.tar.gz’
* DONE (maxstat)
* installing *binary* package ‘ggtext’ ...
* package ‘ggtext’ successfully unpacked and SHA256 sums checked
* ‘ggtext’ was already a binary package and will not be rebuilt
* SHA256 sums
* creating tarball
packaged installation of ‘ggtext’ as ‘ggtext_0.1.2_R_x86_64-pc-linux-gnu.tar.gz’
* DONE (ggtext)
* installing *source* package ‘pathwayPCA’ ...
** this is package ‘pathwayPCA’ version ‘1.29.0’
** package ‘pathwayPCA’ successfully unpacked and MD5 sums checked
** using staged installation
** R
** data
** inst
** byte-compile and prepare package for lazy loading
** help
*** installing help indices
** building package indices
** installing vignettes
** testing if installed package can be loaded from temporary location
** testing if installed package can be loaded from final location
** testing if installed package keeps a record of temporary installation path
* SHA256 sums
* creating tarball
packaged installation of ‘pathwayPCA’ as ‘pathwayPCA_1.29.0_R_x86_64-pc-linux-gnu.tar.gz’
* DONE (pathwayPCA)
* installing *binary* package ‘survminer’ ...
* package ‘survminer’ successfully unpacked and SHA256 sums checked
* ‘survminer’ was already a binary package and will not be rebuilt
* SHA256 sums
* creating tarball
packaged installation of ‘survminer’ as ‘survminer_0.5.2_R_x86_64-pc-linux-gnu.tar.gz’
* DONE (survminer)

The downloaded source packages are in
	‘/tmp/RtmpcBKZP3/downloaded_packages’
Old packages: 'diffobj'
Warning message:
In install.packages(...) :
  installation of package ‘airway’ had non-zero exit status

real	0m36.606s
user	0m23.027s
sys	0m5.574s
