+ Rscript -e 'Sys.setenv(BIOCONDUCTOR_USE_CONTAINER_REPOSITORY=FALSE);
  p <- .libPaths();
  p <- c('\''/tmp/library'\'', '\''/mnt/library'\'', p);
  .libPaths(p);
  if(BiocManager::install('\''TCGAbiolinks'\'', INSTALL_opts = '\''--build'\'', update = TRUE, quiet = FALSE, dependencies=TRUE, force = TRUE, keep_outputs = TRUE) %in% rownames(installed.packages())) q(status = 0) else q(status = 1)'
'getOption("repos")' replaces Bioconductor standard repositories, see
'help("repositories", package = "BiocManager")' for details.
Replacement repositories:
    CRAN: https://p3m.dev/cran/__linux__/noble/latest
Bioconductor version 3.23 (BiocManager 1.30.27), R 4.6.1 (2026-06-24)
Installing package(s) 'TCGAbiolinks'
also installing the dependencies ‘TCGAbiolinksGUI.data’, ‘c3net’

trying URL 'https://bioconductor.org/packages/3.23/data/experiment/src/contrib/TCGAbiolinksGUI.data_1.32.0.tar.gz'
trying URL 'https://p3m.dev/cran/__linux__/noble/latest/src/contrib/c3net_1.1.1.1.tar.gz'
trying URL 'https://bioconductor.org/packages/3.23/bioc/src/contrib/TCGAbiolinks_2.40.0.tar.gz'
* installing *source* package ‘TCGAbiolinksGUI.data’ ...
** this is package ‘TCGAbiolinksGUI.data’ version ‘1.32.0’
** using staged installation
** R
** data
** inst
** byte-compile and prepare package for lazy loading
** help
*** installing help indices
** building package indices
** installing vignettes
** testing if installed package can be loaded from temporary location
** testing if installed package can be loaded from final location
** testing if installed package keeps a record of temporary installation path
* SHA256 sums
* creating tarball
packaged installation of ‘TCGAbiolinksGUI.data’ as ‘TCGAbiolinksGUI.data_1.32.0_R_x86_64-pc-linux-gnu.tar.gz’
* DONE (TCGAbiolinksGUI.data)
* installing *binary* package ‘c3net’ ...
* package ‘c3net’ successfully unpacked and SHA256 sums checked
* ‘c3net’ was already a binary package and will not be rebuilt
* SHA256 sums
* creating tarball
packaged installation of ‘c3net’ as ‘c3net_1.1.1.1_R_x86_64-pc-linux-gnu.tar.gz’
* DONE (c3net)
* installing *source* package ‘TCGAbiolinks’ ...
** this is package ‘TCGAbiolinks’ version ‘2.40.0’
** using staged installation
** R
** data
*** moving datasets to lazyload DB
** inst
** byte-compile and prepare package for lazy loading
** help
*** installing help indices
** building package indices
** installing vignettes
** testing if installed package can be loaded from temporary location
** testing if installed package can be loaded from final location
** testing if installed package keeps a record of temporary installation path
* SHA256 sums
* creating tarball
packaged installation of ‘TCGAbiolinks’ as ‘TCGAbiolinks_2.40.0_R_x86_64-pc-linux-gnu.tar.gz’
* DONE (TCGAbiolinks)

The downloaded source packages are in
	‘/tmp/RtmpyHAWGb/downloaded_packages’
Old packages: 'httr2', 'pak', 'pkgdown', 'urlchecker', 'xfun', 'zip', 'MASS',
  'nlme', 'survival'

real	1m9.803s
user	0m56.879s
sys	0m7.594s
