+ Rscript -e 'Sys.setenv(BIOCONDUCTOR_USE_CONTAINER_REPOSITORY=FALSE);
  p <- .libPaths();
  p <- c('\''/tmp/library'\'', '\''/mnt/library'\'', p);
  .libPaths(p);
  if(BiocManager::install('\''SpotSweeper'\'', INSTALL_opts = '\''--build'\'', update = TRUE, quiet = FALSE, dependencies=TRUE, force = TRUE, keep_outputs = TRUE) %in% rownames(installed.packages())) q(status = 0) else q(status = 1)'
'getOption("repos")' replaces Bioconductor standard repositories, see
'help("repositories", package = "BiocManager")' for details.
Replacement repositories:
    CRAN: https://p3m.dev/cran/__linux__/noble/latest
Bioconductor version 3.23 (BiocManager 1.30.27), R 4.6.1 (2026-06-24)
Installing package(s) 'SpotSweeper'
also installing the dependency ‘spatialEco’

trying URL 'https://p3m.dev/cran/__linux__/noble/latest/src/contrib/spatialEco_2.0-5.tar.gz'
trying URL 'https://bioconductor.org/packages/3.23/bioc/src/contrib/SpotSweeper_1.8.0.tar.gz'
* installing *binary* package ‘spatialEco’ ...
* package ‘spatialEco’ successfully unpacked and SHA256 sums checked
* ‘spatialEco’ was already a binary package and will not be rebuilt
* SHA256 sums
* creating tarball
packaged installation of ‘spatialEco’ as ‘spatialEco_2.0-5_R_x86_64-pc-linux-gnu.tar.gz’
* DONE (spatialEco)
* installing *source* package ‘SpotSweeper’ ...
** this is package ‘SpotSweeper’ version ‘1.8.0’
** using staged installation
** R
** data
** inst
** byte-compile and prepare package for lazy loading
** help
*** installing help indices
*** copying figures
** building package indices
** installing vignettes
** testing if installed package can be loaded from temporary location
** testing if installed package can be loaded from final location
** testing if installed package keeps a record of temporary installation path
* SHA256 sums
* creating tarball
packaged installation of ‘SpotSweeper’ as ‘SpotSweeper_1.8.0_R_x86_64-pc-linux-gnu.tar.gz’
* DONE (SpotSweeper)

The downloaded source packages are in
	‘/tmp/Rtmp0SoJfi/downloaded_packages’
Old packages: 'diffobj', 'httr2', 'pak', 'pkgdown', 'urlchecker', 'xfun',
  'zip', 'MASS', 'nlme', 'survival'

real	0m50.168s
user	0m39.967s
sys	0m5.051s
