+ Rscript -e 'Sys.setenv(BIOCONDUCTOR_USE_CONTAINER_REPOSITORY=FALSE);
  p <- .libPaths();
  p <- c('\''/tmp/library'\'', '\''/mnt/library'\'', p);
  .libPaths(p);
  if(BiocManager::install('\''GOfuncR'\'', INSTALL_opts = '\''--build'\'', update = TRUE, quiet = FALSE, dependencies=TRUE, force = TRUE, keep_outputs = TRUE) %in% rownames(installed.packages())) q(status = 0) else q(status = 1)'
'getOption("repos")' replaces Bioconductor standard repositories, see
'help("repositories", package = "BiocManager")' for details.
Replacement repositories:
    CRAN: https://p3m.dev/cran/__linux__/noble/latest
Bioconductor version 3.23 (BiocManager 1.30.27), R 4.6.1 (2026-06-24)
Installing package(s) 'GOfuncR'
also installing the dependency ‘mapplots’

trying URL 'https://p3m.dev/cran/__linux__/noble/latest/src/contrib/mapplots_1.5.3.tar.gz'
trying URL 'https://bioconductor.org/packages/3.23/bioc/src/contrib/GOfuncR_1.31.0.tar.gz'
* installing *binary* package ‘mapplots’ ...
* package ‘mapplots’ successfully unpacked and SHA256 sums checked
* ‘mapplots’ was already a binary package and will not be rebuilt
* SHA256 sums
* creating tarball
packaged installation of ‘mapplots’ as ‘mapplots_1.5.3_R_x86_64-pc-linux-gnu.tar.gz’
* DONE (mapplots)
