+ Rscript -e 'Sys.setenv(BIOCONDUCTOR_USE_CONTAINER_REPOSITORY=FALSE);
  p <- .libPaths();
  p <- c('\''/tmp/library'\'', '\''/mnt/library'\'', p);
  .libPaths(p);
  if(BiocManager::install('\''monocle'\'', INSTALL_opts = '\''--build'\'', update = TRUE, quiet = FALSE, dependencies=TRUE, force = TRUE, keep_outputs = TRUE) %in% rownames(installed.packages())) q(status = 0) else q(status = 1)'
'getOption("repos")' replaces Bioconductor standard repositories, see
'help("repositories", package = "BiocManager")' for details.
Replacement repositories:
    CRAN: https://p3m.dev/cran/__linux__/noble/latest
Bioconductor version 3.24 (BiocManager 1.30.27), R 4.6.1 (2026-06-24)
Installing package(s) 'monocle'
also installing the dependencies ‘moocore’, ‘mlbench’, ‘mlr3measures’, ‘mlr3misc’, ‘palmerpenguins’, ‘bbotk’, ‘laeken’, ‘mlr3’, ‘mlr3pipelines’, ‘paradox’, ‘mlr3tuning’, ‘mlr3learners’, ‘ggplot.multistats’, ‘VIM’, ‘knn.covertree’, ‘destiny’

trying URL 'https://p3m.dev/cran/__linux__/noble/latest/src/contrib/moocore_0.3.2.tar.gz'
trying URL 'https://p3m.dev/cran/__linux__/noble/latest/src/contrib/mlbench_2.1-9.tar.gz'
trying URL 'https://p3m.dev/cran/__linux__/noble/latest/src/contrib/mlr3measures_1.3.0.tar.gz'
trying URL 'https://p3m.dev/cran/__linux__/noble/latest/src/contrib/mlr3misc_0.22.0.tar.gz'
trying URL 'https://p3m.dev/cran/__linux__/noble/latest/src/contrib/palmerpenguins_0.1.1.tar.gz'
trying URL 'https://p3m.dev/cran/__linux__/noble/latest/src/contrib/bbotk_1.12.0.tar.gz'
trying URL 'https://p3m.dev/cran/__linux__/noble/latest/src/contrib/laeken_0.5.3.tar.gz'
trying URL 'https://p3m.dev/cran/__linux__/noble/latest/src/contrib/mlr3_1.7.1.tar.gz'
trying URL 'https://p3m.dev/cran/__linux__/noble/latest/src/contrib/mlr3pipelines_0.11.0.tar.gz'
trying URL 'https://p3m.dev/cran/__linux__/noble/latest/src/contrib/paradox_1.0.1.tar.gz'
trying URL 'https://p3m.dev/cran/__linux__/noble/latest/src/contrib/mlr3tuning_1.6.0.tar.gz'
trying URL 'https://p3m.dev/cran/__linux__/noble/latest/src/contrib/mlr3learners_0.15.0.tar.gz'
trying URL 'https://p3m.dev/cran/__linux__/noble/latest/src/contrib/ggplot.multistats_1.0.1.tar.gz'
trying URL 'https://p3m.dev/cran/__linux__/noble/latest/src/contrib/VIM_7.0.0.tar.gz'
trying URL 'https://p3m.dev/cran/__linux__/noble/latest/src/contrib/knn.covertree_1.1.tar.gz'
trying URL 'https://bioconductor.org/packages/3.24/bioc/src/contrib/destiny_3.27.0.tar.gz'
trying URL 'https://bioconductor.org/packages/3.24/bioc/src/contrib/monocle_2.41.0.tar.gz'
* installing *binary* package ‘moocore’ ...
* package ‘moocore’ successfully unpacked and SHA256 sums checked
* ‘moocore’ was already a binary package and will not be rebuilt
* SHA256 sums
* creating tarball
packaged installation of ‘moocore’ as ‘moocore_0.3.2_R_x86_64-pc-linux-gnu.tar.gz’
* DONE (moocore)
* installing *binary* package ‘mlbench’ ...
* package ‘mlbench’ successfully unpacked and SHA256 sums checked
* ‘mlbench’ was already a binary package and will not be rebuilt
* SHA256 sums
* creating tarball
packaged installation of ‘mlbench’ as ‘mlbench_2.1-9_R_x86_64-pc-linux-gnu.tar.gz’
* DONE (mlbench)
* installing *binary* package ‘mlr3misc’ ...
* package ‘mlr3misc’ successfully unpacked and SHA256 sums checked
* ‘mlr3misc’ was already a binary package and will not be rebuilt
* SHA256 sums
* creating tarball
packaged installation of ‘mlr3misc’ as ‘mlr3misc_0.22.0_R_x86_64-pc-linux-gnu.tar.gz’
* DONE (mlr3misc)
* installing *binary* package ‘palmerpenguins’ ...
* package ‘palmerpenguins’ successfully unpacked and SHA256 sums checked
* ‘palmerpenguins’ was already a binary package and will not be rebuilt
* SHA256 sums
* creating tarball
packaged installation of ‘palmerpenguins’ as ‘palmerpenguins_0.1.1_R_x86_64-pc-linux-gnu.tar.gz’
* DONE (palmerpenguins)
* installing *binary* package ‘laeken’ ...
* package ‘laeken’ successfully unpacked and SHA256 sums checked
* ‘laeken’ was already a binary package and will not be rebuilt
* SHA256 sums
* creating tarball
packaged installation of ‘laeken’ as ‘laeken_0.5.3_R_x86_64-pc-linux-gnu.tar.gz’
* DONE (laeken)
* installing *binary* package ‘ggplot.multistats’ ...
* package ‘ggplot.multistats’ successfully unpacked and SHA256 sums checked
* ‘ggplot.multistats’ was already a binary package and will not be rebuilt
* SHA256 sums
* creating tarball
packaged installation of ‘ggplot.multistats’ as ‘ggplot.multistats_1.0.1_R_x86_64-pc-linux-gnu.tar.gz’
* DONE (ggplot.multistats)
* installing *binary* package ‘knn.covertree’ ...
* package ‘knn.covertree’ successfully unpacked and SHA256 sums checked
* ‘knn.covertree’ was already a binary package and will not be rebuilt
* SHA256 sums
* creating tarball
packaged installation of ‘knn.covertree’ as ‘knn.covertree_1.1_R_x86_64-pc-linux-gnu.tar.gz’
* DONE (knn.covertree)
* installing *source* package ‘monocle’ ...
** this is package ‘monocle’ version ‘2.41.0’
** package ‘monocle’ successfully unpacked and MD5 sums checked
** using staged installation
** libs
using C++ compiler: ‘g++ (Ubuntu 13.3.0-6ubuntu2~24.04.1) 13.3.0’
g++ -std=gnu++20 -I"/usr/local/lib/R/include" -DNDEBUG  -I'/usr/local/lib/R/site-library/Rcpp/include' -I/usr/local/include    -fpic  -g -O2 -fstack-protector-strong -Wformat -Werror=format-security -Wdate-time -D_FORTIFY_SOURCE=2 -g   -c RcppExports.cpp -o RcppExports.o
g++ -std=gnu++20 -I"/usr/local/lib/R/include" -DNDEBUG  -I'/usr/local/lib/R/site-library/Rcpp/include' -I/usr/local/include    -fpic  -g -O2 -fstack-protector-strong -Wformat -Werror=format-security -Wdate-time -D_FORTIFY_SOURCE=2 -g   -c clustering.cpp -o clustering.o
g++ -std=gnu++20 -shared -L/usr/local/lib/R/lib -L/usr/local/lib -o monocle.so RcppExports.o clustering.o -L/usr/local/lib/R/lib -lR
installing to /tmp/library/00LOCK-monocle/00new/monocle/libs
** R
** data
*** moving datasets to lazyload DB
** inst
** byte-compile and prepare package for lazy loading
** help
*** installing help indices
** building package indices
** installing vignettes
** testing if installed package can be loaded from temporary location
** checking absolute paths in shared objects and dynamic libraries
** testing if installed package can be loaded from final location
** testing if installed package keeps a record of temporary installation path
* SHA256 sums
* creating tarball
packaged installation of ‘monocle’ as ‘monocle_2.41.0_R_x86_64-pc-linux-gnu.tar.gz’
* DONE (monocle)
* installing *binary* package ‘mlr3measures’ ...
* package ‘mlr3measures’ successfully unpacked and SHA256 sums checked
* ‘mlr3measures’ was already a binary package and will not be rebuilt
* SHA256 sums
* creating tarball
packaged installation of ‘mlr3measures’ as ‘mlr3measures_1.3.0_R_x86_64-pc-linux-gnu.tar.gz’
* DONE (mlr3measures)
* installing *binary* package ‘paradox’ ...
* package ‘paradox’ successfully unpacked and SHA256 sums checked
* ‘paradox’ was already a binary package and will not be rebuilt
* SHA256 sums
* creating tarball
packaged installation of ‘paradox’ as ‘paradox_1.0.1_R_x86_64-pc-linux-gnu.tar.gz’
* DONE (paradox)
* installing *binary* package ‘bbotk’ ...
* package ‘bbotk’ successfully unpacked and SHA256 sums checked
* ‘bbotk’ was already a binary package and will not be rebuilt
* SHA256 sums
* creating tarball
packaged installation of ‘bbotk’ as ‘bbotk_1.12.0_R_x86_64-pc-linux-gnu.tar.gz’
* DONE (bbotk)
* installing *binary* package ‘mlr3’ ...
* package ‘mlr3’ successfully unpacked and SHA256 sums checked
* ‘mlr3’ was already a binary package and will not be rebuilt
* SHA256 sums
* creating tarball
packaged installation of ‘mlr3’ as ‘mlr3_1.7.1_R_x86_64-pc-linux-gnu.tar.gz’
* DONE (mlr3)
* installing *binary* package ‘mlr3pipelines’ ...
* package ‘mlr3pipelines’ successfully unpacked and SHA256 sums checked
* ‘mlr3pipelines’ was already a binary package and will not be rebuilt
* SHA256 sums
* creating tarball
packaged installation of ‘mlr3pipelines’ as ‘mlr3pipelines_0.11.0_R_x86_64-pc-linux-gnu.tar.gz’
* DONE (mlr3pipelines)
* installing *binary* package ‘mlr3tuning’ ...
* package ‘mlr3tuning’ successfully unpacked and SHA256 sums checked
* ‘mlr3tuning’ was already a binary package and will not be rebuilt
* SHA256 sums
* creating tarball
packaged installation of ‘mlr3tuning’ as ‘mlr3tuning_1.6.0_R_x86_64-pc-linux-gnu.tar.gz’
* DONE (mlr3tuning)
* installing *binary* package ‘mlr3learners’ ...
* package ‘mlr3learners’ successfully unpacked and SHA256 sums checked
* ‘mlr3learners’ was already a binary package and will not be rebuilt
* SHA256 sums
* creating tarball
packaged installation of ‘mlr3learners’ as ‘mlr3learners_0.15.0_R_x86_64-pc-linux-gnu.tar.gz’
* DONE (mlr3learners)
* installing *binary* package ‘VIM’ ...
* package ‘VIM’ successfully unpacked and SHA256 sums checked
* ‘VIM’ was already a binary package and will not be rebuilt
* SHA256 sums
* creating tarball
packaged installation of ‘VIM’ as ‘VIM_7.0.0_R_x86_64-pc-linux-gnu.tar.gz’
* DONE (VIM)
Warning: SystemRequirements specified C++11: support has been removed
* installing *source* package ‘destiny’ ...
** this is package ‘destiny’ version ‘3.27.0’
** package ‘destiny’ successfully unpacked and MD5 sums checked
** using staged installation
** libs
specified C++11
using C++ compiler: ‘g++ (Ubuntu 13.3.0-6ubuntu2~24.04.1) 13.3.0’
g++ -std=gnu++20 -I"/usr/local/lib/R/include" -DNDEBUG  -I'/usr/local/lib/R/site-library/Rcpp/include' -I'/mnt/library/RcppEigen/include' -I'/usr/local/lib/R/library/grDevices/include' -I/usr/local/include   -ggdb -fpic  -g -O2 -fstack-protector-strong -Wformat -Werror=format-security -Wdate-time -D_FORTIFY_SOURCE=2 -g   -c RcppExports.cpp -o RcppExports.o
In file included from /mnt/library/RcppEigen/include/Eigen/Core:205,
                 from /mnt/library/RcppEigen/include/Eigen/Dense:1,
                 from /mnt/library/RcppEigen/include/RcppEigenForward.h:28,
                 from /mnt/library/RcppEigen/include/RcppEigen.h:25,
                 from RcppExports.cpp:4:
/mnt/library/RcppEigen/include/Eigen/src/Core/arch/SSE/PacketMath.h:46:40: warning: ignoring attributes on template argument ‘__m128i’ [-Wignored-attributes]
   46 | typedef eigen_packet_wrapper<__m128i, 0> Packet4i;
      |                                        ^
/mnt/library/RcppEigen/include/Eigen/src/Core/arch/SSE/PacketMath.h:47:40: warning: ignoring attributes on template argument ‘__m128i’ [-Wignored-attributes]
   47 | typedef eigen_packet_wrapper<__m128i, 1> Packet16b;
      |                                        ^
/mnt/library/RcppEigen/include/Eigen/src/Core/arch/SSE/PacketMath.h:49:39: warning: ignoring attributes on template argument ‘__m128’ [-Wignored-attributes]
   49 | template<> struct is_arithmetic<__m128>  { enum { value = true }; };
      |                                       ^
/mnt/library/RcppEigen/include/Eigen/src/Core/arch/SSE/PacketMath.h:50:40: warning: ignoring attributes on template argument ‘__m128i’ [-Wignored-attributes]
   50 | template<> struct is_arithmetic<__m128i> { enum { value = true }; };
      |                                        ^
/mnt/library/RcppEigen/include/Eigen/src/Core/arch/SSE/PacketMath.h:51:40: warning: ignoring attributes on template argument ‘__m128d’ [-Wignored-attributes]
   51 | template<> struct is_arithmetic<__m128d> { enum { value = true }; };
      |                                        ^
/mnt/library/RcppEigen/include/Eigen/src/Core/arch/SSE/PacketMath.h:222:43: warning: ignoring attributes on template argument ‘Eigen::internal::Packet4f’ {aka ‘__m128’} [-Wignored-attributes]
  222 | template<> struct unpacket_traits<Packet4f> {
      |                                           ^
/mnt/library/RcppEigen/include/Eigen/src/Core/arch/SSE/PacketMath.h:228:43: warning: ignoring attributes on template argument ‘Eigen::internal::Packet2d’ {aka ‘__m128d’} [-Wignored-attributes]
  228 | template<> struct unpacket_traits<Packet2d> {
      |                                           ^
/mnt/library/RcppEigen/include/Eigen/src/Core/arch/SSE/PacketMath.h:1124:34: warning: ignoring attributes on template argument ‘Eigen::internal::Packet4f’ {aka ‘__m128’} [-Wignored-attributes]
 1124 | ptranspose(PacketBlock<Packet4f,4>& kernel) {
      |                                  ^
/mnt/library/RcppEigen/include/Eigen/src/Core/arch/SSE/PacketMath.h:1129:34: warning: ignoring attributes on template argument ‘Eigen::internal::Packet2d’ {aka ‘__m128d’} [-Wignored-attributes]
 1129 | ptranspose(PacketBlock<Packet2d,2>& kernel) {
      |                                  ^
In file included from /mnt/library/RcppEigen/include/Eigen/Core:174:
/mnt/library/RcppEigen/include/Eigen/src/Core/arch/Default/ConjHelper.h:16:60: warning: ignoring attributes on template argument ‘Eigen::internal::Packet4f’ {aka ‘__m128’} [-Wignored-attributes]
   16 |   struct conj_helper<PACKET_REAL, PACKET_CPLX, false, false> {          \
      |                                                            ^
/mnt/library/RcppEigen/include/Eigen/src/Core/arch/SSE/Complex.h:173:1: note: in expansion of macro ‘EIGEN_MAKE_CONJ_HELPER_CPLX_REAL’
  173 | EIGEN_MAKE_CONJ_HELPER_CPLX_REAL(Packet2cf,Packet4f)
      | ^~~~~~~~~~~~~~~~~~~~~~~~~~~~~~~~
/mnt/library/RcppEigen/include/Eigen/src/Core/arch/Default/ConjHelper.h:29:60: warning: ignoring attributes on template argument ‘Eigen::internal::Packet4f’ {aka ‘__m128’} [-Wignored-attributes]
   29 |   struct conj_helper<PACKET_CPLX, PACKET_REAL, false, false> {          \
      |                                                            ^
/mnt/library/RcppEigen/include/Eigen/src/Core/arch/SSE/Complex.h:173:1: note: in expansion of macro ‘EIGEN_MAKE_CONJ_HELPER_CPLX_REAL’
  173 | EIGEN_MAKE_CONJ_HELPER_CPLX_REAL(Packet2cf,Packet4f)
      | ^~~~~~~~~~~~~~~~~~~~~~~~~~~~~~~~
/mnt/library/RcppEigen/include/Eigen/src/Core/arch/Default/ConjHelper.h:16:60: warning: ignoring attributes on template argument ‘Eigen::internal::Packet2d’ {aka ‘__m128d’} [-Wignored-attributes]
   16 |   struct conj_helper<PACKET_REAL, PACKET_CPLX, false, false> {          \
      |                                                            ^
/mnt/library/RcppEigen/include/Eigen/src/Core/arch/SSE/Complex.h:298:1: note: in expansion of macro ‘EIGEN_MAKE_CONJ_HELPER_CPLX_REAL’
  298 | EIGEN_MAKE_CONJ_HELPER_CPLX_REAL(Packet1cd,Packet2d)
      | ^~~~~~~~~~~~~~~~~~~~~~~~~~~~~~~~
/mnt/library/RcppEigen/include/Eigen/src/Core/arch/Default/ConjHelper.h:29:60: warning: ignoring attributes on template argument ‘Eigen::internal::Packet2d’ {aka ‘__m128d’} [-Wignored-attributes]
   29 |   struct conj_helper<PACKET_CPLX, PACKET_REAL, false, false> {          \
      |                                                            ^
/mnt/library/RcppEigen/include/Eigen/src/Core/arch/SSE/Complex.h:298:1: note: in expansion of macro ‘EIGEN_MAKE_CONJ_HELPER_CPLX_REAL’
  298 | EIGEN_MAKE_CONJ_HELPER_CPLX_REAL(Packet1cd,Packet2d)
      | ^~~~~~~~~~~~~~~~~~~~~~~~~~~~~~~~
In file included from /mnt/library/RcppEigen/include/Eigen/Core:165:
/mnt/library/RcppEigen/include/Eigen/src/Core/util/XprHelper.h: In instantiation of ‘struct Eigen::internal::find_best_packet<float, 4>’:
/mnt/library/RcppEigen/include/Eigen/src/Core/Matrix.h:22:57:   required from ‘struct Eigen::internal::traits<Eigen::Matrix<float, 4, 1> >’
/mnt/library/RcppEigen/include/Eigen/src/Geometry/Quaternion.h:266:49:   required from ‘struct Eigen::internal::traits<Eigen::Quaternion<float> >’
/mnt/library/RcppEigen/include/Eigen/src/Geometry/arch/Geometry_SIMD.h:24:46:   required from here
/mnt/library/RcppEigen/include/Eigen/src/Core/util/XprHelper.h:190:44: warning: ignoring attributes on template argument ‘Eigen::internal::packet_traits<float>::type’ {aka ‘__m128’} [-Wignored-attributes]
  190 |          bool Stop = Size==Dynamic || (Size%unpacket_traits<PacketType>::size)==0 || is_same<PacketType,typename unpacket_traits<PacketType>::half>::value>
      |                                       ~~~~~^~~~~~~~~~~~~~~~~~~~~~~~~~~~~~~~~~~
/mnt/library/RcppEigen/include/Eigen/src/Core/util/XprHelper.h:190:83: warning: ignoring attributes on template argument ‘Eigen::internal::packet_traits<float>::type’ {aka ‘__m128’} [-Wignored-attributes]
  190 |          bool Stop = Size==Dynamic || (Size%unpacket_traits<PacketType>::size)==0 || is_same<PacketType,typename unpacket_traits<PacketType>::half>::value>
      |                      ~~~~~~~~~~~~~~~~~~~~~~~~~~~~~~~~~~~~~~~~~~~~~~~~~~~~~~~~~~~~~^~~~~~~~~~~~~~~~~~~~~~~~~~~~~~~~~~~~~~~~~~~~~~~~~~~~~~~~~~~~~~~~~~~~~~~~
/mnt/library/RcppEigen/include/Eigen/src/Core/util/XprHelper.h:190:83: warning: ignoring attributes on template argument ‘Eigen::internal::packet_traits<float>::type’ {aka ‘__m128’} [-Wignored-attributes]
/mnt/library/RcppEigen/include/Eigen/src/Core/util/XprHelper.h:190:83: warning: ignoring attributes on template argument ‘Eigen::internal::unpacket_traits<__vector(4) float>::half’ {aka ‘__m128’} [-Wignored-attributes]
/mnt/library/RcppEigen/include/Eigen/src/Core/util/XprHelper.h:208:88: warning: ignoring attributes on template argument ‘Eigen::internal::packet_traits<float>::type’ {aka ‘__m128’} [-Wignored-attributes]
  208 |   typedef typename find_best_packet_helper<Size,typename packet_traits<T>::type>::type type;
      |                                                                                        ^~~~
In file included from /mnt/library/RcppEigen/include/Eigen/Core:271:
/mnt/library/RcppEigen/include/Eigen/src/Core/DenseCoeffsBase.h: In instantiation of ‘class Eigen::DenseCoeffsBase<Eigen::Matrix<float, 4, 1>, 0>’:
/mnt/library/RcppEigen/include/Eigen/src/Core/DenseCoeffsBase.h:302:7:   required from ‘class Eigen::DenseCoeffsBase<Eigen::Matrix<float, 4, 1>, 1>’
/mnt/library/RcppEigen/include/Eigen/src/Core/DenseCoeffsBase.h:555:7:   required from ‘class Eigen::DenseCoeffsBase<Eigen::Matrix<float, 4, 1>, 3>’
/mnt/library/RcppEigen/include/Eigen/src/Core/DenseBase.h:41:34:   required from ‘class Eigen::DenseBase<Eigen::Matrix<float, 4, 1> >’
/mnt/library/RcppEigen/include/Eigen/src/Core/MatrixBase.h:48:34:   required from ‘class Eigen::MatrixBase<Eigen::Matrix<float, 4, 1> >’
/mnt/library/RcppEigen/include/Eigen/src/Core/PlainObjectBase.h:98:7:   required from ‘class Eigen::PlainObjectBase<Eigen::Matrix<float, 4, 1> >’
/mnt/library/RcppEigen/include/Eigen/src/Core/Matrix.h:178:7:   required from ‘class Eigen::Matrix<float, 4, 1>’
/mnt/library/RcppEigen/include/Eigen/src/Geometry/Quaternion.h:46:50:   required from ‘class Eigen::QuaternionBase<Eigen::Quaternion<float> >’
/mnt/library/RcppEigen/include/Eigen/src/Geometry/Quaternion.h:273:7:   required from ‘class Eigen::Quaternion<float>’
/mnt/library/RcppEigen/include/Eigen/src/Geometry/arch/Geometry_SIMD.h:27:3:   required from here
/mnt/library/RcppEigen/include/Eigen/src/Core/DenseCoeffsBase.h:56:30: warning: ignoring attributes on template argument ‘Eigen::internal::packet_traits<float>::type’ {aka ‘__m128’} [-Wignored-attributes]
   56 |                      >::type PacketReturnType;
      |                              ^~~~~~~~~~~~~~~~
/mnt/library/RcppEigen/include/Eigen/src/Core/util/XprHelper.h: In instantiation of ‘struct Eigen::internal::find_best_packet<double, 4>’:
/mnt/library/RcppEigen/include/Eigen/src/Core/Matrix.h:22:57:   required from ‘struct Eigen::internal::traits<Eigen::Matrix<double, 4, 1> >’
/mnt/library/RcppEigen/include/Eigen/src/Geometry/Quaternion.h:266:49:   required from ‘struct Eigen::internal::traits<Eigen::Quaternion<double> >’
/mnt/library/RcppEigen/include/Eigen/src/Geometry/arch/Geometry_SIMD.h:98:47:   required from here
/mnt/library/RcppEigen/include/Eigen/src/Core/util/XprHelper.h:190:44: warning: ignoring attributes on template argument ‘Eigen::internal::packet_traits<double>::type’ {aka ‘__m128d’} [-Wignored-attributes]
  190 |          bool Stop = Size==Dynamic || (Size%unpacket_traits<PacketType>::size)==0 || is_same<PacketType,typename unpacket_traits<PacketType>::half>::value>
      |                                       ~~~~~^~~~~~~~~~~~~~~~~~~~~~~~~~~~~~~~~~~
/mnt/library/RcppEigen/include/Eigen/src/Core/util/XprHelper.h:190:83: warning: ignoring attributes on template argument ‘Eigen::internal::packet_traits<double>::type’ {aka ‘__m128d’} [-Wignored-attributes]
  190 |          bool Stop = Size==Dynamic || (Size%unpacket_traits<PacketType>::size)==0 || is_same<PacketType,typename unpacket_traits<PacketType>::half>::value>
      |                      ~~~~~~~~~~~~~~~~~~~~~~~~~~~~~~~~~~~~~~~~~~~~~~~~~~~~~~~~~~~~~^~~~~~~~~~~~~~~~~~~~~~~~~~~~~~~~~~~~~~~~~~~~~~~~~~~~~~~~~~~~~~~~~~~~~~~~
/mnt/library/RcppEigen/include/Eigen/src/Core/util/XprHelper.h:190:83: warning: ignoring attributes on template argument ‘Eigen::internal::packet_traits<double>::type’ {aka ‘__m128d’} [-Wignored-attributes]
/mnt/library/RcppEigen/include/Eigen/src/Core/util/XprHelper.h:190:83: warning: ignoring attributes on template argument ‘Eigen::internal::unpacket_traits<__vector(2) double>::half’ {aka ‘__m128d’} [-Wignored-attributes]
/mnt/library/RcppEigen/include/Eigen/src/Core/util/XprHelper.h:208:88: warning: ignoring attributes on template argument ‘Eigen::internal::packet_traits<double>::type’ {aka ‘__m128d’} [-Wignored-attributes]
  208 |   typedef typename find_best_packet_helper<Size,typename packet_traits<T>::type>::type type;
      |                                                                                        ^~~~
/mnt/library/RcppEigen/include/Eigen/src/Core/DenseCoeffsBase.h: In instantiation of ‘class Eigen::DenseCoeffsBase<Eigen::Matrix<double, 4, 1>, 0>’:
/mnt/library/RcppEigen/include/Eigen/src/Core/DenseCoeffsBase.h:302:7:   required from ‘class Eigen::DenseCoeffsBase<Eigen::Matrix<double, 4, 1>, 1>’
/mnt/library/RcppEigen/include/Eigen/src/Core/DenseCoeffsBase.h:555:7:   required from ‘class Eigen::DenseCoeffsBase<Eigen::Matrix<double, 4, 1>, 3>’
/mnt/library/RcppEigen/include/Eigen/src/Core/DenseBase.h:41:34:   required from ‘class Eigen::DenseBase<Eigen::Matrix<double, 4, 1> >’
/mnt/library/RcppEigen/include/Eigen/src/Core/MatrixBase.h:48:34:   required from ‘class Eigen::MatrixBase<Eigen::Matrix<double, 4, 1> >’
/mnt/library/RcppEigen/include/Eigen/src/Core/PlainObjectBase.h:98:7:   required from ‘class Eigen::PlainObjectBase<Eigen::Matrix<double, 4, 1> >’
/mnt/library/RcppEigen/include/Eigen/src/Core/Matrix.h:178:7:   required from ‘class Eigen::Matrix<double, 4, 1>’
/mnt/library/RcppEigen/include/Eigen/src/Geometry/Quaternion.h:46:50:   required from ‘class Eigen::QuaternionBase<Eigen::Quaternion<double> >’
/mnt/library/RcppEigen/include/Eigen/src/Geometry/Quaternion.h:273:7:   required from ‘class Eigen::Quaternion<double>’
/mnt/library/RcppEigen/include/Eigen/src/Geometry/arch/Geometry_SIMD.h:102:3:   required from here
/mnt/library/RcppEigen/include/Eigen/src/Core/DenseCoeffsBase.h:56:30: warning: ignoring attributes on template argument ‘Eigen::internal::packet_traits<double>::type’ {aka ‘__m128d’} [-Wignored-attributes]
   56 |                      >::type PacketReturnType;
      |                              ^~~~~~~~~~~~~~~~
In file included from /mnt/library/RcppEigen/include/Eigen/SparseCore:37,
                 from /mnt/library/RcppEigen/include/Eigen/Sparse:26,
                 from /mnt/library/RcppEigen/include/RcppEigenForward.h:29:
/mnt/library/RcppEigen/include/Eigen/src/SparseCore/SparseMatrixBase.h: In instantiation of ‘class Eigen::SparseMatrixBase<Eigen::SparseMatrix<double, 0, int> >’:
/mnt/library/RcppEigen/include/Eigen/src/SparseCore/SparseCompressedBase.h:36:7:   required from ‘class Eigen::SparseCompressedBase<Eigen::SparseMatrix<double, 0, int> >’
/mnt/library/RcppEigen/include/Eigen/src/SparseCore/SparseMatrix.h:96:7:   required from ‘class Eigen::SparseMatrix<double, 0, int>’
/mnt/library/RcppEigen/include/unsupported/Eigen/src/IterativeSolvers/ConstrainedConjGrad.h:61:25:   required from here
/mnt/library/RcppEigen/include/Eigen/src/SparseCore/SparseMatrixBase.h:47:30: warning: ignoring attributes on template argument ‘Eigen::internal::packet_traits<double>::type’ {aka ‘__m128d’} [-Wignored-attributes]
   47 |                      >::type PacketReturnType;
      |                              ^~~~~~~~~~~~~~~~
/mnt/library/RcppEigen/include/Eigen/src/Core/DenseCoeffsBase.h: In instantiation of ‘class Eigen::DenseCoeffsBase<Eigen::SparseMatrix<double, 0, int>, 0>’:
/mnt/library/RcppEigen/include/Eigen/src/SparseCore/SparseCompressedBase.h:336:80:   required from ‘struct Eigen::internal::evaluator<Eigen::SparseCompressedBase<Eigen::SparseMatrix<double, 0, int> > >’
/mnt/library/RcppEigen/include/Eigen/src/SparseCore/SparseMatrix.h:1505:8:   required from ‘struct Eigen::internal::evaluator<Eigen::SparseMatrix<double, 0, int> >’
/mnt/library/RcppEigen/include/Eigen/src/SparseCore/SparseAssign.h:77:20:   required from ‘void Eigen::internal::assign_sparse_to_sparse(DstXprType&, const SrcXprType&) [with DstXprType = Eigen::SparseMatrix<double, 0, int>; SrcXprType = Eigen::SparseMatrix<double, 0, int>]’
/mnt/library/RcppEigen/include/Eigen/src/SparseCore/SparseAssign.h:132:28:   required from ‘static void Eigen::internal::Assignment<DstXprType, SrcXprType, Functor, Eigen::internal::Sparse2Sparse>::run(DstXprType&, const SrcXprType&, const Eigen::internal::assign_op<typename DstXprType::Scalar, typename SrcXprType::Scalar>&) [with DstXprType = Eigen::SparseMatrix<double, 0, int>; SrcXprType = Eigen::SparseMatrix<double, 0, int>; Functor = Eigen::internal::assign_op<double, double>; typename DstXprType::Scalar = double; typename SrcXprType::Scalar = double]’
/mnt/library/RcppEigen/include/Eigen/src/Core/AssignEvaluator.h:890:49:   required from ‘void Eigen::internal::call_assignment_no_alias(Dst&, const Src&, const Func&) [with Dst = Eigen::SparseMatrix<double, 0, int>; Src = Eigen::SparseMatrix<double, 0, int>; Func = assign_op<double, double>]’
/mnt/library/RcppEigen/include/Eigen/src/Core/AssignEvaluator.h:917:27:   required from ‘void Eigen::internal::call_assignment_no_alias(Dst&, const Src&) [with Dst = Eigen::SparseMatrix<double, 0, int>; Src = Eigen::SparseMatrix<double, 0, int>]’
/mnt/library/RcppEigen/include/Eigen/src/SparseCore/SparseAssign.h:45:37:   required from ‘Derived& Eigen::SparseMatrixBase<Derived>::operator=(const Derived&) [with Derived = Eigen::SparseMatrix<double, 0, int>]’
/mnt/library/RcppEigen/include/Eigen/src/SparseCore/SparseMatrix.h:778:26:   required from ‘Eigen::SparseMatrix<_Scalar, _Flags, _StorageIndex>& Eigen::SparseMatrix<_Scalar, _Flags, _StorageIndex>::operator=(const Eigen::SparseMatrix<_Scalar, _Flags, _StorageIndex>&) [with _Scalar = double; int _Options = 0; _StorageIndex = int]’
/mnt/library/RcppEigen/include/Eigen/src/SparseCore/SparseMatrix.h:713:13:   required from ‘Eigen::SparseMatrix<_Scalar, _Flags, _StorageIndex>::SparseMatrix(const Eigen::SparseMatrix<_Scalar, _Flags, _StorageIndex>&) [with _Scalar = double; int _Options = 0; _StorageIndex = int]’
/usr/local/lib/R/site-library/Rcpp/include/Rcpp/InputParameter.h:61:49:   required from ‘Rcpp::ConstInputParameter<T>::operator const_nonref() [with T = Eigen::SparseMatrix<double, 0, int>; const_nonref = const Eigen::SparseMatrix<double, 0, int>]’
RcppExports.cpp:27:48:   required from here
/mnt/library/RcppEigen/include/Eigen/src/Core/DenseCoeffsBase.h:56:30: warning: ignoring attributes on template argument ‘Eigen::internal::packet_traits<double>::type’ {aka ‘__m128d’} [-Wignored-attributes]
   56 |                      >::type PacketReturnType;
      |                              ^~~~~~~~~~~~~~~~
g++ -std=gnu++20 -I"/usr/local/lib/R/include" -DNDEBUG  -I'/usr/local/lib/R/site-library/Rcpp/include' -I'/mnt/library/RcppEigen/include' -I'/usr/local/lib/R/library/grDevices/include' -I/usr/local/include   -ggdb -fpic  -g -O2 -fstack-protector-strong -Wformat -Werror=format-security -Wdate-time -D_FORTIFY_SOURCE=2 -g   -c censoring.cpp -o censoring.o
In file included from /mnt/library/RcppEigen/include/Eigen/Core:205,
                 from /mnt/library/RcppEigen/include/Eigen/Dense:1,
                 from /mnt/library/RcppEigen/include/RcppEigenForward.h:28,
                 from /mnt/library/RcppEigen/include/RcppEigen.h:25,
                 from censoring.cpp:7:
/mnt/library/RcppEigen/include/Eigen/src/Core/arch/SSE/PacketMath.h:46:40: warning: ignoring attributes on template argument ‘__m128i’ [-Wignored-attributes]
   46 | typedef eigen_packet_wrapper<__m128i, 0> Packet4i;
      |                                        ^
/mnt/library/RcppEigen/include/Eigen/src/Core/arch/SSE/PacketMath.h:47:40: warning: ignoring attributes on template argument ‘__m128i’ [-Wignored-attributes]
   47 | typedef eigen_packet_wrapper<__m128i, 1> Packet16b;
      |                                        ^
/mnt/library/RcppEigen/include/Eigen/src/Core/arch/SSE/PacketMath.h:49:39: warning: ignoring attributes on template argument ‘__m128’ [-Wignored-attributes]
   49 | template<> struct is_arithmetic<__m128>  { enum { value = true }; };
      |                                       ^
/mnt/library/RcppEigen/include/Eigen/src/Core/arch/SSE/PacketMath.h:50:40: warning: ignoring attributes on template argument ‘__m128i’ [-Wignored-attributes]
   50 | template<> struct is_arithmetic<__m128i> { enum { value = true }; };
      |                                        ^
/mnt/library/RcppEigen/include/Eigen/src/Core/arch/SSE/PacketMath.h:51:40: warning: ignoring attributes on template argument ‘__m128d’ [-Wignored-attributes]
   51 | template<> struct is_arithmetic<__m128d> { enum { value = true }; };
      |                                        ^
/mnt/library/RcppEigen/include/Eigen/src/Core/arch/SSE/PacketMath.h:222:43: warning: ignoring attributes on template argument ‘Eigen::internal::Packet4f’ {aka ‘__m128’} [-Wignored-attributes]
  222 | template<> struct unpacket_traits<Packet4f> {
      |                                           ^
/mnt/library/RcppEigen/include/Eigen/src/Core/arch/SSE/PacketMath.h:228:43: warning: ignoring attributes on template argument ‘Eigen::internal::Packet2d’ {aka ‘__m128d’} [-Wignored-attributes]
  228 | template<> struct unpacket_traits<Packet2d> {
      |                                           ^
/mnt/library/RcppEigen/include/Eigen/src/Core/arch/SSE/PacketMath.h:1124:34: warning: ignoring attributes on template argument ‘Eigen::internal::Packet4f’ {aka ‘__m128’} [-Wignored-attributes]
 1124 | ptranspose(PacketBlock<Packet4f,4>& kernel) {
      |                                  ^
/mnt/library/RcppEigen/include/Eigen/src/Core/arch/SSE/PacketMath.h:1129:34: warning: ignoring attributes on template argument ‘Eigen::internal::Packet2d’ {aka ‘__m128d’} [-Wignored-attributes]
 1129 | ptranspose(PacketBlock<Packet2d,2>& kernel) {
      |                                  ^
In file included from /mnt/library/RcppEigen/include/Eigen/Core:174:
/mnt/library/RcppEigen/include/Eigen/src/Core/arch/Default/ConjHelper.h:16:60: warning: ignoring attributes on template argument ‘Eigen::internal::Packet4f’ {aka ‘__m128’} [-Wignored-attributes]
   16 |   struct conj_helper<PACKET_REAL, PACKET_CPLX, false, false> {          \
      |                                                            ^
/mnt/library/RcppEigen/include/Eigen/src/Core/arch/SSE/Complex.h:173:1: note: in expansion of macro ‘EIGEN_MAKE_CONJ_HELPER_CPLX_REAL’
  173 | EIGEN_MAKE_CONJ_HELPER_CPLX_REAL(Packet2cf,Packet4f)
      | ^~~~~~~~~~~~~~~~~~~~~~~~~~~~~~~~
/mnt/library/RcppEigen/include/Eigen/src/Core/arch/Default/ConjHelper.h:29:60: warning: ignoring attributes on template argument ‘Eigen::internal::Packet4f’ {aka ‘__m128’} [-Wignored-attributes]
   29 |   struct conj_helper<PACKET_CPLX, PACKET_REAL, false, false> {          \
      |                                                            ^
/mnt/library/RcppEigen/include/Eigen/src/Core/arch/SSE/Complex.h:173:1: note: in expansion of macro ‘EIGEN_MAKE_CONJ_HELPER_CPLX_REAL’
  173 | EIGEN_MAKE_CONJ_HELPER_CPLX_REAL(Packet2cf,Packet4f)
      | ^~~~~~~~~~~~~~~~~~~~~~~~~~~~~~~~
/mnt/library/RcppEigen/include/Eigen/src/Core/arch/Default/ConjHelper.h:16:60: warning: ignoring attributes on template argument ‘Eigen::internal::Packet2d’ {aka ‘__m128d’} [-Wignored-attributes]
   16 |   struct conj_helper<PACKET_REAL, PACKET_CPLX, false, false> {          \
      |                                                            ^
/mnt/library/RcppEigen/include/Eigen/src/Core/arch/SSE/Complex.h:298:1: note: in expansion of macro ‘EIGEN_MAKE_CONJ_HELPER_CPLX_REAL’
  298 | EIGEN_MAKE_CONJ_HELPER_CPLX_REAL(Packet1cd,Packet2d)
      | ^~~~~~~~~~~~~~~~~~~~~~~~~~~~~~~~
/mnt/library/RcppEigen/include/Eigen/src/Core/arch/Default/ConjHelper.h:29:60: warning: ignoring attributes on template argument ‘Eigen::internal::Packet2d’ {aka ‘__m128d’} [-Wignored-attributes]
   29 |   struct conj_helper<PACKET_CPLX, PACKET_REAL, false, false> {          \
      |                                                            ^
/mnt/library/RcppEigen/include/Eigen/src/Core/arch/SSE/Complex.h:298:1: note: in expansion of macro ‘EIGEN_MAKE_CONJ_HELPER_CPLX_REAL’
  298 | EIGEN_MAKE_CONJ_HELPER_CPLX_REAL(Packet1cd,Packet2d)
      | ^~~~~~~~~~~~~~~~~~~~~~~~~~~~~~~~
In file included from /mnt/library/RcppEigen/include/Eigen/Core:165:
/mnt/library/RcppEigen/include/Eigen/src/Core/util/XprHelper.h: In instantiation of ‘struct Eigen::internal::find_best_packet<float, 4>’:
/mnt/library/RcppEigen/include/Eigen/src/Core/Matrix.h:22:57:   required from ‘struct Eigen::internal::traits<Eigen::Matrix<float, 4, 1> >’
/mnt/library/RcppEigen/include/Eigen/src/Geometry/Quaternion.h:266:49:   required from ‘struct Eigen::internal::traits<Eigen::Quaternion<float> >’
/mnt/library/RcppEigen/include/Eigen/src/Geometry/arch/Geometry_SIMD.h:24:46:   required from here
/mnt/library/RcppEigen/include/Eigen/src/Core/util/XprHelper.h:190:44: warning: ignoring attributes on template argument ‘Eigen::internal::packet_traits<float>::type’ {aka ‘__m128’} [-Wignored-attributes]
  190 |          bool Stop = Size==Dynamic || (Size%unpacket_traits<PacketType>::size)==0 || is_same<PacketType,typename unpacket_traits<PacketType>::half>::value>
      |                                       ~~~~~^~~~~~~~~~~~~~~~~~~~~~~~~~~~~~~~~~~
/mnt/library/RcppEigen/include/Eigen/src/Core/util/XprHelper.h:190:83: warning: ignoring attributes on template argument ‘Eigen::internal::packet_traits<float>::type’ {aka ‘__m128’} [-Wignored-attributes]
  190 |          bool Stop = Size==Dynamic || (Size%unpacket_traits<PacketType>::size)==0 || is_same<PacketType,typename unpacket_traits<PacketType>::half>::value>
      |                      ~~~~~~~~~~~~~~~~~~~~~~~~~~~~~~~~~~~~~~~~~~~~~~~~~~~~~~~~~~~~~^~~~~~~~~~~~~~~~~~~~~~~~~~~~~~~~~~~~~~~~~~~~~~~~~~~~~~~~~~~~~~~~~~~~~~~~
/mnt/library/RcppEigen/include/Eigen/src/Core/util/XprHelper.h:190:83: warning: ignoring attributes on template argument ‘Eigen::internal::packet_traits<float>::type’ {aka ‘__m128’} [-Wignored-attributes]
/mnt/library/RcppEigen/include/Eigen/src/Core/util/XprHelper.h:190:83: warning: ignoring attributes on template argument ‘Eigen::internal::unpacket_traits<__vector(4) float>::half’ {aka ‘__m128’} [-Wignored-attributes]
/mnt/library/RcppEigen/include/Eigen/src/Core/util/XprHelper.h:208:88: warning: ignoring attributes on template argument ‘Eigen::internal::packet_traits<float>::type’ {aka ‘__m128’} [-Wignored-attributes]
  208 |   typedef typename find_best_packet_helper<Size,typename packet_traits<T>::type>::type type;
      |                                                                                        ^~~~
In file included from /mnt/library/RcppEigen/include/Eigen/Core:271:
/mnt/library/RcppEigen/include/Eigen/src/Core/DenseCoeffsBase.h: In instantiation of ‘class Eigen::DenseCoeffsBase<Eigen::Matrix<float, 4, 1>, 0>’:
/mnt/library/RcppEigen/include/Eigen/src/Core/DenseCoeffsBase.h:302:7:   required from ‘class Eigen::DenseCoeffsBase<Eigen::Matrix<float, 4, 1>, 1>’
/mnt/library/RcppEigen/include/Eigen/src/Core/DenseCoeffsBase.h:555:7:   required from ‘class Eigen::DenseCoeffsBase<Eigen::Matrix<float, 4, 1>, 3>’
/mnt/library/RcppEigen/include/Eigen/src/Core/DenseBase.h:41:34:   required from ‘class Eigen::DenseBase<Eigen::Matrix<float, 4, 1> >’
/mnt/library/RcppEigen/include/Eigen/src/Core/MatrixBase.h:48:34:   required from ‘class Eigen::MatrixBase<Eigen::Matrix<float, 4, 1> >’
/mnt/library/RcppEigen/include/Eigen/src/Core/PlainObjectBase.h:98:7:   required from ‘class Eigen::PlainObjectBase<Eigen::Matrix<float, 4, 1> >’
/mnt/library/RcppEigen/include/Eigen/src/Core/Matrix.h:178:7:   required from ‘class Eigen::Matrix<float, 4, 1>’
/mnt/library/RcppEigen/include/Eigen/src/Geometry/Quaternion.h:46:50:   required from ‘class Eigen::QuaternionBase<Eigen::Quaternion<float> >’
/mnt/library/RcppEigen/include/Eigen/src/Geometry/Quaternion.h:273:7:   required from ‘class Eigen::Quaternion<float>’
/mnt/library/RcppEigen/include/Eigen/src/Geometry/arch/Geometry_SIMD.h:27:3:   required from here
/mnt/library/RcppEigen/include/Eigen/src/Core/DenseCoeffsBase.h:56:30: warning: ignoring attributes on template argument ‘Eigen::internal::packet_traits<float>::type’ {aka ‘__m128’} [-Wignored-attributes]
   56 |                      >::type PacketReturnType;
      |                              ^~~~~~~~~~~~~~~~
/mnt/library/RcppEigen/include/Eigen/src/Core/util/XprHelper.h: In instantiation of ‘struct Eigen::internal::find_best_packet<double, 4>’:
/mnt/library/RcppEigen/include/Eigen/src/Core/Matrix.h:22:57:   required from ‘struct Eigen::internal::traits<Eigen::Matrix<double, 4, 1> >’
/mnt/library/RcppEigen/include/Eigen/src/Geometry/Quaternion.h:266:49:   required from ‘struct Eigen::internal::traits<Eigen::Quaternion<double> >’
/mnt/library/RcppEigen/include/Eigen/src/Geometry/arch/Geometry_SIMD.h:98:47:   required from here
/mnt/library/RcppEigen/include/Eigen/src/Core/util/XprHelper.h:190:44: warning: ignoring attributes on template argument ‘Eigen::internal::packet_traits<double>::type’ {aka ‘__m128d’} [-Wignored-attributes]
  190 |          bool Stop = Size==Dynamic || (Size%unpacket_traits<PacketType>::size)==0 || is_same<PacketType,typename unpacket_traits<PacketType>::half>::value>
      |                                       ~~~~~^~~~~~~~~~~~~~~~~~~~~~~~~~~~~~~~~~~
/mnt/library/RcppEigen/include/Eigen/src/Core/util/XprHelper.h:190:83: warning: ignoring attributes on template argument ‘Eigen::internal::packet_traits<double>::type’ {aka ‘__m128d’} [-Wignored-attributes]
  190 |          bool Stop = Size==Dynamic || (Size%unpacket_traits<PacketType>::size)==0 || is_same<PacketType,typename unpacket_traits<PacketType>::half>::value>
      |                      ~~~~~~~~~~~~~~~~~~~~~~~~~~~~~~~~~~~~~~~~~~~~~~~~~~~~~~~~~~~~~^~~~~~~~~~~~~~~~~~~~~~~~~~~~~~~~~~~~~~~~~~~~~~~~~~~~~~~~~~~~~~~~~~~~~~~~
/mnt/library/RcppEigen/include/Eigen/src/Core/util/XprHelper.h:190:83: warning: ignoring attributes on template argument ‘Eigen::internal::packet_traits<double>::type’ {aka ‘__m128d’} [-Wignored-attributes]
/mnt/library/RcppEigen/include/Eigen/src/Core/util/XprHelper.h:190:83: warning: ignoring attributes on template argument ‘Eigen::internal::unpacket_traits<__vector(2) double>::half’ {aka ‘__m128d’} [-Wignored-attributes]
/mnt/library/RcppEigen/include/Eigen/src/Core/util/XprHelper.h:208:88: warning: ignoring attributes on template argument ‘Eigen::internal::packet_traits<double>::type’ {aka ‘__m128d’} [-Wignored-attributes]
  208 |   typedef typename find_best_packet_helper<Size,typename packet_traits<T>::type>::type type;
      |                                                                                        ^~~~
/mnt/library/RcppEigen/include/Eigen/src/Core/DenseCoeffsBase.h: In instantiation of ‘class Eigen::DenseCoeffsBase<Eigen::Matrix<double, 4, 1>, 0>’:
/mnt/library/RcppEigen/include/Eigen/src/Core/DenseCoeffsBase.h:302:7:   required from ‘class Eigen::DenseCoeffsBase<Eigen::Matrix<double, 4, 1>, 1>’
/mnt/library/RcppEigen/include/Eigen/src/Core/DenseCoeffsBase.h:555:7:   required from ‘class Eigen::DenseCoeffsBase<Eigen::Matrix<double, 4, 1>, 3>’
/mnt/library/RcppEigen/include/Eigen/src/Core/DenseBase.h:41:34:   required from ‘class Eigen::DenseBase<Eigen::Matrix<double, 4, 1> >’
/mnt/library/RcppEigen/include/Eigen/src/Core/MatrixBase.h:48:34:   required from ‘class Eigen::MatrixBase<Eigen::Matrix<double, 4, 1> >’
/mnt/library/RcppEigen/include/Eigen/src/Core/PlainObjectBase.h:98:7:   required from ‘class Eigen::PlainObjectBase<Eigen::Matrix<double, 4, 1> >’
/mnt/library/RcppEigen/include/Eigen/src/Core/Matrix.h:178:7:   required from ‘class Eigen::Matrix<double, 4, 1>’
/mnt/library/RcppEigen/include/Eigen/src/Geometry/Quaternion.h:46:50:   required from ‘class Eigen::QuaternionBase<Eigen::Quaternion<double> >’
/mnt/library/RcppEigen/include/Eigen/src/Geometry/Quaternion.h:273:7:   required from ‘class Eigen::Quaternion<double>’
/mnt/library/RcppEigen/include/Eigen/src/Geometry/arch/Geometry_SIMD.h:102:3:   required from here
/mnt/library/RcppEigen/include/Eigen/src/Core/DenseCoeffsBase.h:56:30: warning: ignoring attributes on template argument ‘Eigen::internal::packet_traits<double>::type’ {aka ‘__m128d’} [-Wignored-attributes]
   56 |                      >::type PacketReturnType;
      |                              ^~~~~~~~~~~~~~~~
In file included from /mnt/library/RcppEigen/include/Eigen/SparseCore:37,
                 from /mnt/library/RcppEigen/include/Eigen/Sparse:26,
                 from /mnt/library/RcppEigen/include/RcppEigenForward.h:29:
/mnt/library/RcppEigen/include/Eigen/src/SparseCore/SparseMatrixBase.h: In instantiation of ‘class Eigen::SparseMatrixBase<Eigen::SparseMatrix<double, 0, int> >’:
/mnt/library/RcppEigen/include/Eigen/src/SparseCore/SparseCompressedBase.h:36:7:   required from ‘class Eigen::SparseCompressedBase<Eigen::SparseMatrix<double, 0, int> >’
/mnt/library/RcppEigen/include/Eigen/src/SparseCore/SparseMatrix.h:96:7:   required from ‘class Eigen::SparseMatrix<double, 0, int>’
/mnt/library/RcppEigen/include/unsupported/Eigen/src/IterativeSolvers/ConstrainedConjGrad.h:61:25:   required from here
/mnt/library/RcppEigen/include/Eigen/src/SparseCore/SparseMatrixBase.h:47:30: warning: ignoring attributes on template argument ‘Eigen::internal::packet_traits<double>::type’ {aka ‘__m128d’} [-Wignored-attributes]
   47 |                      >::type PacketReturnType;
      |                              ^~~~~~~~~~~~~~~~
/mnt/library/RcppEigen/include/Eigen/src/Core/DenseCoeffsBase.h: In instantiation of ‘class Eigen::DenseCoeffsBase<Eigen::SparseMatrix<double, 0, int>, 0>’:
/mnt/library/RcppEigen/include/Eigen/src/SparseCore/SparseCompressedBase.h:336:80:   required from ‘struct Eigen::internal::evaluator<Eigen::SparseCompressedBase<Eigen::SparseMatrix<double, 0, int> > >’
/mnt/library/RcppEigen/include/Eigen/src/SparseCore/SparseMatrix.h:1505:8:   required from ‘struct Eigen::internal::evaluator<Eigen::SparseMatrix<double, 0, int> >’
/mnt/library/RcppEigen/include/Eigen/src/SparseCore/SparseAssign.h:77:20:   required from ‘void Eigen::internal::assign_sparse_to_sparse(DstXprType&, const SrcXprType&) [with DstXprType = Eigen::SparseMatrix<double, 0, int>; SrcXprType = Eigen::SparseMatrix<double, 0, int>]’
/mnt/library/RcppEigen/include/Eigen/src/SparseCore/SparseAssign.h:132:28:   required from ‘static void Eigen::internal::Assignment<DstXprType, SrcXprType, Functor, Eigen::internal::Sparse2Sparse>::run(DstXprType&, const SrcXprType&, const Eigen::internal::assign_op<typename DstXprType::Scalar, typename SrcXprType::Scalar>&) [with DstXprType = Eigen::SparseMatrix<double, 0, int>; SrcXprType = Eigen::SparseMatrix<double, 0, int>; Functor = Eigen::internal::assign_op<double, double>; typename DstXprType::Scalar = double; typename SrcXprType::Scalar = double]’
/mnt/library/RcppEigen/include/Eigen/src/Core/AssignEvaluator.h:890:49:   required from ‘void Eigen::internal::call_assignment_no_alias(Dst&, const Src&, const Func&) [with Dst = Eigen::SparseMatrix<double, 0, int>; Src = Eigen::SparseMatrix<double, 0, int>; Func = assign_op<double, double>]’
/mnt/library/RcppEigen/include/Eigen/src/Core/AssignEvaluator.h:917:27:   required from ‘void Eigen::internal::call_assignment_no_alias(Dst&, const Src&) [with Dst = Eigen::SparseMatrix<double, 0, int>; Src = Eigen::SparseMatrix<double, 0, int>]’
/mnt/library/RcppEigen/include/Eigen/src/SparseCore/SparseAssign.h:45:37:   required from ‘Derived& Eigen::SparseMatrixBase<Derived>::operator=(const Derived&) [with Derived = Eigen::SparseMatrix<double, 0, int>]’
/mnt/library/RcppEigen/include/Eigen/src/SparseCore/SparseMatrix.h:778:26:   required from ‘Eigen::SparseMatrix<_Scalar, _Flags, _StorageIndex>& Eigen::SparseMatrix<_Scalar, _Flags, _StorageIndex>::operator=(const Eigen::SparseMatrix<_Scalar, _Flags, _StorageIndex>&) [with _Scalar = double; int _Options = 0; _StorageIndex = int]’
/mnt/library/RcppEigen/include/Eigen/src/SparseCore/SparseMatrix.h:713:13:   required from ‘Eigen::SparseMatrix<_Scalar, _Flags, _StorageIndex>::SparseMatrix(const Eigen::SparseMatrix<_Scalar, _Flags, _StorageIndex>&) [with _Scalar = double; int _Options = 0; _StorageIndex = int]’
censoring.cpp:103:17:   required from here
/mnt/library/RcppEigen/include/Eigen/src/Core/DenseCoeffsBase.h:56:30: warning: ignoring attributes on template argument ‘Eigen::internal::packet_traits<double>::type’ {aka ‘__m128d’} [-Wignored-attributes]
   56 |                      >::type PacketReturnType;
      |                              ^~~~~~~~~~~~~~~~
g++ -std=gnu++20 -I"/usr/local/lib/R/include" -DNDEBUG  -I'/usr/local/lib/R/site-library/Rcpp/include' -I'/mnt/library/RcppEigen/include' -I'/usr/local/lib/R/library/grDevices/include' -I/usr/local/include   -ggdb -fpic  -g -O2 -fstack-protector-strong -Wformat -Werror=format-security -Wdate-time -D_FORTIFY_SOURCE=2 -g   -c utils.cpp -o utils.o
g++ -std=gnu++20 -shared -L/usr/local/lib/R/lib -L/usr/local/lib -o destiny.so RcppExports.o censoring.o utils.o -L/usr/local/lib/R/lib -lR
installing to /tmp/library/00LOCK-destiny/00new/destiny/libs
** R
** data
** demo
** inst
** byte-compile and prepare package for lazy loading
** help
*** installing help indices
** building package indices
** installing vignettes
** testing if installed package can be loaded from temporary location
** checking absolute paths in shared objects and dynamic libraries
** testing if installed package can be loaded from final location
** testing if installed package keeps a record of temporary installation path
* SHA256 sums
* creating tarball
packaged installation of ‘destiny’ as ‘destiny_3.27.0_R_x86_64-pc-linux-gnu.tar.gz’
* DONE (destiny)

The downloaded source packages are in
	‘/tmp/Rtmp2fk9g2/downloaded_packages’
Old packages: 'diffobj'

real	1m28.227s
user	1m16.022s
sys	0m12.416s
