+ Rscript -e 'Sys.setenv(BIOCONDUCTOR_USE_CONTAINER_REPOSITORY=FALSE);
  p <- .libPaths();
  p <- c('\''/tmp/library'\'', '\''/mnt/library'\'', p);
  .libPaths(p);
  if(BiocManager::install('\''scTensor'\'', INSTALL_opts = '\''--build'\'', update = TRUE, quiet = FALSE, dependencies=TRUE, force = TRUE, keep_outputs = TRUE) %in% rownames(installed.packages())) q(status = 0) else q(status = 1)'
'getOption("repos")' replaces Bioconductor standard repositories, see
'help("repositories", package = "BiocManager")' for details.
Replacement repositories:
    CRAN: https://p3m.dev/cran/__linux__/noble/latest
Bioconductor version 3.23 (BiocManager 1.30.27), R 4.6.1 (2026-06-24)
Installing package(s) 'scTensor'
also installing the dependency ‘ccTensor’

trying URL 'https://p3m.dev/cran/__linux__/noble/latest/src/contrib/ccTensor_1.0.3.tar.gz'
trying URL 'https://bioconductor.org/packages/3.23/bioc/src/contrib/scTensor_2.22.0.tar.gz'
* installing *binary* package ‘ccTensor’ ...
* package ‘ccTensor’ successfully unpacked and SHA256 sums checked
* ‘ccTensor’ was already a binary package and will not be rebuilt
* SHA256 sums
* creating tarball
packaged installation of ‘ccTensor’ as ‘ccTensor_1.0.3_R_x86_64-pc-linux-gnu.tar.gz’
* DONE (ccTensor)
* installing *source* package ‘scTensor’ ...
** this is package ‘scTensor’ version ‘2.22.0’
** using staged installation
** R
** data
** inst
** byte-compile and prepare package for lazy loading
Warning: no DISPLAY variable so Tk is not available
Creating a new generic function for ‘show’ in package ‘scTensor’
** help
*** installing help indices
** building package indices
** installing vignettes
** testing if installed package can be loaded from temporary location
Warning: no DISPLAY variable so Tk is not available
** testing if installed package can be loaded from final location
Warning: no DISPLAY variable so Tk is not available
** testing if installed package keeps a record of temporary installation path
* SHA256 sums
* creating tarball
packaged installation of ‘scTensor’ as ‘scTensor_2.22.0_R_x86_64-pc-linux-gnu.tar.gz’
* DONE (scTensor)

The downloaded source packages are in
	‘/tmp/Rtmp3IZasP/downloaded_packages’
Old packages: 'diffobj', 'httr2', 'pak', 'pkgdown', 'urlchecker', 'xfun',
  'zip', 'MASS', 'nlme', 'survival'

real	1m21.281s
user	0m51.758s
sys	0m12.816s
