+ Rscript -e 'Sys.setenv(BIOCONDUCTOR_USE_CONTAINER_REPOSITORY=FALSE);
  p <- .libPaths();
  p <- c('\''/tmp/library'\'', '\''/mnt/library'\'', p);
  .libPaths(p);
  if(BiocManager::install('\''gDRcore'\'', INSTALL_opts = '\''--build'\'', update = TRUE, quiet = FALSE, dependencies=TRUE, force = TRUE, keep_outputs = TRUE) %in% rownames(installed.packages())) q(status = 0) else q(status = 1)'
'getOption("repos")' replaces Bioconductor standard repositories, see
'help("repositories", package = "BiocManager")' for details.
Replacement repositories:
    CRAN: https://p3m.dev/cran/__linux__/noble/latest
Bioconductor version 3.23 (BiocManager 1.30.27), R 4.6.1 (2026-06-24)
Installing package(s) 'gDRcore'
also installing the dependencies ‘NISTunits’, ‘celestial’, ‘magicaxis’, ‘CoreGx’, ‘PharmacoGx’, ‘gDRimport’

trying URL 'https://p3m.dev/cran/__linux__/noble/latest/src/contrib/NISTunits_1.0.1.tar.gz'
trying URL 'https://p3m.dev/cran/__linux__/noble/latest/src/contrib/celestial_1.5.8.tar.gz'
trying URL 'https://p3m.dev/cran/__linux__/noble/latest/src/contrib/magicaxis_2.5.1.tar.gz'
trying URL 'https://bioconductor.org/packages/3.23/bioc/src/contrib/CoreGx_2.16.0.tar.gz'
trying URL 'https://bioconductor.org/packages/3.23/bioc/src/contrib/PharmacoGx_3.16.0.tar.gz'
trying URL 'https://bioconductor.org/packages/3.23/bioc/src/contrib/gDRimport_1.10.0.tar.gz'
trying URL 'https://bioconductor.org/packages/3.23/bioc/src/contrib/gDRcore_1.10.0.tar.gz'
* installing *binary* package ‘NISTunits’ ...
* package ‘NISTunits’ successfully unpacked and SHA256 sums checked
* ‘NISTunits’ was already a binary package and will not be rebuilt
* SHA256 sums
* creating tarball
packaged installation of ‘NISTunits’ as ‘NISTunits_1.0.1_R_x86_64-pc-linux-gnu.tar.gz’
* DONE (NISTunits)
* installing *source* package ‘CoreGx’ ...
** this is package ‘CoreGx’ version ‘2.16.0’
** using staged installation
** R
** data
*** moving datasets to lazyload DB
** inst
** byte-compile and prepare package for lazy loading
** help
*** installing help indices
** building package indices
** installing vignettes
** testing if installed package can be loaded from temporary location
** testing if installed package can be loaded from final location
** testing if installed package keeps a record of temporary installation path
* SHA256 sums
* creating tarball
packaged installation of ‘CoreGx’ as ‘CoreGx_2.16.0_R_x86_64-pc-linux-gnu.tar.gz’
* DONE (CoreGx)
* installing *source* package ‘gDRcore’ ...
** this is package ‘gDRcore’ version ‘1.10.0’
** using staged installation
** libs
using C++ compiler: ‘g++ (Ubuntu 13.3.0-6ubuntu2~24.04.1) 13.3.0’
g++ -std=gnu++20 -I"/usr/local/lib/R/include" -DNDEBUG   -I/usr/local/include    -fpic  -g -O2 -fstack-protector-strong -Wformat -Werror=format-security -Wdate-time -D_FORTIFY_SOURCE=2 -g   -c gDRcore.cpp -o gDRcore.o
g++ -std=gnu++20 -shared -L/usr/local/lib/R/lib -L/usr/local/lib -o gDRcore.so gDRcore.o -L/usr/local/lib/R/lib -lR
installing to /tmp/library/00LOCK-gDRcore/00new/gDRcore/libs
** R
** inst
** byte-compile and prepare package for lazy loading
** help
*** installing help indices
** building package indices
** installing vignettes
** testing if installed package can be loaded from temporary location
** checking absolute paths in shared objects and dynamic libraries
** testing if installed package can be loaded from final location
** testing if installed package keeps a record of temporary installation path
* SHA256 sums
* creating tarball
packaged installation of ‘gDRcore’ as ‘gDRcore_1.10.0_R_x86_64-pc-linux-gnu.tar.gz’
* DONE (gDRcore)
* installing *binary* package ‘celestial’ ...
* package ‘celestial’ successfully unpacked and SHA256 sums checked
* ‘celestial’ was already a binary package and will not be rebuilt
* SHA256 sums
* creating tarball
packaged installation of ‘celestial’ as ‘celestial_1.5.8_R_x86_64-pc-linux-gnu.tar.gz’
* DONE (celestial)
* installing *binary* package ‘magicaxis’ ...
* package ‘magicaxis’ successfully unpacked and SHA256 sums checked
* ‘magicaxis’ was already a binary package and will not be rebuilt
* SHA256 sums
* creating tarball
packaged installation of ‘magicaxis’ as ‘magicaxis_2.5.1_R_x86_64-pc-linux-gnu.tar.gz’
* DONE (magicaxis)
* installing *source* package ‘PharmacoGx’ ...
** this is package ‘PharmacoGx’ version ‘3.16.0’
** using staged installation
** libs
using C compiler: ‘gcc (Ubuntu 13.3.0-6ubuntu2~24.04.1) 13.3.0’
using C++ compiler: ‘g++ (Ubuntu 13.3.0-6ubuntu2~24.04.1) 13.3.0’
g++ -std=gnu++20 -I"/usr/local/lib/R/include" -DNDEBUG  -I'/usr/local/lib/R/site-library/Rcpp/include' -I/usr/local/include    -fpic  -g -O2 -fstack-protector-strong -Wformat -Werror=format-security -Wdate-time -D_FORTIFY_SOURCE=2 -g   -c RcppExports.cpp -o RcppExports.o
gcc -std=gnu2x -I"/usr/local/lib/R/include" -DNDEBUG  -I'/usr/local/lib/R/site-library/Rcpp/include' -I/usr/local/include    -fpic  -g -O2 -fstack-protector-strong -Wformat -Werror=format-security -Wdate-time -D_FORTIFY_SOURCE=2 -g  -c metaPermC.c -o metaPermC.o
g++ -std=gnu++20 -I"/usr/local/lib/R/include" -DNDEBUG  -I'/usr/local/lib/R/site-library/Rcpp/include' -I/usr/local/include    -fpic  -g -O2 -fstack-protector-strong -Wformat -Werror=format-security -Wdate-time -D_FORTIFY_SOURCE=2 -g   -c rCPP_bridge.cpp -o rCPP_bridge.o
g++ -std=gnu++20 -shared -L/usr/local/lib/R/lib -L/usr/local/lib -o PharmacoGx.so RcppExports.o metaPermC.o rCPP_bridge.o -L/usr/local/lib/R/lib -lR
installing to /tmp/library/00LOCK-PharmacoGx/00new/PharmacoGx/libs
** R
** data
** inst
** byte-compile and prepare package for lazy loading
** help
*** installing help indices
** building package indices
** installing vignettes
** testing if installed package can be loaded from temporary location
** checking absolute paths in shared objects and dynamic libraries
** testing if installed package can be loaded from final location
** testing if installed package keeps a record of temporary installation path
* SHA256 sums
* creating tarball
packaged installation of ‘PharmacoGx’ as ‘PharmacoGx_3.16.0_R_x86_64-pc-linux-gnu.tar.gz’
* DONE (PharmacoGx)
* installing *source* package ‘gDRimport’ ...
** this is package ‘gDRimport’ version ‘1.10.0’
** using staged installation
** R
** inst
** byte-compile and prepare package for lazy loading
** help
*** installing help indices
** building package indices
** installing vignettes
** testing if installed package can be loaded from temporary location
** testing if installed package can be loaded from final location
** testing if installed package keeps a record of temporary installation path
* SHA256 sums
* creating tarball
packaged installation of ‘gDRimport’ as ‘gDRimport_1.10.0_R_x86_64-pc-linux-gnu.tar.gz’
* DONE (gDRimport)

The downloaded source packages are in
	‘/tmp/RtmpWKqdKd/downloaded_packages’
Old packages: 'diffobj', 'httr2', 'pak', 'pkgdown', 'urlchecker', 'xfun',
  'zip', 'MASS', 'nlme', 'survival'

real	1m53.257s
user	1m36.285s
sys	0m12.417s
