+ Rscript -e 'Sys.setenv(BIOCONDUCTOR_USE_CONTAINER_REPOSITORY=FALSE);
  p <- .libPaths();
  p <- c('\''/tmp/library'\'', '\''/mnt/library'\'', p);
  .libPaths(p);
  if(BiocManager::install('\''SVP'\'', INSTALL_opts = '\''--build'\'', update = TRUE, quiet = FALSE, dependencies=TRUE, force = TRUE, keep_outputs = TRUE) %in% rownames(installed.packages())) q(status = 0) else q(status = 1)'
'getOption("repos")' replaces Bioconductor standard repositories, see
'help("repositories", package = "BiocManager")' for details.
Replacement repositories:
    CRAN: https://p3m.dev/cran/__linux__/noble/latest
Bioconductor version 3.23 (BiocManager 1.30.27), R 4.6.1 (2026-06-24)
Installing package(s) 'SVP'
also installing the dependency ‘broman’

trying URL 'https://p3m.dev/cran/__linux__/noble/latest/src/contrib/broman_0.96.tar.gz'
trying URL 'https://bioconductor.org/packages/3.23/bioc/src/contrib/SVP_1.4.0.tar.gz'
* installing *binary* package ‘broman’ ...
* package ‘broman’ successfully unpacked and SHA256 sums checked
* ‘broman’ was already a binary package and will not be rebuilt
* SHA256 sums
* creating tarball
packaged installation of ‘broman’ as ‘broman_0.96_R_x86_64-pc-linux-gnu.tar.gz’
* DONE (broman)
* installing *source* package ‘SVP’ ...
** this is package ‘SVP’ version ‘1.4.0’
** using staged installation
** libs
using C++ compiler: ‘g++ (Ubuntu 13.3.0-6ubuntu2~24.04.1) 13.3.0’
g++ -std=gnu++20 -I"/usr/local/lib/R/include" -DNDEBUG  -I'/usr/local/lib/R/site-library/Rcpp/include' -I'/mnt/library/RcppArmadillo/include' -I'/mnt/library/RcppParallel/include' -I'/mnt/library/RcppEigen/include' -I'/mnt/library/dqrng/include' -I/usr/local/include   -fopenmp -DARMA_64BIT_WORD -DNDEBUG -DEIGEN_DONT_VECTORIZE -fpic  -g -O2 -fstack-protector-strong -Wformat -Werror=format-security -Wdate-time -D_FORTIFY_SOURCE=2 -g   -c RcppExports.cpp -o RcppExports.o
g++ -std=gnu++20 -I"/usr/local/lib/R/include" -DNDEBUG  -I'/usr/local/lib/R/site-library/Rcpp/include' -I'/mnt/library/RcppArmadillo/include' -I'/mnt/library/RcppParallel/include' -I'/mnt/library/RcppEigen/include' -I'/mnt/library/dqrng/include' -I/usr/local/include   -fopenmp -DARMA_64BIT_WORD -DNDEBUG -DEIGEN_DONT_VECTORIZE -fpic  -g -O2 -fstack-protector-strong -Wformat -Werror=format-security -Wdate-time -D_FORTIFY_SOURCE=2 -g   -c autocorutils.cpp -o autocorutils.o
g++ -std=gnu++20 -I"/usr/local/lib/R/include" -DNDEBUG  -I'/usr/local/lib/R/site-library/Rcpp/include' -I'/mnt/library/RcppArmadillo/include' -I'/mnt/library/RcppParallel/include' -I'/mnt/library/RcppEigen/include' -I'/mnt/library/dqrng/include' -I/usr/local/include   -fopenmp -DARMA_64BIT_WORD -DNDEBUG -DEIGEN_DONT_VECTORIZE -fpic  -g -O2 -fstack-protector-strong -Wformat -Werror=format-security -Wdate-time -D_FORTIFY_SOURCE=2 -g   -c bisp.cpp -o bisp.o
g++ -std=gnu++20 -I"/usr/local/lib/R/include" -DNDEBUG  -I'/usr/local/lib/R/site-library/Rcpp/include' -I'/mnt/library/RcppArmadillo/include' -I'/mnt/library/RcppParallel/include' -I'/mnt/library/RcppEigen/include' -I'/mnt/library/dqrng/include' -I/usr/local/include   -fopenmp -DARMA_64BIT_WORD -DNDEBUG -DEIGEN_DONT_VECTORIZE -fpic  -g -O2 -fstack-protector-strong -Wformat -Werror=format-security -Wdate-time -D_FORTIFY_SOURCE=2 -g   -c cor.cpp -o cor.o
g++ -std=gnu++20 -I"/usr/local/lib/R/include" -DNDEBUG  -I'/usr/local/lib/R/site-library/Rcpp/include' -I'/mnt/library/RcppArmadillo/include' -I'/mnt/library/RcppParallel/include' -I'/mnt/library/RcppEigen/include' -I'/mnt/library/dqrng/include' -I/usr/local/include   -fopenmp -DARMA_64BIT_WORD -DNDEBUG -DEIGEN_DONT_VECTORIZE -fpic  -g -O2 -fstack-protector-strong -Wformat -Werror=format-security -Wdate-time -D_FORTIFY_SOURCE=2 -g   -c extract.cpp -o extract.o
g++ -std=gnu++20 -I"/usr/local/lib/R/include" -DNDEBUG  -I'/usr/local/lib/R/site-library/Rcpp/include' -I'/mnt/library/RcppArmadillo/include' -I'/mnt/library/RcppParallel/include' -I'/mnt/library/RcppEigen/include' -I'/mnt/library/dqrng/include' -I/usr/local/include   -fopenmp -DARMA_64BIT_WORD -DNDEBUG -DEIGEN_DONT_VECTORIZE -fpic  -g -O2 -fstack-protector-strong -Wformat -Werror=format-security -Wdate-time -D_FORTIFY_SOURCE=2 -g   -c gearysc.cpp -o gearysc.o
g++ -std=gnu++20 -I"/usr/local/lib/R/include" -DNDEBUG  -I'/usr/local/lib/R/site-library/Rcpp/include' -I'/mnt/library/RcppArmadillo/include' -I'/mnt/library/RcppParallel/include' -I'/mnt/library/RcppEigen/include' -I'/mnt/library/dqrng/include' -I/usr/local/include   -fopenmp -DARMA_64BIT_WORD -DNDEBUG -DEIGEN_DONT_VECTORIZE -fpic  -g -O2 -fstack-protector-strong -Wformat -Werror=format-security -Wdate-time -D_FORTIFY_SOURCE=2 -g   -c getisord.cpp -o getisord.o
g++ -std=gnu++20 -I"/usr/local/lib/R/include" -DNDEBUG  -I'/usr/local/lib/R/site-library/Rcpp/include' -I'/mnt/library/RcppArmadillo/include' -I'/mnt/library/RcppParallel/include' -I'/mnt/library/RcppEigen/include' -I'/mnt/library/dqrng/include' -I/usr/local/include   -fopenmp -DARMA_64BIT_WORD -DNDEBUG -DEIGEN_DONT_VECTORIZE -fpic  -g -O2 -fstack-protector-strong -Wformat -Werror=format-security -Wdate-time -D_FORTIFY_SOURCE=2 -g   -c kld.cpp -o kld.o
g++ -std=gnu++20 -I"/usr/local/lib/R/include" -DNDEBUG  -I'/usr/local/lib/R/site-library/Rcpp/include' -I'/mnt/library/RcppArmadillo/include' -I'/mnt/library/RcppParallel/include' -I'/mnt/library/RcppEigen/include' -I'/mnt/library/dqrng/include' -I/usr/local/include   -fopenmp -DARMA_64BIT_WORD -DNDEBUG -DEIGEN_DONT_VECTORIZE -fpic  -g -O2 -fstack-protector-strong -Wformat -Werror=format-security -Wdate-time -D_FORTIFY_SOURCE=2 -g   -c lisa.cpp -o lisa.o
g++ -std=gnu++20 -I"/usr/local/lib/R/include" -DNDEBUG  -I'/usr/local/lib/R/site-library/Rcpp/include' -I'/mnt/library/RcppArmadillo/include' -I'/mnt/library/RcppParallel/include' -I'/mnt/library/RcppEigen/include' -I'/mnt/library/dqrng/include' -I/usr/local/include   -fopenmp -DARMA_64BIT_WORD -DNDEBUG -DEIGEN_DONT_VECTORIZE -fpic  -g -O2 -fstack-protector-strong -Wformat -Werror=format-security -Wdate-time -D_FORTIFY_SOURCE=2 -g   -c mca.cpp -o mca.o
g++ -std=gnu++20 -I"/usr/local/lib/R/include" -DNDEBUG  -I'/usr/local/lib/R/site-library/Rcpp/include' -I'/mnt/library/RcppArmadillo/include' -I'/mnt/library/RcppParallel/include' -I'/mnt/library/RcppEigen/include' -I'/mnt/library/dqrng/include' -I/usr/local/include   -fopenmp -DARMA_64BIT_WORD -DNDEBUG -DEIGEN_DONT_VECTORIZE -fpic  -g -O2 -fstack-protector-strong -Wformat -Werror=format-security -Wdate-time -D_FORTIFY_SOURCE=2 -g   -c metric.cpp -o metric.o
g++ -std=gnu++20 -I"/usr/local/lib/R/include" -DNDEBUG  -I'/usr/local/lib/R/site-library/Rcpp/include' -I'/mnt/library/RcppArmadillo/include' -I'/mnt/library/RcppParallel/include' -I'/mnt/library/RcppEigen/include' -I'/mnt/library/dqrng/include' -I/usr/local/include   -fopenmp -DARMA_64BIT_WORD -DNDEBUG -DEIGEN_DONT_VECTORIZE -fpic  -g -O2 -fstack-protector-strong -Wformat -Werror=format-security -Wdate-time -D_FORTIFY_SOURCE=2 -g   -c moransi.cpp -o moransi.o
g++ -std=gnu++20 -I"/usr/local/lib/R/include" -DNDEBUG  -I'/usr/local/lib/R/site-library/Rcpp/include' -I'/mnt/library/RcppArmadillo/include' -I'/mnt/library/RcppParallel/include' -I'/mnt/library/RcppEigen/include' -I'/mnt/library/dqrng/include' -I/usr/local/include   -fopenmp -DARMA_64BIT_WORD -DNDEBUG -DEIGEN_DONT_VECTORIZE -fpic  -g -O2 -fstack-protector-strong -Wformat -Werror=format-security -Wdate-time -D_FORTIFY_SOURCE=2 -g   -c pairknn.cpp -o pairknn.o
g++ -std=gnu++20 -I"/usr/local/lib/R/include" -DNDEBUG  -I'/usr/local/lib/R/site-library/Rcpp/include' -I'/mnt/library/RcppArmadillo/include' -I'/mnt/library/RcppParallel/include' -I'/mnt/library/RcppEigen/include' -I'/mnt/library/dqrng/include' -I/usr/local/include   -fopenmp -DARMA_64BIT_WORD -DNDEBUG -DEIGEN_DONT_VECTORIZE -fpic  -g -O2 -fstack-protector-strong -Wformat -Werror=format-security -Wdate-time -D_FORTIFY_SOURCE=2 -g   -c rwr.cpp -o rwr.o
g++ -std=gnu++20 -shared -L/usr/local/lib/R/lib -L/usr/local/lib -o SVP.so RcppExports.o autocorutils.o bisp.o cor.o extract.o gearysc.o getisord.o kld.o lisa.o mca.o metric.o moransi.o pairknn.o rwr.o -fopenmp -llapack -lblas -lgfortran -lm -lquadmath -L/usr/local/lib/R/lib -lR
installing to /tmp/library/00LOCK-SVP/00new/SVP/libs
** R
** data
** inst
** byte-compile and prepare package for lazy loading
** help
*** installing help indices
** building package indices
** installing vignettes
** testing if installed package can be loaded from temporary location
** checking absolute paths in shared objects and dynamic libraries
** testing if installed package can be loaded from final location
** testing if installed package keeps a record of temporary installation path
* SHA256 sums
* creating tarball
packaged installation of ‘SVP’ as ‘SVP_1.4.0_R_x86_64-pc-linux-gnu.tar.gz’
* DONE (SVP)

The downloaded source packages are in
	‘/tmp/RtmprIYYlz/downloaded_packages’
Old packages: 'diffobj', 'httr2', 'pak', 'pkgdown', 'urlchecker', 'xfun',
  'zip', 'MASS', 'nlme', 'survival'

real	3m14.758s
user	2m42.700s
sys	0m19.437s
