+ Rscript -e 'Sys.setenv(BIOCONDUCTOR_USE_CONTAINER_REPOSITORY=FALSE);
  p <- .libPaths();
  p <- c('\''/tmp/library'\'', '\''/mnt/library'\'', p);
  .libPaths(p);
  if(BiocManager::install('\''hermes'\'', INSTALL_opts = '\''--build'\'', update = TRUE, quiet = FALSE, dependencies=TRUE, force = TRUE, keep_outputs = TRUE) %in% rownames(installed.packages())) q(status = 0) else q(status = 1)'
'getOption("repos")' replaces Bioconductor standard repositories, see
'help("repositories", package = "BiocManager")' for details.
Replacement repositories:
    CRAN: https://p3m.dev/cran/__linux__/noble/latest
Bioconductor version 3.24 (BiocManager 1.30.27), R 4.6.1 (2026-06-24)
Installing package(s) 'hermes'
trying URL 'https://bioconductor.org/packages/3.24/bioc/src/contrib/hermes_1.17.0.tar.gz'
Content type 'application/x-gzip' length 4425573 bytes (4.2 MB)
==================================================
downloaded 4.2 MB

* installing *source* package ‘hermes’ ...
** this is package ‘hermes’ version ‘1.17.0’
** package ‘hermes’ successfully unpacked and MD5 sums checked
** using staged installation
** R
** data
*** moving datasets to lazyload DB
** inst
** byte-compile and prepare package for lazy loading
Creating a new generic function for ‘filter’ in package ‘hermes’
** help
*** installing help indices
*** copying figures
** building package indices
** installing vignettes
** testing if installed package can be loaded from temporary location
** testing if installed package can be loaded from final location
** testing if installed package keeps a record of temporary installation path
* SHA256 sums
* creating tarball
packaged installation of ‘hermes’ as ‘hermes_1.17.0_R_x86_64-pc-linux-gnu.tar.gz’
* DONE (hermes)

The downloaded source packages are in
	‘/tmp/RtmppzX272/downloaded_packages’

real	0m46.767s
user	0m37.770s
sys	0m4.811s
