+ Rscript -e 'Sys.setenv(BIOCONDUCTOR_USE_CONTAINER_REPOSITORY=FALSE);
  p <- .libPaths();
  p <- c('\''/tmp/library'\'', '\''/mnt/library'\'', p);
  .libPaths(p);
  if(BiocManager::install('\''artMS'\'', INSTALL_opts = '\''--build'\'', update = TRUE, quiet = FALSE, dependencies=TRUE, force = TRUE, keep_outputs = TRUE) %in% rownames(installed.packages())) q(status = 0) else q(status = 1)'
'getOption("repos")' replaces Bioconductor standard repositories, see
'help("repositories", package = "BiocManager")' for details.
Replacement repositories:
    CRAN: https://p3m.dev/cran/__linux__/noble/latest
Bioconductor version 3.23 (BiocManager 1.30.27), R 4.6.1 (2026-06-24)
Installing package(s) 'artMS'
also installing the dependencies ‘getopt’, ‘PerformanceAnalytics’

trying URL 'https://p3m.dev/cran/__linux__/noble/latest/src/contrib/getopt_1.21.1.tar.gz'
trying URL 'https://p3m.dev/cran/__linux__/noble/latest/src/contrib/PerformanceAnalytics_2.1.0.tar.gz'
trying URL 'https://bioconductor.org/packages/3.23/bioc/src/contrib/artMS_1.29.0.tar.gz'
* installing *binary* package ‘getopt’ ...
* package ‘getopt’ successfully unpacked and SHA256 sums checked
* ‘getopt’ was already a binary package and will not be rebuilt
* SHA256 sums
* creating tarball
packaged installation of ‘getopt’ as ‘getopt_1.21.1_R_x86_64-pc-linux-gnu.tar.gz’
* DONE (getopt)
* installing *binary* package ‘PerformanceAnalytics’ ...
* package ‘PerformanceAnalytics’ successfully unpacked and SHA256 sums checked
* ‘PerformanceAnalytics’ was already a binary package and will not be rebuilt
* SHA256 sums
* creating tarball
packaged installation of ‘PerformanceAnalytics’ as ‘PerformanceAnalytics_2.1.0_R_x86_64-pc-linux-gnu.tar.gz’
* DONE (PerformanceAnalytics)
* installing *source* package ‘artMS’ ...
** this is package ‘artMS’ version ‘1.29.0’
** using staged installation
** R
** data
*** moving datasets to lazyload DB
** inst
** byte-compile and prepare package for lazy loading
** help
*** installing help indices
** building package indices
** installing vignettes
** testing if installed package can be loaded from temporary location
** testing if installed package can be loaded from final location
** testing if installed package keeps a record of temporary installation path
* SHA256 sums
* creating tarball
packaged installation of ‘artMS’ as ‘artMS_1.29.0_R_x86_64-pc-linux-gnu.tar.gz’
* DONE (artMS)

The downloaded source packages are in
	‘/tmp/Rtmp9bfvPs/downloaded_packages’
Old packages: 'diffobj', 'httr2', 'pak', 'pkgdown', 'urlchecker', 'xfun',
  'zip', 'MASS', 'nlme', 'survival'

real	0m47.480s
user	0m32.038s
sys	0m5.168s
