+ Rscript -e 'Sys.setenv(BIOCONDUCTOR_USE_CONTAINER_REPOSITORY=FALSE);
  p <- .libPaths();
  p <- c('\''/tmp/library'\'', '\''/mnt/library'\'', p);
  .libPaths(p);
  if(BiocManager::install('\''HPAanalyze'\'', INSTALL_opts = '\''--build'\'', update = TRUE, quiet = FALSE, dependencies=TRUE, force = TRUE, keep_outputs = TRUE) %in% rownames(installed.packages())) q(status = 0) else q(status = 1)'
'getOption("repos")' replaces Bioconductor standard repositories, see
'help("repositories", package = "BiocManager")' for details.
Replacement repositories:
    CRAN: https://p3m.dev/cran/__linux__/noble/latest
Bioconductor version 3.23 (BiocManager 1.30.27), R 4.6.1 (2026-06-24)
Installing package(s) 'HPAanalyze'
also installing the dependency ‘openxlsx’

trying URL 'https://p3m.dev/cran/__linux__/noble/latest/src/contrib/openxlsx_4.2.8.1.tar.gz'
trying URL 'https://bioconductor.org/packages/3.23/bioc/src/contrib/HPAanalyze_1.30.0.tar.gz'
* installing *binary* package ‘openxlsx’ ...
* package ‘openxlsx’ successfully unpacked and SHA256 sums checked
* ‘openxlsx’ was already a binary package and will not be rebuilt
* SHA256 sums
* creating tarball
packaged installation of ‘openxlsx’ as ‘openxlsx_4.2.8.1_R_x86_64-pc-linux-gnu.tar.gz’
* DONE (openxlsx)
* installing *source* package ‘HPAanalyze’ ...
** this is package ‘HPAanalyze’ version ‘1.30.0’
** using staged installation
** R
** data
*** moving datasets to lazyload DB
** inst
** byte-compile and prepare package for lazy loading
** help
*** installing help indices
** building package indices
** installing vignettes
** testing if installed package can be loaded from temporary location
** testing if installed package can be loaded from final location
** testing if installed package keeps a record of temporary installation path
* SHA256 sums
* creating tarball
packaged installation of ‘HPAanalyze’ as ‘HPAanalyze_1.30.0_R_x86_64-pc-linux-gnu.tar.gz’
* DONE (HPAanalyze)

The downloaded source packages are in
	‘/tmp/Rtmpk2faip/downloaded_packages’
Old packages: 'diffobj', 'httr2', 'pak', 'pkgdown', 'urlchecker', 'xfun',
  'zip', 'MASS', 'nlme', 'survival'

real	0m20.769s
user	0m15.412s
sys	0m2.745s
