+ Rscript -e 'Sys.setenv(BIOCONDUCTOR_USE_CONTAINER_REPOSITORY=FALSE);
  p <- .libPaths();
  p <- c('\''/tmp/library'\'', '\''/mnt/library'\'', p);
  .libPaths(p);
  if(BiocManager::install('\''daMA'\'', INSTALL_opts = '\''--build'\'', update = TRUE, quiet = FALSE, dependencies=TRUE, force = TRUE, keep_outputs = TRUE) %in% rownames(installed.packages())) q(status = 0) else q(status = 1)'
'getOption("repos")' replaces Bioconductor standard repositories, see
'help("repositories", package = "BiocManager")' for details.
Replacement repositories:
    CRAN: https://p3m.dev/cran/__linux__/noble/latest
Bioconductor version 3.23 (BiocManager 1.30.27), R 4.6.1 (2026-06-24)
Installing package(s) 'daMA'
trying URL 'https://bioconductor.org/packages/3.23/bioc/src/contrib/daMA_1.84.0.tar.gz'
Content type 'application/x-gzip' length 4221856 bytes (4.0 MB)
==================================================
downloaded 4.0 MB

* installing *source* package ‘daMA’ ...
** this is package ‘daMA’ version ‘1.84.0’
** using staged installation
** R
** data
** byte-compile and prepare package for lazy loading
** help
*** installing help indices
** building package indices
** testing if installed package can be loaded from temporary location
** testing if installed package can be loaded from final location
** testing if installed package keeps a record of temporary installation path
* SHA256 sums
* creating tarball
packaged installation of ‘daMA’ as ‘daMA_1.84.0_R_x86_64-pc-linux-gnu.tar.gz’
* DONE (daMA)

The downloaded source packages are in
	‘/tmp/RtmpHSYUSt/downloaded_packages’
Old packages: 'httr2', 'pak', 'pkgdown', 'urlchecker', 'xfun', 'zip', 'MASS',
  'nlme', 'survival'

real	0m8.530s
user	0m4.788s
sys	0m1.994s
