+ Rscript -e 'Sys.setenv(BIOCONDUCTOR_USE_CONTAINER_REPOSITORY=FALSE);
  p <- .libPaths();
  p <- c('\''/tmp/library'\'', '\''/mnt/library'\'', p);
  .libPaths(p);
  if(BiocManager::install('\''Summix'\'', INSTALL_opts = '\''--build'\'', update = TRUE, quiet = FALSE, dependencies=TRUE, force = TRUE, keep_outputs = TRUE) %in% rownames(installed.packages())) q(status = 0) else q(status = 1)'
'getOption("repos")' replaces Bioconductor standard repositories, see
'help("repositories", package = "BiocManager")' for details.
Replacement repositories:
    CRAN: https://p3m.dev/cran/__linux__/noble/latest
Bioconductor version 3.24 (BiocManager 1.30.27), R 4.6.1 (2026-06-24)
Installing package(s) 'Summix'
also installing the dependencies ‘bdsmatrix’, ‘bbmle’, ‘emdbook’, ‘BEDASSLE’, ‘randomcoloR’

trying URL 'https://p3m.dev/cran/__linux__/noble/latest/src/contrib/bdsmatrix_1.3-7.tar.gz'
trying URL 'https://p3m.dev/cran/__linux__/noble/latest/src/contrib/bbmle_1.0.25.1.tar.gz'
trying URL 'https://p3m.dev/cran/__linux__/noble/latest/src/contrib/emdbook_1.3.14.tar.gz'
trying URL 'https://p3m.dev/cran/__linux__/noble/latest/src/contrib/BEDASSLE_1.6.1.tar.gz'
trying URL 'https://p3m.dev/cran/__linux__/noble/latest/src/contrib/randomcoloR_1.1.0.1.tar.gz'
trying URL 'https://bioconductor.org/packages/3.24/bioc/src/contrib/Summix_2.19.0.tar.gz'
* installing *binary* package ‘bdsmatrix’ ...
* package ‘bdsmatrix’ successfully unpacked and SHA256 sums checked
* ‘bdsmatrix’ was already a binary package and will not be rebuilt
* SHA256 sums
* creating tarball
packaged installation of ‘bdsmatrix’ as ‘bdsmatrix_1.3-7_R_x86_64-pc-linux-gnu.tar.gz’
* DONE (bdsmatrix)
* installing *binary* package ‘randomcoloR’ ...
* package ‘randomcoloR’ successfully unpacked and SHA256 sums checked
* ‘randomcoloR’ was already a binary package and will not be rebuilt
* SHA256 sums
* creating tarball
packaged installation of ‘randomcoloR’ as ‘randomcoloR_1.1.0.1_R_x86_64-pc-linux-gnu.tar.gz’
* DONE (randomcoloR)
* installing *binary* package ‘bbmle’ ...
* package ‘bbmle’ successfully unpacked and SHA256 sums checked
* ‘bbmle’ was already a binary package and will not be rebuilt
* SHA256 sums
* creating tarball
packaged installation of ‘bbmle’ as ‘bbmle_1.0.25.1_R_x86_64-pc-linux-gnu.tar.gz’
* DONE (bbmle)
* installing *binary* package ‘emdbook’ ...
* package ‘emdbook’ successfully unpacked and SHA256 sums checked
* ‘emdbook’ was already a binary package and will not be rebuilt
* SHA256 sums
* creating tarball
packaged installation of ‘emdbook’ as ‘emdbook_1.3.14_R_x86_64-pc-linux-gnu.tar.gz’
* DONE (emdbook)
* installing *binary* package ‘BEDASSLE’ ...
* package ‘BEDASSLE’ successfully unpacked and SHA256 sums checked
* ‘BEDASSLE’ was already a binary package and will not be rebuilt
* SHA256 sums
* creating tarball
packaged installation of ‘BEDASSLE’ as ‘BEDASSLE_1.6.1_R_x86_64-pc-linux-gnu.tar.gz’
* DONE (BEDASSLE)
* installing *source* package ‘Summix’ ...
** this is package ‘Summix’ version ‘2.19.0’
** package ‘Summix’ successfully unpacked and MD5 sums checked
** using staged installation
** R
** data
*** moving datasets to lazyload DB
** inst
** byte-compile and prepare package for lazy loading
** help
*** installing help indices
*** copying figures
** building package indices
** installing vignettes
** testing if installed package can be loaded from temporary location
** testing if installed package can be loaded from final location
** testing if installed package keeps a record of temporary installation path
* SHA256 sums
* creating tarball
packaged installation of ‘Summix’ as ‘Summix_2.19.0_R_x86_64-pc-linux-gnu.tar.gz’
* DONE (Summix)

The downloaded source packages are in
	‘/tmp/RtmpHW7E89/downloaded_packages’
Old packages: 'diffobj'

real	0m24.983s
user	0m11.161s
sys	0m3.999s
