+ Rscript -e 'Sys.setenv(BIOCONDUCTOR_USE_CONTAINER_REPOSITORY=FALSE);
  p <- .libPaths();
  p <- c('\''/tmp/library'\'', '\''/mnt/library'\'', p);
  .libPaths(p);
  if(BiocManager::install('\''HiCExperiment'\'', INSTALL_opts = '\''--build'\'', update = TRUE, quiet = FALSE, dependencies=TRUE, force = TRUE, keep_outputs = TRUE) %in% rownames(installed.packages())) q(status = 0) else q(status = 1)'
'getOption("repos")' replaces Bioconductor standard repositories, see
'help("repositories", package = "BiocManager")' for details.
Replacement repositories:
    CRAN: https://p3m.dev/cran/__linux__/noble/latest
Bioconductor version 3.23 (BiocManager 1.30.27), R 4.6.1 (2026-06-24)
Installing package(s) 'HiCExperiment'
also installing the dependencies ‘HiContacts’, ‘HiContactsData’

trying URL 'https://bioconductor.org/packages/3.23/bioc/src/contrib/HiContacts_1.14.0.tar.gz'
trying URL 'https://bioconductor.org/packages/3.23/data/experiment/src/contrib/HiContactsData_1.14.0.tar.gz'
trying URL 'https://bioconductor.org/packages/3.23/bioc/src/contrib/HiCExperiment_1.12.0.tar.gz'
* installing *source* package ‘HiContactsData’ ...
** this is package ‘HiContactsData’ version ‘1.14.0’
** using staged installation
** R
** inst
** byte-compile and prepare package for lazy loading
** help
*** installing help indices
** building package indices
** installing vignettes
** testing if installed package can be loaded from temporary location
** testing if installed package can be loaded from final location
** testing if installed package keeps a record of temporary installation path
* SHA256 sums
* creating tarball
packaged installation of ‘HiContactsData’ as ‘HiContactsData_1.14.0_R_x86_64-pc-linux-gnu.tar.gz’
* DONE (HiContactsData)
* installing *source* package ‘HiCExperiment’ ...
** this is package ‘HiCExperiment’ version ‘1.12.0’
** using staged installation
** R
** data
** inst
** byte-compile and prepare package for lazy loading
** help
*** installing help indices
*** copying figures
** building package indices
** installing vignettes
** testing if installed package can be loaded from temporary location
** testing if installed package can be loaded from final location
** testing if installed package keeps a record of temporary installation path
* SHA256 sums
* creating tarball
packaged installation of ‘HiCExperiment’ as ‘HiCExperiment_1.12.0_R_x86_64-pc-linux-gnu.tar.gz’
* DONE (HiCExperiment)
* installing *source* package ‘HiContacts’ ...
** this is package ‘HiContacts’ version ‘1.14.0’
** using staged installation
** R
** inst
** byte-compile and prepare package for lazy loading
** help
*** installing help indices
** building package indices
** installing vignettes
** testing if installed package can be loaded from temporary location
** testing if installed package can be loaded from final location
** testing if installed package keeps a record of temporary installation path
* SHA256 sums
* creating tarball
packaged installation of ‘HiContacts’ as ‘HiContacts_1.14.0_R_x86_64-pc-linux-gnu.tar.gz’
* DONE (HiContacts)

The downloaded source packages are in
	‘/tmp/Rtmpnh3xcM/downloaded_packages’
Old packages: 'httr2', 'pak', 'pkgdown', 'urlchecker', 'xfun', 'zip', 'MASS',
  'nlme', 'survival'

real	1m20.228s
user	1m6.383s
sys	0m9.173s
