+ Rscript -e 'Sys.setenv(BIOCONDUCTOR_USE_CONTAINER_REPOSITORY=FALSE);
  p <- .libPaths();
  p <- c('\''/tmp/library'\'', '\''/mnt/library'\'', p);
  .libPaths(p);
  if(BiocManager::install('\''cytofQC'\'', INSTALL_opts = '\''--build'\'', update = TRUE, quiet = FALSE, dependencies=TRUE, force = TRUE, keep_outputs = TRUE) %in% rownames(installed.packages())) q(status = 0) else q(status = 1)'
'getOption("repos")' replaces Bioconductor standard repositories, see
'help("repositories", package = "BiocManager")' for details.
Replacement repositories:
    CRAN: https://p3m.dev/cran/__linux__/noble/latest
Bioconductor version 3.24 (BiocManager 1.30.27), R 4.6.1 (2026-06-24)
Installing package(s) 'cytofQC'
also installing the dependencies ‘EZtune’, ‘ssc’

trying URL 'https://p3m.dev/cran/__linux__/noble/latest/src/contrib/EZtune_3.1.1.tar.gz'
trying URL 'https://p3m.dev/cran/__linux__/noble/latest/src/contrib/ssc_2.1-0.tar.gz'
trying URL 'https://bioconductor.org/packages/3.24/bioc/src/contrib/cytofQC_2.1.0.tar.gz'
* installing *binary* package ‘EZtune’ ...
* package ‘EZtune’ successfully unpacked and SHA256 sums checked
* ‘EZtune’ was already a binary package and will not be rebuilt
* SHA256 sums
* creating tarball
packaged installation of ‘EZtune’ as ‘EZtune_3.1.1_R_x86_64-pc-linux-gnu.tar.gz’
* DONE (EZtune)
* installing *binary* package ‘ssc’ ...
* package ‘ssc’ successfully unpacked and SHA256 sums checked
* ‘ssc’ was already a binary package and will not be rebuilt
* SHA256 sums
* creating tarball
packaged installation of ‘ssc’ as ‘ssc_2.1-0_R_x86_64-pc-linux-gnu.tar.gz’
* DONE (ssc)
* installing *source* package ‘cytofQC’ ...
** this is package ‘cytofQC’ version ‘2.1.0’
** package ‘cytofQC’ successfully unpacked and MD5 sums checked
** using staged installation
** R
** inst
** byte-compile and prepare package for lazy loading
** help
*** installing help indices
** building package indices
** installing vignettes
** testing if installed package can be loaded from temporary location
** testing if installed package can be loaded from final location
** testing if installed package keeps a record of temporary installation path
* SHA256 sums
* creating tarball
packaged installation of ‘cytofQC’ as ‘cytofQC_2.1.0_R_x86_64-pc-linux-gnu.tar.gz’
* DONE (cytofQC)

The downloaded source packages are in
	‘/tmp/RtmpTtgVba/downloaded_packages’
Old packages: 'diffobj'

real	0m51.359s
user	0m37.858s
sys	0m6.530s
