+ Rscript -e 'Sys.setenv(BIOCONDUCTOR_USE_CONTAINER_REPOSITORY=FALSE);
  p <- .libPaths();
  p <- c('\''/tmp/library'\'', '\''/mnt/library'\'', p);
  .libPaths(p);
  if(BiocManager::install('\''Structstrings'\'', INSTALL_opts = '\''--build'\'', update = TRUE, quiet = FALSE, dependencies=TRUE, force = TRUE, keep_outputs = TRUE) %in% rownames(installed.packages())) q(status = 0) else q(status = 1)'
'getOption("repos")' replaces Bioconductor standard repositories, see
'help("repositories", package = "BiocManager")' for details.
Replacement repositories:
    CRAN: https://p3m.dev/cran/__linux__/noble/latest
Bioconductor version 3.24 (BiocManager 1.30.27), R 4.6.1 (2026-06-24)
Installing package(s) 'Structstrings'
also installing the dependencies ‘Modstrings’, ‘tRNA’, ‘tRNAscanImport’

trying URL 'https://bioconductor.org/packages/3.24/bioc/src/contrib/Modstrings_1.29.0.tar.gz'
trying URL 'https://bioconductor.org/packages/3.24/bioc/src/contrib/tRNA_1.31.0.tar.gz'
trying URL 'https://bioconductor.org/packages/3.24/bioc/src/contrib/tRNAscanImport_1.33.0.tar.gz'
trying URL 'https://bioconductor.org/packages/3.24/bioc/src/contrib/Structstrings_1.29.0.tar.gz'
* installing *source* package ‘Modstrings’ ...
** this is package ‘Modstrings’ version ‘1.29.0’
** package ‘Modstrings’ successfully unpacked and MD5 sums checked
** using staged installation
** R
** data
** inst
** byte-compile and prepare package for lazy loading
** help
*** installing help indices
** building package indices
** installing vignettes
** testing if installed package can be loaded from temporary location
** testing if installed package can be loaded from final location
** testing if installed package keeps a record of temporary installation path
* SHA256 sums
* creating tarball
packaged installation of ‘Modstrings’ as ‘Modstrings_1.29.0_R_x86_64-pc-linux-gnu.tar.gz’
* DONE (Modstrings)
* installing *source* package ‘Structstrings’ ...
** this is package ‘Structstrings’ version ‘1.29.0’
** package ‘Structstrings’ successfully unpacked and MD5 sums checked
** using staged installation
** libs
using C compiler: ‘gcc (Ubuntu 13.3.0-6ubuntu2~24.04.1) 13.3.0’
gcc -std=gnu2x -I"/usr/local/lib/R/include" -DNDEBUG  -I'/mnt/library/IRanges/include' -I'/mnt/library/S4Vectors/include' -I/usr/local/include    -fpic  -g -O2 -fstack-protector-strong -Wformat -Werror=format-security -Wdate-time -D_FORTIFY_SOURCE=2 -g  -c DotBracketDataFrame_class.c -o DotBracketDataFrame_class.o
gcc -std=gnu2x -I"/usr/local/lib/R/include" -DNDEBUG  -I'/mnt/library/IRanges/include' -I'/mnt/library/S4Vectors/include' -I/usr/local/include    -fpic  -g -O2 -fstack-protector-strong -Wformat -Werror=format-security -Wdate-time -D_FORTIFY_SOURCE=2 -g  -c IRanges_stubs.c -o IRanges_stubs.o
gcc -std=gnu2x -I"/usr/local/lib/R/include" -DNDEBUG  -I'/mnt/library/IRanges/include' -I'/mnt/library/S4Vectors/include' -I/usr/local/include    -fpic  -g -O2 -fstack-protector-strong -Wformat -Werror=format-security -Wdate-time -D_FORTIFY_SOURCE=2 -g  -c R_init_Structstrings.c -o R_init_Structstrings.o
gcc -std=gnu2x -I"/usr/local/lib/R/include" -DNDEBUG  -I'/mnt/library/IRanges/include' -I'/mnt/library/S4Vectors/include' -I/usr/local/include    -fpic  -g -O2 -fstack-protector-strong -Wformat -Werror=format-security -Wdate-time -D_FORTIFY_SOURCE=2 -g  -c S4Vectors_stubs.c -o S4Vectors_stubs.o
gcc -std=gnu2x -I"/usr/local/lib/R/include" -DNDEBUG  -I'/mnt/library/IRanges/include' -I'/mnt/library/S4Vectors/include' -I/usr/local/include    -fpic  -g -O2 -fstack-protector-strong -Wformat -Werror=format-security -Wdate-time -D_FORTIFY_SOURCE=2 -g  -c utils.c -o utils.o
gcc -std=gnu2x -shared -L/usr/local/lib/R/lib -L/usr/local/lib -o Structstrings.so DotBracketDataFrame_class.o IRanges_stubs.o R_init_Structstrings.o S4Vectors_stubs.o utils.o -L/usr/local/lib/R/lib -lR
installing to /tmp/library/00LOCK-Structstrings/00new/Structstrings/libs
** R
** data
** inst
** byte-compile and prepare package for lazy loading
** help
*** installing help indices
** building package indices
** installing vignettes
** testing if installed package can be loaded from temporary location
** checking absolute paths in shared objects and dynamic libraries
** testing if installed package can be loaded from final location
** testing if installed package keeps a record of temporary installation path
* SHA256 sums
* creating tarball
packaged installation of ‘Structstrings’ as ‘Structstrings_1.29.0_R_x86_64-pc-linux-gnu.tar.gz’
* DONE (Structstrings)
* installing *source* package ‘tRNA’ ...
** this is package ‘tRNA’ version ‘1.31.0’
** package ‘tRNA’ successfully unpacked and MD5 sums checked
** using staged installation
** R
** data
*** moving datasets to lazyload DB
** inst
** byte-compile and prepare package for lazy loading
** help
*** installing help indices
** building package indices
** installing vignettes
** testing if installed package can be loaded from temporary location
** testing if installed package can be loaded from final location
** testing if installed package keeps a record of temporary installation path
* SHA256 sums
* creating tarball
packaged installation of ‘tRNA’ as ‘tRNA_1.31.0_R_x86_64-pc-linux-gnu.tar.gz’
* DONE (tRNA)
* installing *source* package ‘tRNAscanImport’ ...
** this is package ‘tRNAscanImport’ version ‘1.33.0’
** package ‘tRNAscanImport’ successfully unpacked and MD5 sums checked
** using staged installation
** R
** inst
** byte-compile and prepare package for lazy loading
** help
*** installing help indices
** building package indices
** installing vignettes
** testing if installed package can be loaded from temporary location
** testing if installed package can be loaded from final location
** testing if installed package keeps a record of temporary installation path
* SHA256 sums
* creating tarball
packaged installation of ‘tRNAscanImport’ as ‘tRNAscanImport_1.33.0_R_x86_64-pc-linux-gnu.tar.gz’
* DONE (tRNAscanImport)

The downloaded source packages are in
	‘/tmp/RtmpefaJcZ/downloaded_packages’
Old packages: 'diffobj'

real	1m35.356s
user	1m16.671s
sys	0m10.499s
