+ Rscript -e 'Sys.setenv(BIOCONDUCTOR_USE_CONTAINER_REPOSITORY=FALSE);
  p <- .libPaths();
  p <- c('\''/tmp/library'\'', '\''/mnt/library'\'', p);
  .libPaths(p);
  if(BiocManager::install('\''schex'\'', INSTALL_opts = '\''--build'\'', update = TRUE, quiet = FALSE, dependencies=TRUE, force = TRUE, keep_outputs = TRUE) %in% rownames(installed.packages())) q(status = 0) else q(status = 1)'
'getOption("repos")' replaces Bioconductor standard repositories, see
'help("repositories", package = "BiocManager")' for details.
Replacement repositories:
    CRAN: https://p3m.dev/cran/__linux__/noble/latest
Bioconductor version 3.23 (BiocManager 1.30.27), R 4.6.1 (2026-06-24)
Installing package(s) 'schex'
also installing the dependencies ‘concaveman’, ‘iSEE’

trying URL 'https://p3m.dev/cran/__linux__/noble/latest/src/contrib/concaveman_1.2.0.tar.gz'
trying URL 'https://bioconductor.org/packages/3.23/bioc/src/contrib/iSEE_2.24.0.tar.gz'
trying URL 'https://bioconductor.org/packages/3.23/bioc/src/contrib/schex_1.26.0.tar.gz'
* installing *binary* package ‘concaveman’ ...
* package ‘concaveman’ successfully unpacked and SHA256 sums checked
* ‘concaveman’ was already a binary package and will not be rebuilt
* SHA256 sums
* creating tarball
packaged installation of ‘concaveman’ as ‘concaveman_1.2.0_R_x86_64-pc-linux-gnu.tar.gz’
* DONE (concaveman)
* installing *source* package ‘iSEE’ ...
** this is package ‘iSEE’ version ‘2.24.0’
** using staged installation
** R
** inst
** byte-compile and prepare package for lazy loading
** help
*** installing help indices
** building package indices
** installing vignettes
** testing if installed package can be loaded from temporary location
** testing if installed package can be loaded from final location
** testing if installed package keeps a record of temporary installation path
* SHA256 sums
* creating tarball
packaged installation of ‘iSEE’ as ‘iSEE_2.24.0_R_x86_64-pc-linux-gnu.tar.gz’
* DONE (iSEE)
* installing *source* package ‘schex’ ...
** this is package ‘schex’ version ‘1.26.0’
** using staged installation
** R
** inst
** byte-compile and prepare package for lazy loading
** help
*** installing help indices
*** copying figures
** building package indices
** installing vignettes
** testing if installed package can be loaded from temporary location
** testing if installed package can be loaded from final location
** testing if installed package keeps a record of temporary installation path
* SHA256 sums
* creating tarball
packaged installation of ‘schex’ as ‘schex_1.26.0_R_x86_64-pc-linux-gnu.tar.gz’
* DONE (schex)

The downloaded source packages are in
	‘/tmp/RtmpB6GuPX/downloaded_packages’
Old packages: 'httr2', 'pak', 'pkgdown', 'urlchecker', 'xfun', 'zip', 'MASS',
  'nlme', 'survival'

real	1m17.243s
user	1m6.470s
sys	0m7.540s
