+ Rscript -e 'Sys.setenv(BIOCONDUCTOR_USE_CONTAINER_REPOSITORY=FALSE);
  p <- .libPaths();
  p <- c('\''/tmp/library'\'', '\''/mnt/library'\'', p);
  .libPaths(p);
  if(BiocManager::install('\''Linnorm'\'', INSTALL_opts = '\''--build'\'', update = TRUE, quiet = FALSE, dependencies=TRUE, force = TRUE, keep_outputs = TRUE) %in% rownames(installed.packages())) q(status = 0) else q(status = 1)'
'getOption("repos")' replaces Bioconductor standard repositories, see
'help("repositories", package = "BiocManager")' for details.
Replacement repositories:
    CRAN: https://p3m.dev/cran/__linux__/noble/latest
Bioconductor version 3.23 (BiocManager 1.30.27), R 4.6.1 (2026-06-24)
Installing package(s) 'Linnorm'
trying URL 'https://bioconductor.org/packages/3.23/bioc/src/contrib/Linnorm_2.36.0.tar.gz'
Content type 'application/x-gzip' length 4308554 bytes (4.1 MB)
==================================================
downloaded 4.1 MB

* installing *source* package ‘Linnorm’ ...
** this is package ‘Linnorm’ version ‘2.36.0’
** using staged installation
** libs
using C++ compiler: ‘g++ (Ubuntu 13.3.0-6ubuntu2~24.04.1) 13.3.0’
g++ -std=gnu++20 -I"/usr/local/lib/R/include" -DNDEBUG  -I'/usr/local/lib/R/site-library/Rcpp/include' -I'/mnt/library/RcppArmadillo/include' -I/usr/local/include    -fpic  -g -O2 -fstack-protector-strong -Wformat -Werror=format-security -Wdate-time -D_FORTIFY_SOURCE=2 -g   -c Misc.cpp -o Misc.o
In file included from /usr/local/lib/R/site-library/Rcpp/include/RcppCommon.h:29,
                 from /mnt/library/RcppArmadillo/include/RcppArmadillo/interface/RcppArmadilloForward.h:26,
                 from /mnt/library/RcppArmadillo/include/RcppArmadillo.h:29,
                 from Misc.cpp:18:
/usr/local/lib/R/site-library/Rcpp/include/Rcpp/r/check_r_headers.h:27:21: note: ‘#pragma message: R.h has been included before any Rcpp headers. This can lead to hard-to-debug errors, and is not necessary. See https://github.com/RcppCore/Rcpp/issues/1410’
   27 |     #pragma message "R.h has been included before any Rcpp headers. This can lead to hard-to-debug errors, and is not necessary. See https://github.com/RcppCore/Rcpp/issues/1410"
      |                     ^~~~~~~~~~~~~~~~~~~~~~~~~~~~~~~~~~~~~~~~~~~~~~~~~~~~~~~~~~~~~~~~~~~~~~~~~~~~~~~~~~~~~~~~~~~~~~~~~~~~~~~~~~~~~~~~~~~~~~~~~~~~~~~~~~~~~~~~~~~~~~~~~~~~~~~~~~~~~~
g++ -std=gnu++20 -shared -L/usr/local/lib/R/lib -L/usr/local/lib -o Linnorm.so Misc.o -std=c++11 -llapack -lblas -lgfortran -lm -lquadmath -DARMA_64BIT_WORD=1 -L/usr/local/lib/R/lib -lR
installing to /tmp/library/00LOCK-Linnorm/00new/Linnorm/libs
** R
** data
** inst
** byte-compile and prepare package for lazy loading
** help
*** installing help indices
** building package indices
** installing vignettes
** testing if installed package can be loaded from temporary location
** checking absolute paths in shared objects and dynamic libraries
** testing if installed package can be loaded from final location
** testing if installed package keeps a record of temporary installation path
* SHA256 sums
* creating tarball
packaged installation of ‘Linnorm’ as ‘Linnorm_2.36.0_R_x86_64-pc-linux-gnu.tar.gz’
* DONE (Linnorm)

The downloaded source packages are in
	‘/tmp/Rtmpp0PXKe/downloaded_packages’
Old packages: 'diffobj', 'httr2', 'pak', 'pkgdown', 'urlchecker', 'xfun',
  'zip', 'MASS', 'nlme', 'survival'

real	0m37.575s
user	0m23.950s
sys	0m4.481s
