+ Rscript -e 'Sys.setenv(BIOCONDUCTOR_USE_CONTAINER_REPOSITORY=FALSE);
  p <- .libPaths();
  p <- c('\''/tmp/library'\'', '\''/mnt/library'\'', p);
  .libPaths(p);
  if(BiocManager::install('\''NTW'\'', INSTALL_opts = '\''--build'\'', update = TRUE, quiet = FALSE, dependencies=TRUE, force = TRUE, keep_outputs = TRUE) %in% rownames(installed.packages())) q(status = 0) else q(status = 1)'
'getOption("repos")' replaces Bioconductor standard repositories, see
'help("repositories", package = "BiocManager")' for details.
Replacement repositories:
    CRAN: https://p3m.dev/cran/__linux__/noble/latest
Bioconductor version 3.23 (BiocManager 1.30.27), R 4.6.1 (2026-06-24)
Installing package(s) 'NTW'
trying URL 'https://bioconductor.org/packages/3.23/bioc/src/contrib/NTW_1.62.0.tar.gz'
Content type 'application/x-gzip' length 892963 bytes (872 KB)
==================================================
downloaded 872 KB

* installing *source* package ‘NTW’ ...
** this is package ‘NTW’ version ‘1.62.0’
** using staged installation
** R
** data
** inst
** byte-compile and prepare package for lazy loading
Note: break used in wrong context: no loop is visible 
** help
*** installing help indices
** building package indices
** installing vignettes
** testing if installed package can be loaded from temporary location
** testing if installed package can be loaded from final location
** testing if installed package keeps a record of temporary installation path
* SHA256 sums
* creating tarball
packaged installation of ‘NTW’ as ‘NTW_1.62.0_R_x86_64-pc-linux-gnu.tar.gz’
* DONE (NTW)

The downloaded source packages are in
	‘/tmp/Rtmpc35WGL/downloaded_packages’
Old packages: 'httr2', 'pak', 'pkgdown', 'urlchecker', 'xfun', 'zip', 'MASS',
  'nlme', 'survival'

real	0m16.531s
user	0m4.927s
sys	0m2.186s
