+ Rscript -e 'Sys.setenv(BIOCONDUCTOR_USE_CONTAINER_REPOSITORY=FALSE);
  p <- .libPaths();
  p <- c('\''/tmp/library'\'', '\''/mnt/library'\'', p);
  .libPaths(p);
  if(BiocManager::install('\''VegaMC'\'', INSTALL_opts = '\''--build'\'', update = TRUE, quiet = FALSE, dependencies=TRUE, force = TRUE, keep_outputs = TRUE) %in% rownames(installed.packages())) q(status = 0) else q(status = 1)'
'getOption("repos")' replaces Bioconductor standard repositories, see
'help("repositories", package = "BiocManager")' for details.
Replacement repositories:
    CRAN: https://p3m.dev/cran/__linux__/noble/latest
Bioconductor version 3.23 (BiocManager 1.30.27), R 4.6.1 (2026-06-24)
Installing package(s) 'VegaMC'
trying URL 'https://bioconductor.org/packages/3.23/bioc/src/contrib/VegaMC_3.50.0.tar.gz'
Content type 'application/x-gzip' length 1862774 bytes (1.8 MB)
==================================================
downloaded 1.8 MB

* installing *source* package ‘VegaMC’ ...
** this is package ‘VegaMC’ version ‘3.50.0’
** using staged installation
** libs
using C compiler: ‘gcc (Ubuntu 13.3.0-6ubuntu2~24.04.1) 13.3.0’
gcc -std=gnu2x -I"/usr/local/lib/R/include" -DNDEBUG   -I/usr/local/include    -fpic  -g -O2 -fstack-protector-strong -Wformat -Werror=format-security -Wdate-time -D_FORTIFY_SOURCE=2 -g  -c run_vegaMC.c -o run_vegaMC.o
run_vegaMC.c: In function ‘run_vegaMC’:
run_vegaMC.c:144:13: warning: too many arguments for format [-Wformat-extra-args]
  144 |     Rprintf("\tAberration Matrices Successfully Computed\n", num_seg_regions);
      |             ^~~~~~~~~~~~~~~~~~~~~~~~~~~~~~~~~~~~~~~~~~~~~~~
run_vegaMC.c:149:13: warning: too many arguments for format [-Wformat-extra-args]
  149 |     Rprintf("\tStatistical Analysis Successfully Completed\n",
      |             ^~~~~~~~~~~~~~~~~~~~~~~~~~~~~~~~~~~~~~~~~~~~~~~~~
gcc -std=gnu2x -I"/usr/local/lib/R/include" -DNDEBUG   -I/usr/local/include    -fpic  -g -O2 -fstack-protector-strong -Wformat -Werror=format-security -Wdate-time -D_FORTIFY_SOURCE=2 -g  -c sort_data.c -o sort_data.o
gcc -std=gnu2x -I"/usr/local/lib/R/include" -DNDEBUG   -I/usr/local/include    -fpic  -g -O2 -fstack-protector-strong -Wformat -Werror=format-security -Wdate-time -D_FORTIFY_SOURCE=2 -g  -c vegaMC.c -o vegaMC.o
gcc -std=gnu2x -shared -L/usr/local/lib/R/lib -L/usr/local/lib -o VegaMC.so run_vegaMC.o sort_data.o vegaMC.o -L/usr/local/lib/R/lib -lR
installing to /tmp/library/00LOCK-VegaMC/00new/VegaMC/libs
** R
** inst
** byte-compile and prepare package for lazy loading
Note: possible error in 'useMart(mart_database, ': unused argument (archive = TRUE) 
** help
*** installing help indices
** building package indices
** installing vignettes
** testing if installed package can be loaded from temporary location
** checking absolute paths in shared objects and dynamic libraries
** testing if installed package can be loaded from final location
** testing if installed package keeps a record of temporary installation path
* SHA256 sums
* creating tarball
packaged installation of ‘VegaMC’ as ‘VegaMC_3.50.0_R_x86_64-pc-linux-gnu.tar.gz’
* DONE (VegaMC)

The downloaded source packages are in
	‘/tmp/RtmpV13ghm/downloaded_packages’
Old packages: 'httr2', 'pak', 'pkgdown', 'urlchecker', 'xfun', 'zip', 'MASS',
  'nlme', 'survival'

real	0m27.793s
user	0m20.127s
sys	0m3.735s
