+ Rscript -e 'Sys.setenv(BIOCONDUCTOR_USE_CONTAINER_REPOSITORY=FALSE);
  p <- .libPaths();
  p <- c('\''/tmp/library'\'', '\''/mnt/library'\'', p);
  .libPaths(p);
  if(BiocManager::install('\''plaid'\'', INSTALL_opts = '\''--build'\'', update = TRUE, quiet = FALSE, dependencies=TRUE, force = TRUE, keep_outputs = TRUE) %in% rownames(installed.packages())) q(status = 0) else q(status = 1)'
'getOption("repos")' replaces Bioconductor standard repositories, see
'help("repositories", package = "BiocManager")' for details.
Replacement repositories:
    CRAN: https://p3m.dev/cran/__linux__/noble/latest
Bioconductor version 3.23 (BiocManager 1.30.27), R 4.6.1 (2026-06-24)
Installing package(s) 'plaid'
also installing the dependencies ‘sparsesvd’, ‘qlcMatrix’

trying URL 'https://p3m.dev/cran/__linux__/noble/latest/src/contrib/sparsesvd_0.2-3.tar.gz'
trying URL 'https://p3m.dev/cran/__linux__/noble/latest/src/contrib/qlcMatrix_0.9.9.tar.gz'
trying URL 'https://bioconductor.org/packages/3.23/bioc/src/contrib/plaid_1.0.0.tar.gz'
* installing *binary* package ‘sparsesvd’ ...
* package ‘sparsesvd’ successfully unpacked and SHA256 sums checked
* ‘sparsesvd’ was already a binary package and will not be rebuilt
* SHA256 sums
* creating tarball
packaged installation of ‘sparsesvd’ as ‘sparsesvd_0.2-3_R_x86_64-pc-linux-gnu.tar.gz’
* DONE (sparsesvd)
* installing *binary* package ‘qlcMatrix’ ...
* package ‘qlcMatrix’ successfully unpacked and SHA256 sums checked
* ‘qlcMatrix’ was already a binary package and will not be rebuilt
* SHA256 sums
* creating tarball
packaged installation of ‘qlcMatrix’ as ‘qlcMatrix_0.9.9_R_x86_64-pc-linux-gnu.tar.gz’
* DONE (qlcMatrix)
* installing *source* package ‘plaid’ ...
** this is package ‘plaid’ version ‘1.0.0’
** using staged installation
** R
** inst
** byte-compile and prepare package for lazy loading
** help
*** installing help indices
*** copying figures
** building package indices
** installing vignettes
** testing if installed package can be loaded from temporary location
** testing if installed package can be loaded from final location
** testing if installed package keeps a record of temporary installation path
* SHA256 sums
* creating tarball
packaged installation of ‘plaid’ as ‘plaid_1.0.0_R_x86_64-pc-linux-gnu.tar.gz’
* DONE (plaid)

The downloaded source packages are in
	‘/tmp/RtmpNITwvZ/downloaded_packages’
Old packages: 'httr2', 'pak', 'pkgdown', 'urlchecker', 'xfun', 'zip', 'MASS',
  'nlme', 'survival'

real	0m50.154s
user	0m30.512s
sys	0m5.206s
