+ Rscript -e 'Sys.setenv(BIOCONDUCTOR_USE_CONTAINER_REPOSITORY=FALSE);
  p <- .libPaths();
  p <- c('\''/tmp/library'\'', '\''/mnt/library'\'', p);
  .libPaths(p);
  if(BiocManager::install('\''rqubic'\'', INSTALL_opts = '\''--build'\'', update = TRUE, quiet = FALSE, dependencies=TRUE, force = TRUE, keep_outputs = TRUE) %in% rownames(installed.packages())) q(status = 0) else q(status = 1)'
'getOption("repos")' replaces Bioconductor standard repositories, see
'help("repositories", package = "BiocManager")' for details.
Replacement repositories:
    CRAN: https://p3m.dev/cran/__linux__/noble/latest
Bioconductor version 3.23 (BiocManager 1.30.27), R 4.6.1 (2026-06-24)
Installing package(s) 'rqubic'
Warning: dependency ‘biclust’ is not available
trying URL 'https://bioconductor.org/packages/3.23/bioc/src/contrib/rqubic_1.57.0.tar.gz'
Content type 'application/x-gzip' length 194523 bytes (189 KB)
==================================================
downloaded 189 KB

ERROR: dependency ‘biclust’ is not available for package ‘rqubic’
Perhaps try a variation of:
install.packages('biclust')
* removing ‘/tmp/library/rqubic’

The downloaded source packages are in
	‘/tmp/RtmpJtPf7y/downloaded_packages’
Old packages: 'httr2', 'pak', 'pkgdown', 'urlchecker', 'xfun', 'zip', 'MASS',
  'nlme', 'survival'
Warning message:
In install.packages(...) :
  installation of package ‘rqubic’ had non-zero exit status

real	0m8.437s
user	0m4.427s
sys	0m1.044s
