+ Rscript -e 'Sys.setenv(BIOCONDUCTOR_USE_CONTAINER_REPOSITORY=FALSE);
  p <- .libPaths();
  p <- c('\''/tmp/library'\'', '\''/mnt/library'\'', p);
  .libPaths(p);
  if(BiocManager::install('\''metapone'\'', INSTALL_opts = '\''--build'\'', update = TRUE, quiet = FALSE, dependencies=TRUE, force = TRUE, keep_outputs = TRUE) %in% rownames(installed.packages())) q(status = 0) else q(status = 1)'
'getOption("repos")' replaces Bioconductor standard repositories, see
'help("repositories", package = "BiocManager")' for details.
Replacement repositories:
    CRAN: https://p3m.dev/cran/__linux__/noble/latest
Bioconductor version 3.24 (BiocManager 1.30.27), R 4.6.1 (2026-06-24)
Installing package(s) 'metapone'
trying URL 'https://bioconductor.org/packages/3.24/bioc/src/contrib/metapone_1.19.0.tar.gz'
Content type 'application/x-gzip' length 3926857 bytes (3.7 MB)
==================================================
downloaded 3.7 MB

* installing *source* package ‘metapone’ ...
** this is package ‘metapone’ version ‘1.19.0’
** package ‘metapone’ successfully unpacked and MD5 sums checked
** using staged installation
** R
** data
** inst
** byte-compile and prepare package for lazy loading
Creating a new generic function for ‘ftable’ in package ‘metapone’
** help
*** installing help indices
** building package indices
** installing vignettes
** testing if installed package can be loaded from temporary location
** testing if installed package can be loaded from final location
** testing if installed package keeps a record of temporary installation path
* SHA256 sums
* creating tarball
packaged installation of ‘metapone’ as ‘metapone_1.19.0_R_x86_64-pc-linux-gnu.tar.gz’
* DONE (metapone)

The downloaded source packages are in
	‘/tmp/RtmptRbjH5/downloaded_packages’

real	0m20.128s
user	0m12.038s
sys	0m3.179s
