+ Rscript -e 'Sys.setenv(BIOCONDUCTOR_USE_CONTAINER_REPOSITORY=FALSE);
  p <- .libPaths();
  p <- c('\''/tmp/library'\'', '\''/mnt/library'\'', p);
  .libPaths(p);
  if(BiocManager::install('\''ROntoTools'\'', INSTALL_opts = '\''--build'\'', update = TRUE, quiet = FALSE, dependencies=TRUE, force = TRUE, keep_outputs = TRUE) %in% rownames(installed.packages())) q(status = 0) else q(status = 1)'
'getOption("repos")' replaces Bioconductor standard repositories, see
'help("repositories", package = "BiocManager")' for details.
Replacement repositories:
    CRAN: https://p3m.dev/cran/__linux__/noble/latest
Bioconductor version 3.24 (BiocManager 1.30.27), R 4.6.1 (2026-06-24)
Installing package(s) 'ROntoTools'
trying URL 'https://bioconductor.org/packages/3.24/bioc/src/contrib/ROntoTools_2.41.0.tar.gz'
Content type 'application/x-gzip' length 1560246 bytes (1.5 MB)
==================================================
downloaded 1.5 MB

* installing *source* package ‘ROntoTools’ ...
** this is package ‘ROntoTools’ version ‘2.41.0’
** package ‘ROntoTools’ successfully unpacked and MD5 sums checked
** using staged installation
** R
** inst
** byte-compile and prepare package for lazy loading
** help
*** installing help indices
** building package indices
** installing vignettes
** testing if installed package can be loaded from temporary location
** testing if installed package can be loaded from final location
** testing if installed package keeps a record of temporary installation path
* SHA256 sums
* creating tarball
packaged installation of ‘ROntoTools’ as ‘ROntoTools_2.41.0_R_x86_64-pc-linux-gnu.tar.gz’
* DONE (ROntoTools)

The downloaded source packages are in
	‘/tmp/RtmpttBpH9/downloaded_packages’

real	0m24.566s
user	0m14.265s
sys	0m3.432s
