+ Rscript -e 'Sys.setenv(BIOCONDUCTOR_USE_CONTAINER_REPOSITORY=FALSE);
  p <- .libPaths();
  p <- c('\''/tmp/library'\'', '\''/mnt/library'\'', p);
  .libPaths(p);
  if(BiocManager::install('\''HiLDA'\'', INSTALL_opts = '\''--build'\'', update = TRUE, quiet = FALSE, dependencies=TRUE, force = TRUE, keep_outputs = TRUE) %in% rownames(installed.packages())) q(status = 0) else q(status = 1)'
'getOption("repos")' replaces Bioconductor standard repositories, see
'help("repositories", package = "BiocManager")' for details.
Replacement repositories:
    CRAN: https://p3m.dev/cran/__linux__/noble/latest
Bioconductor version 3.23 (BiocManager 1.30.27), R 4.6.1 (2026-06-24)
Installing package(s) 'HiLDA'
also installing the dependencies ‘rjags’, ‘R2WinBUGS’, ‘R2jags’

trying URL 'https://p3m.dev/cran/__linux__/noble/latest/src/contrib/rjags_4-17.tar.gz'
trying URL 'https://p3m.dev/cran/__linux__/noble/latest/src/contrib/R2WinBUGS_2.1-24.tar.gz'
trying URL 'https://p3m.dev/cran/__linux__/noble/latest/src/contrib/R2jags_0.8-9.tar.gz'
trying URL 'https://bioconductor.org/packages/3.23/bioc/src/contrib/HiLDA_1.26.0.tar.gz'
* installing *binary* package ‘rjags’ ...
* package ‘rjags’ successfully unpacked and SHA256 sums checked
* ‘rjags’ was already a binary package and will not be rebuilt
* SHA256 sums
* creating tarball
packaged installation of ‘rjags’ as ‘rjags_4-17_R_x86_64-pc-linux-gnu.tar.gz’
* DONE (rjags)
* installing *binary* package ‘R2WinBUGS’ ...
* package ‘R2WinBUGS’ successfully unpacked and SHA256 sums checked
* ‘R2WinBUGS’ was already a binary package and will not be rebuilt
* SHA256 sums
* creating tarball
packaged installation of ‘R2WinBUGS’ as ‘R2WinBUGS_2.1-24_R_x86_64-pc-linux-gnu.tar.gz’
* DONE (R2WinBUGS)
* installing *binary* package ‘R2jags’ ...
* package ‘R2jags’ successfully unpacked and SHA256 sums checked
* ‘R2jags’ was already a binary package and will not be rebuilt
* SHA256 sums
* creating tarball
packaged installation of ‘R2jags’ as ‘R2jags_0.8-9_R_x86_64-pc-linux-gnu.tar.gz’
* DONE (R2jags)
* installing *source* package ‘HiLDA’ ...
** this is package ‘HiLDA’ version ‘1.26.0’
** using staged installation
** libs
using C++ compiler: ‘g++ (Ubuntu 13.3.0-6ubuntu2~24.04.1) 13.3.0’
g++ -std=gnu++20 -I"/usr/local/lib/R/include" -DNDEBUG  -I'/usr/local/lib/R/site-library/Rcpp/include' -I/usr/local/include    -fpic  -g -O2 -fstack-protector-strong -Wformat -Werror=format-security -Wdate-time -D_FORTIFY_SOURCE=2 -g   -c EMalgorithm.cpp -o EMalgorithm.o
g++ -std=gnu++20 -I"/usr/local/lib/R/include" -DNDEBUG  -I'/usr/local/lib/R/site-library/Rcpp/include' -I/usr/local/include    -fpic  -g -O2 -fstack-protector-strong -Wformat -Werror=format-security -Wdate-time -D_FORTIFY_SOURCE=2 -g   -c RcppExports.cpp -o RcppExports.o
g++ -std=gnu++20 -I"/usr/local/lib/R/include" -DNDEBUG  -I'/usr/local/lib/R/site-library/Rcpp/include' -I/usr/local/include    -fpic  -g -O2 -fstack-protector-strong -Wformat -Werror=format-security -Wdate-time -D_FORTIFY_SOURCE=2 -g   -c checkBoundary.cpp -o checkBoundary.o
g++ -std=gnu++20 -I"/usr/local/lib/R/include" -DNDEBUG  -I'/usr/local/lib/R/site-library/Rcpp/include' -I/usr/local/include    -fpic  -g -O2 -fstack-protector-strong -Wformat -Werror=format-security -Wdate-time -D_FORTIFY_SOURCE=2 -g   -c convertFromToVector.cpp -o convertFromToVector.o
g++ -std=gnu++20 -shared -L/usr/local/lib/R/lib -L/usr/local/lib -o HiLDA.so EMalgorithm.o RcppExports.o checkBoundary.o convertFromToVector.o -L/usr/local/lib/R/lib -lR
installing to /tmp/library/00LOCK-HiLDA/00new/HiLDA/libs
** R
** inst
** byte-compile and prepare package for lazy loading
** help
*** installing help indices
** building package indices
** installing vignettes
** testing if installed package can be loaded from temporary location
** checking absolute paths in shared objects and dynamic libraries
** testing if installed package can be loaded from final location
** testing if installed package keeps a record of temporary installation path
* SHA256 sums
* creating tarball
packaged installation of ‘HiLDA’ as ‘HiLDA_1.26.0_R_x86_64-pc-linux-gnu.tar.gz’
* DONE (HiLDA)

The downloaded source packages are in
	‘/tmp/RtmpdfkFvY/downloaded_packages’
Old packages: 'httr2', 'pak', 'pkgdown', 'urlchecker', 'xfun', 'zip', 'MASS',
  'nlme', 'survival'

real	0m38.763s
user	0m23.156s
sys	0m5.181s
