+ Rscript -e 'Sys.setenv(BIOCONDUCTOR_USE_CONTAINER_REPOSITORY=FALSE);
  p <- .libPaths();
  p <- c('\''/tmp/library'\'', '\''/mnt/library'\'', p);
  .libPaths(p);
  if(BiocManager::install('\''IntramiRExploreR'\'', INSTALL_opts = '\''--build'\'', update = TRUE, quiet = FALSE, dependencies=TRUE, force = TRUE, keep_outputs = TRUE) %in% rownames(installed.packages())) q(status = 0) else q(status = 1)'
'getOption("repos")' replaces Bioconductor standard repositories, see
'help("repositories", package = "BiocManager")' for details.
Replacement repositories:
    CRAN: https://p3m.dev/cran/__linux__/noble/latest
Bioconductor version 3.24 (BiocManager 1.30.27), R 4.6.1 (2026-06-24)
Installing package(s) 'IntramiRExploreR'
also installing the dependencies ‘gProfileR’, ‘org.Dm.eg.db’

trying URL 'https://p3m.dev/cran/__linux__/noble/latest/src/contrib/gProfileR_0.7.0.tar.gz'
trying URL 'https://bioconductor.org/packages/3.24/data/annotation/src/contrib/org.Dm.eg.db_3.22.0.tar.gz'
trying URL 'https://bioconductor.org/packages/3.24/bioc/src/contrib/IntramiRExploreR_1.35.0.tar.gz'
* installing *binary* package ‘gProfileR’ ...
* package ‘gProfileR’ successfully unpacked and SHA256 sums checked
* ‘gProfileR’ was already a binary package and will not be rebuilt
* SHA256 sums
* creating tarball
packaged installation of ‘gProfileR’ as ‘gProfileR_0.7.0_R_x86_64-pc-linux-gnu.tar.gz’
* DONE (gProfileR)
* installing *source* package ‘org.Dm.eg.db’ ...
** this is package ‘org.Dm.eg.db’ version ‘3.22.0’
** using staged installation
** R
** inst
** byte-compile and prepare package for lazy loading
** help
*** installing help indices
** building package indices
** testing if installed package can be loaded from temporary location
** testing if installed package can be loaded from final location
** testing if installed package keeps a record of temporary installation path
* SHA256 sums
* creating tarball
packaged installation of ‘org.Dm.eg.db’ as ‘org.Dm.eg.db_3.22.0_R_x86_64-pc-linux-gnu.tar.gz’
* DONE (org.Dm.eg.db)
* installing *source* package ‘IntramiRExploreR’ ...
** this is package ‘IntramiRExploreR’ version ‘1.35.0’
** package ‘IntramiRExploreR’ successfully unpacked and MD5 sums checked
** using staged installation
** R
** data
*** moving datasets to lazyload DB
** inst
** byte-compile and prepare package for lazy loading
Note: possible error in 'FGNet_report(feaResults_topGO, ': unused argument (plotKeggPw = FALSE) 
** help
*** installing help indices
** building package indices
** installing vignettes
** testing if installed package can be loaded from temporary location
Warning in fun(libname, pkgname) :
  Package 'IntramiRExploreR' is deprecated and will be removed from
  Bioconductor version 3.14
** testing if installed package can be loaded from final location
Warning in fun(libname, pkgname) :
  Package 'IntramiRExploreR' is deprecated and will be removed from
  Bioconductor version 3.14
** testing if installed package keeps a record of temporary installation path
* SHA256 sums
* creating tarball
packaged installation of ‘IntramiRExploreR’ as ‘IntramiRExploreR_1.35.0_R_x86_64-pc-linux-gnu.tar.gz’
* DONE (IntramiRExploreR)

The downloaded source packages are in
	‘/tmp/RtmpY1HuXQ/downloaded_packages’
Old packages: 'diffobj'

real	1m39.459s
user	1m33.910s
sys	0m6.141s
