+ Rscript -e 'Sys.setenv(BIOCONDUCTOR_USE_CONTAINER_REPOSITORY=FALSE);
  p <- .libPaths();
  p <- c('\''/tmp/library'\'', '\''/mnt/library'\'', p);
  .libPaths(p);
  if(BiocManager::install('\''rawrr'\'', INSTALL_opts = '\''--build'\'', update = TRUE, quiet = FALSE, dependencies=TRUE, force = TRUE, keep_outputs = TRUE) %in% rownames(installed.packages())) q(status = 0) else q(status = 1)'
'getOption("repos")' replaces Bioconductor standard repositories, see
'help("repositories", package = "BiocManager")' for details.
Replacement repositories:
    CRAN: https://p3m.dev/cran/__linux__/noble/latest
Bioconductor version 3.23 (BiocManager 1.30.27), R 4.6.1 (2026-06-24)
Installing package(s) 'rawrr'
also installing the dependencies ‘BiocBaseUtils’, ‘AnnotationHub’, ‘ExperimentHub’, ‘protViz’, ‘tartare’

trying URL 'https://bioconductor.org/packages/3.23/bioc/src/contrib/BiocBaseUtils_1.14.2.tar.gz'
trying URL 'https://bioconductor.org/packages/3.23/bioc/src/contrib/AnnotationHub_4.2.2.tar.gz'
trying URL 'https://bioconductor.org/packages/3.23/bioc/src/contrib/ExperimentHub_3.2.0.tar.gz'
trying URL 'https://p3m.dev/cran/__linux__/noble/latest/src/contrib/protViz_0.7.9.tar.gz'
trying URL 'https://bioconductor.org/packages/3.23/data/experiment/src/contrib/tartare_1.26.0.tar.gz'
trying URL 'https://bioconductor.org/packages/3.23/bioc/src/contrib/rawrr_1.20.0.tar.gz'
* installing *source* package ‘BiocBaseUtils’ ...
** this is package ‘BiocBaseUtils’ version ‘1.14.2’
** using staged installation
** R
** inst
** byte-compile and prepare package for lazy loading
** help
*** installing help indices
** building package indices
** installing vignettes
** testing if installed package can be loaded from temporary location
** testing if installed package can be loaded from final location
** testing if installed package keeps a record of temporary installation path
* SHA256 sums
* creating tarball
packaged installation of ‘BiocBaseUtils’ as ‘BiocBaseUtils_1.14.2_R_x86_64-pc-linux-gnu.tar.gz’
* DONE (BiocBaseUtils)
* installing *binary* package ‘protViz’ ...
* package ‘protViz’ successfully unpacked and SHA256 sums checked
* ‘protViz’ was already a binary package and will not be rebuilt
* SHA256 sums
* creating tarball
packaged installation of ‘protViz’ as ‘protViz_0.7.9_R_x86_64-pc-linux-gnu.tar.gz’
* DONE (protViz)
* installing *source* package ‘rawrr’ ...
** this is package ‘rawrr’ version ‘1.20.0’
** using staged installation
** R
** inst
** byte-compile and prepare package for lazy loading
** help
*** installing help indices
** building package indices
** installing vignettes
** testing if installed package can be loaded from temporary location
** testing if installed package can be loaded from final location
** testing if installed package keeps a record of temporary installation path
* SHA256 sums
* creating tarball
packaged installation of ‘rawrr’ as ‘rawrr_1.20.0_R_x86_64-pc-linux-gnu.tar.gz’
* DONE (rawrr)
* installing *source* package ‘AnnotationHub’ ...
** this is package ‘AnnotationHub’ version ‘4.2.2’
** using staged installation
** R
** inst
** byte-compile and prepare package for lazy loading
** help
*** installing help indices
** building package indices
** installing vignettes
** testing if installed package can be loaded from temporary location
** testing if installed package can be loaded from final location
** testing if installed package keeps a record of temporary installation path
* SHA256 sums
* creating tarball
packaged installation of ‘AnnotationHub’ as ‘AnnotationHub_4.2.2_R_x86_64-pc-linux-gnu.tar.gz’
* DONE (AnnotationHub)
* installing *source* package ‘ExperimentHub’ ...
** this is package ‘ExperimentHub’ version ‘3.2.0’
** using staged installation
** R
** inst
** byte-compile and prepare package for lazy loading
** help
*** installing help indices
*** copying figures
** building package indices
** installing vignettes
** testing if installed package can be loaded from temporary location
** testing if installed package can be loaded from final location
** testing if installed package keeps a record of temporary installation path
* SHA256 sums
* creating tarball
packaged installation of ‘ExperimentHub’ as ‘ExperimentHub_3.2.0_R_x86_64-pc-linux-gnu.tar.gz’
* DONE (ExperimentHub)
* installing *source* package ‘tartare’ ...
** this is package ‘tartare’ version ‘1.26.0’
** using staged installation
** R
** inst
** byte-compile and prepare package for lazy loading
** help
*** installing help indices
** building package indices
** installing vignettes
** testing if installed package can be loaded from temporary location
** testing if installed package can be loaded from final location
** testing if installed package keeps a record of temporary installation path
* SHA256 sums
* creating tarball
packaged installation of ‘tartare’ as ‘tartare_1.26.0_R_x86_64-pc-linux-gnu.tar.gz’
* DONE (tartare)

The downloaded source packages are in
	‘/tmp/RtmpmUxaMT/downloaded_packages’
Old packages: 'httr2', 'pak', 'pkgdown', 'urlchecker', 'xfun', 'zip', 'MASS',
  'nlme', 'survival'

real	2m2.558s
user	0m42.210s
sys	0m9.196s
