+ Rscript -e 'Sys.setenv(BIOCONDUCTOR_USE_CONTAINER_REPOSITORY=FALSE);
  p <- .libPaths();
  p <- c('\''/tmp/library'\'', '\''/mnt/library'\'', p);
  .libPaths(p);
  if(BiocManager::install('\''debrowser'\'', INSTALL_opts = '\''--build'\'', update = TRUE, quiet = FALSE, dependencies=TRUE, force = TRUE, keep_outputs = TRUE) %in% rownames(installed.packages())) q(status = 0) else q(status = 1)'
'getOption("repos")' replaces Bioconductor standard repositories, see
'help("repositories", package = "BiocManager")' for details.
Replacement repositories:
    CRAN: https://p3m.dev/cran/__linux__/noble/latest
Bioconductor version 3.24 (BiocManager 1.30.27), R 4.6.1 (2026-06-24)
Installing package(s) 'debrowser'
trying URL 'https://bioconductor.org/packages/3.24/bioc/src/contrib/debrowser_1.41.0.tar.gz'
Content type 'application/x-gzip' length 19116056 bytes (18.2 MB)
==================================================
downloaded 18.2 MB

* installing *source* package ‘debrowser’ ...
** this is package ‘debrowser’ version ‘1.41.0’
** package ‘debrowser’ successfully unpacked and MD5 sums checked
** using staged installation
** R
** inst
** byte-compile and prepare package for lazy loading
No methods found in package ‘DOSE’ for request: ‘summary’ when loading ‘debrowser’
** help
*** installing help indices
** building package indices
** installing vignettes
** testing if installed package can be loaded from temporary location
No methods found in package ‘DOSE’ for request: ‘summary’ when loading ‘debrowser’
** testing if installed package can be loaded from final location
No methods found in package ‘DOSE’ for request: ‘summary’ when loading ‘debrowser’
** testing if installed package keeps a record of temporary installation path
* SHA256 sums
* creating tarball
packaged installation of ‘debrowser’ as ‘debrowser_1.41.0_R_x86_64-pc-linux-gnu.tar.gz’
* DONE (debrowser)

The downloaded source packages are in
	‘/tmp/RtmpnRyr6C/downloaded_packages’
Old packages: 'diffobj'

real	1m6.221s
user	0m47.239s
sys	0m5.875s
