+ Rscript -e 'Sys.setenv(BIOCONDUCTOR_USE_CONTAINER_REPOSITORY=FALSE);
  p <- .libPaths();
  p <- c('\''/tmp/library'\'', '\''/mnt/library'\'', p);
  .libPaths(p);
  if(BiocManager::install('\''m6Aboost'\'', INSTALL_opts = '\''--build'\'', update = TRUE, quiet = FALSE, dependencies=TRUE, force = TRUE, keep_outputs = TRUE) %in% rownames(installed.packages())) q(status = 0) else q(status = 1)'
'getOption("repos")' replaces Bioconductor standard repositories, see
'help("repositories", package = "BiocManager")' for details.
Replacement repositories:
    CRAN: https://p3m.dev/cran/__linux__/noble/latest
Bioconductor version 3.24 (BiocManager 1.30.27), R 4.6.1 (2026-06-24)
Installing package(s) 'm6Aboost'
also installing the dependencies ‘ConsRank’, ‘adabag’

trying URL 'https://p3m.dev/cran/__linux__/noble/latest/src/contrib/ConsRank_3.0.tar.gz'
trying URL 'https://p3m.dev/cran/__linux__/noble/latest/src/contrib/adabag_5.1.tar.gz'
trying URL 'https://bioconductor.org/packages/3.24/bioc/src/contrib/m6Aboost_1.19.0.tar.gz'
* installing *binary* package ‘ConsRank’ ...
* package ‘ConsRank’ successfully unpacked and SHA256 sums checked
* ‘ConsRank’ was already a binary package and will not be rebuilt
* SHA256 sums
* creating tarball
packaged installation of ‘ConsRank’ as ‘ConsRank_3.0_R_x86_64-pc-linux-gnu.tar.gz’
* DONE (ConsRank)
* installing *binary* package ‘adabag’ ...
* package ‘adabag’ successfully unpacked and SHA256 sums checked
* ‘adabag’ was already a binary package and will not be rebuilt
* SHA256 sums
* creating tarball
packaged installation of ‘adabag’ as ‘adabag_5.1_R_x86_64-pc-linux-gnu.tar.gz’
* DONE (adabag)
* installing *source* package ‘m6Aboost’ ...
** this is package ‘m6Aboost’ version ‘1.19.0’
** package ‘m6Aboost’ successfully unpacked and MD5 sums checked
** using staged installation
** R
** inst
** byte-compile and prepare package for lazy loading
Error: package or namespace load failed for ‘caret’ in loadNamespace(j <- i[[1L]], c(lib.loc, .libPaths()), versionCheck = vI[[j]]):
 there is no package called ‘ModelMetrics’
Execution halted
ERROR: lazy loading failed for package ‘m6Aboost’
* removing ‘/tmp/library/m6Aboost’

The downloaded source packages are in
	‘/tmp/Rtmp0w7JHu/downloaded_packages’
Old packages: 'diffobj'
Warning message:
In install.packages(...) :
  installation of package ‘m6Aboost’ had non-zero exit status

real	0m29.672s
user	0m12.850s
sys	0m3.519s
