+ Rscript -e 'Sys.setenv(BIOCONDUCTOR_USE_CONTAINER_REPOSITORY=FALSE);
  p <- .libPaths();
  p <- c('\''/tmp/library'\'', '\''/mnt/library'\'', p);
  .libPaths(p);
  if(BiocManager::install('\''cTRAP'\'', INSTALL_opts = '\''--build'\'', update = TRUE, quiet = FALSE, dependencies=TRUE, force = TRUE, keep_outputs = TRUE) %in% rownames(installed.packages())) q(status = 0) else q(status = 1)'
'getOption("repos")' replaces Bioconductor standard repositories, see
'help("repositories", package = "BiocManager")' for details.
Replacement repositories:
    CRAN: https://p3m.dev/cran/__linux__/noble/latest
Bioconductor version 3.24 (BiocManager 1.30.27), R 4.6.1 (2026-06-24)
Installing package(s) 'cTRAP'
also installing the dependencies ‘binr’, ‘highcharter’

trying URL 'https://p3m.dev/cran/__linux__/noble/latest/src/contrib/binr_1.1.2.tar.gz'
trying URL 'https://p3m.dev/cran/__linux__/noble/latest/src/contrib/highcharter_0.9.5.tar.gz'
trying URL 'https://bioconductor.org/packages/3.24/bioc/src/contrib/cTRAP_1.31.0.tar.gz'
* installing *binary* package ‘binr’ ...
* package ‘binr’ successfully unpacked and SHA256 sums checked
* ‘binr’ was already a binary package and will not be rebuilt
* SHA256 sums
* creating tarball
packaged installation of ‘binr’ as ‘binr_1.1.2_R_x86_64-pc-linux-gnu.tar.gz’
* DONE (binr)
* installing *binary* package ‘highcharter’ ...
* package ‘highcharter’ successfully unpacked and SHA256 sums checked
* ‘highcharter’ was already a binary package and will not be rebuilt
* SHA256 sums
* creating tarball
packaged installation of ‘highcharter’ as ‘highcharter_0.9.5_R_x86_64-pc-linux-gnu.tar.gz’
* DONE (highcharter)
* installing *source* package ‘cTRAP’ ...
** this is package ‘cTRAP’ version ‘1.31.0’
** package ‘cTRAP’ successfully unpacked and MD5 sums checked
** using staged installation
** R
** data
*** moving datasets to lazyload DB
** inst
** byte-compile and prepare package for lazy loading
** help
*** installing help indices
** building package indices
** installing vignettes
** testing if installed package can be loaded from temporary location
** testing if installed package can be loaded from final location
** testing if installed package keeps a record of temporary installation path
* SHA256 sums
* creating tarball
packaged installation of ‘cTRAP’ as ‘cTRAP_1.31.0_R_x86_64-pc-linux-gnu.tar.gz’
* DONE (cTRAP)

The downloaded source packages are in
	‘/tmp/RtmpZn0mSw/downloaded_packages’

real	0m43.377s
user	0m30.987s
sys	0m4.802s
