+ Rscript -e 'Sys.setenv(BIOCONDUCTOR_USE_CONTAINER_REPOSITORY=FALSE);
  p <- .libPaths();
  p <- c('\''/tmp/library'\'', '\''/mnt/library'\'', p);
  .libPaths(p);
  if(BiocManager::install('\''frmaTools'\'', INSTALL_opts = '\''--build'\'', update = TRUE, quiet = FALSE, dependencies=TRUE, force = TRUE, keep_outputs = TRUE) %in% rownames(installed.packages())) q(status = 0) else q(status = 1)'
Error in readRDS(file) : error reading from connection
'getOption("repos")' replaces Bioconductor standard repositories, see
'help("repositories", package = "BiocManager")' for details.
Replacement repositories:
    CRAN: https://p3m.dev/cran/__linux__/noble/latest
Bioconductor version 3.24 (BiocManager 1.30.27), R 4.6.1 (2026-06-24)
Installing package(s) 'frmaTools'
also installing the dependencies ‘oligo’, ‘pd.huex.1.0.st.v2’, ‘pd.hugene.1.0.st.v1’, ‘frma’, ‘hgu133aprobe’, ‘hgu133atagprobe’, ‘hgu133plus2probe’, ‘hgu133atagcdf’, ‘hgu133plus2cdf’, ‘hgu133afrmavecs’, ‘frmaExampleData’

trying URL 'https://bioconductor.org/packages/3.24/bioc/src/contrib/oligo_1.77.0.tar.gz'
trying URL 'https://bioconductor.org/packages/3.24/data/annotation/src/contrib/pd.huex.1.0.st.v2_3.14.1.tar.gz'
trying URL 'https://bioconductor.org/packages/3.24/data/annotation/src/contrib/pd.hugene.1.0.st.v1_3.14.1.tar.gz'
trying URL 'https://bioconductor.org/packages/3.24/bioc/src/contrib/frma_1.65.0.tar.gz'
trying URL 'https://bioconductor.org/packages/3.24/data/annotation/src/contrib/hgu133aprobe_2.18.0.tar.gz'
trying URL 'https://bioconductor.org/packages/3.24/data/annotation/src/contrib/hgu133atagprobe_2.18.0.tar.gz'
trying URL 'https://bioconductor.org/packages/3.24/data/annotation/src/contrib/hgu133plus2probe_2.18.0.tar.gz'
trying URL 'https://bioconductor.org/packages/3.24/data/annotation/src/contrib/hgu133atagcdf_2.18.0.tar.gz'
trying URL 'https://bioconductor.org/packages/3.24/data/annotation/src/contrib/hgu133plus2cdf_2.18.0.tar.gz'
trying URL 'https://bioconductor.org/packages/3.24/data/annotation/src/contrib/hgu133afrmavecs_1.5.0.tar.gz'
trying URL 'https://bioconductor.org/packages/3.24/data/experiment/src/contrib/frmaExampleData_1.49.0.tar.gz'
trying URL 'https://bioconductor.org/packages/3.24/bioc/src/contrib/frmaTools_1.65.0.tar.gz'
* installing *source* package ‘oligo’ ...
** this is package ‘oligo’ version ‘1.77.0’
** package ‘oligo’ successfully unpacked and MD5 sums checked
** using staged installation
creating cache ./config.cache
checking how to run the C preprocessor... gcc -std=gnu2x -E
checking for main in -lz... yes
checking for zlib.h... yes
checking if zlib version >= 1.1.3... yes
updating cache ./config.cache
creating ./config.status
creating src/Makevars
** libs
using C compiler: ‘gcc (Ubuntu 13.3.0-6ubuntu2~24.04.1) 13.3.0’
gcc -std=gnu2x -I"/usr/local/lib/R/include" -DNDEBUG -DHAVE_ZLIB=1  -I'/mnt/library/preprocessCore/include' -I/usr/local/include   -g -O2 -fstack-protector-strong -Wformat -Werror=format-security -Wdate-time -D_FORTIFY_SOURCE=2 -g -fpic  -g -O2 -fstack-protector-strong -Wformat -Werror=format-security -Wdate-time -D_FORTIFY_SOURCE=2 -g  -c DABG.c -o DABG.o
gcc -std=gnu2x -I"/usr/local/lib/R/include" -DNDEBUG -DHAVE_ZLIB=1  -I'/mnt/library/preprocessCore/include' -I/usr/local/include   -g -O2 -fstack-protector-strong -Wformat -Werror=format-security -Wdate-time -D_FORTIFY_SOURCE=2 -g -fpic  -g -O2 -fstack-protector-strong -Wformat -Werror=format-security -Wdate-time -D_FORTIFY_SOURCE=2 -g  -c ParserGzXYS.c -o ParserGzXYS.o
gcc -std=gnu2x -I"/usr/local/lib/R/include" -DNDEBUG -DHAVE_ZLIB=1  -I'/mnt/library/preprocessCore/include' -I/usr/local/include   -g -O2 -fstack-protector-strong -Wformat -Werror=format-security -Wdate-time -D_FORTIFY_SOURCE=2 -g -fpic  -g -O2 -fstack-protector-strong -Wformat -Werror=format-security -Wdate-time -D_FORTIFY_SOURCE=2 -g  -c ParserXYS.c -o ParserXYS.o
gcc -std=gnu2x -I"/usr/local/lib/R/include" -DNDEBUG -DHAVE_ZLIB=1  -I'/mnt/library/preprocessCore/include' -I/usr/local/include   -g -O2 -fstack-protector-strong -Wformat -Werror=format-security -Wdate-time -D_FORTIFY_SOURCE=2 -g -fpic  -g -O2 -fstack-protector-strong -Wformat -Werror=format-security -Wdate-time -D_FORTIFY_SOURCE=2 -g  -c baseProfile.c -o baseProfile.o
gcc -std=gnu2x -I"/usr/local/lib/R/include" -DNDEBUG -DHAVE_ZLIB=1  -I'/mnt/library/preprocessCore/include' -I/usr/local/include   -g -O2 -fstack-protector-strong -Wformat -Werror=format-security -Wdate-time -D_FORTIFY_SOURCE=2 -g -fpic  -g -O2 -fstack-protector-strong -Wformat -Werror=format-security -Wdate-time -D_FORTIFY_SOURCE=2 -g  -c basecontent.c -o basecontent.o
gcc -std=gnu2x -I"/usr/local/lib/R/include" -DNDEBUG -DHAVE_ZLIB=1  -I'/mnt/library/preprocessCore/include' -I/usr/local/include   -g -O2 -fstack-protector-strong -Wformat -Werror=format-security -Wdate-time -D_FORTIFY_SOURCE=2 -g -fpic  -g -O2 -fstack-protector-strong -Wformat -Werror=format-security -Wdate-time -D_FORTIFY_SOURCE=2 -g  -c chipbackground.c -o chipbackground.o
gcc -std=gnu2x -I"/usr/local/lib/R/include" -DNDEBUG -DHAVE_ZLIB=1  -I'/mnt/library/preprocessCore/include' -I/usr/local/include   -g -O2 -fstack-protector-strong -Wformat -Werror=format-security -Wdate-time -D_FORTIFY_SOURCE=2 -g -fpic  -g -O2 -fstack-protector-strong -Wformat -Werror=format-security -Wdate-time -D_FORTIFY_SOURCE=2 -g  -c mas5calls.c -o mas5calls.o
gcc -std=gnu2x -I"/usr/local/lib/R/include" -DNDEBUG -DHAVE_ZLIB=1  -I'/mnt/library/preprocessCore/include' -I/usr/local/include   -g -O2 -fstack-protector-strong -Wformat -Werror=format-security -Wdate-time -D_FORTIFY_SOURCE=2 -g -fpic  -g -O2 -fstack-protector-strong -Wformat -Werror=format-security -Wdate-time -D_FORTIFY_SOURCE=2 -g  -c rma2.c -o rma2.o
gcc -std=gnu2x -I"/usr/local/lib/R/include" -DNDEBUG -DHAVE_ZLIB=1  -I'/mnt/library/preprocessCore/include' -I/usr/local/include   -g -O2 -fstack-protector-strong -Wformat -Werror=format-security -Wdate-time -D_FORTIFY_SOURCE=2 -g -fpic  -g -O2 -fstack-protector-strong -Wformat -Werror=format-security -Wdate-time -D_FORTIFY_SOURCE=2 -g  -c rma_common.c -o rma_common.o
gcc -std=gnu2x -I"/usr/local/lib/R/include" -DNDEBUG -DHAVE_ZLIB=1  -I'/mnt/library/preprocessCore/include' -I/usr/local/include   -g -O2 -fstack-protector-strong -Wformat -Werror=format-security -Wdate-time -D_FORTIFY_SOURCE=2 -g -fpic  -g -O2 -fstack-protector-strong -Wformat -Werror=format-security -Wdate-time -D_FORTIFY_SOURCE=2 -g  -c trimmed.c -o trimmed.o
gcc -std=gnu2x -shared -L/usr/local/lib/R/lib -L/usr/local/lib -o oligo.so DABG.o ParserGzXYS.o ParserXYS.o baseProfile.o basecontent.o chipbackground.o mas5calls.o rma2.o rma_common.o trimmed.o -lz -L/usr/local/lib/R/lib -lR
installing to /tmp/library/00LOCK-oligo/00new/oligo/libs
** R
** inst
** byte-compile and prepare package for lazy loading
Note: in method for ‘pm<-’ with signature
‘object="TilingFeatureSet",subset="ANY",target="ANY",value="array"’:
expanding the signature to include omitted arguments in definition:
subset = "missing", target = "missing"
Note: in method for ‘mm<-’ with signature
‘object="TilingFeatureSet",subset="ANY",target="ANY",value="array"’:
expanding the signature to include omitted arguments in definition:
subset = "missing", target = "missing"
** help
*** installing help indices
** building package indices
** installing vignettes
** testing if installed package can be loaded from temporary location
** checking absolute paths in shared objects and dynamic libraries
** testing if installed package can be loaded from final location
** testing if installed package keeps a record of temporary installation path
* SHA256 sums
* creating tarball
packaged installation of ‘oligo’ as ‘oligo_1.77.0_R_x86_64-pc-linux-gnu.tar.gz’
* DONE (oligo)
* installing *source* package ‘hgu133aprobe’ ...
** this is package ‘hgu133aprobe’ version ‘2.18.0’
** using staged installation
** R
** data
** byte-compile and prepare package for lazy loading
** help
*** installing help indices
** building package indices
** testing if installed package can be loaded from temporary location
** testing if installed package can be loaded from final location
** testing if installed package keeps a record of temporary installation path
* SHA256 sums
* creating tarball
packaged installation of ‘hgu133aprobe’ as ‘hgu133aprobe_2.18.0_R_x86_64-pc-linux-gnu.tar.gz’
* DONE (hgu133aprobe)
* installing *source* package ‘hgu133atagprobe’ ...
** this is package ‘hgu133atagprobe’ version ‘2.18.0’
** using staged installation
** R
** data
** byte-compile and prepare package for lazy loading
** help
*** installing help indices
** building package indices
** testing if installed package can be loaded from temporary location
** testing if installed package can be loaded from final location
** testing if installed package keeps a record of temporary installation path
* SHA256 sums
* creating tarball
packaged installation of ‘hgu133atagprobe’ as ‘hgu133atagprobe_2.18.0_R_x86_64-pc-linux-gnu.tar.gz’
* DONE (hgu133atagprobe)
* installing *source* package ‘hgu133plus2probe’ ...
** this is package ‘hgu133plus2probe’ version ‘2.18.0’
** using staged installation
** R
** data
** byte-compile and prepare package for lazy loading
** help
*** installing help indices
** building package indices
** testing if installed package can be loaded from temporary location
** testing if installed package can be loaded from final location
** testing if installed package keeps a record of temporary installation path
* SHA256 sums
* creating tarball
packaged installation of ‘hgu133plus2probe’ as ‘hgu133plus2probe_2.18.0_R_x86_64-pc-linux-gnu.tar.gz’
* DONE (hgu133plus2probe)
* installing *source* package ‘hgu133atagcdf’ ...
** this is package ‘hgu133atagcdf’ version ‘2.18.0’
** using staged installation
** R
** data
** byte-compile and prepare package for lazy loading
Warning: replacing previous import ‘AnnotationDbi::tail’ by ‘utils::tail’ when loading ‘hgu133atagcdf’
Warning: replacing previous import ‘AnnotationDbi::head’ by ‘utils::head’ when loading ‘hgu133atagcdf’
** help
*** installing help indices
** building package indices
** testing if installed package can be loaded from temporary location
Warning: replacing previous import ‘AnnotationDbi::tail’ by ‘utils::tail’ when loading ‘hgu133atagcdf’
Warning: replacing previous import ‘AnnotationDbi::head’ by ‘utils::head’ when loading ‘hgu133atagcdf’
** testing if installed package can be loaded from final location
Warning: replacing previous import ‘AnnotationDbi::tail’ by ‘utils::tail’ when loading ‘hgu133atagcdf’
Warning: replacing previous import ‘AnnotationDbi::head’ by ‘utils::head’ when loading ‘hgu133atagcdf’
** testing if installed package keeps a record of temporary installation path
* SHA256 sums
* creating tarball
packaged installation of ‘hgu133atagcdf’ as ‘hgu133atagcdf_2.18.0_R_x86_64-pc-linux-gnu.tar.gz’
* DONE (hgu133atagcdf)
* installing *source* package ‘hgu133plus2cdf’ ...
** this is package ‘hgu133plus2cdf’ version ‘2.18.0’
** using staged installation
** R
** data
** byte-compile and prepare package for lazy loading
Warning: replacing previous import ‘AnnotationDbi::tail’ by ‘utils::tail’ when loading ‘hgu133plus2cdf’
Warning: replacing previous import ‘AnnotationDbi::head’ by ‘utils::head’ when loading ‘hgu133plus2cdf’
** help
*** installing help indices
** building package indices
** testing if installed package can be loaded from temporary location
Warning: replacing previous import ‘AnnotationDbi::tail’ by ‘utils::tail’ when loading ‘hgu133plus2cdf’
Warning: replacing previous import ‘AnnotationDbi::head’ by ‘utils::head’ when loading ‘hgu133plus2cdf’
** testing if installed package can be loaded from final location
Warning: replacing previous import ‘AnnotationDbi::tail’ by ‘utils::tail’ when loading ‘hgu133plus2cdf’
Warning: replacing previous import ‘AnnotationDbi::head’ by ‘utils::head’ when loading ‘hgu133plus2cdf’
** testing if installed package keeps a record of temporary installation path
* SHA256 sums
* creating tarball
packaged installation of ‘hgu133plus2cdf’ as ‘hgu133plus2cdf_2.18.0_R_x86_64-pc-linux-gnu.tar.gz’
* DONE (hgu133plus2cdf)
* installing *source* package ‘hgu133afrmavecs’ ...
** this is package ‘hgu133afrmavecs’ version ‘1.5.0’
** using staged installation
** data
** help
*** installing help indices
** building package indices
** testing if installed package can be loaded from temporary location
** testing if installed package can be loaded from final location
** testing if installed package keeps a record of temporary installation path
* SHA256 sums
* creating tarball
packaged installation of ‘hgu133afrmavecs’ as ‘hgu133afrmavecs_1.5.0_R_x86_64-pc-linux-gnu.tar.gz’
* DONE (hgu133afrmavecs)
* installing *source* package ‘frmaExampleData’ ...
** this is package ‘frmaExampleData’ version ‘1.49.0’
** using staged installation
** data
** help
*** installing help indices
** building package indices
** testing if installed package can be loaded from temporary location
** testing if installed package can be loaded from final location
** testing if installed package keeps a record of temporary installation path
* SHA256 sums
* creating tarball
packaged installation of ‘frmaExampleData’ as ‘frmaExampleData_1.49.0_R_x86_64-pc-linux-gnu.tar.gz’
* DONE (frmaExampleData)
* installing *source* package ‘frmaTools’ ...
** this is package ‘frmaTools’ version ‘1.65.0’
** package ‘frmaTools’ successfully unpacked and MD5 sums checked
** using staged installation
** R
** inst
** byte-compile and prepare package for lazy loading
** help
*** installing help indices
** building package indices
** installing vignettes
** testing if installed package can be loaded from temporary location
** testing if installed package can be loaded from final location
** testing if installed package keeps a record of temporary installation path
* SHA256 sums
* creating tarball
packaged installation of ‘frmaTools’ as ‘frmaTools_1.65.0_R_x86_64-pc-linux-gnu.tar.gz’
* DONE (frmaTools)
* installing *source* package ‘pd.huex.1.0.st.v2’ ...
** this is package ‘pd.huex.1.0.st.v2’ version ‘3.14.1’
** using staged installation
** R
** data
** inst
** byte-compile and prepare package for lazy loading
** help
*** installing help indices
** building package indices
** testing if installed package can be loaded from temporary location
** testing if installed package can be loaded from final location
** testing if installed package keeps a record of temporary installation path
* SHA256 sums
* creating tarball
packaged installation of ‘pd.huex.1.0.st.v2’ as ‘pd.huex.1.0.st.v2_3.14.1_R_x86_64-pc-linux-gnu.tar.gz’
* DONE (pd.huex.1.0.st.v2)
* installing *source* package ‘pd.hugene.1.0.st.v1’ ...
** this is package ‘pd.hugene.1.0.st.v1’ version ‘3.14.1’
** using staged installation
** R
** data
** inst
** byte-compile and prepare package for lazy loading
** help
*** installing help indices
** building package indices
** testing if installed package can be loaded from temporary location
** testing if installed package can be loaded from final location
** testing if installed package keeps a record of temporary installation path
* SHA256 sums
* creating tarball
packaged installation of ‘pd.hugene.1.0.st.v1’ as ‘pd.hugene.1.0.st.v1_3.14.1_R_x86_64-pc-linux-gnu.tar.gz’
* DONE (pd.hugene.1.0.st.v1)
* installing *source* package ‘frma’ ...
** this is package ‘frma’ version ‘1.65.0’
** package ‘frma’ successfully unpacked and MD5 sums checked
** using staged installation
** R
** inst
** byte-compile and prepare package for lazy loading
** help
*** installing help indices
** building package indices
** installing vignettes
** testing if installed package can be loaded from temporary location
** testing if installed package can be loaded from final location
** testing if installed package keeps a record of temporary installation path
* SHA256 sums
* creating tarball
packaged installation of ‘frma’ as ‘frma_1.65.0_R_x86_64-pc-linux-gnu.tar.gz’
* DONE (frma)

The downloaded source packages are in
	‘/tmp/RtmpbtNMof/downloaded_packages’
Old packages: 'diffobj'

real	7m37.148s
user	7m8.361s
sys	0m29.197s
