+ Rscript -e 'Sys.setenv(BIOCONDUCTOR_USE_CONTAINER_REPOSITORY=FALSE);
  p <- .libPaths();
  p <- c('\''/tmp/library'\'', '\''/mnt/library'\'', p);
  .libPaths(p);
  if(BiocManager::install('\''MSstatsLiP'\'', INSTALL_opts = '\''--build'\'', update = TRUE, quiet = FALSE, dependencies=TRUE, force = TRUE, keep_outputs = TRUE) %in% rownames(installed.packages())) q(status = 0) else q(status = 1)'
'getOption("repos")' replaces Bioconductor standard repositories, see
'help("repositories", package = "BiocManager")' for details.
Replacement repositories:
    CRAN: https://p3m.dev/cran/__linux__/noble/latest
Bioconductor version 3.24 (BiocManager 1.30.27), R 4.6.1 (2026-06-24)
Installing package(s) 'MSstatsLiP'
also installing the dependencies ‘factoextra’, ‘gghighlight’

trying URL 'https://p3m.dev/cran/__linux__/noble/latest/src/contrib/factoextra_2.1.0.tar.gz'
trying URL 'https://p3m.dev/cran/__linux__/noble/latest/src/contrib/gghighlight_0.5.0.tar.gz'
trying URL 'https://bioconductor.org/packages/3.24/bioc/src/contrib/MSstatsLiP_1.19.0.tar.gz'
* installing *binary* package ‘factoextra’ ...
* package ‘factoextra’ successfully unpacked and SHA256 sums checked
* ‘factoextra’ was already a binary package and will not be rebuilt
* SHA256 sums
* creating tarball
packaged installation of ‘factoextra’ as ‘factoextra_2.1.0_R_x86_64-pc-linux-gnu.tar.gz’
* DONE (factoextra)
* installing *binary* package ‘gghighlight’ ...
* package ‘gghighlight’ successfully unpacked and SHA256 sums checked
* ‘gghighlight’ was already a binary package and will not be rebuilt
* SHA256 sums
* creating tarball
packaged installation of ‘gghighlight’ as ‘gghighlight_0.5.0_R_x86_64-pc-linux-gnu.tar.gz’
* DONE (gghighlight)
* installing *source* package ‘MSstatsLiP’ ...
** this is package ‘MSstatsLiP’ version ‘1.19.0’
** package ‘MSstatsLiP’ successfully unpacked and MD5 sums checked
** using staged installation
** libs
using C++ compiler: ‘g++ (Ubuntu 13.3.0-6ubuntu2~24.04.1) 13.3.0’
g++ -std=gnu++20 -I"/usr/local/lib/R/include" -DNDEBUG  -I'/usr/local/lib/R/site-library/Rcpp/include' -I/usr/local/include    -fpic  -g -O2 -fstack-protector-strong -Wformat -Werror=format-security -Wdate-time -D_FORTIFY_SOURCE=2 -g   -c RcppExports.cpp -o RcppExports.o
g++ -std=gnu++20 -I"/usr/local/lib/R/include" -DNDEBUG  -I'/usr/local/lib/R/site-library/Rcpp/include' -I/usr/local/include    -fpic  -g -O2 -fstack-protector-strong -Wformat -Werror=format-security -Wdate-time -D_FORTIFY_SOURCE=2 -g   -c model_adjustment.cpp -o model_adjustment.o
g++ -std=gnu++20 -shared -L/usr/local/lib/R/lib -L/usr/local/lib -o MSstatsLiP.so RcppExports.o model_adjustment.o -L/usr/local/lib/R/lib -lR
installing to /tmp/library/00LOCK-MSstatsLiP/00new/MSstatsLiP/libs
** R
** data
*** moving datasets to lazyload DB
** inst
** byte-compile and prepare package for lazy loading
** help
*** installing help indices
** building package indices
** installing vignettes
** testing if installed package can be loaded from temporary location
** checking absolute paths in shared objects and dynamic libraries
** testing if installed package can be loaded from final location
** testing if installed package keeps a record of temporary installation path
* SHA256 sums
* creating tarball
packaged installation of ‘MSstatsLiP’ as ‘MSstatsLiP_1.19.0_R_x86_64-pc-linux-gnu.tar.gz’
* DONE (MSstatsLiP)

The downloaded source packages are in
	‘/tmp/RtmpSxUQY0/downloaded_packages’
Old packages: 'diffobj'

real	0m32.756s
user	0m25.871s
sys	0m4.805s
