+ Rscript -e 'Sys.setenv(BIOCONDUCTOR_USE_CONTAINER_REPOSITORY=FALSE);
  p <- .libPaths();
  p <- c('\''/tmp/library'\'', '\''/mnt/library'\'', p);
  .libPaths(p);
  if(BiocManager::install('\''mygene'\'', INSTALL_opts = '\''--build'\'', update = TRUE, quiet = FALSE, dependencies=TRUE, force = TRUE, keep_outputs = TRUE) %in% rownames(installed.packages())) q(status = 0) else q(status = 1)'
'getOption("repos")' replaces Bioconductor standard repositories, see
'help("repositories", package = "BiocManager")' for details.
Replacement repositories:
    CRAN: https://p3m.dev/cran/__linux__/noble/latest
Bioconductor version 3.24 (BiocManager 1.30.27), R 4.6.1 (2026-06-24)
Installing package(s) 'mygene'
trying URL 'https://bioconductor.org/packages/3.24/bioc/src/contrib/mygene_1.49.0.tar.gz'
Content type 'application/x-gzip' length 170867 bytes (166 KB)
==================================================
downloaded 166 KB

* installing *source* package ‘mygene’ ...
** this is package ‘mygene’ version ‘1.49.0’
** package ‘mygene’ successfully unpacked and MD5 sums checked
** using staged installation
** R
** inst
** byte-compile and prepare package for lazy loading
Warning: no DISPLAY variable so Tk is not available
** help
*** installing help indices
** building package indices
** installing vignettes
** testing if installed package can be loaded from temporary location
** testing if installed package can be loaded from final location
** testing if installed package keeps a record of temporary installation path
* SHA256 sums
* creating tarball
packaged installation of ‘mygene’ as ‘mygene_1.49.0_R_x86_64-pc-linux-gnu.tar.gz’
* DONE (mygene)

The downloaded source packages are in
	‘/tmp/RtmpQ8YTd2/downloaded_packages’
Old packages: 'diffobj'

real	1m8.988s
user	0m43.337s
sys	0m6.619s
