+ Rscript -e 'Sys.setenv(BIOCONDUCTOR_USE_CONTAINER_REPOSITORY=FALSE);
  p <- .libPaths();
  p <- c('\''/tmp/library'\'', '\''/mnt/library'\'', p);
  .libPaths(p);
  if(BiocManager::install('\''staRgate'\'', INSTALL_opts = '\''--build'\'', update = TRUE, quiet = FALSE, dependencies=TRUE, force = TRUE, keep_outputs = TRUE) %in% rownames(installed.packages())) q(status = 0) else q(status = 1)'
'getOption("repos")' replaces Bioconductor standard repositories, see
'help("repositories", package = "BiocManager")' for details.
Replacement repositories:
    CRAN: https://p3m.dev/cran/__linux__/noble/latest
Bioconductor version 3.23 (BiocManager 1.30.27), R 4.6.1 (2026-06-24)
Installing package(s) 'staRgate'
also installing the dependencies ‘bigD’, ‘juicyjuice’, ‘gt’

trying URL 'https://p3m.dev/cran/__linux__/noble/latest/src/contrib/bigD_0.3.1.tar.gz'
trying URL 'https://p3m.dev/cran/__linux__/noble/latest/src/contrib/juicyjuice_0.1.0.tar.gz'
trying URL 'https://p3m.dev/cran/__linux__/noble/latest/src/contrib/gt_1.3.0.tar.gz'
trying URL 'https://bioconductor.org/packages/3.23/bioc/src/contrib/staRgate_1.0.0.tar.gz'
* installing *binary* package ‘bigD’ ...
* package ‘bigD’ successfully unpacked and SHA256 sums checked
* ‘bigD’ was already a binary package and will not be rebuilt
* SHA256 sums
* creating tarball
packaged installation of ‘bigD’ as ‘bigD_0.3.1_R_x86_64-pc-linux-gnu.tar.gz’
* DONE (bigD)
* installing *binary* package ‘juicyjuice’ ...
* package ‘juicyjuice’ successfully unpacked and SHA256 sums checked
* ‘juicyjuice’ was already a binary package and will not be rebuilt
* SHA256 sums
* creating tarball
packaged installation of ‘juicyjuice’ as ‘juicyjuice_0.1.0_R_x86_64-pc-linux-gnu.tar.gz’
* DONE (juicyjuice)
* installing *source* package ‘staRgate’ ...
** this is package ‘staRgate’ version ‘1.0.0’
** using staged installation
Warning in person1(given = given[[i]], family = family[[i]], middle = middle[[i]],  :
  It is recommended to use ‘given’ instead of ‘middle’.
Warning in person1(given = given[[i]], family = family[[i]], middle = middle[[i]],  :
  It is recommended to use ‘given’ instead of ‘middle’.
Warning in person1(given = given[[i]], family = family[[i]], middle = middle[[i]],  :
  It is recommended to use ‘given’ instead of ‘middle’.
** R
** inst
** byte-compile and prepare package for lazy loading
** help
*** installing help indices
*** copying figures
** building package indices
** installing vignettes
** testing if installed package can be loaded from temporary location
** testing if installed package can be loaded from final location
** testing if installed package keeps a record of temporary installation path
* SHA256 sums
* creating tarball
packaged installation of ‘staRgate’ as ‘staRgate_1.0.0_R_x86_64-pc-linux-gnu.tar.gz’
* DONE (staRgate)
* installing *binary* package ‘gt’ ...
* package ‘gt’ successfully unpacked and SHA256 sums checked
* ‘gt’ was already a binary package and will not be rebuilt
* SHA256 sums
* creating tarball
packaged installation of ‘gt’ as ‘gt_1.3.0_R_x86_64-pc-linux-gnu.tar.gz’
* DONE (gt)

The downloaded source packages are in
	‘/tmp/RtmptRlMGb/downloaded_packages’
Old packages: 'httr2', 'pak', 'pkgdown', 'urlchecker', 'xfun', 'zip', 'MASS',
  'nlme', 'survival'

real	0m18.312s
user	0m10.308s
sys	0m3.792s
