+ Rscript -e 'Sys.setenv(BIOCONDUCTOR_USE_CONTAINER_REPOSITORY=FALSE);
  p <- .libPaths();
  p <- c('\''/tmp/library'\'', '\''/mnt/library'\'', p);
  .libPaths(p);
  if(BiocManager::install('\''uncoverappLib'\'', INSTALL_opts = '\''--build'\'', update = TRUE, quiet = FALSE, dependencies=TRUE, force = TRUE, keep_outputs = TRUE) %in% rownames(installed.packages())) q(status = 0) else q(status = 1)'
'getOption("repos")' replaces Bioconductor standard repositories, see
'help("repositories", package = "BiocManager")' for details.
Replacement repositories:
    CRAN: https://p3m.dev/cran/__linux__/noble/latest
Bioconductor version 3.24 (BiocManager 1.30.27), R 4.6.1 (2026-06-24)
Installing package(s) 'uncoverappLib'
also installing the dependency ‘condformat’

trying URL 'https://p3m.dev/cran/__linux__/noble/latest/src/contrib/condformat_0.11.0.tar.gz'
trying URL 'https://bioconductor.org/packages/3.24/bioc/src/contrib/uncoverappLib_1.23.0.tar.gz'
* installing *binary* package ‘condformat’ ...
* package ‘condformat’ successfully unpacked and SHA256 sums checked
* ‘condformat’ was already a binary package and will not be rebuilt
* SHA256 sums
* creating tarball
packaged installation of ‘condformat’ as ‘condformat_0.11.0_R_x86_64-pc-linux-gnu.tar.gz’
* DONE (condformat)
* installing *source* package ‘uncoverappLib’ ...
** this is package ‘uncoverappLib’ version ‘1.23.0’
** package ‘uncoverappLib’ successfully unpacked and MD5 sums checked
** using staged installation
** R
** inst
** byte-compile and prepare package for lazy loading
** help
*** installing help indices
** building package indices
** installing vignettes
** testing if installed package can be loaded from temporary location
** testing if installed package can be loaded from final location
** testing if installed package keeps a record of temporary installation path
* SHA256 sums
* creating tarball
packaged installation of ‘uncoverappLib’ as ‘uncoverappLib_1.23.0_R_x86_64-pc-linux-gnu.tar.gz’
* DONE (uncoverappLib)

The downloaded source packages are in
	‘/tmp/Rtmpwkkncw/downloaded_packages’
Old packages: 'diffobj'

real	1m6.503s
user	0m55.602s
sys	0m7.337s
