+ Rscript -e 'Sys.setenv(BIOCONDUCTOR_USE_CONTAINER_REPOSITORY=FALSE);
  p <- .libPaths();
  p <- c('\''/tmp/library'\'', '\''/mnt/library'\'', p);
  .libPaths(p);
  if(BiocManager::install('\''powerTCR'\'', INSTALL_opts = '\''--build'\'', update = TRUE, quiet = FALSE, dependencies=TRUE, force = TRUE, keep_outputs = TRUE) %in% rownames(installed.packages())) q(status = 0) else q(status = 1)'
'getOption("repos")' replaces Bioconductor standard repositories, see
'help("repositories", package = "BiocManager")' for details.
Replacement repositories:
    CRAN: https://p3m.dev/cran/__linux__/noble/latest
Bioconductor version 3.23 (BiocManager 1.30.27), R 4.6.1 (2026-06-24)
Installing package(s) 'powerTCR'
also installing the dependencies ‘evd’, ‘cubature’, ‘evmix’, ‘truncdist’, ‘VGAM’

trying URL 'https://p3m.dev/cran/__linux__/noble/latest/src/contrib/evd_2.3-7.1.tar.gz'
trying URL 'https://p3m.dev/cran/__linux__/noble/latest/src/contrib/cubature_2.1.4-1.tar.gz'
trying URL 'https://p3m.dev/cran/__linux__/noble/latest/src/contrib/evmix_2.12.tar.gz'
trying URL 'https://p3m.dev/cran/__linux__/noble/latest/src/contrib/truncdist_1.0-2.tar.gz'
trying URL 'https://p3m.dev/cran/__linux__/noble/latest/src/contrib/VGAM_1.1-14.tar.gz'
trying URL 'https://bioconductor.org/packages/3.23/bioc/src/contrib/powerTCR_1.32.0.tar.gz'
* installing *binary* package ‘evd’ ...
* package ‘evd’ successfully unpacked and SHA256 sums checked
* ‘evd’ was already a binary package and will not be rebuilt
* SHA256 sums
* creating tarball
packaged installation of ‘evd’ as ‘evd_2.3-7.1_R_x86_64-pc-linux-gnu.tar.gz’
* DONE (evd)
* installing *binary* package ‘cubature’ ...
* package ‘cubature’ successfully unpacked and SHA256 sums checked
* ‘cubature’ was already a binary package and will not be rebuilt
* SHA256 sums
* creating tarball
packaged installation of ‘cubature’ as ‘cubature_2.1.4-1_R_x86_64-pc-linux-gnu.tar.gz’
* DONE (cubature)
* installing *binary* package ‘evmix’ ...
* package ‘evmix’ successfully unpacked and SHA256 sums checked
* ‘evmix’ was already a binary package and will not be rebuilt
* SHA256 sums
* creating tarball
packaged installation of ‘evmix’ as ‘evmix_2.12_R_x86_64-pc-linux-gnu.tar.gz’
* DONE (evmix)
* installing *binary* package ‘VGAM’ ...
* package ‘VGAM’ successfully unpacked and SHA256 sums checked
* ‘VGAM’ was already a binary package and will not be rebuilt
* SHA256 sums
* creating tarball
packaged installation of ‘VGAM’ as ‘VGAM_1.1-14_R_x86_64-pc-linux-gnu.tar.gz’
* DONE (VGAM)
* installing *binary* package ‘truncdist’ ...
* package ‘truncdist’ successfully unpacked and SHA256 sums checked
* ‘truncdist’ was already a binary package and will not be rebuilt
* SHA256 sums
* creating tarball
packaged installation of ‘truncdist’ as ‘truncdist_1.0-2_R_x86_64-pc-linux-gnu.tar.gz’
* DONE (truncdist)
* installing *source* package ‘powerTCR’ ...
** this is package ‘powerTCR’ version ‘1.32.0’
** using staged installation
** R
** data
*** moving datasets to lazyload DB
** inst
** byte-compile and prepare package for lazy loading
** help
*** installing help indices
** building package indices
** installing vignettes
** testing if installed package can be loaded from temporary location
** testing if installed package can be loaded from final location
** testing if installed package keeps a record of temporary installation path
* SHA256 sums
* creating tarball
packaged installation of ‘powerTCR’ as ‘powerTCR_1.32.0_R_x86_64-pc-linux-gnu.tar.gz’
* DONE (powerTCR)

The downloaded source packages are in
	‘/tmp/RtmpWv6KnL/downloaded_packages’
Old packages: 'diffobj', 'httr2', 'pak', 'pkgdown', 'urlchecker', 'xfun',
  'zip', 'MASS', 'nlme', 'survival'

real	0m40.339s
user	0m11.566s
sys	0m3.942s
