+ Rscript -e 'Sys.setenv(BIOCONDUCTOR_USE_CONTAINER_REPOSITORY=FALSE);
  p <- .libPaths();
  p <- c('\''/tmp/library'\'', '\''/mnt/library'\'', p);
  .libPaths(p);
  if(BiocManager::install('\''MotifDb'\'', INSTALL_opts = '\''--build'\'', update = TRUE, quiet = FALSE, dependencies=TRUE, force = TRUE, keep_outputs = TRUE) %in% rownames(installed.packages())) q(status = 0) else q(status = 1)'
'getOption("repos")' replaces Bioconductor standard repositories, see
'help("repositories", package = "BiocManager")' for details.
Replacement repositories:
    CRAN: https://p3m.dev/cran/__linux__/noble/latest
Bioconductor version 3.24 (BiocManager 1.30.27), R 4.6.1 (2026-06-24)
Installing package(s) 'MotifDb'
trying URL 'https://bioconductor.org/packages/3.24/bioc/src/contrib/MotifDb_1.55.0.tar.gz'
Content type 'application/x-gzip' length 4383425 bytes (4.2 MB)
==================================================
downloaded 4.2 MB

* installing *source* package ‘MotifDb’ ...
** this is package ‘MotifDb’ version ‘1.55.0’
** package ‘MotifDb’ successfully unpacked and MD5 sums checked
** using staged installation
** R
** inst
** byte-compile and prepare package for lazy loading
** help
*** installing help indices
** building package indices
** installing vignettes
** testing if installed package can be loaded from temporary location
See system.file("LICENSE", package="MotifDb") for use restrictions.
** testing if installed package can be loaded from final location
See system.file("LICENSE", package="MotifDb") for use restrictions.
** testing if installed package keeps a record of temporary installation path
* SHA256 sums
* creating tarball
packaged installation of ‘MotifDb’ as ‘MotifDb_1.55.0_R_x86_64-pc-linux-gnu.tar.gz’
* DONE (MotifDb)

The downloaded source packages are in
	‘/tmp/RtmpNxUh59/downloaded_packages’

real	0m53.250s
user	0m43.999s
sys	0m5.518s
