+ Rscript -e 'Sys.setenv(BIOCONDUCTOR_USE_CONTAINER_REPOSITORY=FALSE);
  p <- .libPaths();
  p <- c('\''/tmp/library'\'', '\''/mnt/library'\'', p);
  .libPaths(p);
  if(BiocManager::install('\''HubPub'\'', INSTALL_opts = '\''--build'\'', update = TRUE, quiet = FALSE, dependencies=TRUE, force = TRUE, keep_outputs = TRUE) %in% rownames(installed.packages())) q(status = 0) else q(status = 1)'
'getOption("repos")' replaces Bioconductor standard repositories, see
'help("repositories", package = "BiocManager")' for details.
Replacement repositories:
    CRAN: https://p3m.dev/cran/__linux__/noble/latest
Bioconductor version 3.23 (BiocManager 1.30.27), R 4.6.1 (2026-06-24)
Installing package(s) 'HubPub'
also installing the dependencies ‘clisymbols’, ‘yesno’, ‘aws.signature’, ‘BiocCheck’, ‘OrganismDbi’, ‘AnnotationForge’, ‘available’, ‘aws.s3’, ‘AnnotationHubData’, ‘ExperimentHubData’, ‘GenomeInfoDbData’

trying URL 'https://p3m.dev/cran/__linux__/noble/latest/src/contrib/clisymbols_1.2.0.tar.gz'
trying URL 'https://p3m.dev/cran/__linux__/noble/latest/src/contrib/yesno_0.1.3.tar.gz'
trying URL 'https://p3m.dev/cran/__linux__/noble/latest/src/contrib/aws.signature_0.6.0.tar.gz'
trying URL 'https://bioconductor.org/packages/3.23/bioc/src/contrib/BiocCheck_1.48.1.tar.gz'
trying URL 'https://bioconductor.org/packages/3.23/bioc/src/contrib/OrganismDbi_1.54.0.tar.gz'
trying URL 'https://bioconductor.org/packages/3.23/bioc/src/contrib/AnnotationForge_1.54.0.tar.gz'
trying URL 'https://p3m.dev/cran/__linux__/noble/latest/src/contrib/available_1.1.0.tar.gz'
trying URL 'https://p3m.dev/cran/__linux__/noble/latest/src/contrib/aws.s3_0.3.22.tar.gz'
trying URL 'https://bioconductor.org/packages/3.23/bioc/src/contrib/AnnotationHubData_1.42.0.tar.gz'
trying URL 'https://bioconductor.org/packages/3.23/bioc/src/contrib/ExperimentHubData_1.38.0.tar.gz'
trying URL 'https://bioconductor.org/packages/3.23/data/annotation/src/contrib/GenomeInfoDbData_1.2.15.tar.gz'
trying URL 'https://bioconductor.org/packages/3.23/bioc/src/contrib/HubPub_1.20.0.tar.gz'
* installing *binary* package ‘clisymbols’ ...
* package ‘clisymbols’ successfully unpacked and SHA256 sums checked
* ‘clisymbols’ was already a binary package and will not be rebuilt
* SHA256 sums
* creating tarball
packaged installation of ‘clisymbols’ as ‘clisymbols_1.2.0_R_x86_64-pc-linux-gnu.tar.gz’
* DONE (clisymbols)
* installing *binary* package ‘yesno’ ...
* package ‘yesno’ successfully unpacked and SHA256 sums checked
* ‘yesno’ was already a binary package and will not be rebuilt
* SHA256 sums
* creating tarball
packaged installation of ‘yesno’ as ‘yesno_0.1.3_R_x86_64-pc-linux-gnu.tar.gz’
* DONE (yesno)
* installing *binary* package ‘aws.signature’ ...
* package ‘aws.signature’ successfully unpacked and SHA256 sums checked
* ‘aws.signature’ was already a binary package and will not be rebuilt
* SHA256 sums
* creating tarball
packaged installation of ‘aws.signature’ as ‘aws.signature_0.6.0_R_x86_64-pc-linux-gnu.tar.gz’
* DONE (aws.signature)
* installing *source* package ‘BiocCheck’ ...
** this is package ‘BiocCheck’ version ‘1.48.1’
** using staged installation
** R
** inst
** byte-compile and prepare package for lazy loading
** help
*** installing help indices
** building package indices
** installing vignettes
** testing if installed package can be loaded from temporary location
** testing if installed package can be loaded from final location
** testing if installed package keeps a record of temporary installation path
* SHA256 sums
* creating tarball
packaged installation of ‘BiocCheck’ as ‘BiocCheck_1.48.1_R_x86_64-pc-linux-gnu.tar.gz’
* DONE (BiocCheck)
* installing *source* package ‘OrganismDbi’ ...
** this is package ‘OrganismDbi’ version ‘1.54.0’
** using staged installation
** R
** inst
** byte-compile and prepare package for lazy loading

 *** caught segfault ***
address 0x9260, cause 'memory not mapped'
An irrecoverable exception occurred. R is aborting now ...
Segmentation fault (core dumped)
ERROR: lazy loading failed for package ‘OrganismDbi’
* removing ‘/tmp/library/OrganismDbi’
* installing *source* package ‘AnnotationForge’ ...
** this is package ‘AnnotationForge’ version ‘1.54.0’
** using staged installation
** R
** inst
** byte-compile and prepare package for lazy loading
** help
*** installing help indices
** building package indices
** installing vignettes
** testing if installed package can be loaded from temporary location
** testing if installed package can be loaded from final location
** testing if installed package keeps a record of temporary installation path
* SHA256 sums
* creating tarball
packaged installation of ‘AnnotationForge’ as ‘AnnotationForge_1.54.0_R_x86_64-pc-linux-gnu.tar.gz’
* DONE (AnnotationForge)
* installing *source* package ‘GenomeInfoDbData’ ...
** this is package ‘GenomeInfoDbData’ version ‘1.2.15’
** using staged installation
** data
** inst
** help
*** installing help indices
** building package indices
** testing if installed package can be loaded from temporary location
** testing if installed package can be loaded from final location
** testing if installed package keeps a record of temporary installation path
* SHA256 sums
* creating tarball
packaged installation of ‘GenomeInfoDbData’ as ‘GenomeInfoDbData_1.2.15_R_x86_64-pc-linux-gnu.tar.gz’
* DONE (GenomeInfoDbData)
* installing *binary* package ‘available’ ...
* package ‘available’ successfully unpacked and SHA256 sums checked
* ‘available’ was already a binary package and will not be rebuilt
* SHA256 sums
* creating tarball
packaged installation of ‘available’ as ‘available_1.1.0_R_x86_64-pc-linux-gnu.tar.gz’
* DONE (available)
* installing *binary* package ‘aws.s3’ ...
* package ‘aws.s3’ successfully unpacked and SHA256 sums checked
* ‘aws.s3’ was already a binary package and will not be rebuilt
* SHA256 sums
* creating tarball
packaged installation of ‘aws.s3’ as ‘aws.s3_0.3.22_R_x86_64-pc-linux-gnu.tar.gz’
* DONE (aws.s3)
ERROR: dependency ‘OrganismDbi’ is not available for package ‘AnnotationHubData’
Perhaps try a variation of:
install.packages('OrganismDbi')
* removing ‘/tmp/library/AnnotationHubData’
ERROR: dependency ‘AnnotationHubData’ is not available for package ‘ExperimentHubData’
Perhaps try a variation of:
install.packages('AnnotationHubData')
* removing ‘/tmp/library/ExperimentHubData’
* installing *source* package ‘HubPub’ ...
** this is package ‘HubPub’ version ‘1.20.0’
** using staged installation
** R
** inst
** byte-compile and prepare package for lazy loading
** help
*** installing help indices
** building package indices
** installing vignettes
** testing if installed package can be loaded from temporary location
** testing if installed package can be loaded from final location
** testing if installed package keeps a record of temporary installation path
* SHA256 sums
* creating tarball
packaged installation of ‘HubPub’ as ‘HubPub_1.20.0_R_x86_64-pc-linux-gnu.tar.gz’
* DONE (HubPub)

The downloaded source packages are in
	‘/tmp/RtmpNqr9Uu/downloaded_packages’
Old packages: 'diffobj', 'httr2', 'pak', 'pkgdown', 'urlchecker', 'xfun',
  'zip', 'MASS', 'nlme', 'survival'
Warning messages:
1: In install.packages(...) :
  installation of package ‘OrganismDbi’ had non-zero exit status
2: In install.packages(...) :
  installation of package ‘AnnotationHubData’ had non-zero exit status
3: In install.packages(...) :
  installation of package ‘ExperimentHubData’ had non-zero exit status

real	1m6.250s
user	0m43.626s
sys	0m9.478s
