+ Rscript -e 'Sys.setenv(BIOCONDUCTOR_USE_CONTAINER_REPOSITORY=FALSE);
  p <- .libPaths();
  p <- c('\''/tmp/library'\'', '\''/mnt/library'\'', p);
  .libPaths(p);
  if(BiocManager::install('\''rhdf5client'\'', INSTALL_opts = '\''--build'\'', update = TRUE, quiet = FALSE, dependencies=TRUE, force = TRUE, keep_outputs = TRUE) %in% rownames(installed.packages())) q(status = 0) else q(status = 1)'
'getOption("repos")' replaces Bioconductor standard repositories, see
'help("repositories", package = "BiocManager")' for details.
Replacement repositories:
    CRAN: https://p3m.dev/cran/__linux__/noble/latest
Bioconductor version 3.24 (BiocManager 1.30.27), R 4.6.1 (2026-06-24)
Installing package(s) 'rhdf5client'
trying URL 'https://bioconductor.org/packages/3.24/bioc/src/contrib/rhdf5client_1.35.2.tar.gz'
Content type 'application/x-gzip' length 547809 bytes (534 KB)
==================================================
downloaded 534 KB

* installing *source* package ‘rhdf5client’ ...
** this is package ‘rhdf5client’ version ‘1.35.2’
** package ‘rhdf5client’ successfully unpacked and MD5 sums checked
** using staged installation
** libs
using C compiler: ‘gcc (Ubuntu 13.3.0-6ubuntu2~24.04.1) 13.3.0’
gcc -std=gnu2x -I"/usr/local/lib/R/include" -DNDEBUG   -I/usr/local/include    -fpic  -g -O2 -fstack-protector-strong -Wformat -Werror=format-security -Wdate-time -D_FORTIFY_SOURCE=2 -g  -c extract.c -o extract.o
gcc -std=gnu2x -shared -L/usr/local/lib/R/lib -L/usr/local/lib -o rhdf5client.so extract.o -L/usr/local/lib/R/lib -lR
installing to /tmp/library/00LOCK-rhdf5client/00new/rhdf5client/libs
** R
** inst
** byte-compile and prepare package for lazy loading
** help
*** installing help indices
** building package indices
** installing vignettes
** testing if installed package can be loaded from temporary location
** checking absolute paths in shared objects and dynamic libraries
** testing if installed package can be loaded from final location
** testing if installed package keeps a record of temporary installation path
* SHA256 sums
* creating tarball
packaged installation of ‘rhdf5client’ as ‘rhdf5client_1.35.2_R_x86_64-pc-linux-gnu.tar.gz’
* DONE (rhdf5client)

The downloaded source packages are in
	‘/tmp/RtmphT2RMz/downloaded_packages’
Old packages: 'diffobj'

real	0m45.457s
user	0m20.692s
sys	0m4.309s
