+ Rscript -e 'Sys.setenv(BIOCONDUCTOR_USE_CONTAINER_REPOSITORY=FALSE);
  p <- .libPaths();
  p <- c('\''/tmp/library'\'', '\''/mnt/library'\'', p);
  .libPaths(p);
  if(BiocManager::install('\''megadepth'\'', INSTALL_opts = '\''--build'\'', update = TRUE, quiet = FALSE, dependencies=TRUE, force = TRUE, keep_outputs = TRUE) %in% rownames(installed.packages())) q(status = 0) else q(status = 1)'
'getOption("repos")' replaces Bioconductor standard repositories, see
'help("repositories", package = "BiocManager")' for details.
Replacement repositories:
    CRAN: https://p3m.dev/cran/__linux__/noble/latest
Bioconductor version 3.24 (BiocManager 1.30.27), R 4.6.1 (2026-06-24)
Installing package(s) 'megadepth'
also installing the dependencies ‘cmdfun’, ‘derfinder’

trying URL 'https://p3m.dev/cran/__linux__/noble/latest/src/contrib/cmdfun_1.0.2.tar.gz'
trying URL 'https://bioconductor.org/packages/3.24/bioc/src/contrib/derfinder_1.47.0.tar.gz'
trying URL 'https://bioconductor.org/packages/3.24/bioc/src/contrib/megadepth_1.23.0.tar.gz'
* installing *binary* package ‘cmdfun’ ...
* package ‘cmdfun’ successfully unpacked and SHA256 sums checked
* ‘cmdfun’ was already a binary package and will not be rebuilt
* SHA256 sums
* creating tarball
packaged installation of ‘cmdfun’ as ‘cmdfun_1.0.2_R_x86_64-pc-linux-gnu.tar.gz’
* DONE (cmdfun)
* installing *source* package ‘derfinder’ ...
** this is package ‘derfinder’ version ‘1.47.0’
** package ‘derfinder’ successfully unpacked and MD5 sums checked
** using staged installation
** R
** data
*** moving datasets to lazyload DB
** inst
** byte-compile and prepare package for lazy loading
** help
*** installing help indices
** building package indices
** installing vignettes
** testing if installed package can be loaded from temporary location
** testing if installed package can be loaded from final location
** testing if installed package keeps a record of temporary installation path
* SHA256 sums
* creating tarball
packaged installation of ‘derfinder’ as ‘derfinder_1.47.0_R_x86_64-pc-linux-gnu.tar.gz’
* DONE (derfinder)
* installing *source* package ‘megadepth’ ...
** this is package ‘megadepth’ version ‘1.23.0’
** package ‘megadepth’ successfully unpacked and MD5 sums checked
** using staged installation
** R
** inst
** byte-compile and prepare package for lazy loading
** help
*** installing help indices
** building package indices
** installing vignettes
** testing if installed package can be loaded from temporary location
** testing if installed package can be loaded from final location
** testing if installed package keeps a record of temporary installation path
* SHA256 sums
* creating tarball
packaged installation of ‘megadepth’ as ‘megadepth_1.23.0_R_x86_64-pc-linux-gnu.tar.gz’
* DONE (megadepth)

The downloaded source packages are in
	‘/tmp/Rtmp4xChZx/downloaded_packages’

real	1m8.552s
user	0m52.477s
sys	0m7.177s
