+ Rscript -e 'Sys.setenv(BIOCONDUCTOR_USE_CONTAINER_REPOSITORY=FALSE);
  p <- .libPaths();
  p <- c('\''/tmp/library'\'', '\''/mnt/library'\'', p);
  .libPaths(p);
  if(BiocManager::install('\''postNet'\'', INSTALL_opts = '\''--build'\'', update = TRUE, quiet = FALSE, dependencies=TRUE, force = TRUE, keep_outputs = TRUE) %in% rownames(installed.packages())) q(status = 0) else q(status = 1)'
'getOption("repos")' replaces Bioconductor standard repositories, see
'help("repositories", package = "BiocManager")' for details.
Replacement repositories:
    CRAN: https://p3m.dev/cran/__linux__/noble/latest
Bioconductor version 3.24 (BiocManager 1.30.27), R 4.6.1 (2026-06-24)
Installing package(s) 'postNet'
also installing the dependencies ‘fru’, ‘Boruta’, ‘pdftools’

trying URL 'https://p3m.dev/cran/__linux__/noble/latest/src/contrib/fru_0.0.7.tar.gz'
trying URL 'https://p3m.dev/cran/__linux__/noble/latest/src/contrib/Boruta_10.0.0.tar.gz'
trying URL 'https://p3m.dev/cran/__linux__/noble/latest/src/contrib/pdftools_3.9.0.tar.gz'
trying URL 'https://bioconductor.org/packages/3.24/bioc/src/contrib/postNet_1.1.0.tar.gz'
* installing *binary* package ‘fru’ ...
* package ‘fru’ successfully unpacked and SHA256 sums checked
* ‘fru’ was already a binary package and will not be rebuilt
* SHA256 sums
* creating tarball
packaged installation of ‘fru’ as ‘fru_0.0.7_R_x86_64-pc-linux-gnu.tar.gz’
* DONE (fru)
* installing *binary* package ‘pdftools’ ...
* package ‘pdftools’ successfully unpacked and SHA256 sums checked
* ‘pdftools’ was already a binary package and will not be rebuilt
* SHA256 sums
* creating tarball
packaged installation of ‘pdftools’ as ‘pdftools_3.9.0_R_x86_64-pc-linux-gnu.tar.gz’
* DONE (pdftools)
* installing *binary* package ‘Boruta’ ...
* package ‘Boruta’ successfully unpacked and SHA256 sums checked
* ‘Boruta’ was already a binary package and will not be rebuilt
* SHA256 sums
* creating tarball
packaged installation of ‘Boruta’ as ‘Boruta_10.0.0_R_x86_64-pc-linux-gnu.tar.gz’
* DONE (Boruta)
* installing *source* package ‘postNet’ ...
** this is package ‘postNet’ version ‘1.1.0’
** package ‘postNet’ successfully unpacked and MD5 sums checked
** using staged installation
** libs
using C++ compiler: ‘g++ (Ubuntu 13.3.0-6ubuntu2~24.04.1) 13.3.0’
g++ -std=gnu++20 -I"/usr/local/lib/R/include" -DNDEBUG  -I'/usr/local/lib/R/site-library/Rcpp/include' -I'/mnt/library/BH/include' -I/usr/local/include    -fpic  -g -O2 -fstack-protector-strong -Wformat -Werror=format-security -Wdate-time -D_FORTIFY_SOURCE=2 -g   -c RcppExports.cpp -o RcppExports.o
g++ -std=gnu++20 -I"/usr/local/lib/R/include" -DNDEBUG  -I'/usr/local/lib/R/site-library/Rcpp/include' -I'/mnt/library/BH/include' -I/usr/local/include    -fpic  -g -O2 -fstack-protector-strong -Wformat -Werror=format-security -Wdate-time -D_FORTIFY_SOURCE=2 -g   -c pqsfinder.cpp -o pqsfinder.o
g++ -std=gnu++20 -I"/usr/local/lib/R/include" -DNDEBUG  -I'/usr/local/lib/R/site-library/Rcpp/include' -I'/mnt/library/BH/include' -I/usr/local/include    -fpic  -g -O2 -fstack-protector-strong -Wformat -Werror=format-security -Wdate-time -D_FORTIFY_SOURCE=2 -g   -c boost_regex/regex.cpp -o boost_regex/regex.o
g++ -std=gnu++20 -I"/usr/local/lib/R/include" -DNDEBUG  -I'/usr/local/lib/R/site-library/Rcpp/include' -I'/mnt/library/BH/include' -I/usr/local/include    -fpic  -g -O2 -fstack-protector-strong -Wformat -Werror=format-security -Wdate-time -D_FORTIFY_SOURCE=2 -g   -c boost_regex/regex_debug.cpp -o boost_regex/regex_debug.o
g++ -std=gnu++20 -I"/usr/local/lib/R/include" -DNDEBUG  -I'/usr/local/lib/R/site-library/Rcpp/include' -I'/mnt/library/BH/include' -I/usr/local/include    -fpic  -g -O2 -fstack-protector-strong -Wformat -Werror=format-security -Wdate-time -D_FORTIFY_SOURCE=2 -g   -c boost_regex/static_mutex.cpp -o boost_regex/static_mutex.o
g++ -std=gnu++20 -shared -L/usr/local/lib/R/lib -L/usr/local/lib -o postNet.so RcppExports.o pqsfinder.o boost_regex/regex.o boost_regex/regex_debug.o boost_regex/static_mutex.o -L/usr/local/lib/R/lib -lR
installing to /tmp/library/00LOCK-postNet/00new/postNet/libs
** R
** data
** inst
** byte-compile and prepare package for lazy loading
** help
*** installing help indices
** building package indices
** installing vignettes
** testing if installed package can be loaded from temporary location
** checking absolute paths in shared objects and dynamic libraries
** testing if installed package can be loaded from final location
** testing if installed package keeps a record of temporary installation path
* SHA256 sums
* creating tarball
packaged installation of ‘postNet’ as ‘postNet_1.1.0_R_x86_64-pc-linux-gnu.tar.gz’
* DONE (postNet)

The downloaded source packages are in
	‘/tmp/RtmpWhktaf/downloaded_packages’

real	0m48.659s
user	0m37.563s
sys	0m5.733s
