+ Rscript -e 'Sys.setenv(BIOCONDUCTOR_USE_CONTAINER_REPOSITORY=FALSE);
  p <- .libPaths();
  p <- c('\''/tmp/library'\'', '\''/mnt/library'\'', p);
  .libPaths(p);
  if(BiocManager::install('\''epimutacions'\'', INSTALL_opts = '\''--build'\'', update = TRUE, quiet = FALSE, dependencies=TRUE, force = TRUE, keep_outputs = TRUE) %in% rownames(installed.packages())) q(status = 0) else q(status = 1)'
'getOption("repos")' replaces Bioconductor standard repositories, see
'help("repositories", package = "BiocManager")' for details.
Replacement repositories:
    CRAN: https://p3m.dev/cran/__linux__/noble/latest
Bioconductor version 3.23 (BiocManager 1.30.27), R 4.6.1 (2026-06-24)
Installing package(s) 'epimutacions'
also installing the dependency ‘epimutacionsData’

trying URL 'https://bioconductor.org/packages/3.23/data/experiment/src/contrib/epimutacionsData_1.16.0.tar.gz'
trying URL 'https://bioconductor.org/packages/3.23/bioc/src/contrib/epimutacions_1.16.0.tar.gz'
* installing *source* package ‘epimutacionsData’ ...
** this is package ‘epimutacionsData’ version ‘1.16.0’
** using staged installation
** inst
** help
No man pages found in package  ‘epimutacionsData’ 
*** installing help indices
** building package indices
** installing vignettes
** testing if installed package can be loaded from temporary location
** testing if installed package can be loaded from final location
** testing if installed package keeps a record of temporary installation path
* SHA256 sums
* creating tarball
packaged installation of ‘epimutacionsData’ as ‘epimutacionsData_1.16.0_R_x86_64-pc-linux-gnu.tar.gz’
* DONE (epimutacionsData)
* installing *source* package ‘epimutacions’ ...
** this is package ‘epimutacions’ version ‘1.16.0’
** using staged installation
** libs
using C compiler: ‘gcc (Ubuntu 13.3.0-6ubuntu2~24.04.1) 13.3.0’
using C++ compiler: ‘g++ (Ubuntu 13.3.0-6ubuntu2~24.04.1) 13.3.0’
gcc -std=gnu2x -I"/usr/local/lib/R/include" -DNDEBUG   -I/usr/local/include    -fpic  -g -O2 -fstack-protector-strong -Wformat -Werror=format-security -Wdate-time -D_FORTIFY_SOURCE=2 -g  -c mlm_init.c -o mlm_init.o
g++ -std=gnu++20 -I"/usr/local/lib/R/include" -DNDEBUG   -I/usr/local/include    -fpic  -g -O2 -fstack-protector-strong -Wformat -Werror=format-security -Wdate-time -D_FORTIFY_SOURCE=2 -g   -c ruben.cpp -o ruben.o
g++ -std=gnu++20 -shared -L/usr/local/lib/R/lib -L/usr/local/lib -o epimutacions.so mlm_init.o ruben.o -L/usr/local/lib/R/lib -lR
installing to /tmp/library/00LOCK-epimutacions/00new/epimutacions/libs
** R
** data
** inst
** byte-compile and prepare package for lazy loading
** help
*** installing help indices
** building package indices
** installing vignettes
** testing if installed package can be loaded from temporary location
** checking absolute paths in shared objects and dynamic libraries
** testing if installed package can be loaded from final location
** testing if installed package keeps a record of temporary installation path
* SHA256 sums
* creating tarball
packaged installation of ‘epimutacions’ as ‘epimutacions_1.16.0_R_x86_64-pc-linux-gnu.tar.gz’
* DONE (epimutacions)

The downloaded source packages are in
	‘/tmp/Rtmp8rwfXB/downloaded_packages’
Old packages: 'diffobj', 'httr2', 'pak', 'pkgdown', 'urlchecker', 'xfun',
  'zip', 'MASS', 'nlme', 'survival'

real	1m28.515s
user	1m7.516s
sys	0m9.617s
