+ Rscript -e 'Sys.setenv(BIOCONDUCTOR_USE_CONTAINER_REPOSITORY=FALSE);
  p <- .libPaths();
  p <- c('\''/tmp/library'\'', '\''/mnt/library'\'', p);
  .libPaths(p);
  if(BiocManager::install('\''squallms'\'', INSTALL_opts = '\''--build'\'', update = TRUE, quiet = FALSE, dependencies=TRUE, force = TRUE, keep_outputs = TRUE) %in% rownames(installed.packages())) q(status = 0) else q(status = 1)'
'getOption("repos")' replaces Bioconductor standard repositories, see
'help("repositories", package = "BiocManager")' for details.
Replacement repositories:
    CRAN: https://p3m.dev/cran/__linux__/noble/latest
Bioconductor version 3.23 (BiocManager 1.30.27), R 4.6.1 (2026-06-24)
Installing package(s) 'squallms'
also installing the dependencies ‘RaMS’, ‘keys’

trying URL 'https://p3m.dev/cran/__linux__/noble/latest/src/contrib/RaMS_1.4.3.tar.gz'
trying URL 'https://p3m.dev/cran/__linux__/noble/latest/src/contrib/keys_0.1.1.tar.gz'
trying URL 'https://bioconductor.org/packages/3.23/bioc/src/contrib/squallms_1.6.0.tar.gz'
* installing *binary* package ‘RaMS’ ...
* package ‘RaMS’ successfully unpacked and SHA256 sums checked
* ‘RaMS’ was already a binary package and will not be rebuilt
* SHA256 sums
* creating tarball
packaged installation of ‘RaMS’ as ‘RaMS_1.4.3_R_x86_64-pc-linux-gnu.tar.gz’
* DONE (RaMS)
* installing *binary* package ‘keys’ ...
* package ‘keys’ successfully unpacked and SHA256 sums checked
* ‘keys’ was already a binary package and will not be rebuilt
* SHA256 sums
* creating tarball
packaged installation of ‘keys’ as ‘keys_0.1.1_R_x86_64-pc-linux-gnu.tar.gz’
* DONE (keys)
* installing *source* package ‘squallms’ ...
** this is package ‘squallms’ version ‘1.6.0’
** using staged installation
** R
** inst
** byte-compile and prepare package for lazy loading
Error in loadNamespace(j <- i[[1L]], c(lib.loc, .libPaths()), versionCheck = vI[[j]]) : 
  there is no package called ‘ModelMetrics’
Calls: <Anonymous> ... loadNamespace -> withRestarts -> withOneRestart -> doWithOneRestart
Execution halted
ERROR: lazy loading failed for package ‘squallms’
* removing ‘/tmp/library/squallms’

The downloaded source packages are in
	‘/tmp/RtmpiOZJ5p/downloaded_packages’
Old packages: 'diffobj', 'httr2', 'pak', 'pkgdown', 'urlchecker', 'xfun',
  'zip', 'MASS', 'nlme', 'survival'
Warning message:
In install.packages(...) :
  installation of package ‘squallms’ had non-zero exit status

real	0m29.466s
user	0m20.526s
sys	0m4.047s
