+ Rscript -e 'Sys.setenv(BIOCONDUCTOR_USE_CONTAINER_REPOSITORY=FALSE);
  p <- .libPaths();
  p <- c('\''/tmp/library'\'', '\''/mnt/library'\'', p);
  .libPaths(p);
  if(BiocManager::install('\''scBatchQC'\'', INSTALL_opts = '\''--build'\'', update = TRUE, quiet = FALSE, dependencies=TRUE, force = TRUE, keep_outputs = TRUE) %in% rownames(installed.packages())) q(status = 0) else q(status = 1)'
'getOption("repos")' replaces Bioconductor standard repositories, see
'help("repositories", package = "BiocManager")' for details.
Replacement repositories:
    CRAN: https://p3m.dev/cran/__linux__/noble/latest
Bioconductor version 3.24 (BiocManager 1.30.27), R 4.6.1 (2026-06-24)
Installing package(s) 'scBatchQC'
also installing the dependency ‘scDblFinder’

trying URL 'https://bioconductor.org/packages/3.24/bioc/src/contrib/scDblFinder_1.27.6.tar.gz'
trying URL 'https://bioconductor.org/packages/3.24/bioc/src/contrib/scBatchQC_0.99.3.tar.gz'
* installing *source* package ‘scDblFinder’ ...
** this is package ‘scDblFinder’ version ‘1.27.6’
** package ‘scDblFinder’ successfully unpacked and MD5 sums checked
** using staged installation
** R
** inst
** byte-compile and prepare package for lazy loading
** help
*** installing help indices
** building package indices
** installing vignettes
** testing if installed package can be loaded from temporary location
** testing if installed package can be loaded from final location
** testing if installed package keeps a record of temporary installation path
* SHA256 sums
* creating tarball
packaged installation of ‘scDblFinder’ as ‘scDblFinder_1.27.6_R_x86_64-pc-linux-gnu.tar.gz’
* DONE (scDblFinder)
* installing *source* package ‘scBatchQC’ ...
** this is package ‘scBatchQC’ version ‘0.99.3’
** package ‘scBatchQC’ successfully unpacked and MD5 sums checked
** using staged installation
** R
** inst
** byte-compile and prepare package for lazy loading
** help
*** installing help indices
*** copying figures
** building package indices
** installing vignettes
** testing if installed package can be loaded from temporary location
** testing if installed package can be loaded from final location
** testing if installed package keeps a record of temporary installation path
* SHA256 sums
* creating tarball
packaged installation of ‘scBatchQC’ as ‘scBatchQC_0.99.3_R_x86_64-pc-linux-gnu.tar.gz’
* DONE (scBatchQC)

The downloaded source packages are in
	‘/tmp/RtmpgXeBuz/downloaded_packages’

real	1m18.015s
user	1m3.172s
sys	0m8.485s
