+ Rscript -e 'Sys.setenv(BIOCONDUCTOR_USE_CONTAINER_REPOSITORY=FALSE);
  p <- .libPaths();
  p <- c('\''/tmp/library'\'', '\''/mnt/library'\'', p);
  .libPaths(p);
  if(BiocManager::install('\''Chromatograms'\'', INSTALL_opts = '\''--build'\'', update = TRUE, quiet = FALSE, dependencies=TRUE, force = TRUE, keep_outputs = TRUE) %in% rownames(installed.packages())) q(status = 0) else q(status = 1)'
'getOption("repos")' replaces Bioconductor standard repositories, see
'help("repositories", package = "BiocManager")' for details.
Replacement repositories:
    CRAN: https://p3m.dev/cran/__linux__/noble/latest
Bioconductor version 3.24 (BiocManager 1.30.27), R 4.6.1 (2026-06-24)
Installing package(s) 'Chromatograms'
also installing the dependencies ‘msdata’, ‘MsBackendMetaboLights’

trying URL 'https://bioconductor.org/packages/3.24/data/experiment/src/contrib/msdata_0.53.0.tar.gz'
trying URL 'https://bioconductor.org/packages/3.24/bioc/src/contrib/MsBackendMetaboLights_1.7.3.tar.gz'
trying URL 'https://bioconductor.org/packages/3.24/bioc/src/contrib/Chromatograms_1.3.1.tar.gz'
* installing *source* package ‘msdata’ ...
** this is package ‘msdata’ version ‘0.53.0’
** using staged installation
** R
** data
** inst
** byte-compile and prepare package for lazy loading
** help
*** installing help indices
** building package indices
** testing if installed package can be loaded from temporary location
** testing if installed package can be loaded from final location
** testing if installed package keeps a record of temporary installation path
* SHA256 sums
* creating tarball
packaged installation of ‘msdata’ as ‘msdata_0.53.0_R_x86_64-pc-linux-gnu.tar.gz’
* DONE (msdata)
* installing *source* package ‘MsBackendMetaboLights’ ...
** this is package ‘MsBackendMetaboLights’ version ‘1.7.3’
** package ‘MsBackendMetaboLights’ successfully unpacked and MD5 sums checked
** using staged installation
** R
** inst
** byte-compile and prepare package for lazy loading
** help
*** installing help indices
*** copying figures
** building package indices
** installing vignettes
** testing if installed package can be loaded from temporary location
** testing if installed package can be loaded from final location
** testing if installed package keeps a record of temporary installation path
* SHA256 sums
* creating tarball
packaged installation of ‘MsBackendMetaboLights’ as ‘MsBackendMetaboLights_1.7.3_R_x86_64-pc-linux-gnu.tar.gz’
* DONE (MsBackendMetaboLights)
* installing *source* package ‘Chromatograms’ ...
** this is package ‘Chromatograms’ version ‘1.3.1’
** package ‘Chromatograms’ successfully unpacked and MD5 sums checked
** using staged installation
** R
** inst
** byte-compile and prepare package for lazy loading
** help
*** installing help indices
** building package indices
** installing vignettes
** testing if installed package can be loaded from temporary location
** testing if installed package can be loaded from final location
** testing if installed package keeps a record of temporary installation path
* SHA256 sums
* creating tarball
packaged installation of ‘Chromatograms’ as ‘Chromatograms_1.3.1_R_x86_64-pc-linux-gnu.tar.gz’
* DONE (Chromatograms)

The downloaded source packages are in
	‘/tmp/RtmpusrxZd/downloaded_packages’
Old packages: 'diffobj'

real	1m3.111s
user	0m53.347s
sys	0m6.668s
