+ Rscript -e 'Sys.setenv(BIOCONDUCTOR_USE_CONTAINER_REPOSITORY=FALSE);
  p <- .libPaths();
  p <- c('\''/tmp/library'\'', '\''/mnt/library'\'', p);
  .libPaths(p);
  if(BiocManager::install('\''pepStat'\'', INSTALL_opts = '\''--build'\'', update = TRUE, quiet = FALSE, dependencies=TRUE, force = TRUE, keep_outputs = TRUE) %in% rownames(installed.packages())) q(status = 0) else q(status = 1)'
'getOption("repos")' replaces Bioconductor standard repositories, see
'help("repositories", package = "BiocManager")' for details.
Replacement repositories:
    CRAN: https://p3m.dev/cran/__linux__/noble/latest
Bioconductor version 3.24 (BiocManager 1.30.27), R 4.6.1 (2026-06-24)
Installing package(s) 'pepStat'
also installing the dependencies ‘pepDat’, ‘Pviz’

trying URL 'https://bioconductor.org/packages/3.24/data/experiment/src/contrib/pepDat_1.33.0.tar.gz'
trying URL 'https://bioconductor.org/packages/3.24/bioc/src/contrib/Pviz_1.47.0.tar.gz'
trying URL 'https://bioconductor.org/packages/3.24/bioc/src/contrib/pepStat_1.47.0.tar.gz'
* installing *source* package ‘pepDat’ ...
** this is package ‘pepDat’ version ‘1.33.0’
** using staged installation
** R
** data
** inst
** byte-compile and prepare package for lazy loading
** help
*** installing help indices
** building package indices
** installing vignettes
** testing if installed package can be loaded from temporary location
** testing if installed package can be loaded from final location
** testing if installed package keeps a record of temporary installation path
* SHA256 sums
* creating tarball
packaged installation of ‘pepDat’ as ‘pepDat_1.33.0_R_x86_64-pc-linux-gnu.tar.gz’
* DONE (pepDat)
* installing *source* package ‘Pviz’ ...
** this is package ‘Pviz’ version ‘1.47.0’
** package ‘Pviz’ successfully unpacked and MD5 sums checked
** using staged installation
** R
** inst
** byte-compile and prepare package for lazy loading
** help
*** installing help indices
** building package indices
** installing vignettes
** testing if installed package can be loaded from temporary location
** testing if installed package can be loaded from final location
** testing if installed package keeps a record of temporary installation path
* SHA256 sums
* creating tarball
packaged installation of ‘Pviz’ as ‘Pviz_1.47.0_R_x86_64-pc-linux-gnu.tar.gz’
* DONE (Pviz)
* installing *source* package ‘pepStat’ ...
** this is package ‘pepStat’ version ‘1.47.0’
** package ‘pepStat’ successfully unpacked and MD5 sums checked
** using staged installation
** R
** inst
** byte-compile and prepare package for lazy loading
No methods found in package ‘GenomicRanges’ for request: ‘mcols<-’ when loading ‘pepStat’
No methods found in package ‘GenomicRanges’ for request: ‘mcols’ when loading ‘pepStat’
No methods found in package ‘IRanges’ for request: ‘values<-’ when loading ‘pepStat’
No methods found in package ‘IRanges’ for request: ‘values’ when loading ‘pepStat’
** help
*** installing help indices
** building package indices
** installing vignettes
** testing if installed package can be loaded from temporary location
No methods found in package ‘GenomicRanges’ for request: ‘mcols<-’ when loading ‘pepStat’
No methods found in package ‘GenomicRanges’ for request: ‘mcols’ when loading ‘pepStat’
No methods found in package ‘IRanges’ for request: ‘values<-’ when loading ‘pepStat’
No methods found in package ‘IRanges’ for request: ‘values’ when loading ‘pepStat’
** testing if installed package can be loaded from final location
No methods found in package ‘GenomicRanges’ for request: ‘mcols<-’ when loading ‘pepStat’
No methods found in package ‘GenomicRanges’ for request: ‘mcols’ when loading ‘pepStat’
No methods found in package ‘IRanges’ for request: ‘values<-’ when loading ‘pepStat’
No methods found in package ‘IRanges’ for request: ‘values’ when loading ‘pepStat’
** testing if installed package keeps a record of temporary installation path
* SHA256 sums
* creating tarball
packaged installation of ‘pepStat’ as ‘pepStat_1.47.0_R_x86_64-pc-linux-gnu.tar.gz’
* DONE (pepStat)

The downloaded source packages are in
	‘/tmp/RtmpDlE6Yb/downloaded_packages’
Old packages: 'diffobj'

real	1m57.517s
user	1m43.095s
sys	0m9.136s
