+ Rscript -e 'Sys.setenv(BIOCONDUCTOR_USE_CONTAINER_REPOSITORY=FALSE);
  p <- .libPaths();
  p <- c('\''/tmp/library'\'', '\''/mnt/library'\'', p);
  .libPaths(p);
  if(BiocManager::install('\''attract'\'', INSTALL_opts = '\''--build'\'', update = TRUE, quiet = FALSE, dependencies=TRUE, force = TRUE, keep_outputs = TRUE) %in% rownames(installed.packages())) q(status = 0) else q(status = 1)'
'getOption("repos")' replaces Bioconductor standard repositories, see
'help("repositories", package = "BiocManager")' for details.
Replacement repositories:
    CRAN: https://p3m.dev/cran/__linux__/noble/latest
Bioconductor version 3.23 (BiocManager 1.30.27), R 4.6.1 (2026-06-24)
Installing package(s) 'attract'
also installing the dependency ‘illuminaHumanv1.db’

trying URL 'https://bioconductor.org/packages/3.23/data/annotation/src/contrib/illuminaHumanv1.db_1.26.0.tar.gz'
trying URL 'https://bioconductor.org/packages/3.23/bioc/src/contrib/attract_1.64.0.tar.gz'
* installing *source* package ‘illuminaHumanv1.db’ ...
** this is package ‘illuminaHumanv1.db’ version ‘1.26.0’
** using staged installation
** R
** inst
** byte-compile and prepare package for lazy loading
** help
*** installing help indices
** building package indices
** testing if installed package can be loaded from temporary location
** testing if installed package can be loaded from final location
** testing if installed package keeps a record of temporary installation path
* SHA256 sums
* creating tarball
packaged installation of ‘illuminaHumanv1.db’ as ‘illuminaHumanv1.db_1.26.0_R_x86_64-pc-linux-gnu.tar.gz’
* DONE (illuminaHumanv1.db)
* installing *source* package ‘attract’ ...
** this is package ‘attract’ version ‘1.64.0’
** using staged installation
** R
** data
** inst
** byte-compile and prepare package for lazy loading
** help
*** installing help indices
** building package indices
** installing vignettes
** testing if installed package can be loaded from temporary location
** testing if installed package can be loaded from final location
** testing if installed package keeps a record of temporary installation path
* SHA256 sums
* creating tarball
packaged installation of ‘attract’ as ‘attract_1.64.0_R_x86_64-pc-linux-gnu.tar.gz’
* DONE (attract)

The downloaded source packages are in
	‘/tmp/RtmpLGeQdk/downloaded_packages’
Old packages: 'diffobj', 'httr2', 'pak', 'pkgdown', 'urlchecker', 'xfun',
  'zip', 'MASS', 'nlme', 'survival'

real	0m50.011s
user	0m38.737s
sys	0m6.764s
