+ Rscript -e 'Sys.setenv(BIOCONDUCTOR_USE_CONTAINER_REPOSITORY=FALSE);
  p <- .libPaths();
  p <- c('\''/tmp/library'\'', '\''/mnt/library'\'', p);
  .libPaths(p);
  if(BiocManager::install('\''MSPrep'\'', INSTALL_opts = '\''--build'\'', update = TRUE, quiet = FALSE, dependencies=TRUE, force = TRUE, keep_outputs = TRUE) %in% rownames(installed.packages())) q(status = 0) else q(status = 1)'
'getOption("repos")' replaces Bioconductor standard repositories, see
'help("repositories", package = "BiocManager")' for details.
Replacement repositories:
    CRAN: https://p3m.dev/cran/__linux__/noble/latest
Bioconductor version 3.23 (BiocManager 1.30.27), R 4.6.1 (2026-06-24)
Installing package(s) 'MSPrep'
also installing the dependency ‘crmn’

trying URL 'https://p3m.dev/cran/__linux__/noble/latest/src/contrib/crmn_0.0.21.tar.gz'
trying URL 'https://bioconductor.org/packages/3.23/bioc/src/contrib/MSPrep_1.21.1.tar.gz'
* installing *binary* package ‘crmn’ ...
* package ‘crmn’ successfully unpacked and SHA256 sums checked
* ‘crmn’ was already a binary package and will not be rebuilt
* SHA256 sums
* creating tarball
packaged installation of ‘crmn’ as ‘crmn_0.0.21_R_x86_64-pc-linux-gnu.tar.gz’
* DONE (crmn)
* installing *source* package ‘MSPrep’ ...
** this is package ‘MSPrep’ version ‘1.21.1’
** using staged installation
** R
** data
** inst
** byte-compile and prepare package for lazy loading
** help
*** installing help indices
** building package indices
** installing vignettes
** testing if installed package can be loaded from temporary location
** testing if installed package can be loaded from final location
** testing if installed package keeps a record of temporary installation path
* SHA256 sums
* creating tarball
packaged installation of ‘MSPrep’ as ‘MSPrep_1.21.1_R_x86_64-pc-linux-gnu.tar.gz’
* DONE (MSPrep)

The downloaded source packages are in
	‘/tmp/Rtmp8jXmYM/downloaded_packages’
Old packages: 'diffobj', 'httr2', 'pak', 'pkgdown', 'urlchecker', 'xfun',
  'zip', 'MASS', 'nlme', 'survival'

real	0m54.557s
user	0m39.559s
sys	0m5.464s
