+ Rscript -e 'Sys.setenv(BIOCONDUCTOR_USE_CONTAINER_REPOSITORY=FALSE);
  p <- .libPaths();
  p <- c('\''/tmp/library'\'', '\''/mnt/library'\'', p);
  .libPaths(p);
  if(BiocManager::install('\''OAtools'\'', INSTALL_opts = '\''--build'\'', update = TRUE, quiet = FALSE, dependencies=TRUE, force = TRUE, keep_outputs = TRUE) %in% rownames(installed.packages())) q(status = 0) else q(status = 1)'
'getOption("repos")' replaces Bioconductor standard repositories, see
'help("repositories", package = "BiocManager")' for details.
Replacement repositories:
    CRAN: https://p3m.dev/cran/__linux__/noble/latest
Bioconductor version 3.24 (BiocManager 1.30.27), R 4.6.1 (2026-06-24)
Installing package(s) 'OAtools'
trying URL 'https://bioconductor.org/packages/3.24/bioc/src/contrib/OAtools_1.1.0.tar.gz'
Content type 'application/x-gzip' length 1072419 bytes (1.0 MB)
==================================================
downloaded 1.0 MB

* installing *source* package ‘OAtools’ ...
** this is package ‘OAtools’ version ‘1.1.0’
** package ‘OAtools’ successfully unpacked and MD5 sums checked
** using non-staged installation via StagedInstall field
** R
** data
** inst
** byte-compile and prepare package for lazy loading
** help
*** installing help indices
** building package indices
** installing vignettes
** testing if installed package can be loaded
* SHA256 sums
* creating tarball
packaged installation of ‘OAtools’ as ‘OAtools_1.1.0_R_x86_64-pc-linux-gnu.tar.gz’
* DONE (OAtools)

The downloaded source packages are in
	‘/tmp/Rtmp3fLxn3/downloaded_packages’
Old packages: 'diffobj'

real	0m29.959s
user	0m21.460s
sys	0m4.182s
