+ Rscript -e 'Sys.setenv(BIOCONDUCTOR_USE_CONTAINER_REPOSITORY=FALSE);
  p <- .libPaths();
  p <- c('\''/tmp/library'\'', '\''/mnt/library'\'', p);
  .libPaths(p);
  if(BiocManager::install('\''OLIN'\'', INSTALL_opts = '\''--build'\'', update = TRUE, quiet = FALSE, dependencies=TRUE, force = TRUE, keep_outputs = TRUE) %in% rownames(installed.packages())) q(status = 0) else q(status = 1)'
'getOption("repos")' replaces Bioconductor standard repositories, see
'help("repositories", package = "BiocManager")' for details.
Replacement repositories:
    CRAN: https://p3m.dev/cran/__linux__/noble/latest
Bioconductor version 3.24 (BiocManager 1.30.27), R 4.6.1 (2026-06-24)
Installing package(s) 'OLIN'
also installing the dependency ‘convert’

trying URL 'https://bioconductor.org/packages/3.24/bioc/src/contrib/convert_1.89.0.tar.gz'
trying URL 'https://bioconductor.org/packages/3.24/bioc/src/contrib/OLIN_1.91.0.tar.gz'
* installing *source* package ‘convert’ ...
** this is package ‘convert’ version ‘1.89.0’
** package ‘convert’ successfully unpacked and MD5 sums checked
** using staged installation
** R
** inst
** byte-compile and prepare package for lazy loading
** help
*** installing help indices
** building package indices
** installing vignettes
** testing if installed package can be loaded from temporary location
** testing if installed package can be loaded from final location
** testing if installed package keeps a record of temporary installation path
* SHA256 sums
* creating tarball
packaged installation of ‘convert’ as ‘convert_1.89.0_R_x86_64-pc-linux-gnu.tar.gz’
* DONE (convert)
* installing *source* package ‘OLIN’ ...
** this is package ‘OLIN’ version ‘1.91.0’
** package ‘OLIN’ successfully unpacked and MD5 sums checked
** using staged installation
** R
** data
** inst
** byte-compile and prepare package for lazy loading
** help
*** installing help indices
** building package indices
** installing vignettes
** testing if installed package can be loaded from temporary location
** testing if installed package can be loaded from final location
** testing if installed package keeps a record of temporary installation path
* SHA256 sums
* creating tarball
packaged installation of ‘OLIN’ as ‘OLIN_1.91.0_R_x86_64-pc-linux-gnu.tar.gz’
* DONE (OLIN)

The downloaded source packages are in
	‘/tmp/Rtmp5O7Ofc/downloaded_packages’

real	0m16.737s
user	0m10.317s
sys	0m3.275s
