+ Rscript -e 'Sys.setenv(BIOCONDUCTOR_USE_CONTAINER_REPOSITORY=FALSE);
  p <- .libPaths();
  p <- c('\''/tmp/library'\'', '\''/mnt/library'\'', p);
  .libPaths(p);
  if(BiocManager::install('\''biobtreeR'\'', INSTALL_opts = '\''--build'\'', update = TRUE, quiet = FALSE, dependencies=TRUE, force = TRUE, keep_outputs = TRUE) %in% rownames(installed.packages())) q(status = 0) else q(status = 1)'
'getOption("repos")' replaces Bioconductor standard repositories, see
'help("repositories", package = "BiocManager")' for details.
Replacement repositories:
    CRAN: https://p3m.dev/cran/__linux__/noble/latest
Bioconductor version 3.24 (BiocManager 1.30.27), R 4.6.1 (2026-06-24)
Installing package(s) 'biobtreeR'
also installing the dependencies ‘litedown’, ‘markdown’

trying URL 'https://p3m.dev/cran/__linux__/noble/latest/src/contrib/litedown_0.10.tar.gz'
trying URL 'https://p3m.dev/cran/__linux__/noble/latest/src/contrib/markdown_2.0.tar.gz'
trying URL 'https://bioconductor.org/packages/3.24/bioc/src/contrib/biobtreeR_1.25.1.tar.gz'
* installing *binary* package ‘litedown’ ...
* package ‘litedown’ successfully unpacked and SHA256 sums checked
* ‘litedown’ was already a binary package and will not be rebuilt
* SHA256 sums
* creating tarball
packaged installation of ‘litedown’ as ‘litedown_0.10_R_x86_64-pc-linux-gnu.tar.gz’
* DONE (litedown)
* installing *source* package ‘biobtreeR’ ...
** this is package ‘biobtreeR’ version ‘1.25.1’
** package ‘biobtreeR’ successfully unpacked and MD5 sums checked
** using staged installation
** R
** inst
** byte-compile and prepare package for lazy loading
** help
*** installing help indices
** building package indices
** installing vignettes
** testing if installed package can be loaded from temporary location
** testing if installed package can be loaded from final location
** testing if installed package keeps a record of temporary installation path
* SHA256 sums
* creating tarball
packaged installation of ‘biobtreeR’ as ‘biobtreeR_1.25.1_R_x86_64-pc-linux-gnu.tar.gz’
* DONE (biobtreeR)
* installing *binary* package ‘markdown’ ...
* package ‘markdown’ successfully unpacked and SHA256 sums checked
* ‘markdown’ was already a binary package and will not be rebuilt
* SHA256 sums
* creating tarball
packaged installation of ‘markdown’ as ‘markdown_2.0_R_x86_64-pc-linux-gnu.tar.gz’
* DONE (markdown)

The downloaded source packages are in
	‘/tmp/RtmpINpShv/downloaded_packages’
Old packages: 'diffobj'

real	0m36.063s
user	0m5.399s
sys	0m2.916s
