+ Rscript -e 'Sys.setenv(BIOCONDUCTOR_USE_CONTAINER_REPOSITORY=FALSE);
  p <- .libPaths();
  p <- c('\''/tmp/library'\'', '\''/mnt/library'\'', p);
  .libPaths(p);
  if(BiocManager::install('\''mimager'\'', INSTALL_opts = '\''--build'\'', update = TRUE, quiet = FALSE, dependencies=TRUE, force = TRUE, keep_outputs = TRUE) %in% rownames(installed.packages())) q(status = 0) else q(status = 1)'
'getOption("repos")' replaces Bioconductor standard repositories, see
'help("repositories", package = "BiocManager")' for details.
Replacement repositories:
    CRAN: https://p3m.dev/cran/__linux__/noble/latest
Bioconductor version 3.24 (BiocManager 1.30.27), R 4.6.1 (2026-06-24)
Installing package(s) 'mimager'
trying URL 'https://bioconductor.org/packages/3.24/bioc/src/contrib/mimager_1.37.0.tar.gz'
Content type 'application/x-gzip' length 675281 bytes (659 KB)
==================================================
downloaded 659 KB

* installing *source* package ‘mimager’ ...
** this is package ‘mimager’ version ‘1.37.0’
** package ‘mimager’ successfully unpacked and MD5 sums checked
** using staged installation
** R
** inst
** byte-compile and prepare package for lazy loading
** help
*** installing help indices
** building package indices
** installing vignettes
** testing if installed package can be loaded from temporary location
** testing if installed package can be loaded from final location
** testing if installed package keeps a record of temporary installation path
* SHA256 sums
* creating tarball
packaged installation of ‘mimager’ as ‘mimager_1.37.0_R_x86_64-pc-linux-gnu.tar.gz’
* DONE (mimager)

The downloaded source packages are in
	‘/tmp/RtmpZq9Axf/downloaded_packages’

real	0m38.187s
user	0m29.780s
sys	0m4.518s
