+ Rscript -e 'Sys.setenv(BIOCONDUCTOR_USE_CONTAINER_REPOSITORY=FALSE);
  p <- .libPaths();
  p <- c('\''/tmp/library'\'', '\''/mnt/library'\'', p);
  .libPaths(p);
  if(BiocManager::install('\''runibic'\'', INSTALL_opts = '\''--build'\'', update = TRUE, quiet = FALSE, dependencies=TRUE, force = TRUE, keep_outputs = TRUE) %in% rownames(installed.packages())) q(status = 0) else q(status = 1)'
'getOption("repos")' replaces Bioconductor standard repositories, see
'help("repositories", package = "BiocManager")' for details.
Replacement repositories:
    CRAN: https://p3m.dev/cran/__linux__/noble/latest
Bioconductor version 3.23 (BiocManager 1.30.27), R 4.6.1 (2026-06-24)
Installing package(s) 'runibic'
Warning: dependency ‘biclust’ is not available
trying URL 'https://bioconductor.org/packages/3.23/bioc/src/contrib/runibic_1.33.0.tar.gz'
Content type 'application/x-gzip' length 45927 bytes (44 KB)
==================================================
downloaded 44 KB

Warning: SystemRequirements specified C++11: support has been removed
ERROR: dependency ‘biclust’ is not available for package ‘runibic’
Perhaps try a variation of:
install.packages('biclust')
* removing ‘/tmp/library/runibic’

The downloaded source packages are in
	‘/tmp/RtmpFfzA46/downloaded_packages’
Old packages: 'diffobj', 'httr2', 'pak', 'pkgdown', 'urlchecker', 'xfun',
  'zip', 'MASS', 'nlme', 'survival'
Warning message:
In install.packages(...) :
  installation of package ‘runibic’ had non-zero exit status

real	0m10.239s
user	0m6.260s
sys	0m1.588s
