+ Rscript -e 'Sys.setenv(BIOCONDUCTOR_USE_CONTAINER_REPOSITORY=FALSE);
  p <- .libPaths();
  p <- c('\''/tmp/library'\'', '\''/mnt/library'\'', p);
  .libPaths(p);
  if(BiocManager::install('\''HoloFoodR'\'', INSTALL_opts = '\''--build'\'', update = TRUE, quiet = FALSE, dependencies=TRUE, force = TRUE, keep_outputs = TRUE) %in% rownames(installed.packages())) q(status = 0) else q(status = 1)'
'getOption("repos")' replaces Bioconductor standard repositories, see
'help("repositories", package = "BiocManager")' for details.
Replacement repositories:
    CRAN: https://p3m.dev/cran/__linux__/noble/latest
Bioconductor version 3.24 (BiocManager 1.30.27), R 4.6.1 (2026-06-24)
Installing package(s) 'HoloFoodR'
also installing the dependency ‘MGnifyR’

trying URL 'https://bioconductor.org/packages/3.24/bioc/src/contrib/MGnifyR_1.9.0.tar.gz'
trying URL 'https://bioconductor.org/packages/3.24/bioc/src/contrib/HoloFoodR_1.7.0.tar.gz'
* installing *source* package ‘MGnifyR’ ...
** this is package ‘MGnifyR’ version ‘1.9.0’
** package ‘MGnifyR’ successfully unpacked and MD5 sums checked
** using staged installation
** R
** inst
** byte-compile and prepare package for lazy loading
Note: ... may be used in an incorrect context 
Note: ... may be used in an incorrect context 
** help
*** installing help indices
*** copying figures
** building package indices
** installing vignettes
** testing if installed package can be loaded from temporary location
** testing if installed package can be loaded from final location
** testing if installed package keeps a record of temporary installation path
* SHA256 sums
* creating tarball
packaged installation of ‘MGnifyR’ as ‘MGnifyR_1.9.0_R_x86_64-pc-linux-gnu.tar.gz’
* DONE (MGnifyR)
* installing *source* package ‘HoloFoodR’ ...
** this is package ‘HoloFoodR’ version ‘1.7.0’
** package ‘HoloFoodR’ successfully unpacked and MD5 sums checked
** using staged installation
** R
** inst
** byte-compile and prepare package for lazy loading
** help
*** installing help indices
*** copying figures
** building package indices
** installing vignettes
** testing if installed package can be loaded from temporary location
** testing if installed package can be loaded from final location
** testing if installed package keeps a record of temporary installation path
* SHA256 sums
* creating tarball
packaged installation of ‘HoloFoodR’ as ‘HoloFoodR_1.7.0_R_x86_64-pc-linux-gnu.tar.gz’
* DONE (HoloFoodR)

The downloaded source packages are in
	‘/tmp/RtmpLsyuIu/downloaded_packages’
Old packages: 'diffobj'

real	1m22.352s
user	1m2.315s
sys	0m7.502s
