+ Rscript -e 'Sys.setenv(BIOCONDUCTOR_USE_CONTAINER_REPOSITORY=FALSE);
  p <- .libPaths();
  p <- c('\''/tmp/library'\'', '\''/mnt/library'\'', p);
  .libPaths(p);
  if(BiocManager::install('\''enrichplot'\'', INSTALL_opts = '\''--build'\'', update = TRUE, quiet = FALSE, dependencies=TRUE, force = TRUE, keep_outputs = TRUE) %in% rownames(installed.packages())) q(status = 0) else q(status = 1)'
'getOption("repos")' replaces Bioconductor standard repositories, see
'help("repositories", package = "BiocManager")' for details.
Replacement repositories:
    CRAN: https://p3m.dev/cran/__linux__/noble/latest
Bioconductor version 3.23 (BiocManager 1.30.27), R 4.6.1 (2026-06-24)
Installing package(s) 'enrichplot'
also installing the dependencies ‘europepmc’, ‘ggarchery’, ‘ggHoriPlot’

trying URL 'https://p3m.dev/cran/__linux__/noble/latest/src/contrib/europepmc_0.4.3.tar.gz'
trying URL 'https://p3m.dev/cran/__linux__/noble/latest/src/contrib/ggarchery_0.4.4.tar.gz'
trying URL 'https://p3m.dev/cran/__linux__/noble/latest/src/contrib/ggHoriPlot_1.0.1.tar.gz'
trying URL 'https://bioconductor.org/packages/3.23/bioc/src/contrib/enrichplot_1.32.0.tar.gz'
* installing *binary* package ‘europepmc’ ...
* package ‘europepmc’ successfully unpacked and SHA256 sums checked
* ‘europepmc’ was already a binary package and will not be rebuilt
* SHA256 sums
* creating tarball
packaged installation of ‘europepmc’ as ‘europepmc_0.4.3_R_x86_64-pc-linux-gnu.tar.gz’
* DONE (europepmc)
* installing *binary* package ‘ggarchery’ ...
* package ‘ggarchery’ successfully unpacked and SHA256 sums checked
* ‘ggarchery’ was already a binary package and will not be rebuilt
* SHA256 sums
* creating tarball
packaged installation of ‘ggarchery’ as ‘ggarchery_0.4.4_R_x86_64-pc-linux-gnu.tar.gz’
* DONE (ggarchery)
* installing *binary* package ‘ggHoriPlot’ ...
* package ‘ggHoriPlot’ successfully unpacked and SHA256 sums checked
* ‘ggHoriPlot’ was already a binary package and will not be rebuilt
* SHA256 sums
* creating tarball
packaged installation of ‘ggHoriPlot’ as ‘ggHoriPlot_1.0.1_R_x86_64-pc-linux-gnu.tar.gz’
* DONE (ggHoriPlot)
* installing *source* package ‘enrichplot’ ...
** this is package ‘enrichplot’ version ‘1.32.0’
** using staged installation
** R
** inst
** byte-compile and prepare package for lazy loading
** help
*** installing help indices
** building package indices
** installing vignettes
** testing if installed package can be loaded from temporary location
** testing if installed package can be loaded from final location
** testing if installed package keeps a record of temporary installation path
* SHA256 sums
* creating tarball
packaged installation of ‘enrichplot’ as ‘enrichplot_1.32.0_R_x86_64-pc-linux-gnu.tar.gz’
* DONE (enrichplot)

The downloaded source packages are in
	‘/tmp/Rtmp0VtMYF/downloaded_packages’
Old packages: 'diffobj', 'httr2', 'pak', 'pkgdown', 'urlchecker', 'xfun',
  'zip', 'MASS', 'nlme', 'survival'

real	0m36.619s
user	0m26.452s
sys	0m4.785s
