+ Rscript -e 'Sys.setenv(BIOCONDUCTOR_USE_CONTAINER_REPOSITORY=FALSE);
  p <- .libPaths();
  p <- c('\''/tmp/library'\'', '\''/mnt/library'\'', p);
  .libPaths(p);
  if(BiocManager::install('\''Scale4C'\'', INSTALL_opts = '\''--build'\'', update = TRUE, quiet = FALSE, dependencies=TRUE, force = TRUE, keep_outputs = TRUE) %in% rownames(installed.packages())) q(status = 0) else q(status = 1)'
'getOption("repos")' replaces Bioconductor standard repositories, see
'help("repositories", package = "BiocManager")' for details.
Replacement repositories:
    CRAN: https://p3m.dev/cran/__linux__/noble/latest
Bioconductor version 3.24 (BiocManager 1.30.27), R 4.6.1 (2026-06-24)
Installing package(s) 'Scale4C'
also installing the dependency ‘smoothie’

trying URL 'https://p3m.dev/cran/__linux__/noble/latest/src/contrib/smoothie_1.0-4.tar.gz'
trying URL 'https://bioconductor.org/packages/3.24/bioc/src/contrib/Scale4C_1.35.0.tar.gz'
* installing *binary* package ‘smoothie’ ...
* package ‘smoothie’ successfully unpacked and SHA256 sums checked
* ‘smoothie’ was already a binary package and will not be rebuilt
* SHA256 sums
* creating tarball
packaged installation of ‘smoothie’ as ‘smoothie_1.0-4_R_x86_64-pc-linux-gnu.tar.gz’
* DONE (smoothie)
* installing *source* package ‘Scale4C’ ...
** this is package ‘Scale4C’ version ‘1.35.0’
** package ‘Scale4C’ successfully unpacked and MD5 sums checked
** using staged installation
** R
** data
** inst
** byte-compile and prepare package for lazy loading
** help
*** installing help indices
** building package indices
** installing vignettes
** testing if installed package can be loaded from temporary location
** testing if installed package can be loaded from final location
** testing if installed package keeps a record of temporary installation path
* SHA256 sums
* creating tarball
packaged installation of ‘Scale4C’ as ‘Scale4C_1.35.0_R_x86_64-pc-linux-gnu.tar.gz’
* DONE (Scale4C)

The downloaded source packages are in
	‘/tmp/RtmpsETvhP/downloaded_packages’

real	0m36.975s
user	0m25.976s
sys	0m4.885s
