+ Rscript -e 'Sys.setenv(BIOCONDUCTOR_USE_CONTAINER_REPOSITORY=FALSE);
  p <- .libPaths();
  p <- c('\''/tmp/library'\'', '\''/mnt/library'\'', p);
  .libPaths(p);
  if(BiocManager::install('\''DaparToolshed'\'', INSTALL_opts = '\''--build'\'', update = TRUE, quiet = FALSE, dependencies=TRUE, force = TRUE, keep_outputs = TRUE) %in% rownames(installed.packages())) q(status = 0) else q(status = 1)'
'getOption("repos")' replaces Bioconductor standard repositories, see
'help("repositories", package = "BiocManager")' for details.
Replacement repositories:
    CRAN: https://p3m.dev/cran/__linux__/noble/latest
Bioconductor version 3.24 (BiocManager 1.30.27), R 4.6.1 (2026-06-24)
Installing package(s) 'DaparToolshed'
also installing the dependencies ‘Iso’, ‘missRanger’, ‘sos’, ‘cp4p’, ‘imp4p’

trying URL 'https://p3m.dev/cran/__linux__/noble/latest/src/contrib/Iso_0.0-21.tar.gz'
trying URL 'https://p3m.dev/cran/__linux__/noble/latest/src/contrib/missRanger_2.6.1.tar.gz'
trying URL 'https://p3m.dev/cran/__linux__/noble/latest/src/contrib/sos_2.1-8.tar.gz'
trying URL 'https://p3m.dev/cran/__linux__/noble/latest/src/contrib/cp4p_0.3.6.tar.gz'
trying URL 'https://p3m.dev/cran/__linux__/noble/latest/src/contrib/imp4p_1.3.tar.gz'
trying URL 'https://bioconductor.org/packages/3.24/bioc/src/contrib/DaparToolshed_0.99.38.tar.gz'
* installing *binary* package ‘Iso’ ...
* package ‘Iso’ successfully unpacked and SHA256 sums checked
* ‘Iso’ was already a binary package and will not be rebuilt
* SHA256 sums
* creating tarball
packaged installation of ‘Iso’ as ‘Iso_0.0-21_R_x86_64-pc-linux-gnu.tar.gz’
* DONE (Iso)
* installing *binary* package ‘missRanger’ ...
* package ‘missRanger’ successfully unpacked and SHA256 sums checked
* ‘missRanger’ was already a binary package and will not be rebuilt
* SHA256 sums
* creating tarball
packaged installation of ‘missRanger’ as ‘missRanger_2.6.1_R_x86_64-pc-linux-gnu.tar.gz’
* DONE (missRanger)
* installing *binary* package ‘sos’ ...
* package ‘sos’ successfully unpacked and SHA256 sums checked
* ‘sos’ was already a binary package and will not be rebuilt
* SHA256 sums
* creating tarball
packaged installation of ‘sos’ as ‘sos_2.1-8_R_x86_64-pc-linux-gnu.tar.gz’
* DONE (sos)
* installing *binary* package ‘cp4p’ ...
* package ‘cp4p’ successfully unpacked and SHA256 sums checked
* ‘cp4p’ was already a binary package and will not be rebuilt
* SHA256 sums
* creating tarball
packaged installation of ‘cp4p’ as ‘cp4p_0.3.6_R_x86_64-pc-linux-gnu.tar.gz’
* DONE (cp4p)
* installing *source* package ‘DaparToolshed’ ...
** this is package ‘DaparToolshed’ version ‘0.99.38’
** package ‘DaparToolshed’ successfully unpacked and MD5 sums checked
** using staged installation
** R
** data
** inst
** byte-compile and prepare package for lazy loading
** help
*** installing help indices
** building package indices
** installing vignettes
** testing if installed package can be loaded from temporary location
** testing if installed package can be loaded from final location
** testing if installed package keeps a record of temporary installation path
* SHA256 sums
* creating tarball
packaged installation of ‘DaparToolshed’ as ‘DaparToolshed_0.99.38_R_x86_64-pc-linux-gnu.tar.gz’
* DONE (DaparToolshed)
* installing *binary* package ‘imp4p’ ...
* package ‘imp4p’ successfully unpacked and SHA256 sums checked
* ‘imp4p’ was already a binary package and will not be rebuilt
* SHA256 sums
* creating tarball
packaged installation of ‘imp4p’ as ‘imp4p_1.3_R_x86_64-pc-linux-gnu.tar.gz’
* DONE (imp4p)

The downloaded source packages are in
	‘/tmp/Rtmpo8Qx2c/downloaded_packages’

real	0m46.912s
user	0m36.842s
sys	0m6.179s
