+ Rscript -e 'Sys.setenv(BIOCONDUCTOR_USE_CONTAINER_REPOSITORY=FALSE);
  p <- .libPaths();
  p <- c('\''/tmp/library'\'', '\''/mnt/library'\'', p);
  .libPaths(p);
  if(BiocManager::install('\''prebs'\'', INSTALL_opts = '\''--build'\'', update = TRUE, quiet = FALSE, dependencies=TRUE, force = TRUE, keep_outputs = TRUE) %in% rownames(installed.packages())) q(status = 0) else q(status = 1)'
'getOption("repos")' replaces Bioconductor standard repositories, see
'help("repositories", package = "BiocManager")' for details.
Replacement repositories:
    CRAN: https://p3m.dev/cran/__linux__/noble/latest
Bioconductor version 3.24 (BiocManager 1.30.27), R 4.6.1 (2026-06-24)
Installing package(s) 'prebs'
also installing the dependency ‘prebsdata’

trying URL 'https://bioconductor.org/packages/3.24/data/experiment/src/contrib/prebsdata_1.49.0.tar.gz'
trying URL 'https://bioconductor.org/packages/3.24/bioc/src/contrib/prebs_1.53.0.tar.gz'
* installing *source* package ‘prebsdata’ ...
** this is package ‘prebsdata’ version ‘1.49.0’
** using staged installation
** inst
** help
No man pages found in package  ‘prebsdata’ 
*** installing help indices
** building package indices
** installing vignettes
** testing if installed package can be loaded from temporary location
** testing if installed package can be loaded from final location
** testing if installed package keeps a record of temporary installation path
* SHA256 sums
* creating tarball
packaged installation of ‘prebsdata’ as ‘prebsdata_1.49.0_R_x86_64-pc-linux-gnu.tar.gz’
* DONE (prebsdata)
* installing *source* package ‘prebs’ ...
** this is package ‘prebs’ version ‘1.53.0’
** package ‘prebs’ successfully unpacked and MD5 sums checked
** using staged installation
** R
** inst
** byte-compile and prepare package for lazy loading
** help
*** installing help indices
** building package indices
** installing vignettes
** testing if installed package can be loaded from temporary location
** testing if installed package can be loaded from final location
** testing if installed package keeps a record of temporary installation path
* SHA256 sums
* creating tarball
packaged installation of ‘prebs’ as ‘prebs_1.53.0_R_x86_64-pc-linux-gnu.tar.gz’
* DONE (prebs)

The downloaded source packages are in
	‘/tmp/RtmpnpjiaT/downloaded_packages’

real	1m3.750s
user	0m50.392s
sys	0m6.512s
