+ Rscript -e 'Sys.setenv(BIOCONDUCTOR_USE_CONTAINER_REPOSITORY=FALSE);
  p <- .libPaths();
  p <- c('\''/tmp/library'\'', '\''/mnt/library'\'', p);
  .libPaths(p);
  if(BiocManager::install('\''SplicingGraphs'\'', INSTALL_opts = '\''--build'\'', update = TRUE, quiet = FALSE, dependencies=TRUE, force = TRUE, keep_outputs = TRUE) %in% rownames(installed.packages())) q(status = 0) else q(status = 1)'
'getOption("repos")' replaces Bioconductor standard repositories, see
'help("repositories", package = "BiocManager")' for details.
Replacement repositories:
    CRAN: https://p3m.dev/cran/__linux__/noble/latest
Bioconductor version 3.24 (BiocManager 1.30.27), R 4.6.1 (2026-06-24)
Installing package(s) 'SplicingGraphs'
also installing the dependency ‘TxDb.Hsapiens.UCSC.hg19.refGene’

trying URL 'https://bioconductor.org/packages/3.24/data/annotation/src/contrib/TxDb.Hsapiens.UCSC.hg19.refGene_3.22.0.tar.gz'
trying URL 'https://bioconductor.org/packages/3.24/bioc/src/contrib/SplicingGraphs_1.53.0.tar.gz'
* installing *source* package ‘TxDb.Hsapiens.UCSC.hg19.refGene’ ...
** this is package ‘TxDb.Hsapiens.UCSC.hg19.refGene’ version ‘3.22.0’
** using staged installation
** R
** inst
** byte-compile and prepare package for lazy loading
** help
*** installing help indices
** building package indices
** testing if installed package can be loaded from temporary location
** testing if installed package can be loaded from final location
** testing if installed package keeps a record of temporary installation path
* SHA256 sums
* creating tarball
packaged installation of ‘TxDb.Hsapiens.UCSC.hg19.refGene’ as ‘TxDb.Hsapiens.UCSC.hg19.refGene_3.22.0_R_x86_64-pc-linux-gnu.tar.gz’
* DONE (TxDb.Hsapiens.UCSC.hg19.refGene)
* installing *source* package ‘SplicingGraphs’ ...
** this is package ‘SplicingGraphs’ version ‘1.53.0’
** package ‘SplicingGraphs’ successfully unpacked and MD5 sums checked
** using staged installation
** R
** inst
** byte-compile and prepare package for lazy loading
** help
*** installing help indices
** building package indices
** installing vignettes
** testing if installed package can be loaded from temporary location
** testing if installed package can be loaded from final location
** testing if installed package keeps a record of temporary installation path
* SHA256 sums
* creating tarball
packaged installation of ‘SplicingGraphs’ as ‘SplicingGraphs_1.53.0_R_x86_64-pc-linux-gnu.tar.gz’
* DONE (SplicingGraphs)

The downloaded source packages are in
	‘/tmp/RtmplyXa8G/downloaded_packages’
Old packages: 'diffobj'

real	1m35.963s
user	1m22.166s
sys	0m9.111s
