+ Rscript -e 'Sys.setenv(BIOCONDUCTOR_USE_CONTAINER_REPOSITORY=FALSE);
  p <- .libPaths();
  p <- c('\''/tmp/library'\'', '\''/mnt/library'\'', p);
  .libPaths(p);
  if(BiocManager::install('\''hicVennDiagram'\'', INSTALL_opts = '\''--build'\'', update = TRUE, quiet = FALSE, dependencies=TRUE, force = TRUE, keep_outputs = TRUE) %in% rownames(installed.packages())) q(status = 0) else q(status = 1)'
'getOption("repos")' replaces Bioconductor standard repositories, see
'help("repositories", package = "BiocManager")' for details.
Replacement repositories:
    CRAN: https://p3m.dev/cran/__linux__/noble/latest
Bioconductor version 3.23 (BiocManager 1.30.27), R 4.6.1 (2026-06-24)
Installing package(s) 'hicVennDiagram'
also installing the dependency ‘ChIPpeakAnno’

trying URL 'https://bioconductor.org/packages/3.23/bioc/src/contrib/ChIPpeakAnno_3.46.0.tar.gz'
trying URL 'https://bioconductor.org/packages/3.23/bioc/src/contrib/hicVennDiagram_1.10.0.tar.gz'
* installing *source* package ‘ChIPpeakAnno’ ...
** this is package ‘ChIPpeakAnno’ version ‘3.46.0’
** using staged installation
** R
** data
*** moving datasets to lazyload DB
** inst
** byte-compile and prepare package for lazy loading
** help
*** installing help indices
** building package indices
** installing vignettes
** testing if installed package can be loaded from temporary location
** testing if installed package can be loaded from final location
** testing if installed package keeps a record of temporary installation path
* SHA256 sums
* creating tarball
packaged installation of ‘ChIPpeakAnno’ as ‘ChIPpeakAnno_3.46.0_R_x86_64-pc-linux-gnu.tar.gz’
* DONE (ChIPpeakAnno)
* installing *source* package ‘hicVennDiagram’ ...
** this is package ‘hicVennDiagram’ version ‘1.10.0’
** using staged installation
** R
** inst
** byte-compile and prepare package for lazy loading
** help
*** installing help indices
** building package indices
** installing vignettes
** testing if installed package can be loaded from temporary location
** testing if installed package can be loaded from final location
** testing if installed package keeps a record of temporary installation path
* SHA256 sums
* creating tarball
packaged installation of ‘hicVennDiagram’ as ‘hicVennDiagram_1.10.0_R_x86_64-pc-linux-gnu.tar.gz’
* DONE (hicVennDiagram)

The downloaded source packages are in
	‘/tmp/RtmpyUdpy5/downloaded_packages’
Old packages: 'diffobj', 'httr2', 'pak', 'pkgdown', 'urlchecker', 'xfun',
  'zip', 'MASS', 'nlme', 'survival'

real	2m17.611s
user	2m2.849s
sys	0m10.694s
