+ Rscript -e 'Sys.setenv(BIOCONDUCTOR_USE_CONTAINER_REPOSITORY=FALSE);
  p <- .libPaths();
  p <- c('\''/tmp/library'\'', '\''/mnt/library'\'', p);
  .libPaths(p);
  if(BiocManager::install('\''iModMix'\'', INSTALL_opts = '\''--build'\'', update = TRUE, quiet = FALSE, dependencies=TRUE, force = TRUE, keep_outputs = TRUE) %in% rownames(installed.packages())) q(status = 0) else q(status = 1)'
'getOption("repos")' replaces Bioconductor standard repositories, see
'help("repositories", package = "BiocManager")' for details.
Replacement repositories:
    CRAN: https://p3m.dev/cran/__linux__/noble/latest
Bioconductor version 3.23 (BiocManager 1.30.27), R 4.6.1 (2026-06-24)
Installing package(s) 'iModMix'
also installing the dependencies ‘glassoFast’, ‘iModMixData’, ‘ggfortify’

trying URL 'https://p3m.dev/cran/__linux__/noble/latest/src/contrib/glassoFast_1.0.1.tar.gz'
trying URL 'https://bioconductor.org/packages/3.23/data/experiment/src/contrib/iModMixData_1.2.0.tar.gz'
trying URL 'https://p3m.dev/cran/__linux__/noble/latest/src/contrib/ggfortify_0.4.19.tar.gz'
trying URL 'https://bioconductor.org/packages/3.23/bioc/src/contrib/iModMix_1.2.0.tar.gz'
* installing *binary* package ‘glassoFast’ ...
* package ‘glassoFast’ successfully unpacked and SHA256 sums checked
* ‘glassoFast’ was already a binary package and will not be rebuilt
* SHA256 sums
* creating tarball
packaged installation of ‘glassoFast’ as ‘glassoFast_1.0.1_R_x86_64-pc-linux-gnu.tar.gz’
* DONE (glassoFast)
* installing *source* package ‘iModMixData’ ...
** this is package ‘iModMixData’ version ‘1.2.0’
** using staged installation
** R
** inst
** byte-compile and prepare package for lazy loading
** help
*** installing help indices
** building package indices
** installing vignettes
** testing if installed package can be loaded from temporary location
** testing if installed package can be loaded from final location
** testing if installed package keeps a record of temporary installation path
* SHA256 sums
* creating tarball
packaged installation of ‘iModMixData’ as ‘iModMixData_1.2.0_R_x86_64-pc-linux-gnu.tar.gz’
* DONE (iModMixData)
* installing *binary* package ‘ggfortify’ ...
* package ‘ggfortify’ successfully unpacked and SHA256 sums checked
* ‘ggfortify’ was already a binary package and will not be rebuilt
* SHA256 sums
* creating tarball
packaged installation of ‘ggfortify’ as ‘ggfortify_0.4.19_R_x86_64-pc-linux-gnu.tar.gz’
* DONE (ggfortify)
* installing *source* package ‘iModMix’ ...
** this is package ‘iModMix’ version ‘1.2.0’
** using staged installation
** R
** inst
** byte-compile and prepare package for lazy loading
** help
*** installing help indices
** building package indices
** installing vignettes
** testing if installed package can be loaded from temporary location
** testing if installed package can be loaded from final location
** testing if installed package keeps a record of temporary installation path
* SHA256 sums
* creating tarball
packaged installation of ‘iModMix’ as ‘iModMix_1.2.0_R_x86_64-pc-linux-gnu.tar.gz’
* DONE (iModMix)

The downloaded source packages are in
	‘/tmp/RtmpYiLBBi/downloaded_packages’
Old packages: 'httr2', 'pak', 'pkgdown', 'urlchecker', 'xfun', 'zip', 'MASS',
  'nlme', 'survival'

real	0m36.404s
user	0m13.815s
sys	0m3.951s
