+ Rscript -e 'Sys.setenv(BIOCONDUCTOR_USE_CONTAINER_REPOSITORY=FALSE);
  p <- .libPaths();
  p <- c('\''/tmp/library'\'', '\''/mnt/library'\'', p);
  .libPaths(p);
  if(BiocManager::install('\''MOFA2'\'', INSTALL_opts = '\''--build'\'', update = TRUE, quiet = FALSE, dependencies=TRUE, force = TRUE, keep_outputs = TRUE) %in% rownames(installed.packages())) q(status = 0) else q(status = 1)'
'getOption("repos")' replaces Bioconductor standard repositories, see
'help("repositories", package = "BiocManager")' for details.
Replacement repositories:
    CRAN: https://p3m.dev/cran/__linux__/noble/latest
Bioconductor version 3.23 (BiocManager 1.30.27), R 4.6.1 (2026-06-24)
Installing package(s) 'MOFA2'
trying URL 'https://bioconductor.org/packages/3.23/bioc/src/contrib/MOFA2_1.22.0.tar.gz'
Content type 'application/x-gzip' length 4676753 bytes (4.5 MB)
==================================================
downloaded 4.5 MB

* installing *source* package ‘MOFA2’ ...
** this is package ‘MOFA2’ version ‘1.22.0’
** using non-staged installation via StagedInstall field
** R
** inst
** byte-compile and prepare package for lazy loading
Creating a generic function for ‘rownames’ from package ‘base’ in package ‘MOFA2’
Creating a generic function for ‘colnames’ from package ‘base’ in package ‘MOFA2’
Creating a generic function for ‘nrow’ from package ‘base’ in package ‘MOFA2’
Creating a generic function for ‘ncol’ from package ‘base’ in package ‘MOFA2’
Creating a generic function for ‘rownames<-’ from package ‘base’ in package ‘MOFA2’
Creating a generic function for ‘colnames<-’ from package ‘base’ in package ‘MOFA2’
** help
*** installing help indices
** building package indices
** installing vignettes
** testing if installed package can be loaded
* SHA256 sums
* creating tarball
packaged installation of ‘MOFA2’ as ‘MOFA2_1.22.0_R_x86_64-pc-linux-gnu.tar.gz’
* DONE (MOFA2)

The downloaded source packages are in
	‘/tmp/RtmpDjcx1g/downloaded_packages’
Old packages: 'diffobj', 'httr2', 'pak', 'pkgdown', 'urlchecker', 'xfun',
  'zip', 'MASS', 'nlme', 'survival'

real	0m37.497s
user	0m24.119s
sys	0m4.456s
