+ Rscript -e 'Sys.setenv(BIOCONDUCTOR_USE_CONTAINER_REPOSITORY=FALSE);
  p <- .libPaths();
  p <- c('\''/tmp/library'\'', '\''/mnt/library'\'', p);
  .libPaths(p);
  if(BiocManager::install('\''iCOBRA'\'', INSTALL_opts = '\''--build'\'', update = TRUE, quiet = FALSE, dependencies=TRUE, force = TRUE, keep_outputs = TRUE) %in% rownames(installed.packages())) q(status = 0) else q(status = 1)'
'getOption("repos")' replaces Bioconductor standard repositories, see
'help("repositories", package = "BiocManager")' for details.
Replacement repositories:
    CRAN: https://p3m.dev/cran/__linux__/noble/latest
Bioconductor version 3.24 (BiocManager 1.30.27), R 4.6.1 (2026-06-24)
Installing package(s) 'iCOBRA'
also installing the dependencies ‘prompter’, ‘SimpleUpset’

trying URL 'https://p3m.dev/cran/__linux__/noble/latest/src/contrib/prompter_1.2.1.tar.gz'
trying URL 'https://p3m.dev/cran/__linux__/noble/latest/src/contrib/SimpleUpset_0.1.5.tar.gz'
trying URL 'https://bioconductor.org/packages/3.24/bioc/src/contrib/iCOBRA_1.41.1.tar.gz'
* installing *binary* package ‘prompter’ ...
* package ‘prompter’ successfully unpacked and SHA256 sums checked
* ‘prompter’ was already a binary package and will not be rebuilt
* SHA256 sums
* creating tarball
packaged installation of ‘prompter’ as ‘prompter_1.2.1_R_x86_64-pc-linux-gnu.tar.gz’
* DONE (prompter)
* installing *binary* package ‘SimpleUpset’ ...
* package ‘SimpleUpset’ successfully unpacked and SHA256 sums checked
* ‘SimpleUpset’ was already a binary package and will not be rebuilt
* SHA256 sums
* creating tarball
packaged installation of ‘SimpleUpset’ as ‘SimpleUpset_0.1.5_R_x86_64-pc-linux-gnu.tar.gz’
* DONE (SimpleUpset)
* installing *source* package ‘iCOBRA’ ...
** this is package ‘iCOBRA’ version ‘1.41.1’
** package ‘iCOBRA’ successfully unpacked and MD5 sums checked
** using staged installation
** R
** data
** inst
** byte-compile and prepare package for lazy loading
** help
*** installing help indices
** building package indices
** installing vignettes
** testing if installed package can be loaded from temporary location
** testing if installed package can be loaded from final location
** testing if installed package keeps a record of temporary installation path
* SHA256 sums
* creating tarball
packaged installation of ‘iCOBRA’ as ‘iCOBRA_1.41.1_R_x86_64-pc-linux-gnu.tar.gz’
* DONE (iCOBRA)

The downloaded source packages are in
	‘/tmp/Rtmp10bxZi/downloaded_packages’

real	0m32.941s
user	0m14.947s
sys	0m3.734s
