+ Rscript -e 'Sys.setenv(BIOCONDUCTOR_USE_CONTAINER_REPOSITORY=FALSE);
  p <- .libPaths();
  p <- c('\''/tmp/library'\'', '\''/mnt/library'\'', p);
  .libPaths(p);
  if(BiocManager::install('\''GSCA'\'', INSTALL_opts = '\''--build'\'', update = TRUE, quiet = FALSE, dependencies=TRUE, force = TRUE, keep_outputs = TRUE) %in% rownames(installed.packages())) q(status = 0) else q(status = 1)'
'getOption("repos")' replaces Bioconductor standard repositories, see
'help("repositories", package = "BiocManager")' for details.
Replacement repositories:
    CRAN: https://p3m.dev/cran/__linux__/noble/latest
Bioconductor version 3.24 (BiocManager 1.30.27), R 4.6.1 (2026-06-24)
Installing package(s) 'GSCA'
also installing the dependencies ‘Affyhgu133aExpr’, ‘Affymoe4302Expr’, ‘Affyhgu133A2Expr’, ‘Affyhgu133Plus2Expr’

trying URL 'https://bioconductor.org/packages/3.24/data/experiment/src/contrib/Affyhgu133aExpr_1.51.0.tar.gz'
trying URL 'https://bioconductor.org/packages/3.24/data/experiment/src/contrib/Affymoe4302Expr_1.51.0.tar.gz'
trying URL 'https://bioconductor.org/packages/3.24/data/experiment/src/contrib/Affyhgu133A2Expr_1.49.0.tar.gz'
trying URL 'https://bioconductor.org/packages/3.24/data/experiment/src/contrib/Affyhgu133Plus2Expr_1.47.0.tar.gz'
trying URL 'https://bioconductor.org/packages/3.24/bioc/src/contrib/GSCA_2.43.0.tar.gz'
* installing *source* package ‘Affyhgu133aExpr’ ...
** this is package ‘Affyhgu133aExpr’ version ‘1.51.0’
** using staged installation
** data
** inst
** help
*** installing help indices
** building package indices
** testing if installed package can be loaded from temporary location
** testing if installed package can be loaded from final location
** testing if installed package keeps a record of temporary installation path
* SHA256 sums
* creating tarball
packaged installation of ‘Affyhgu133aExpr’ as ‘Affyhgu133aExpr_1.51.0_R_x86_64-pc-linux-gnu.tar.gz’
* DONE (Affyhgu133aExpr)
* installing *source* package ‘Affymoe4302Expr’ ...
** this is package ‘Affymoe4302Expr’ version ‘1.51.0’
** using staged installation
** data
** inst
** help
*** installing help indices
** building package indices
** testing if installed package can be loaded from temporary location
** testing if installed package can be loaded from final location
** testing if installed package keeps a record of temporary installation path
* SHA256 sums
* creating tarball
packaged installation of ‘Affymoe4302Expr’ as ‘Affymoe4302Expr_1.51.0_R_x86_64-pc-linux-gnu.tar.gz’
* DONE (Affymoe4302Expr)
* installing *source* package ‘Affyhgu133A2Expr’ ...
** this is package ‘Affyhgu133A2Expr’ version ‘1.49.0’
** using staged installation
** data
** inst
** help
*** installing help indices
** building package indices
** testing if installed package can be loaded from temporary location
** testing if installed package can be loaded from final location
** testing if installed package keeps a record of temporary installation path
* SHA256 sums
* creating tarball
packaged installation of ‘Affyhgu133A2Expr’ as ‘Affyhgu133A2Expr_1.49.0_R_x86_64-pc-linux-gnu.tar.gz’
* DONE (Affyhgu133A2Expr)
* installing *source* package ‘Affyhgu133Plus2Expr’ ...
** this is package ‘Affyhgu133Plus2Expr’ version ‘1.47.0’
** using staged installation
** data
** inst
** help
*** installing help indices
** building package indices
** testing if installed package can be loaded from temporary location
** testing if installed package can be loaded from final location
** testing if installed package keeps a record of temporary installation path
* SHA256 sums
* creating tarball
packaged installation of ‘Affyhgu133Plus2Expr’ as ‘Affyhgu133Plus2Expr_1.47.0_R_x86_64-pc-linux-gnu.tar.gz’
* DONE (Affyhgu133Plus2Expr)
* installing *source* package ‘GSCA’ ...
** this is package ‘GSCA’ version ‘2.43.0’
** package ‘GSCA’ successfully unpacked and MD5 sums checked
** using staged installation
** R
** data
** inst
** byte-compile and prepare package for lazy loading
** help
*** installing help indices
** building package indices
** installing vignettes
** testing if installed package can be loaded from temporary location
** testing if installed package can be loaded from final location
** testing if installed package keeps a record of temporary installation path
* SHA256 sums
* creating tarball
packaged installation of ‘GSCA’ as ‘GSCA_2.43.0_R_x86_64-pc-linux-gnu.tar.gz’
* DONE (GSCA)

The downloaded source packages are in
	‘/tmp/RtmpaI9dlG/downloaded_packages’

real	1m50.344s
user	1m36.068s
sys	0m13.452s
