+ Rscript -e 'Sys.setenv(BIOCONDUCTOR_USE_CONTAINER_REPOSITORY=FALSE);
  p <- .libPaths();
  p <- c('\''/tmp/library'\'', '\''/mnt/library'\'', p);
  .libPaths(p);
  if(BiocManager::install('\''ramwas'\'', INSTALL_opts = '\''--build'\'', update = TRUE, quiet = FALSE, dependencies=TRUE, force = TRUE, keep_outputs = TRUE) %in% rownames(installed.packages())) q(status = 0) else q(status = 1)'
'getOption("repos")' replaces Bioconductor standard repositories, see
'help("repositories", package = "BiocManager")' for details.
Replacement repositories:
    CRAN: https://p3m.dev/cran/__linux__/noble/latest
Bioconductor version 3.23 (BiocManager 1.30.27), R 4.6.1 (2026-06-24)
Installing package(s) 'ramwas'
also installing the dependencies ‘filematrix’, ‘BSgenome.Ecoli.NCBI.20080805’

trying URL 'https://p3m.dev/cran/__linux__/noble/latest/src/contrib/filematrix_1.3.tar.gz'
trying URL 'https://bioconductor.org/packages/3.23/data/annotation/src/contrib/BSgenome.Ecoli.NCBI.20080805_1.3.1000.tar.gz'
trying URL 'https://bioconductor.org/packages/3.23/bioc/src/contrib/ramwas_1.36.0.tar.gz'
* installing *binary* package ‘filematrix’ ...
* package ‘filematrix’ successfully unpacked and SHA256 sums checked
* ‘filematrix’ was already a binary package and will not be rebuilt
* SHA256 sums
* creating tarball
packaged installation of ‘filematrix’ as ‘filematrix_1.3_R_x86_64-pc-linux-gnu.tar.gz’
* DONE (filematrix)
* installing *source* package ‘BSgenome.Ecoli.NCBI.20080805’ ...
** this is package ‘BSgenome.Ecoli.NCBI.20080805’ version ‘1.3.1000’
** using staged installation
** R
** inst
** byte-compile and prepare package for lazy loading
** help
*** installing help indices
** building package indices
** testing if installed package can be loaded from temporary location
** testing if installed package can be loaded from final location
** testing if installed package keeps a record of temporary installation path
* SHA256 sums
* creating tarball
packaged installation of ‘BSgenome.Ecoli.NCBI.20080805’ as ‘BSgenome.Ecoli.NCBI.20080805_1.3.1000_R_x86_64-pc-linux-gnu.tar.gz’
* DONE (BSgenome.Ecoli.NCBI.20080805)
* installing *source* package ‘ramwas’ ...
** this is package ‘ramwas’ version ‘1.36.0’
** using staged installation
** libs
using C compiler: ‘gcc (Ubuntu 13.3.0-6ubuntu2~24.04.1) 13.3.0’
gcc -std=gnu2x -I"/usr/local/lib/R/include" -DNDEBUG   -I/usr/local/include    -fpic  -g -O2 -fstack-protector-strong -Wformat -Werror=format-security -Wdate-time -D_FORTIFY_SOURCE=2 -g  -c rw_c_code.c -o rw_c_code.o
gcc -std=gnu2x -shared -L/usr/local/lib/R/lib -L/usr/local/lib -o ramwas.so rw_c_code.o -L/usr/local/lib/R/lib -lR
installing to /tmp/library/00LOCK-ramwas/00new/ramwas/libs
** R
** inst
** byte-compile and prepare package for lazy loading
** help
*** installing help indices
*** copying figures
** building package indices
** installing vignettes
** testing if installed package can be loaded from temporary location
** checking absolute paths in shared objects and dynamic libraries
** testing if installed package can be loaded from final location
** testing if installed package keeps a record of temporary installation path
* SHA256 sums
* creating tarball
packaged installation of ‘ramwas’ as ‘ramwas_1.36.0_R_x86_64-pc-linux-gnu.tar.gz’
* DONE (ramwas)

The downloaded source packages are in
	‘/tmp/Rtmp48ezjI/downloaded_packages’
Old packages: 'httr2', 'pak', 'pkgdown', 'urlchecker', 'xfun', 'zip', 'MASS',
  'nlme', 'survival'

real	1m15.244s
user	1m2.362s
sys	0m7.865s
