+ Rscript -e 'Sys.setenv(BIOCONDUCTOR_USE_CONTAINER_REPOSITORY=FALSE);
  p <- .libPaths();
  p <- c('\''/tmp/library'\'', '\''/mnt/library'\'', p);
  .libPaths(p);
  if(BiocManager::install('\''MoleculeExperiment'\'', INSTALL_opts = '\''--build'\'', update = TRUE, quiet = FALSE, dependencies=TRUE, force = TRUE, keep_outputs = TRUE) %in% rownames(installed.packages())) q(status = 0) else q(status = 1)'
'getOption("repos")' replaces Bioconductor standard repositories, see
'help("repositories", package = "BiocManager")' for details.
Replacement repositories:
    CRAN: https://p3m.dev/cran/__linux__/noble/latest
Bioconductor version 3.23 (BiocManager 1.30.27), R 4.6.1 (2026-06-24)
Installing package(s) 'MoleculeExperiment'
trying URL 'https://bioconductor.org/packages/3.23/bioc/src/contrib/MoleculeExperiment_1.12.0.tar.gz'
Content type 'application/x-gzip' length 16344256 bytes (15.6 MB)
==================================================
downloaded 15.6 MB

* installing *source* package ‘MoleculeExperiment’ ...
** this is package ‘MoleculeExperiment’ version ‘1.12.0’
** using staged installation
** R
** data
** inst
** byte-compile and prepare package for lazy loading
** help
*** installing help indices
** building package indices
** installing vignettes
** testing if installed package can be loaded from temporary location
** testing if installed package can be loaded from final location
** testing if installed package keeps a record of temporary installation path
* SHA256 sums
* creating tarball
Warning in utils::tar(filepath, curPkg, compression = compression, compression_level = compression_level,  :
  storing paths of more than 100 bytes is not portable:
  ‘MoleculeExperiment/extdata/vizgen_HumanOvarianCancerPatient2Slice2/cell_boundaries/feature_data_1753.hdf5’
packaged installation of ‘MoleculeExperiment’ as ‘MoleculeExperiment_1.12.0_R_x86_64-pc-linux-gnu.tar.gz’
* DONE (MoleculeExperiment)

The downloaded source packages are in
	‘/tmp/Rtmp9QKyKT/downloaded_packages’
Old packages: 'httr2', 'pak', 'pkgdown', 'urlchecker', 'xfun', 'zip', 'MASS',
  'nlme', 'survival'

real	0m57.575s
user	0m46.303s
sys	0m6.628s
