+ Rscript -e 'Sys.setenv(BIOCONDUCTOR_USE_CONTAINER_REPOSITORY=FALSE);
  p <- .libPaths();
  p <- c('\''/tmp/library'\'', '\''/mnt/library'\'', p);
  .libPaths(p);
  if(BiocManager::install('\''piano'\'', INSTALL_opts = '\''--build'\'', update = TRUE, quiet = FALSE, dependencies=TRUE, force = TRUE, keep_outputs = TRUE) %in% rownames(installed.packages())) q(status = 0) else q(status = 1)'
'getOption("repos")' replaces Bioconductor standard repositories, see
'help("repositories", package = "BiocManager")' for details.
Replacement repositories:
    CRAN: https://p3m.dev/cran/__linux__/noble/latest
Bioconductor version 3.23 (BiocManager 1.30.27), R 4.6.1 (2026-06-24)
Installing package(s) 'piano'
also installing the dependencies ‘sets’, ‘relations’, ‘yeast2.db’, ‘plier’

trying URL 'https://p3m.dev/cran/__linux__/noble/latest/src/contrib/sets_1.0-25.tar.gz'
trying URL 'https://p3m.dev/cran/__linux__/noble/latest/src/contrib/relations_0.6-18.tar.gz'
trying URL 'https://bioconductor.org/packages/3.23/data/annotation/src/contrib/yeast2.db_3.13.0.tar.gz'
trying URL 'https://bioconductor.org/packages/3.23/bioc/src/contrib/plier_1.82.0.tar.gz'
trying URL 'https://bioconductor.org/packages/3.23/bioc/src/contrib/piano_2.28.0.tar.gz'
* installing *binary* package ‘sets’ ...
* package ‘sets’ successfully unpacked and SHA256 sums checked
* ‘sets’ was already a binary package and will not be rebuilt
* SHA256 sums
* creating tarball
packaged installation of ‘sets’ as ‘sets_1.0-25_R_x86_64-pc-linux-gnu.tar.gz’
* DONE (sets)
* installing *source* package ‘yeast2.db’ ...
** this is package ‘yeast2.db’ version ‘3.13.0’
** using staged installation
** R
** inst
** byte-compile and prepare package for lazy loading
** help
*** installing help indices
** building package indices
** testing if installed package can be loaded from temporary location
** testing if installed package can be loaded from final location
** testing if installed package keeps a record of temporary installation path
* SHA256 sums
* creating tarball
packaged installation of ‘yeast2.db’ as ‘yeast2.db_3.13.0_R_x86_64-pc-linux-gnu.tar.gz’
* DONE (yeast2.db)
* installing *source* package ‘plier’ ...
** this is package ‘plier’ version ‘1.82.0’
** using staged installation
** libs
using C++ compiler: ‘g++ (Ubuntu 13.3.0-6ubuntu2~24.04.1) 13.3.0’
g++ -std=gnu++20 -I"/usr/local/lib/R/include" -DNDEBUG   -I/usr/local/include    -fpic  -g -O2 -fstack-protector-strong -Wformat -Werror=format-security -Wdate-time -D_FORTIFY_SOURCE=2 -g   -c affyplier.cpp -o affyplier.o
g++ -std=gnu++20 -I"/usr/local/lib/R/include" -DNDEBUG   -I/usr/local/include    -fpic  -g -O2 -fstack-protector-strong -Wformat -Werror=format-security -Wdate-time -D_FORTIFY_SOURCE=2 -g   -c plier_impl.cpp -o plier_impl.o
g++ -std=gnu++20 -I"/usr/local/lib/R/include" -DNDEBUG   -I/usr/local/include    -fpic  -g -O2 -fstack-protector-strong -Wformat -Werror=format-security -Wdate-time -D_FORTIFY_SOURCE=2 -g   -c plieralg.cpp -o plieralg.o
g++ -std=gnu++20 -I"/usr/local/lib/R/include" -DNDEBUG   -I/usr/local/include    -fpic  -g -O2 -fstack-protector-strong -Wformat -Werror=format-security -Wdate-time -D_FORTIFY_SOURCE=2 -g   -c rwrapper.cpp -o rwrapper.o
g++ -std=gnu++20 -shared -L/usr/local/lib/R/lib -L/usr/local/lib -o plier.so affyplier.o plier_impl.o plieralg.o rwrapper.o -L/usr/local/lib/R/lib -lR
installing to /tmp/library/00LOCK-plier/00new/plier/libs
** R
** byte-compile and prepare package for lazy loading
** help
*** installing help indices
** building package indices
** testing if installed package can be loaded from temporary location
** checking absolute paths in shared objects and dynamic libraries
** testing if installed package can be loaded from final location
** testing if installed package keeps a record of temporary installation path
* SHA256 sums
* creating tarball
packaged installation of ‘plier’ as ‘plier_1.82.0_R_x86_64-pc-linux-gnu.tar.gz’
* DONE (plier)
* installing *binary* package ‘relations’ ...
* package ‘relations’ successfully unpacked and SHA256 sums checked
* ‘relations’ was already a binary package and will not be rebuilt
* SHA256 sums
* creating tarball
packaged installation of ‘relations’ as ‘relations_0.6-18_R_x86_64-pc-linux-gnu.tar.gz’
* DONE (relations)
* installing *source* package ‘piano’ ...
** this is package ‘piano’ version ‘2.28.0’
** using staged installation
** R
** data
** inst
** byte-compile and prepare package for lazy loading
** help
*** installing help indices
** building package indices
** installing vignettes
** testing if installed package can be loaded from temporary location
** testing if installed package can be loaded from final location
** testing if installed package keeps a record of temporary installation path
* SHA256 sums
* creating tarball
packaged installation of ‘piano’ as ‘piano_2.28.0_R_x86_64-pc-linux-gnu.tar.gz’
* DONE (piano)

The downloaded source packages are in
	‘/tmp/RtmpsxQOZa/downloaded_packages’
Old packages: 'httr2', 'pak', 'pkgdown', 'urlchecker', 'xfun', 'zip', 'MASS',
  'nlme', 'survival'

real	0m40.082s
user	0m31.468s
sys	0m7.305s
