+ Rscript -e 'Sys.setenv(BIOCONDUCTOR_USE_CONTAINER_REPOSITORY=FALSE);
  p <- .libPaths();
  p <- c('\''/tmp/library'\'', '\''/mnt/library'\'', p);
  .libPaths(p);
  if(BiocManager::install('\''scAnnotatR'\'', INSTALL_opts = '\''--build'\'', update = TRUE, quiet = FALSE, dependencies=TRUE, force = TRUE, keep_outputs = TRUE) %in% rownames(installed.packages())) q(status = 0) else q(status = 1)'
'getOption("repos")' replaces Bioconductor standard repositories, see
'help("repositories", package = "BiocManager")' for details.
Replacement repositories:
    CRAN: https://p3m.dev/cran/__linux__/noble/latest
Bioconductor version 3.24 (BiocManager 1.30.27), R 4.6.1 (2026-06-24)
Installing package(s) 'scAnnotatR'
trying URL 'https://bioconductor.org/packages/3.24/bioc/src/contrib/scAnnotatR_1.19.0.tar.gz'
Content type 'application/x-gzip' length 577633 bytes (564 KB)
==================================================
downloaded 564 KB

* installing *source* package ‘scAnnotatR’ ...
** this is package ‘scAnnotatR’ version ‘1.19.0’
** package ‘scAnnotatR’ successfully unpacked and MD5 sums checked
** using staged installation
** R
** data
*** moving datasets to lazyload DB
** inst
** byte-compile and prepare package for lazy loading
Warning: replacing previous import ‘ape::where’ by ‘dplyr::where’ when loading ‘scAnnotatR’
Warning: replacing previous import ‘e1071::element’ by ‘ggplot2::element’ when loading ‘scAnnotatR’
** help
*** installing help indices
** building package indices
** installing vignettes
** testing if installed package can be loaded from temporary location
Warning: replacing previous import ‘ape::where’ by ‘dplyr::where’ when loading ‘scAnnotatR’
Warning: replacing previous import ‘e1071::element’ by ‘ggplot2::element’ when loading ‘scAnnotatR’
** testing if installed package can be loaded from final location
Warning: replacing previous import ‘ape::where’ by ‘dplyr::where’ when loading ‘scAnnotatR’
Warning: replacing previous import ‘e1071::element’ by ‘ggplot2::element’ when loading ‘scAnnotatR’
** testing if installed package keeps a record of temporary installation path
* SHA256 sums
* creating tarball
packaged installation of ‘scAnnotatR’ as ‘scAnnotatR_1.19.0_R_x86_64-pc-linux-gnu.tar.gz’
* DONE (scAnnotatR)

The downloaded source packages are in
	‘/tmp/RtmpqEaaGj/downloaded_packages’

real	1m6.693s
user	0m48.281s
sys	0m6.429s
