+ Rscript -e 'Sys.setenv(BIOCONDUCTOR_USE_CONTAINER_REPOSITORY=FALSE);
  p <- .libPaths();
  p <- c('\''/tmp/library'\'', '\''/mnt/library'\'', p);
  .libPaths(p);
  if(BiocManager::install('\''TrajectoryGeometry'\'', INSTALL_opts = '\''--build'\'', update = TRUE, quiet = FALSE, dependencies=TRUE, force = TRUE, keep_outputs = TRUE) %in% rownames(installed.packages())) q(status = 0) else q(status = 1)'
'getOption("repos")' replaces Bioconductor standard repositories, see
'help("repositories", package = "BiocManager")' for details.
Replacement repositories:
    CRAN: https://p3m.dev/cran/__linux__/noble/latest
Bioconductor version 3.24 (BiocManager 1.30.27), R 4.6.1 (2026-06-24)
Installing package(s) 'TrajectoryGeometry'
also installing the dependency ‘pracma’

trying URL 'https://p3m.dev/cran/__linux__/noble/latest/src/contrib/pracma_2.4.6.tar.gz'
trying URL 'https://bioconductor.org/packages/3.24/bioc/src/contrib/TrajectoryGeometry_1.21.0.tar.gz'
* installing *binary* package ‘pracma’ ...
* package ‘pracma’ successfully unpacked and SHA256 sums checked
* ‘pracma’ was already a binary package and will not be rebuilt
* SHA256 sums
* creating tarball
packaged installation of ‘pracma’ as ‘pracma_2.4.6_R_x86_64-pc-linux-gnu.tar.gz’
* DONE (pracma)
* installing *source* package ‘TrajectoryGeometry’ ...
** this is package ‘TrajectoryGeometry’ version ‘1.21.0’
** package ‘TrajectoryGeometry’ successfully unpacked and MD5 sums checked
** using staged installation
** R
** data
*** moving datasets to lazyload DB
** inst
** byte-compile and prepare package for lazy loading
Warning: 'rgl.init' failed, will use the null device.
See '?rgl.useNULL' for ways to avoid this warning.
** help
*** installing help indices
** building package indices
** installing vignettes
** testing if installed package can be loaded from temporary location
Warning: 'rgl.init' failed, will use the null device.
See '?rgl.useNULL' for ways to avoid this warning.
** testing if installed package can be loaded from final location
Warning: 'rgl.init' failed, will use the null device.
See '?rgl.useNULL' for ways to avoid this warning.
** testing if installed package keeps a record of temporary installation path
* SHA256 sums
* creating tarball
packaged installation of ‘TrajectoryGeometry’ as ‘TrajectoryGeometry_1.21.0_R_x86_64-pc-linux-gnu.tar.gz’
* DONE (TrajectoryGeometry)

The downloaded source packages are in
	‘/tmp/RtmpfCOts8/downloaded_packages’
Old packages: 'diffobj'

real	0m47.095s
user	0m7.265s
sys	0m3.177s
