+ Rscript -e 'Sys.setenv(BIOCONDUCTOR_USE_CONTAINER_REPOSITORY=FALSE);
  p <- .libPaths();
  p <- c('\''/tmp/library'\'', '\''/mnt/library'\'', p);
  .libPaths(p);
  if(BiocManager::install('\''affy'\'', INSTALL_opts = '\''--build'\'', update = TRUE, quiet = FALSE, dependencies=TRUE, force = TRUE, keep_outputs = TRUE) %in% rownames(installed.packages())) q(status = 0) else q(status = 1)'
'getOption("repos")' replaces Bioconductor standard repositories, see
'help("repositories", package = "BiocManager")' for details.
Replacement repositories:
    CRAN: https://p3m.dev/cran/__linux__/noble/latest
Bioconductor version 3.24 (BiocManager 1.30.27), R 4.6.1 (2026-06-24)
Installing package(s) 'affy'
also installing the dependency ‘hgu95av2cdf’

trying URL 'https://bioconductor.org/packages/3.24/data/annotation/src/contrib/hgu95av2cdf_2.18.0.tar.gz'
trying URL 'https://bioconductor.org/packages/3.24/bioc/src/contrib/affy_1.91.0.tar.gz'
* installing *source* package ‘hgu95av2cdf’ ...
** this is package ‘hgu95av2cdf’ version ‘2.18.0’
** using staged installation
** R
** data
** byte-compile and prepare package for lazy loading
Warning: replacing previous import ‘AnnotationDbi::tail’ by ‘utils::tail’ when loading ‘hgu95av2cdf’
Warning: replacing previous import ‘AnnotationDbi::head’ by ‘utils::head’ when loading ‘hgu95av2cdf’
** help
*** installing help indices
** building package indices
** testing if installed package can be loaded from temporary location
Warning: replacing previous import ‘AnnotationDbi::tail’ by ‘utils::tail’ when loading ‘hgu95av2cdf’
Warning: replacing previous import ‘AnnotationDbi::head’ by ‘utils::head’ when loading ‘hgu95av2cdf’
** testing if installed package can be loaded from final location
Warning: replacing previous import ‘AnnotationDbi::tail’ by ‘utils::tail’ when loading ‘hgu95av2cdf’
Warning: replacing previous import ‘AnnotationDbi::head’ by ‘utils::head’ when loading ‘hgu95av2cdf’
** testing if installed package keeps a record of temporary installation path
* SHA256 sums
* creating tarball
packaged installation of ‘hgu95av2cdf’ as ‘hgu95av2cdf_2.18.0_R_x86_64-pc-linux-gnu.tar.gz’
* DONE (hgu95av2cdf)
* installing *source* package ‘affy’ ...
** this is package ‘affy’ version ‘1.91.0’
** package ‘affy’ successfully unpacked and MD5 sums checked
** using staged installation
creating cache ./config.cache
checking how to run the C preprocessor... gcc -std=gnu2x -E
checking for main in -lz... yes
checking for zlib.h... yes
checking if zlib version >= 1.1.3... yes
updating cache ./config.cache
creating ./config.status
creating src/Makevars
** libs
using C compiler: ‘gcc (Ubuntu 13.3.0-6ubuntu2~24.04.1) 13.3.0’
gcc -std=gnu2x -I"/usr/local/lib/R/include" -DNDEBUG -DHAVE_ZLIB=1  -I'/mnt/library/preprocessCore/include' -I/usr/local/include   -g -O2 -fstack-protector-strong -Wformat -Werror=format-security -Wdate-time -D_FORTIFY_SOURCE=2 -g -fpic  -g -O2 -fstack-protector-strong -Wformat -Werror=format-security -Wdate-time -D_FORTIFY_SOURCE=2 -g  -c chipbackground.c -o chipbackground.o
gcc -std=gnu2x -I"/usr/local/lib/R/include" -DNDEBUG -DHAVE_ZLIB=1  -I'/mnt/library/preprocessCore/include' -I/usr/local/include   -g -O2 -fstack-protector-strong -Wformat -Werror=format-security -Wdate-time -D_FORTIFY_SOURCE=2 -g -fpic  -g -O2 -fstack-protector-strong -Wformat -Werror=format-security -Wdate-time -D_FORTIFY_SOURCE=2 -g  -c getall_locations.c -o getall_locations.o
gcc -std=gnu2x -I"/usr/local/lib/R/include" -DNDEBUG -DHAVE_ZLIB=1  -I'/mnt/library/preprocessCore/include' -I/usr/local/include   -g -O2 -fstack-protector-strong -Wformat -Werror=format-security -Wdate-time -D_FORTIFY_SOURCE=2 -g -fpic  -g -O2 -fstack-protector-strong -Wformat -Werror=format-security -Wdate-time -D_FORTIFY_SOURCE=2 -g  -c mas5calls.c -o mas5calls.o
gcc -std=gnu2x -I"/usr/local/lib/R/include" -DNDEBUG -DHAVE_ZLIB=1  -I'/mnt/library/preprocessCore/include' -I/usr/local/include   -g -O2 -fstack-protector-strong -Wformat -Werror=format-security -Wdate-time -D_FORTIFY_SOURCE=2 -g -fpic  -g -O2 -fstack-protector-strong -Wformat -Werror=format-security -Wdate-time -D_FORTIFY_SOURCE=2 -g  -c rma2.c -o rma2.o
gcc -std=gnu2x -I"/usr/local/lib/R/include" -DNDEBUG -DHAVE_ZLIB=1  -I'/mnt/library/preprocessCore/include' -I/usr/local/include   -g -O2 -fstack-protector-strong -Wformat -Werror=format-security -Wdate-time -D_FORTIFY_SOURCE=2 -g -fpic  -g -O2 -fstack-protector-strong -Wformat -Werror=format-security -Wdate-time -D_FORTIFY_SOURCE=2 -g  -c rma_common.c -o rma_common.o
gcc -std=gnu2x -shared -L/usr/local/lib/R/lib -L/usr/local/lib -o affy.so chipbackground.o getall_locations.o mas5calls.o rma2.o rma_common.o -lz -L/usr/local/lib/R/lib -lR
installing to /tmp/library/00LOCK-affy/00new/affy/libs
** R
** data
** demo
** inst
** byte-compile and prepare package for lazy loading
** help
*** installing help indices
** building package indices
** installing vignettes
** testing if installed package can be loaded from temporary location
** checking absolute paths in shared objects and dynamic libraries
** testing if installed package can be loaded from final location
** testing if installed package keeps a record of temporary installation path
* SHA256 sums
* creating tarball
packaged installation of ‘affy’ as ‘affy_1.91.0_R_x86_64-pc-linux-gnu.tar.gz’
* DONE (affy)

The downloaded source packages are in
	‘/tmp/RtmpfpcoZy/downloaded_packages’

real	0m33.795s
user	0m19.804s
sys	0m4.878s
