+ Rscript -e 'Sys.setenv(BIOCONDUCTOR_USE_CONTAINER_REPOSITORY=FALSE);
  p <- .libPaths();
  p <- c('\''/tmp/library'\'', '\''/mnt/library'\'', p);
  .libPaths(p);
  if(BiocManager::install('\''scds'\'', INSTALL_opts = '\''--build'\'', update = TRUE, quiet = FALSE, dependencies=TRUE, force = TRUE, keep_outputs = TRUE) %in% rownames(installed.packages())) q(status = 0) else q(status = 1)'
'getOption("repos")' replaces Bioconductor standard repositories, see
'help("repositories", package = "BiocManager")' for details.
Replacement repositories:
    CRAN: https://p3m.dev/cran/__linux__/noble/latest
Bioconductor version 3.24 (BiocManager 1.30.27), R 4.6.1 (2026-06-24)
Installing package(s) 'scds'
trying URL 'https://bioconductor.org/packages/3.24/bioc/src/contrib/scds_2.1.0.tar.gz'
Content type 'application/x-gzip' length 1453823 bytes (1.4 MB)
==================================================
downloaded 1.4 MB

* installing *source* package ‘scds’ ...
** this is package ‘scds’ version ‘2.1.0’
** package ‘scds’ successfully unpacked and MD5 sums checked
** using staged installation
** R
** data
** inst
** byte-compile and prepare package for lazy loading
** help
*** installing help indices
** building package indices
** installing vignettes
** testing if installed package can be loaded from temporary location
** testing if installed package can be loaded from final location
** testing if installed package keeps a record of temporary installation path
* SHA256 sums
* creating tarball
packaged installation of ‘scds’ as ‘scds_2.1.0_R_x86_64-pc-linux-gnu.tar.gz’
* DONE (scds)

The downloaded source packages are in
	‘/tmp/RtmpV5W10R/downloaded_packages’

real	0m40.673s
user	0m27.079s
sys	0m4.624s
