+ Rscript -e 'Sys.setenv(BIOCONDUCTOR_USE_CONTAINER_REPOSITORY=FALSE);
  p <- .libPaths();
  p <- c('\''/tmp/library'\'', '\''/mnt/library'\'', p);
  .libPaths(p);
  if(BiocManager::install('\''RTN'\'', INSTALL_opts = '\''--build'\'', update = TRUE, quiet = FALSE, dependencies=TRUE, force = TRUE, keep_outputs = TRUE) %in% rownames(installed.packages())) q(status = 0) else q(status = 1)'
'getOption("repos")' replaces Bioconductor standard repositories, see
'help("repositories", package = "BiocManager")' for details.
Replacement repositories:
    CRAN: https://p3m.dev/cran/__linux__/noble/latest
Bioconductor version 3.24 (BiocManager 1.30.27), R 4.6.1 (2026-06-24)
Installing package(s) 'RTN'
trying URL 'https://bioconductor.org/packages/3.24/bioc/src/contrib/RTN_2.37.0.tar.gz'
Content type 'application/x-gzip' length 10765831 bytes (10.3 MB)
==================================================
downloaded 10.3 MB

* installing *source* package ‘RTN’ ...
** this is package ‘RTN’ version ‘2.37.0’
** package ‘RTN’ successfully unpacked and MD5 sums checked
** using staged installation
** R
** data
** inst
** byte-compile and prepare package for lazy loading
** help
*** installing help indices
** building package indices
** installing vignettes
** testing if installed package can be loaded from temporary location
** testing if installed package can be loaded from final location
** testing if installed package keeps a record of temporary installation path
* SHA256 sums
* creating tarball
packaged installation of ‘RTN’ as ‘RTN_2.37.0_R_x86_64-pc-linux-gnu.tar.gz’
* DONE (RTN)

The downloaded source packages are in
	‘/tmp/Rtmp4N4QU4/downloaded_packages’

real	0m48.011s
user	0m38.371s
sys	0m4.659s
