+ Rscript -e 'Sys.setenv(BIOCONDUCTOR_USE_CONTAINER_REPOSITORY=FALSE);
  p <- .libPaths();
  p <- c('\''/tmp/library'\'', '\''/mnt/library'\'', p);
  .libPaths(p);
  if(BiocManager::install('\''AgiMicroRna'\'', INSTALL_opts = '\''--build'\'', update = TRUE, quiet = FALSE, dependencies=TRUE, force = TRUE, keep_outputs = TRUE) %in% rownames(installed.packages())) q(status = 0) else q(status = 1)'
'getOption("repos")' replaces Bioconductor standard repositories, see
'help("repositories", package = "BiocManager")' for details.
Replacement repositories:
    CRAN: https://p3m.dev/cran/__linux__/noble/latest
Bioconductor version 3.24 (BiocManager 1.30.27), R 4.6.1 (2026-06-24)
Installing package(s) 'AgiMicroRna'
trying URL 'https://bioconductor.org/packages/3.24/bioc/src/contrib/AgiMicroRna_2.63.0.tar.gz'
Content type 'application/x-gzip' length 3218124 bytes (3.1 MB)
==================================================
downloaded 3.1 MB

* installing *source* package ‘AgiMicroRna’ ...
** this is package ‘AgiMicroRna’ version ‘2.63.0’
** package ‘AgiMicroRna’ successfully unpacked and MD5 sums checked
** using staged installation
** R
** data
** inst
** byte-compile and prepare package for lazy loading
** help
*** installing help indices
** building package indices
** installing vignettes
** testing if installed package can be loaded from temporary location
** testing if installed package can be loaded from final location
** testing if installed package keeps a record of temporary installation path
* SHA256 sums
* creating tarball
packaged installation of ‘AgiMicroRna’ as ‘AgiMicroRna_2.63.0_R_x86_64-pc-linux-gnu.tar.gz’
* DONE (AgiMicroRna)

The downloaded source packages are in
	‘/tmp/RtmpbZFGod/downloaded_packages’

real	1m29.770s
user	1m2.595s
sys	0m9.214s
