+ Rscript -e 'Sys.setenv(BIOCONDUCTOR_USE_CONTAINER_REPOSITORY=FALSE);
  p <- .libPaths();
  p <- c('\''/tmp/library'\'', '\''/mnt/library'\'', p);
  .libPaths(p);
  if(BiocManager::install('\''GEWIST'\'', INSTALL_opts = '\''--build'\'', update = TRUE, quiet = FALSE, dependencies=TRUE, force = TRUE, keep_outputs = TRUE) %in% rownames(installed.packages())) q(status = 0) else q(status = 1)'
'getOption("repos")' replaces Bioconductor standard repositories, see
'help("repositories", package = "BiocManager")' for details.
Replacement repositories:
    CRAN: https://p3m.dev/cran/__linux__/noble/latest
Bioconductor version 3.24 (BiocManager 1.30.27), R 4.6.1 (2026-06-24)
Installing package(s) 'GEWIST'
trying URL 'https://bioconductor.org/packages/3.24/bioc/src/contrib/GEWIST_1.57.0.tar.gz'
Content type 'application/x-gzip' length 397835 bytes (388 KB)
==================================================
downloaded 388 KB

* installing *source* package ‘GEWIST’ ...
** this is package ‘GEWIST’ version ‘1.57.0’
** package ‘GEWIST’ successfully unpacked and MD5 sums checked
** using staged installation
** R
** inst
** byte-compile and prepare package for lazy loading
** help
*** installing help indices
** building package indices
** installing vignettes
** testing if installed package can be loaded from temporary location
** testing if installed package can be loaded from final location
** testing if installed package keeps a record of temporary installation path
* SHA256 sums
* creating tarball
packaged installation of ‘GEWIST’ as ‘GEWIST_1.57.0_R_x86_64-pc-linux-gnu.tar.gz’
* DONE (GEWIST)

The downloaded source packages are in
	‘/tmp/RtmpUTDmcc/downloaded_packages’

real	0m13.156s
user	0m3.351s
sys	0m1.787s
