+ Rscript -e 'Sys.setenv(BIOCONDUCTOR_USE_CONTAINER_REPOSITORY=FALSE);
  p <- .libPaths();
  p <- c('\''/tmp/library'\'', '\''/mnt/library'\'', p);
  .libPaths(p);
  if(BiocManager::install('\''Path2PPI'\'', INSTALL_opts = '\''--build'\'', update = TRUE, quiet = FALSE, dependencies=TRUE, force = TRUE, keep_outputs = TRUE) %in% rownames(installed.packages())) q(status = 0) else q(status = 1)'
'getOption("repos")' replaces Bioconductor standard repositories, see
'help("repositories", package = "BiocManager")' for details.
Replacement repositories:
    CRAN: https://p3m.dev/cran/__linux__/noble/latest
Bioconductor version 3.24 (BiocManager 1.30.27), R 4.6.1 (2026-06-24)
Installing package(s) 'Path2PPI'
trying URL 'https://bioconductor.org/packages/3.24/bioc/src/contrib/Path2PPI_1.43.0.tar.gz'
Content type 'application/x-gzip' length 1502604 bytes (1.4 MB)
==================================================
downloaded 1.4 MB

* installing *source* package ‘Path2PPI’ ...
** this is package ‘Path2PPI’ version ‘1.43.0’
** package ‘Path2PPI’ successfully unpacked and MD5 sums checked
** using staged installation
** R
** data
** inst
** byte-compile and prepare package for lazy loading
** help
*** installing help indices
** building package indices
** installing vignettes
** testing if installed package can be loaded from temporary location
** testing if installed package can be loaded from final location
** testing if installed package keeps a record of temporary installation path
* SHA256 sums
* creating tarball
packaged installation of ‘Path2PPI’ as ‘Path2PPI_1.43.0_R_x86_64-pc-linux-gnu.tar.gz’
* DONE (Path2PPI)

The downloaded source packages are in
	‘/tmp/Rtmpb8WL0f/downloaded_packages’
Old packages: 'diffobj'

real	0m11.827s
user	0m6.790s
sys	0m2.155s
