+ Rscript -e 'Sys.setenv(BIOCONDUCTOR_USE_CONTAINER_REPOSITORY=FALSE);
  p <- .libPaths();
  p <- c('\''/tmp/library'\'', '\''/mnt/library'\'', p);
  .libPaths(p);
  if(BiocManager::install('\''SANTA'\'', INSTALL_opts = '\''--build'\'', update = TRUE, quiet = FALSE, dependencies=TRUE, force = TRUE, keep_outputs = TRUE) %in% rownames(installed.packages())) q(status = 0) else q(status = 1)'
'getOption("repos")' replaces Bioconductor standard repositories, see
'help("repositories", package = "BiocManager")' for details.
Replacement repositories:
    CRAN: https://p3m.dev/cran/__linux__/noble/latest
Bioconductor version 3.23 (BiocManager 1.30.27), R 4.6.1 (2026-06-24)
Installing package(s) 'SANTA'
also installing the dependencies ‘BioNet’, ‘msm’, ‘org.Sc.sgd.db’

trying URL 'https://bioconductor.org/packages/3.23/bioc/src/contrib/BioNet_1.72.0.tar.gz'
trying URL 'https://p3m.dev/cran/__linux__/noble/latest/src/contrib/msm_1.8.2.tar.gz'
trying URL 'https://bioconductor.org/packages/3.23/data/annotation/src/contrib/org.Sc.sgd.db_3.22.0.tar.gz'
trying URL 'https://bioconductor.org/packages/3.23/bioc/src/contrib/SANTA_2.48.0.tar.gz'
* installing *source* package ‘BioNet’ ...
** this is package ‘BioNet’ version ‘1.72.0’
** using staged installation
** R
** data
** inst
** byte-compile and prepare package for lazy loading
** help
*** installing help indices
** building package indices
** installing vignettes
** testing if installed package can be loaded from temporary location
** testing if installed package can be loaded from final location
** testing if installed package keeps a record of temporary installation path
* SHA256 sums
* creating tarball
packaged installation of ‘BioNet’ as ‘BioNet_1.72.0_R_x86_64-pc-linux-gnu.tar.gz’
* DONE (BioNet)
* installing *binary* package ‘msm’ ...
* package ‘msm’ successfully unpacked and SHA256 sums checked
* ‘msm’ was already a binary package and will not be rebuilt
* SHA256 sums
* creating tarball
packaged installation of ‘msm’ as ‘msm_1.8.2_R_x86_64-pc-linux-gnu.tar.gz’
* DONE (msm)
* installing *source* package ‘org.Sc.sgd.db’ ...
** this is package ‘org.Sc.sgd.db’ version ‘3.22.0’
** using staged installation
** R
** inst
** byte-compile and prepare package for lazy loading
** help
*** installing help indices
** building package indices
** testing if installed package can be loaded from temporary location
** testing if installed package can be loaded from final location
** testing if installed package keeps a record of temporary installation path
* SHA256 sums
* creating tarball
packaged installation of ‘org.Sc.sgd.db’ as ‘org.Sc.sgd.db_3.22.0_R_x86_64-pc-linux-gnu.tar.gz’
* DONE (org.Sc.sgd.db)
* installing *source* package ‘SANTA’ ...
** this is package ‘SANTA’ version ‘2.48.0’
** using staged installation
** libs
using C compiler: ‘gcc (Ubuntu 13.3.0-6ubuntu2~24.04.1) 13.3.0’
gcc -std=gnu2x -I"/usr/local/lib/R/include" -DNDEBUG   -I/usr/local/include    -fpic  -g -O2 -fstack-protector-strong -Wformat -Werror=format-security -Wdate-time -D_FORTIFY_SOURCE=2 -g  -c computenetK_fewzeros.c -o computenetK_fewzeros.o
gcc -std=gnu2x -I"/usr/local/lib/R/include" -DNDEBUG   -I/usr/local/include    -fpic  -g -O2 -fstack-protector-strong -Wformat -Werror=format-security -Wdate-time -D_FORTIFY_SOURCE=2 -g  -c computenodeAUK.c -o computenodeAUK.o
gcc -std=gnu2x -I"/usr/local/lib/R/include" -DNDEBUG   -I/usr/local/include    -fpic  -g -O2 -fstack-protector-strong -Wformat -Werror=format-security -Wdate-time -D_FORTIFY_SOURCE=2 -g  -c computeweights.c -o computeweights.o
gcc -std=gnu2x -shared -L/usr/local/lib/R/lib -L/usr/local/lib -o SANTA.so computenetK_fewzeros.o computenodeAUK.o computeweights.o -L/usr/local/lib/R/lib -lR
installing to /tmp/library/00LOCK-SANTA/00new/SANTA/libs
** R
** data
** inst
** byte-compile and prepare package for lazy loading
** help
*** installing help indices
** building package indices
** installing vignettes
** testing if installed package can be loaded from temporary location
** checking absolute paths in shared objects and dynamic libraries
** testing if installed package can be loaded from final location
** testing if installed package keeps a record of temporary installation path
* SHA256 sums
* creating tarball
packaged installation of ‘SANTA’ as ‘SANTA_2.48.0_R_x86_64-pc-linux-gnu.tar.gz’
* DONE (SANTA)

The downloaded source packages are in
	‘/tmp/RtmpzhiPRk/downloaded_packages’
Old packages: 'httr2', 'pak', 'pkgdown', 'urlchecker', 'xfun', 'zip', 'MASS',
  'nlme', 'survival'

real	1m22.166s
user	1m4.575s
sys	0m6.139s
