+ Rscript -e 'Sys.setenv(BIOCONDUCTOR_USE_CONTAINER_REPOSITORY=FALSE);
  p <- .libPaths();
  p <- c('\''/tmp/library'\'', '\''/mnt/library'\'', p);
  .libPaths(p);
  if(BiocManager::install('\''geneplast'\'', INSTALL_opts = '\''--build'\'', update = TRUE, quiet = FALSE, dependencies=TRUE, force = TRUE, keep_outputs = TRUE) %in% rownames(installed.packages())) q(status = 0) else q(status = 1)'
'getOption("repos")' replaces Bioconductor standard repositories, see
'help("repositories", package = "BiocManager")' for details.
Replacement repositories:
    CRAN: https://p3m.dev/cran/__linux__/noble/latest
Bioconductor version 3.24 (BiocManager 1.30.27), R 4.6.1 (2026-06-24)
Installing package(s) 'geneplast'
Warning: dependency ‘Fletcher2013b’ is not available
also installing the dependencies ‘tidytree’, ‘yulab.utils’, ‘corrplot’, ‘minet’, ‘viper’, ‘mixtools’, ‘pwr’, ‘treeio’, ‘ggsci’, ‘ggsignif’, ‘polynom’, ‘rstatix’, ‘RTN’, ‘geneplast.data’, ‘geneplast.data.string.v91’, ‘ggpubr’

trying URL 'https://p3m.dev/cran/__linux__/noble/latest/src/contrib/tidytree_0.4.8.tar.gz'
trying URL 'https://p3m.dev/cran/__linux__/noble/latest/src/contrib/yulab.utils_0.2.4.tar.gz'
trying URL 'https://p3m.dev/cran/__linux__/noble/latest/src/contrib/corrplot_0.95.tar.gz'
trying URL 'https://bioconductor.org/packages/3.24/bioc/src/contrib/minet_3.71.0.tar.gz'
trying URL 'https://bioconductor.org/packages/3.24/bioc/src/contrib/viper_1.47.0.tar.gz'
trying URL 'https://p3m.dev/cran/__linux__/noble/latest/src/contrib/mixtools_2.0.0.1.tar.gz'
trying URL 'https://p3m.dev/cran/__linux__/noble/latest/src/contrib/pwr_1.3-0.tar.gz'
trying URL 'https://bioconductor.org/packages/3.24/bioc/src/contrib/treeio_1.37.0.tar.gz'
trying URL 'https://p3m.dev/cran/__linux__/noble/latest/src/contrib/ggsci_5.1.0.tar.gz'
trying URL 'https://p3m.dev/cran/__linux__/noble/latest/src/contrib/ggsignif_0.6.4.tar.gz'
trying URL 'https://p3m.dev/cran/__linux__/noble/latest/src/contrib/polynom_1.4-1.tar.gz'
trying URL 'https://p3m.dev/cran/__linux__/noble/latest/src/contrib/rstatix_1.0.0.tar.gz'
trying URL 'https://bioconductor.org/packages/3.24/bioc/src/contrib/RTN_2.37.0.tar.gz'
trying URL 'https://bioconductor.org/packages/3.24/data/annotation/src/contrib/geneplast.data_0.99.9.tar.gz'
trying URL 'https://bioconductor.org/packages/3.24/data/annotation/src/contrib/geneplast.data.string.v91_0.99.6.tar.gz'
trying URL 'https://p3m.dev/cran/__linux__/noble/latest/src/contrib/ggpubr_1.0.0.tar.gz'
trying URL 'https://bioconductor.org/packages/3.24/bioc/src/contrib/geneplast_1.39.0.tar.gz'
* installing *binary* package ‘yulab.utils’ ...
* package ‘yulab.utils’ successfully unpacked and SHA256 sums checked
* ‘yulab.utils’ was already a binary package and will not be rebuilt
* SHA256 sums
* creating tarball
packaged installation of ‘yulab.utils’ as ‘yulab.utils_0.2.4_R_x86_64-pc-linux-gnu.tar.gz’
* DONE (yulab.utils)
* installing *binary* package ‘corrplot’ ...
* package ‘corrplot’ successfully unpacked and SHA256 sums checked
* ‘corrplot’ was already a binary package and will not be rebuilt
* SHA256 sums
* creating tarball
packaged installation of ‘corrplot’ as ‘corrplot_0.95_R_x86_64-pc-linux-gnu.tar.gz’
* DONE (corrplot)
* installing *source* package ‘minet’ ...
** this is package ‘minet’ version ‘3.71.0’
** package ‘minet’ successfully unpacked and MD5 sums checked
** using staged installation
** libs
using C++ compiler: ‘g++ (Ubuntu 13.3.0-6ubuntu2~24.04.1) 13.3.0’
g++ -std=gnu++20 -I"/usr/local/lib/R/include" -DNDEBUG   -I/usr/local/include    -fpic  -g -O2 -fstack-protector-strong -Wformat -Werror=format-security -Wdate-time -D_FORTIFY_SOURCE=2 -g   -c aracne.cpp -o aracne.o
g++ -std=gnu++20 -I"/usr/local/lib/R/include" -DNDEBUG   -I/usr/local/include    -fpic  -g -O2 -fstack-protector-strong -Wformat -Werror=format-security -Wdate-time -D_FORTIFY_SOURCE=2 -g   -c clr.cpp -o clr.o
g++ -std=gnu++20 -I"/usr/local/lib/R/include" -DNDEBUG   -I/usr/local/include    -fpic  -g -O2 -fstack-protector-strong -Wformat -Werror=format-security -Wdate-time -D_FORTIFY_SOURCE=2 -g   -c minet.cpp -o minet.o
g++ -std=gnu++20 -I"/usr/local/lib/R/include" -DNDEBUG   -I/usr/local/include    -fpic  -g -O2 -fstack-protector-strong -Wformat -Werror=format-security -Wdate-time -D_FORTIFY_SOURCE=2 -g   -c mrnet.cpp -o mrnet.o
g++ -std=gnu++20 -I"/usr/local/lib/R/include" -DNDEBUG   -I/usr/local/include    -fpic  -g -O2 -fstack-protector-strong -Wformat -Werror=format-security -Wdate-time -D_FORTIFY_SOURCE=2 -g   -c validate.cpp -o validate.o
g++ -std=gnu++20 -shared -L/usr/local/lib/R/lib -L/usr/local/lib -o minet.so aracne.o clr.o minet.o mrnet.o validate.o -L/usr/local/lib/R/lib -lR
installing to /tmp/library/00LOCK-minet/00new/minet/libs
** R
** data
** inst
** byte-compile and prepare package for lazy loading
** help
*** installing help indices
** building package indices
** testing if installed package can be loaded from temporary location
** checking absolute paths in shared objects and dynamic libraries
** testing if installed package can be loaded from final location
** testing if installed package keeps a record of temporary installation path
* SHA256 sums
* creating tarball
packaged installation of ‘minet’ as ‘minet_3.71.0_R_x86_64-pc-linux-gnu.tar.gz’
* DONE (minet)
* installing *binary* package ‘mixtools’ ...
* package ‘mixtools’ successfully unpacked and SHA256 sums checked
* ‘mixtools’ was already a binary package and will not be rebuilt
* SHA256 sums
* creating tarball
packaged installation of ‘mixtools’ as ‘mixtools_2.0.0.1_R_x86_64-pc-linux-gnu.tar.gz’
* DONE (mixtools)
* installing *binary* package ‘pwr’ ...
* package ‘pwr’ successfully unpacked and SHA256 sums checked
* ‘pwr’ was already a binary package and will not be rebuilt
* SHA256 sums
* creating tarball
packaged installation of ‘pwr’ as ‘pwr_1.3-0_R_x86_64-pc-linux-gnu.tar.gz’
* DONE (pwr)
* installing *binary* package ‘ggsci’ ...
* package ‘ggsci’ successfully unpacked and SHA256 sums checked
* ‘ggsci’ was already a binary package and will not be rebuilt
* SHA256 sums
* creating tarball
packaged installation of ‘ggsci’ as ‘ggsci_5.1.0_R_x86_64-pc-linux-gnu.tar.gz’
* DONE (ggsci)
* installing *binary* package ‘ggsignif’ ...
* package ‘ggsignif’ successfully unpacked and SHA256 sums checked
* ‘ggsignif’ was already a binary package and will not be rebuilt
* SHA256 sums
* creating tarball
packaged installation of ‘ggsignif’ as ‘ggsignif_0.6.4_R_x86_64-pc-linux-gnu.tar.gz’
* DONE (ggsignif)
* installing *binary* package ‘polynom’ ...
* package ‘polynom’ successfully unpacked and SHA256 sums checked
* ‘polynom’ was already a binary package and will not be rebuilt
* SHA256 sums
* creating tarball
packaged installation of ‘polynom’ as ‘polynom_1.4-1_R_x86_64-pc-linux-gnu.tar.gz’
* DONE (polynom)
* installing *source* package ‘geneplast.data.string.v91’ ...
** this is package ‘geneplast.data.string.v91’ version ‘0.99.6’
** using staged installation
** R
** data
*** moving datasets to lazyload DB
** inst
** byte-compile and prepare package for lazy loading
** help
*** installing help indices
** building package indices
** testing if installed package can be loaded from temporary location
** testing if installed package can be loaded from final location
** testing if installed package keeps a record of temporary installation path
* SHA256 sums
* creating tarball
packaged installation of ‘geneplast.data.string.v91’ as ‘geneplast.data.string.v91_0.99.6_R_x86_64-pc-linux-gnu.tar.gz’
* DONE (geneplast.data.string.v91)
* installing *source* package ‘geneplast’ ...
** this is package ‘geneplast’ version ‘1.39.0’
** package ‘geneplast’ successfully unpacked and MD5 sums checked
** using staged installation
** R
** data
** inst
** byte-compile and prepare package for lazy loading
** help
*** installing help indices
** building package indices
** installing vignettes
** testing if installed package can be loaded from temporary location
** testing if installed package can be loaded from final location
** testing if installed package keeps a record of temporary installation path
* SHA256 sums
* creating tarball
packaged installation of ‘geneplast’ as ‘geneplast_1.39.0_R_x86_64-pc-linux-gnu.tar.gz’
* DONE (geneplast)
* installing *binary* package ‘tidytree’ ...
* package ‘tidytree’ successfully unpacked and SHA256 sums checked
* ‘tidytree’ was already a binary package and will not be rebuilt
* SHA256 sums
* creating tarball
packaged installation of ‘tidytree’ as ‘tidytree_0.4.8_R_x86_64-pc-linux-gnu.tar.gz’
* DONE (tidytree)
* installing *source* package ‘viper’ ...
** this is package ‘viper’ version ‘1.47.0’
** package ‘viper’ successfully unpacked and MD5 sums checked
** using staged installation
** R
** inst
** byte-compile and prepare package for lazy loading
** help
*** installing help indices
** building package indices
** installing vignettes
** testing if installed package can be loaded from temporary location
** testing if installed package can be loaded from final location
** testing if installed package keeps a record of temporary installation path
* SHA256 sums
* creating tarball
packaged installation of ‘viper’ as ‘viper_1.47.0_R_x86_64-pc-linux-gnu.tar.gz’
* DONE (viper)
* installing *binary* package ‘rstatix’ ...
* package ‘rstatix’ successfully unpacked and SHA256 sums checked
* ‘rstatix’ was already a binary package and will not be rebuilt
* SHA256 sums
* creating tarball
packaged installation of ‘rstatix’ as ‘rstatix_1.0.0_R_x86_64-pc-linux-gnu.tar.gz’
* DONE (rstatix)
* installing *source* package ‘treeio’ ...
** this is package ‘treeio’ version ‘1.37.0’
** package ‘treeio’ successfully unpacked and MD5 sums checked
** using staged installation
** R
** inst
** byte-compile and prepare package for lazy loading
** help
*** installing help indices
*** copying figures
** building package indices
** installing vignettes
** testing if installed package can be loaded from temporary location
** testing if installed package can be loaded from final location
** testing if installed package keeps a record of temporary installation path
* SHA256 sums
* creating tarball
packaged installation of ‘treeio’ as ‘treeio_1.37.0_R_x86_64-pc-linux-gnu.tar.gz’
* DONE (treeio)
* installing *source* package ‘RTN’ ...
** this is package ‘RTN’ version ‘2.37.0’
** package ‘RTN’ successfully unpacked and MD5 sums checked
** using staged installation
** R
** data
** inst
** byte-compile and prepare package for lazy loading

 *** caught segfault ***
address 0x6e50, cause 'memory not mapped'
An irrecoverable exception occurred. R is aborting now ...
Segmentation fault (core dumped)
ERROR: lazy loading failed for package ‘RTN’
* removing ‘/tmp/library/RTN’
* installing *binary* package ‘ggpubr’ ...
* package ‘ggpubr’ successfully unpacked and SHA256 sums checked
* ‘ggpubr’ was already a binary package and will not be rebuilt
* SHA256 sums
* creating tarball
packaged installation of ‘ggpubr’ as ‘ggpubr_1.0.0_R_x86_64-pc-linux-gnu.tar.gz’
* DONE (ggpubr)
* installing *source* package ‘geneplast.data’ ...
** this is package ‘geneplast.data’ version ‘0.99.9’
** using staged installation
** R
** inst
** byte-compile and prepare package for lazy loading
** help
*** installing help indices
** building package indices
** installing vignettes
** testing if installed package can be loaded from temporary location
** testing if installed package can be loaded from final location
** testing if installed package keeps a record of temporary installation path
* SHA256 sums
* creating tarball
packaged installation of ‘geneplast.data’ as ‘geneplast.data_0.99.9_R_x86_64-pc-linux-gnu.tar.gz’
* DONE (geneplast.data)

The downloaded source packages are in
	‘/tmp/RtmpbqrUpE/downloaded_packages’
Warning message:
In install.packages(...) :
  installation of package ‘RTN’ had non-zero exit status

real	1m52.634s
user	1m20.125s
sys	0m12.793s
