+ Rscript -e 'Sys.setenv(BIOCONDUCTOR_USE_CONTAINER_REPOSITORY=FALSE);
  p <- .libPaths();
  p <- c('\''/tmp/library'\'', '\''/mnt/library'\'', p);
  .libPaths(p);
  if(BiocManager::install('\''EBSEA'\'', INSTALL_opts = '\''--build'\'', update = TRUE, quiet = FALSE, dependencies=TRUE, force = TRUE, keep_outputs = TRUE) %in% rownames(installed.packages())) q(status = 0) else q(status = 1)'
'getOption("repos")' replaces Bioconductor standard repositories, see
'help("repositories", package = "BiocManager")' for details.
Replacement repositories:
    CRAN: https://p3m.dev/cran/__linux__/noble/latest
Bioconductor version 3.24 (BiocManager 1.30.27), R 4.6.1 (2026-06-24)
Installing package(s) 'EBSEA'
trying URL 'https://bioconductor.org/packages/3.24/bioc/src/contrib/EBSEA_1.41.0.tar.gz'
Content type 'application/x-gzip' length 53164 bytes (51 KB)
==================================================
downloaded 51 KB

* installing *source* package ‘EBSEA’ ...
** this is package ‘EBSEA’ version ‘1.41.0’
** package ‘EBSEA’ successfully unpacked and MD5 sums checked
** using staged installation
** R
** data
** inst
** byte-compile and prepare package for lazy loading
** help
*** installing help indices
** building package indices
** installing vignettes
** testing if installed package can be loaded from temporary location
** testing if installed package can be loaded from final location
** testing if installed package keeps a record of temporary installation path
* SHA256 sums
* creating tarball
packaged installation of ‘EBSEA’ as ‘EBSEA_1.41.0_R_x86_64-pc-linux-gnu.tar.gz’
* DONE (EBSEA)

The downloaded source packages are in
	‘/tmp/Rtmpt0orTt/downloaded_packages’

real	0m32.644s
user	0m25.469s
sys	0m3.866s
