+ Rscript -e 'Sys.setenv(BIOCONDUCTOR_USE_CONTAINER_REPOSITORY=FALSE);
  p <- .libPaths();
  p <- c('\''/tmp/library'\'', '\''/mnt/library'\'', p);
  .libPaths(p);
  if(BiocManager::install('\''IHW'\'', INSTALL_opts = '\''--build'\'', update = TRUE, quiet = FALSE, dependencies=TRUE, force = TRUE, keep_outputs = TRUE) %in% rownames(installed.packages())) q(status = 0) else q(status = 1)'
'getOption("repos")' replaces Bioconductor standard repositories, see
'help("repositories", package = "BiocManager")' for details.
Replacement repositories:
    CRAN: https://p3m.dev/cran/__linux__/noble/latest
Bioconductor version 3.24 (BiocManager 1.30.27), R 4.6.1 (2026-06-24)
Installing package(s) 'IHW'
trying URL 'https://bioconductor.org/packages/3.24/bioc/src/contrib/IHW_1.41.0.tar.gz'
Content type 'application/x-gzip' length 4161511 bytes (4.0 MB)
==================================================
downloaded 4.0 MB

* installing *source* package ‘IHW’ ...
** this is package ‘IHW’ version ‘1.41.0’
** package ‘IHW’ successfully unpacked and MD5 sums checked
** using staged installation
** R
** inst
** byte-compile and prepare package for lazy loading
Creating a generic function for ‘nrow’ from package ‘base’ in package ‘IHW’
** help
*** installing help indices
** building package indices
** installing vignettes
** testing if installed package can be loaded from temporary location
** testing if installed package can be loaded from final location
** testing if installed package keeps a record of temporary installation path
* SHA256 sums
* creating tarball
packaged installation of ‘IHW’ as ‘IHW_1.41.0_R_x86_64-pc-linux-gnu.tar.gz’
* DONE (IHW)

The downloaded source packages are in
	‘/tmp/RtmpSyMIl0/downloaded_packages’

real	0m11.912s
user	0m7.378s
sys	0m2.810s
