+ Rscript -e 'Sys.setenv(BIOCONDUCTOR_USE_CONTAINER_REPOSITORY=FALSE);
  p <- .libPaths();
  p <- c('\''/tmp/library'\'', '\''/mnt/library'\'', p);
  .libPaths(p);
  if(BiocManager::install('\''CluMSID'\'', INSTALL_opts = '\''--build'\'', update = TRUE, quiet = FALSE, dependencies=TRUE, force = TRUE, keep_outputs = TRUE) %in% rownames(installed.packages())) q(status = 0) else q(status = 1)'
'getOption("repos")' replaces Bioconductor standard repositories, see
'help("repositories", package = "BiocManager")' for details.
Replacement repositories:
    CRAN: https://p3m.dev/cran/__linux__/noble/latest
Bioconductor version 3.23 (BiocManager 1.30.27), R 4.6.1 (2026-06-24)
Installing package(s) 'CluMSID'
also installing the dependencies ‘CluMSIDdata’, ‘metaMS’, ‘metaMSdata’

trying URL 'https://bioconductor.org/packages/3.23/data/experiment/src/contrib/CluMSIDdata_1.28.0.tar.gz'
trying URL 'https://bioconductor.org/packages/3.23/bioc/src/contrib/metaMS_1.48.0.tar.gz'
trying URL 'https://bioconductor.org/packages/3.23/data/experiment/src/contrib/metaMSdata_1.48.0.tar.gz'
trying URL 'https://bioconductor.org/packages/3.23/bioc/src/contrib/CluMSID_1.28.0.tar.gz'
* installing *source* package ‘CluMSIDdata’ ...
** this is package ‘CluMSIDdata’ version ‘1.28.0’
** using staged installation
** inst
** help
No man pages found in package  ‘CluMSIDdata’ 
*** installing help indices
** building package indices
** testing if installed package can be loaded from temporary location
** testing if installed package can be loaded from final location
** testing if installed package keeps a record of temporary installation path
* SHA256 sums
* creating tarball
packaged installation of ‘CluMSIDdata’ as ‘CluMSIDdata_1.28.0_R_x86_64-pc-linux-gnu.tar.gz’
* DONE (CluMSIDdata)
* installing *source* package ‘metaMS’ ...
** this is package ‘metaMS’ version ‘1.48.0’
** using staged installation
** R
** data
** inst
** byte-compile and prepare package for lazy loading
** help
*** installing help indices
** building package indices
** installing vignettes
** testing if installed package can be loaded from temporary location
** testing if installed package can be loaded from final location
** testing if installed package keeps a record of temporary installation path
* SHA256 sums
* creating tarball
packaged installation of ‘metaMS’ as ‘metaMS_1.48.0_R_x86_64-pc-linux-gnu.tar.gz’
* DONE (metaMS)
* installing *source* package ‘metaMSdata’ ...
** this is package ‘metaMSdata’ version ‘1.48.0’
** using staged installation
** inst
** help
*** installing help indices
** building package indices
** testing if installed package can be loaded from temporary location
** testing if installed package can be loaded from final location
** testing if installed package keeps a record of temporary installation path
* SHA256 sums
* creating tarball
packaged installation of ‘metaMSdata’ as ‘metaMSdata_1.48.0_R_x86_64-pc-linux-gnu.tar.gz’
* DONE (metaMSdata)
* installing *source* package ‘CluMSID’ ...
** this is package ‘CluMSID’ version ‘1.28.0’
** using staged installation
** R
** inst
** byte-compile and prepare package for lazy loading
Warning: replacing previous import ‘dbscan::as.dendrogram’ by ‘stats::as.dendrogram’ when loading ‘CluMSID’
** help
*** installing help indices
** building package indices
** installing vignettes
** testing if installed package can be loaded from temporary location
Warning: replacing previous import ‘dbscan::as.dendrogram’ by ‘stats::as.dendrogram’ when loading ‘CluMSID’
** testing if installed package can be loaded from final location
Warning: replacing previous import ‘dbscan::as.dendrogram’ by ‘stats::as.dendrogram’ when loading ‘CluMSID’
** testing if installed package keeps a record of temporary installation path
* SHA256 sums
* creating tarball
packaged installation of ‘CluMSID’ as ‘CluMSID_1.28.0_R_x86_64-pc-linux-gnu.tar.gz’
* DONE (CluMSID)

The downloaded source packages are in
	‘/tmp/RtmpSmdF0g/downloaded_packages’
Old packages: 'httr2', 'pak', 'pkgdown', 'urlchecker', 'xfun', 'zip', 'MASS',
  'nlme', 'survival'

real	7m39.843s
user	7m17.015s
sys	0m14.207s
