+ Rscript -e 'Sys.setenv(BIOCONDUCTOR_USE_CONTAINER_REPOSITORY=FALSE);
  p <- .libPaths();
  p <- c('\''/tmp/library'\'', '\''/mnt/library'\'', p);
  .libPaths(p);
  if(BiocManager::install('\''arrayQualityMetrics'\'', INSTALL_opts = '\''--build'\'', update = TRUE, quiet = FALSE, dependencies=TRUE, force = TRUE, keep_outputs = TRUE) %in% rownames(installed.packages())) q(status = 0) else q(status = 1)'
'getOption("repos")' replaces Bioconductor standard repositories, see
'help("repositories", package = "BiocManager")' for details.
Replacement repositories:
    CRAN: https://p3m.dev/cran/__linux__/noble/latest
Bioconductor version 3.23 (BiocManager 1.30.27), R 4.6.1 (2026-06-24)
Installing package(s) 'arrayQualityMetrics'
also installing the dependencies ‘setRNG’, ‘CCl4’

trying URL 'https://p3m.dev/cran/__linux__/noble/latest/src/contrib/setRNG_2024.2-1.tar.gz'
trying URL 'https://bioconductor.org/packages/3.23/data/experiment/src/contrib/CCl4_1.50.0.tar.gz'
trying URL 'https://bioconductor.org/packages/3.23/bioc/src/contrib/arrayQualityMetrics_3.68.0.tar.gz'
* installing *binary* package ‘setRNG’ ...
* package ‘setRNG’ successfully unpacked and SHA256 sums checked
* ‘setRNG’ was already a binary package and will not be rebuilt
* SHA256 sums
* creating tarball
packaged installation of ‘setRNG’ as ‘setRNG_2024.2-1_R_x86_64-pc-linux-gnu.tar.gz’
* DONE (setRNG)
* installing *source* package ‘CCl4’ ...
** this is package ‘CCl4’ version ‘1.50.0’
** using staged installation
** data
** inst
** help
*** installing help indices
** building package indices
** installing vignettes
** testing if installed package can be loaded from temporary location
** testing if installed package can be loaded from final location
** testing if installed package keeps a record of temporary installation path
* SHA256 sums
* creating tarball
packaged installation of ‘CCl4’ as ‘CCl4_1.50.0_R_x86_64-pc-linux-gnu.tar.gz’
* DONE (CCl4)
* installing *source* package ‘arrayQualityMetrics’ ...
** this is package ‘arrayQualityMetrics’ version ‘3.68.0’
** using staged installation
** R
** inst
** byte-compile and prepare package for lazy loading
** help
*** installing help indices
** building package indices
** installing vignettes
** testing if installed package can be loaded from temporary location
** testing if installed package can be loaded from final location
** testing if installed package keeps a record of temporary installation path
* SHA256 sums
* creating tarball
packaged installation of ‘arrayQualityMetrics’ as ‘arrayQualityMetrics_3.68.0_R_x86_64-pc-linux-gnu.tar.gz’
* DONE (arrayQualityMetrics)

The downloaded source packages are in
	‘/tmp/RtmpPoNyFm/downloaded_packages’
Old packages: 'httr2', 'pak', 'pkgdown', 'urlchecker', 'xfun', 'zip', 'MASS',
  'nlme', 'survival'

real	1m27.679s
user	1m12.138s
sys	0m6.835s
