+ Rscript -e 'Sys.setenv(BIOCONDUCTOR_USE_CONTAINER_REPOSITORY=FALSE);
  p <- .libPaths();
  p <- c('\''/tmp/library'\'', '\''/mnt/library'\'', p);
  .libPaths(p);
  if(BiocManager::install('\''toppgene'\'', INSTALL_opts = '\''--build'\'', update = TRUE, quiet = FALSE, dependencies=TRUE, force = TRUE, keep_outputs = TRUE) %in% rownames(installed.packages())) q(status = 0) else q(status = 1)'
'getOption("repos")' replaces Bioconductor standard repositories, see
'help("repositories", package = "BiocManager")' for details.
Replacement repositories:
    CRAN: https://p3m.dev/cran/__linux__/noble/latest
Bioconductor version 3.24 (BiocManager 1.30.27), R 4.6.1 (2026-06-24)
Installing package(s) 'toppgene'
trying URL 'https://bioconductor.org/packages/3.24/bioc/src/contrib/toppgene_1.1.0.tar.gz'
Content type 'application/x-gzip' length 248909 bytes (243 KB)
==================================================
downloaded 243 KB

* installing *source* package ‘toppgene’ ...
** this is package ‘toppgene’ version ‘1.1.0’
** package ‘toppgene’ successfully unpacked and MD5 sums checked
** using staged installation
** R
** inst
** byte-compile and prepare package for lazy loading
Creating a generic function for ‘rownames<-’ from package ‘base’ in package ‘toppgene’
** help
*** installing help indices
** building package indices
** installing vignettes
** testing if installed package can be loaded from temporary location
** testing if installed package can be loaded from final location
** testing if installed package keeps a record of temporary installation path
* SHA256 sums
* creating tarball
packaged installation of ‘toppgene’ as ‘toppgene_1.1.0_R_x86_64-pc-linux-gnu.tar.gz’
* DONE (toppgene)

The downloaded source packages are in
	‘/tmp/RtmpdsezMj/downloaded_packages’
Old packages: 'diffobj'

real	0m15.878s
user	0m12.484s
sys	0m2.769s
