+ Rscript -e 'Sys.setenv(BIOCONDUCTOR_USE_CONTAINER_REPOSITORY=FALSE);
  p <- .libPaths();
  p <- c('\''/tmp/library'\'', '\''/mnt/library'\'', p);
  .libPaths(p);
  if(BiocManager::install('\''miRNAtap'\'', INSTALL_opts = '\''--build'\'', update = TRUE, quiet = FALSE, dependencies=TRUE, force = TRUE, keep_outputs = TRUE) %in% rownames(installed.packages())) q(status = 0) else q(status = 1)'
'getOption("repos")' replaces Bioconductor standard repositories, see
'help("repositories", package = "BiocManager")' for details.
Replacement repositories:
    CRAN: https://p3m.dev/cran/__linux__/noble/latest
Bioconductor version 3.23 (BiocManager 1.30.27), R 4.6.1 (2026-06-24)
Installing package(s) 'miRNAtap'
also installing the dependency ‘miRNAtap.db’

trying URL 'https://bioconductor.org/packages/3.23/data/annotation/src/contrib/miRNAtap.db_0.99.10.tar.gz'
trying URL 'https://bioconductor.org/packages/3.23/bioc/src/contrib/miRNAtap_1.46.0.tar.gz'
* installing *source* package ‘miRNAtap’ ...
** this is package ‘miRNAtap’ version ‘1.46.0’
** using staged installation
** R
** inst
** byte-compile and prepare package for lazy loading
** help
*** installing help indices
** building package indices
** installing vignettes
** testing if installed package can be loaded from temporary location
** testing if installed package can be loaded from final location
** testing if installed package keeps a record of temporary installation path
* SHA256 sums
* creating tarball
packaged installation of ‘miRNAtap’ as ‘miRNAtap_1.46.0_R_x86_64-pc-linux-gnu.tar.gz’
* DONE (miRNAtap)
* installing *source* package ‘miRNAtap.db’ ...
** this is package ‘miRNAtap.db’ version ‘0.99.10’
** using staged installation
** R
** inst
** byte-compile and prepare package for lazy loading
** help
*** installing help indices
** building package indices
** installing vignettes
** testing if installed package can be loaded from temporary location
** testing if installed package can be loaded from final location
** testing if installed package keeps a record of temporary installation path
* SHA256 sums
* creating tarball
packaged installation of ‘miRNAtap.db’ as ‘miRNAtap.db_0.99.10_R_x86_64-pc-linux-gnu.tar.gz’
* DONE (miRNAtap.db)

The downloaded source packages are in
	‘/tmp/RtmpwUMS1w/downloaded_packages’
Old packages: 'httr2', 'pak', 'pkgdown', 'urlchecker', 'xfun', 'zip', 'MASS',
  'nlme', 'survival'

real	1m29.582s
user	1m16.663s
sys	0m6.728s
