+ Rscript -e 'Sys.setenv(BIOCONDUCTOR_USE_CONTAINER_REPOSITORY=FALSE);
  p <- .libPaths();
  p <- c('\''/tmp/library'\'', '\''/mnt/library'\'', p);
  .libPaths(p);
  if(BiocManager::install('\''spkTools'\'', INSTALL_opts = '\''--build'\'', update = TRUE, quiet = FALSE, dependencies=TRUE, force = TRUE, keep_outputs = TRUE) %in% rownames(installed.packages())) q(status = 0) else q(status = 1)'
'getOption("repos")' replaces Bioconductor standard repositories, see
'help("repositories", package = "BiocManager")' for details.
Replacement repositories:
    CRAN: https://p3m.dev/cran/__linux__/noble/latest
Bioconductor version 3.24 (BiocManager 1.30.27), R 4.6.1 (2026-06-24)
Installing package(s) 'spkTools'
trying URL 'https://bioconductor.org/packages/3.24/bioc/src/contrib/spkTools_1.69.0.tar.gz'
Content type 'application/x-gzip' length 681546 bytes (665 KB)
==================================================
downloaded 665 KB

* installing *source* package ‘spkTools’ ...
** this is package ‘spkTools’ version ‘1.69.0’
** package ‘spkTools’ successfully unpacked and MD5 sums checked
** using staged installation
** R
** data
** inst
** byte-compile and prepare package for lazy loading
** help
*** installing help indices
** building package indices
** installing vignettes
** testing if installed package can be loaded from temporary location
** testing if installed package can be loaded from final location
** testing if installed package keeps a record of temporary installation path
* SHA256 sums
* creating tarball
packaged installation of ‘spkTools’ as ‘spkTools_1.69.0_R_x86_64-pc-linux-gnu.tar.gz’
* DONE (spkTools)

The downloaded source packages are in
	‘/tmp/RtmpC9MMGS/downloaded_packages’

real	0m12.157s
user	0m7.664s
sys	0m2.354s
