+ Rscript -e 'Sys.setenv(BIOCONDUCTOR_USE_CONTAINER_REPOSITORY=FALSE);
  p <- .libPaths();
  p <- c('\''/tmp/library'\'', '\''/mnt/library'\'', p);
  .libPaths(p);
  if(BiocManager::install('\''qsea'\'', INSTALL_opts = '\''--build'\'', update = TRUE, quiet = FALSE, dependencies=TRUE, force = TRUE, keep_outputs = TRUE) %in% rownames(installed.packages())) q(status = 0) else q(status = 1)'
'getOption("repos")' replaces Bioconductor standard repositories, see
'help("repositories", package = "BiocManager")' for details.
Replacement repositories:
    CRAN: https://p3m.dev/cran/__linux__/noble/latest
Bioconductor version 3.23 (BiocManager 1.30.27), R 4.6.1 (2026-06-24)
Installing package(s) 'qsea'
also installing the dependency ‘MEDIPSData’

trying URL 'https://bioconductor.org/packages/3.23/data/experiment/src/contrib/MEDIPSData_1.48.0.tar.gz'
trying URL 'https://bioconductor.org/packages/3.23/bioc/src/contrib/qsea_1.38.0.tar.gz'
* installing *source* package ‘MEDIPSData’ ...
** this is package ‘MEDIPSData’ version ‘1.48.0’
** using staged installation
** data
** inst
** help
*** installing help indices
** building package indices
** testing if installed package can be loaded from temporary location
** testing if installed package can be loaded from final location
** testing if installed package keeps a record of temporary installation path
* SHA256 sums
* creating tarball
packaged installation of ‘MEDIPSData’ as ‘MEDIPSData_1.48.0_R_x86_64-pc-linux-gnu.tar.gz’
* DONE (MEDIPSData)
* installing *source* package ‘qsea’ ...
** this is package ‘qsea’ version ‘1.38.0’
** using staged installation
** libs
using C compiler: ‘gcc (Ubuntu 13.3.0-6ubuntu2~24.04.1) 13.3.0’
gcc -std=gnu2x -I"/usr/local/lib/R/include" -DNDEBUG   -I/usr/local/include    -fpic  -g -O2 -fstack-protector-strong -Wformat -Werror=format-security -Wdate-time -D_FORTIFY_SOURCE=2 -g  -c lm.c -o lm.o
In file included from lm.c:30:
lm.c: In function ‘Cdqrls’:
lm.c:63:13: warning: format ‘%d’ expects argument of type ‘int’, but argument 4 has type ‘R_xlen_t’ {aka ‘long int’} [-Wformat=]
   63 |     error(_("dimensions of 'x' (%d,%d) and 'y' (%d) do not match"),
      |             ^~~~~~~~~~~~~~~~~~~~~~~~~~~~~~~~~~~~~~~~~~~~~~~~~~~~~
lm.c:63:11: note: in expansion of macro ‘_’
   63 |     error(_("dimensions of 'x' (%d,%d) and 'y' (%d) do not match"),
      |           ^
lm.c:63:50: note: format string is defined here
   63 |     error(_("dimensions of 'x' (%d,%d) and 'y' (%d) do not match"),
      |                                                 ~^
      |                                                  |
      |                                                  int
      |                                                 %ld
gcc -std=gnu2x -shared -L/usr/local/lib/R/lib -L/usr/local/lib -o qsea.so lm.o -L/usr/local/lib/R/lib -lR
installing to /tmp/library/00LOCK-qsea/00new/qsea/libs
** R
** inst
** preparing package for lazy loading
** help
*** installing help indices
** building package indices
** installing vignettes
** testing if installed package can be loaded from temporary location
** checking absolute paths in shared objects and dynamic libraries
** testing if installed package can be loaded from final location
** testing if installed package keeps a record of temporary installation path
* SHA256 sums
* creating tarball
packaged installation of ‘qsea’ as ‘qsea_1.38.0_R_x86_64-pc-linux-gnu.tar.gz’
* DONE (qsea)

The downloaded source packages are in
	‘/tmp/RtmpS4cstl/downloaded_packages’
Old packages: 'diffobj', 'httr2', 'pak', 'pkgdown', 'urlchecker', 'xfun',
  'zip', 'MASS', 'nlme', 'survival'

real	1m4.176s
user	0m51.338s
sys	0m6.571s
