+ Rscript -e 'Sys.setenv(BIOCONDUCTOR_USE_CONTAINER_REPOSITORY=FALSE);
  p <- .libPaths();
  p <- c('\''/tmp/library'\'', '\''/mnt/library'\'', p);
  .libPaths(p);
  if(BiocManager::install('\''qusage'\'', INSTALL_opts = '\''--build'\'', update = TRUE, quiet = FALSE, dependencies=TRUE, force = TRUE, keep_outputs = TRUE) %in% rownames(installed.packages())) q(status = 0) else q(status = 1)'
'getOption("repos")' replaces Bioconductor standard repositories, see
'help("repositories", package = "BiocManager")' for details.
Replacement repositories:
    CRAN: https://p3m.dev/cran/__linux__/noble/latest
Bioconductor version 3.24 (BiocManager 1.30.27), R 4.6.1 (2026-06-24)
Installing package(s) 'qusage'
also installing the dependency ‘fftw’

trying URL 'https://p3m.dev/cran/__linux__/noble/latest/src/contrib/fftw_1.0-9.tar.gz'
trying URL 'https://bioconductor.org/packages/3.24/bioc/src/contrib/qusage_2.47.0.tar.gz'
* installing *binary* package ‘fftw’ ...
* package ‘fftw’ successfully unpacked and SHA256 sums checked
* ‘fftw’ was already a binary package and will not be rebuilt
* SHA256 sums
* creating tarball
packaged installation of ‘fftw’ as ‘fftw_1.0-9_R_x86_64-pc-linux-gnu.tar.gz’
* DONE (fftw)
* installing *source* package ‘qusage’ ...
** this is package ‘qusage’ version ‘2.47.0’
** package ‘qusage’ successfully unpacked and MD5 sums checked
** using staged installation
** R
** data
** inst
** byte-compile and prepare package for lazy loading
** help
*** installing help indices
** building package indices
** installing vignettes
** testing if installed package can be loaded from temporary location
** testing if installed package can be loaded from final location
** testing if installed package keeps a record of temporary installation path
* SHA256 sums
* creating tarball
packaged installation of ‘qusage’ as ‘qusage_2.47.0_R_x86_64-pc-linux-gnu.tar.gz’
* DONE (qusage)

The downloaded source packages are in
	‘/tmp/RtmpTCD51M/downloaded_packages’
Old packages: 'diffobj'

real	0m18.826s
user	0m13.261s
sys	0m3.060s
