+ Rscript -e 'Sys.setenv(BIOCONDUCTOR_USE_CONTAINER_REPOSITORY=FALSE);
  p <- .libPaths();
  p <- c('\''/tmp/library'\'', '\''/mnt/library'\'', p);
  .libPaths(p);
  if(BiocManager::install('\''posDemux'\'', INSTALL_opts = '\''--build'\'', update = TRUE, quiet = FALSE, dependencies=TRUE, force = TRUE, keep_outputs = TRUE) %in% rownames(installed.packages())) q(status = 0) else q(status = 1)'
'getOption("repos")' replaces Bioconductor standard repositories, see
'help("repositories", package = "BiocManager")' for details.
Replacement repositories:
    CRAN: https://p3m.dev/cran/__linux__/noble/latest
Bioconductor version 3.24 (BiocManager 1.30.27), R 4.6.1 (2026-06-24)
Installing package(s) 'posDemux'
also installing the dependencies ‘LaF’, ‘chunked’

trying URL 'https://p3m.dev/cran/__linux__/noble/latest/src/contrib/LaF_0.8.6.tar.gz'
trying URL 'https://p3m.dev/cran/__linux__/noble/latest/src/contrib/chunked_0.6.2.tar.gz'
trying URL 'https://bioconductor.org/packages/3.24/bioc/src/contrib/posDemux_1.1.0.tar.gz'
* installing *binary* package ‘LaF’ ...
* package ‘LaF’ successfully unpacked and SHA256 sums checked
* ‘LaF’ was already a binary package and will not be rebuilt
* SHA256 sums
* creating tarball
packaged installation of ‘LaF’ as ‘LaF_0.8.6_R_x86_64-pc-linux-gnu.tar.gz’
* DONE (LaF)
* installing *source* package ‘posDemux’ ...
** this is package ‘posDemux’ version ‘1.1.0’
** package ‘posDemux’ successfully unpacked and MD5 sums checked
** using staged installation
** libs
using C compiler: ‘gcc (Ubuntu 13.3.0-6ubuntu2~24.04.1) 13.3.0’
using C++ compiler: ‘g++ (Ubuntu 13.3.0-6ubuntu2~24.04.1) 13.3.0’
gcc -std=gnu2x -I"/usr/local/lib/R/include" -DNDEBUG  -I'/usr/local/lib/R/site-library/Rcpp/include' -I'/mnt/library/Biostrings/include' -I'/mnt/library/IRanges/include' -I'/mnt/library/S4Vectors/include' -I'/mnt/library/XVector/include' -I/usr/local/include    -fpic  -g -O2 -fstack-protector-strong -Wformat -Werror=format-security -Wdate-time -D_FORTIFY_SOURCE=2 -g  -c Biostrings_stubs.c -o Biostrings_stubs.o
g++ -std=gnu++20 -I"/usr/local/lib/R/include" -DNDEBUG  -I'/usr/local/lib/R/site-library/Rcpp/include' -I'/mnt/library/Biostrings/include' -I'/mnt/library/IRanges/include' -I'/mnt/library/S4Vectors/include' -I'/mnt/library/XVector/include' -I/usr/local/include    -fpic  -g -O2 -fstack-protector-strong -Wformat -Werror=format-security -Wdate-time -D_FORTIFY_SOURCE=2 -g   -c RcppExports.cpp -o RcppExports.o
g++ -std=gnu++20 -I"/usr/local/lib/R/include" -DNDEBUG  -I'/usr/local/lib/R/site-library/Rcpp/include' -I'/mnt/library/Biostrings/include' -I'/mnt/library/IRanges/include' -I'/mnt/library/S4Vectors/include' -I'/mnt/library/XVector/include' -I/usr/local/include    -fpic  -g -O2 -fstack-protector-strong -Wformat -Werror=format-security -Wdate-time -D_FORTIFY_SOURCE=2 -g   -c count_hash_table.cpp -o count_hash_table.o
g++ -std=gnu++20 -I"/usr/local/lib/R/include" -DNDEBUG  -I'/usr/local/lib/R/site-library/Rcpp/include' -I'/mnt/library/Biostrings/include' -I'/mnt/library/IRanges/include' -I'/mnt/library/S4Vectors/include' -I'/mnt/library/XVector/include' -I/usr/local/include    -fpic  -g -O2 -fstack-protector-strong -Wformat -Werror=format-security -Wdate-time -D_FORTIFY_SOURCE=2 -g   -c hamming_match.cpp -o hamming_match.o
g++ -std=gnu++20 -shared -L/usr/local/lib/R/lib -L/usr/local/lib -o posDemux.so Biostrings_stubs.o RcppExports.o count_hash_table.o hamming_match.o -L/usr/local/lib/R/lib -lR
installing to /tmp/library/00LOCK-posDemux/00new/posDemux/libs
** R
** inst
** byte-compile and prepare package for lazy loading
Note: wrong number of arguments to 'seq_len' 
** help
*** installing help indices
** building package indices
** installing vignettes
** testing if installed package can be loaded from temporary location
** checking absolute paths in shared objects and dynamic libraries
** testing if installed package can be loaded from final location
** testing if installed package keeps a record of temporary installation path
* SHA256 sums
* creating tarball
packaged installation of ‘posDemux’ as ‘posDemux_1.1.0_R_x86_64-pc-linux-gnu.tar.gz’
* DONE (posDemux)
* installing *binary* package ‘chunked’ ...
* package ‘chunked’ successfully unpacked and SHA256 sums checked
* ‘chunked’ was already a binary package and will not be rebuilt
* SHA256 sums
* creating tarball
packaged installation of ‘chunked’ as ‘chunked_0.6.2_R_x86_64-pc-linux-gnu.tar.gz’
* DONE (chunked)

The downloaded source packages are in
	‘/tmp/Rtmpq8ffwn/downloaded_packages’
Old packages: 'diffobj'

real	0m33.694s
user	0m25.591s
sys	0m5.272s
