+ Rscript -e 'Sys.setenv(BIOCONDUCTOR_USE_CONTAINER_REPOSITORY=FALSE);
  p <- .libPaths();
  p <- c('\''/tmp/library'\'', '\''/mnt/library'\'', p);
  .libPaths(p);
  if(BiocManager::install('\''singIST'\'', INSTALL_opts = '\''--build'\'', update = TRUE, quiet = FALSE, dependencies=TRUE, force = TRUE, keep_outputs = TRUE) %in% rownames(installed.packages())) q(status = 0) else q(status = 1)'
'getOption("repos")' replaces Bioconductor standard repositories, see
'help("repositories", package = "BiocManager")' for details.
Replacement repositories:
    CRAN: https://p3m.dev/cran/__linux__/noble/latest
Bioconductor version 3.23 (BiocManager 1.30.27), R 4.6.1 (2026-06-24)
Installing package(s) 'singIST'
also installing the dependency ‘asmbPLS’

trying URL 'https://p3m.dev/cran/__linux__/noble/latest/src/contrib/asmbPLS_1.0.0.tar.gz'
trying URL 'https://bioconductor.org/packages/3.23/bioc/src/contrib/singIST_1.0.0.tar.gz'
* installing *binary* package ‘asmbPLS’ ...
* package ‘asmbPLS’ successfully unpacked and SHA256 sums checked
* ‘asmbPLS’ was already a binary package and will not be rebuilt
* SHA256 sums
* creating tarball
packaged installation of ‘asmbPLS’ as ‘asmbPLS_1.0.0_R_x86_64-pc-linux-gnu.tar.gz’
* DONE (asmbPLS)
* installing *source* package ‘singIST’ ...
** this is package ‘singIST’ version ‘1.0.0’
** using staged installation
** R
** inst
** byte-compile and prepare package for lazy loading
** help
*** installing help indices
** building package indices
** installing vignettes
** testing if installed package can be loaded from temporary location
** testing if installed package can be loaded from final location
** testing if installed package keeps a record of temporary installation path
* SHA256 sums
* creating tarball
packaged installation of ‘singIST’ as ‘singIST_1.0.0_R_x86_64-pc-linux-gnu.tar.gz’
* DONE (singIST)

The downloaded source packages are in
	‘/tmp/RtmpNFaNVl/downloaded_packages’
Old packages: 'httr2', 'pak', 'pkgdown', 'urlchecker', 'xfun', 'zip', 'MASS',
  'nlme', 'survival'

real	1m15.557s
user	0m56.352s
sys	0m8.504s
