+ Rscript -e 'Sys.setenv(BIOCONDUCTOR_USE_CONTAINER_REPOSITORY=FALSE);
  p <- .libPaths();
  p <- c('\''/tmp/library'\'', '\''/mnt/library'\'', p);
  .libPaths(p);
  if(BiocManager::install('\''qPLEXanalyzer'\'', INSTALL_opts = '\''--build'\'', update = TRUE, quiet = FALSE, dependencies=TRUE, force = TRUE, keep_outputs = TRUE) %in% rownames(installed.packages())) q(status = 0) else q(status = 1)'
'getOption("repos")' replaces Bioconductor standard repositories, see
'help("repositories", package = "BiocManager")' for details.
Replacement repositories:
    CRAN: https://p3m.dev/cran/__linux__/noble/latest
Bioconductor version 3.23 (BiocManager 1.30.27), R 4.6.1 (2026-06-24)
Installing package(s) 'qPLEXanalyzer'
also installing the dependency ‘qPLEXdata’

trying URL 'https://bioconductor.org/packages/3.23/data/experiment/src/contrib/qPLEXdata_1.30.1.tar.gz'
trying URL 'https://bioconductor.org/packages/3.23/bioc/src/contrib/qPLEXanalyzer_1.30.0.tar.gz'
* installing *source* package ‘qPLEXanalyzer’ ...
** this is package ‘qPLEXanalyzer’ version ‘1.30.0’
** using staged installation
** R
** data
** inst
** byte-compile and prepare package for lazy loading
Note: wrong number of arguments to '==' 
Note: wrong number of arguments to '==' 
** help
*** installing help indices
** building package indices
** installing vignettes
** testing if installed package can be loaded from temporary location
** testing if installed package can be loaded from final location
** testing if installed package keeps a record of temporary installation path
* SHA256 sums
* creating tarball
packaged installation of ‘qPLEXanalyzer’ as ‘qPLEXanalyzer_1.30.0_R_x86_64-pc-linux-gnu.tar.gz’
* DONE (qPLEXanalyzer)
* installing *source* package ‘qPLEXdata’ ...
** this is package ‘qPLEXdata’ version ‘1.30.1’
** using staged installation
** R
** data
** inst
** byte-compile and prepare package for lazy loading
Warning: replacing previous import ‘dplyr::combine’ by ‘MSnbase::combine’ when loading ‘qPLEXdata’
** help
*** installing help indices
** building package indices
** installing vignettes
** testing if installed package can be loaded from temporary location
Warning: replacing previous import ‘dplyr::combine’ by ‘MSnbase::combine’ when loading ‘qPLEXdata’
** testing if installed package can be loaded from final location
Warning: replacing previous import ‘dplyr::combine’ by ‘MSnbase::combine’ when loading ‘qPLEXdata’
** testing if installed package keeps a record of temporary installation path
* SHA256 sums
* creating tarball
packaged installation of ‘qPLEXdata’ as ‘qPLEXdata_1.30.1_R_x86_64-pc-linux-gnu.tar.gz’
* DONE (qPLEXdata)

The downloaded source packages are in
	‘/tmp/RtmpYtDOv8/downloaded_packages’
Old packages: 'httr2', 'pak', 'pkgdown', 'urlchecker', 'xfun', 'zip', 'MASS',
  'nlme', 'survival'

real	1m33.279s
user	1m15.643s
sys	0m9.104s
