+ Rscript -e 'Sys.setenv(BIOCONDUCTOR_USE_CONTAINER_REPOSITORY=FALSE);
  p <- .libPaths();
  p <- c('\''/tmp/library'\'', '\''/mnt/library'\'', p);
  .libPaths(p);
  if(BiocManager::install('\''cbpManager'\'', INSTALL_opts = '\''--build'\'', update = TRUE, quiet = FALSE, dependencies=TRUE, force = TRUE, keep_outputs = TRUE) %in% rownames(installed.packages())) q(status = 0) else q(status = 1)'
'getOption("repos")' replaces Bioconductor standard repositories, see
'help("repositories", package = "BiocManager")' for details.
Replacement repositories:
    CRAN: https://p3m.dev/cran/__linux__/noble/latest
Bioconductor version 3.24 (BiocManager 1.30.27), R 4.6.1 (2026-06-24)
Installing package(s) 'cbpManager'
also installing the dependencies ‘rapportools’, ‘rintrojs’

trying URL 'https://p3m.dev/cran/__linux__/noble/latest/src/contrib/rapportools_1.2.tar.gz'
trying URL 'https://p3m.dev/cran/__linux__/noble/latest/src/contrib/rintrojs_0.3.4.tar.gz'
trying URL 'https://bioconductor.org/packages/3.24/bioc/src/contrib/cbpManager_1.21.0.tar.gz'
* installing *binary* package ‘rapportools’ ...
* package ‘rapportools’ successfully unpacked and SHA256 sums checked
* ‘rapportools’ was already a binary package and will not be rebuilt
* SHA256 sums
* creating tarball
packaged installation of ‘rapportools’ as ‘rapportools_1.2_R_x86_64-pc-linux-gnu.tar.gz’
* DONE (rapportools)
* installing *binary* package ‘rintrojs’ ...
* package ‘rintrojs’ successfully unpacked and SHA256 sums checked
* ‘rintrojs’ was already a binary package and will not be rebuilt
* SHA256 sums
* creating tarball
packaged installation of ‘rintrojs’ as ‘rintrojs_0.3.4_R_x86_64-pc-linux-gnu.tar.gz’
* DONE (rintrojs)
* installing *source* package ‘cbpManager’ ...
** this is package ‘cbpManager’ version ‘1.21.0’
** package ‘cbpManager’ successfully unpacked and MD5 sums checked
** using non-staged installation via StagedInstall field
** R
** inst
** byte-compile and prepare package for lazy loading
** help
*** installing help indices
** building package indices
** installing vignettes
** testing if installed package can be loaded
* SHA256 sums
* creating tarball
packaged installation of ‘cbpManager’ as ‘cbpManager_1.21.0_R_x86_64-pc-linux-gnu.tar.gz’
* DONE (cbpManager)

The downloaded source packages are in
	‘/tmp/Rtmp6itFKl/downloaded_packages’

real	0m46.917s
user	0m12.403s
sys	0m4.378s
