+ Rscript -e 'Sys.setenv(BIOCONDUCTOR_USE_CONTAINER_REPOSITORY=FALSE);
  p <- .libPaths();
  p <- c('\''/tmp/library'\'', '\''/mnt/library'\'', p);
  .libPaths(p);
  if(BiocManager::install('\''DepInfeR'\'', INSTALL_opts = '\''--build'\'', update = TRUE, quiet = FALSE, dependencies=TRUE, force = TRUE, keep_outputs = TRUE) %in% rownames(installed.packages())) q(status = 0) else q(status = 1)'
'getOption("repos")' replaces Bioconductor standard repositories, see
'help("repositories", package = "BiocManager")' for details.
Replacement repositories:
    CRAN: https://p3m.dev/cran/__linux__/noble/latest
Bioconductor version 3.23 (BiocManager 1.30.27), R 4.6.1 (2026-06-24)
Installing package(s) 'DepInfeR'
also installing the dependencies ‘randomForest’, ‘missForest’

trying URL 'https://p3m.dev/cran/__linux__/noble/latest/src/contrib/randomForest_4.7-1.2.tar.gz'
trying URL 'https://p3m.dev/cran/__linux__/noble/latest/src/contrib/missForest_1.6.1.tar.gz'
trying URL 'https://bioconductor.org/packages/3.23/bioc/src/contrib/DepInfeR_1.16.0.tar.gz'
* installing *binary* package ‘randomForest’ ...
* package ‘randomForest’ successfully unpacked and SHA256 sums checked
* ‘randomForest’ was already a binary package and will not be rebuilt
* SHA256 sums
* creating tarball
packaged installation of ‘randomForest’ as ‘randomForest_4.7-1.2_R_x86_64-pc-linux-gnu.tar.gz’
* DONE (randomForest)
* installing *source* package ‘DepInfeR’ ...
** this is package ‘DepInfeR’ version ‘1.16.0’
** using staged installation
** R
** data
** inst
** byte-compile and prepare package for lazy loading
** help
*** installing help indices
** building package indices
** installing vignettes
** testing if installed package can be loaded from temporary location
** testing if installed package can be loaded from final location
** testing if installed package keeps a record of temporary installation path
* SHA256 sums
* creating tarball
packaged installation of ‘DepInfeR’ as ‘DepInfeR_1.16.0_R_x86_64-pc-linux-gnu.tar.gz’
* DONE (DepInfeR)
* installing *binary* package ‘missForest’ ...
* package ‘missForest’ successfully unpacked and SHA256 sums checked
* ‘missForest’ was already a binary package and will not be rebuilt
* SHA256 sums
* creating tarball
packaged installation of ‘missForest’ as ‘missForest_1.6.1_R_x86_64-pc-linux-gnu.tar.gz’
* DONE (missForest)

The downloaded source packages are in
	‘/tmp/RtmprdXN3R/downloaded_packages’
Old packages: 'diffobj', 'httr2', 'pak', 'pkgdown', 'urlchecker', 'xfun',
  'zip', 'MASS', 'nlme', 'survival'

real	0m21.966s
user	0m8.808s
sys	0m3.557s
