+ Rscript -e 'Sys.setenv(BIOCONDUCTOR_USE_CONTAINER_REPOSITORY=FALSE);
  p <- .libPaths();
  p <- c('\''/tmp/library'\'', '\''/mnt/library'\'', p);
  .libPaths(p);
  if(BiocManager::install('\''a4Base'\'', INSTALL_opts = '\''--build'\'', update = TRUE, quiet = FALSE, dependencies=TRUE, force = TRUE, keep_outputs = TRUE) %in% rownames(installed.packages())) q(status = 0) else q(status = 1)'
'getOption("repos")' replaces Bioconductor standard repositories, see
'help("repositories", package = "BiocManager")' for details.
Replacement repositories:
    CRAN: https://p3m.dev/cran/__linux__/noble/latest
Bioconductor version 3.23 (BiocManager 1.30.27), R 4.6.1 (2026-06-24)
Installing package(s) 'a4Base'
also installing the dependency ‘nlcv’

trying URL 'https://p3m.dev/cran/__linux__/noble/latest/src/contrib/nlcv_0.3.6.tar.gz'
trying URL 'https://bioconductor.org/packages/3.23/bioc/src/contrib/a4Base_1.60.0.tar.gz'
* installing *binary* package ‘nlcv’ ...
* package ‘nlcv’ successfully unpacked and SHA256 sums checked
* ‘nlcv’ was already a binary package and will not be rebuilt
* SHA256 sums
* creating tarball
packaged installation of ‘nlcv’ as ‘nlcv_0.3.6_R_x86_64-pc-linux-gnu.tar.gz’
* DONE (nlcv)
* installing *source* package ‘a4Base’ ...
** this is package ‘a4Base’ version ‘1.60.0’
** using staged installation
** R
** data
** inst
** byte-compile and prepare package for lazy loading
** help
*** installing help indices
** building package indices
** testing if installed package can be loaded from temporary location
** testing if installed package can be loaded from final location
** testing if installed package keeps a record of temporary installation path
* SHA256 sums
* creating tarball
packaged installation of ‘a4Base’ as ‘a4Base_1.60.0_R_x86_64-pc-linux-gnu.tar.gz’
* DONE (a4Base)

The downloaded source packages are in
	‘/tmp/Rtmp3muXpI/downloaded_packages’
Old packages: 'diffobj', 'httr2', 'pak', 'pkgdown', 'urlchecker', 'xfun',
  'zip', 'MASS', 'nlme', 'survival'

real	0m37.370s
user	0m23.126s
sys	0m4.579s
