+ Rscript -e 'Sys.setenv(BIOCONDUCTOR_USE_CONTAINER_REPOSITORY=FALSE);
  p <- .libPaths();
  p <- c('\''/tmp/library'\'', '\''/mnt/library'\'', p);
  .libPaths(p);
  if(BiocManager::install('\''treeio'\'', INSTALL_opts = '\''--build'\'', update = TRUE, quiet = FALSE, dependencies=TRUE, force = TRUE, keep_outputs = TRUE) %in% rownames(installed.packages())) q(status = 0) else q(status = 1)'
'getOption("repos")' replaces Bioconductor standard repositories, see
'help("repositories", package = "BiocManager")' for details.
Replacement repositories:
    CRAN: https://p3m.dev/cran/__linux__/noble/latest
Bioconductor version 3.23 (BiocManager 1.30.27), R 4.6.1 (2026-06-24)
Installing package(s) 'treeio'
also installing the dependencies ‘fastmatch’, ‘ggtree’, ‘phangorn’, ‘prettydoc’

trying URL 'https://p3m.dev/cran/__linux__/noble/latest/src/contrib/fastmatch_1.1-8.tar.gz'
trying URL 'https://bioconductor.org/packages/3.23/bioc/src/contrib/ggtree_4.2.0.tar.gz'
trying URL 'https://p3m.dev/cran/__linux__/noble/latest/src/contrib/phangorn_2.12.1.tar.gz'
trying URL 'https://p3m.dev/cran/__linux__/noble/latest/src/contrib/prettydoc_0.4.1.tar.gz'
trying URL 'https://bioconductor.org/packages/3.23/bioc/src/contrib/treeio_1.36.1.tar.gz'
* installing *binary* package ‘fastmatch’ ...
* package ‘fastmatch’ successfully unpacked and SHA256 sums checked
* ‘fastmatch’ was already a binary package and will not be rebuilt
* SHA256 sums
* creating tarball
packaged installation of ‘fastmatch’ as ‘fastmatch_1.1-8_R_x86_64-pc-linux-gnu.tar.gz’
* DONE (fastmatch)
* installing *binary* package ‘prettydoc’ ...
* package ‘prettydoc’ successfully unpacked and SHA256 sums checked
* ‘prettydoc’ was already a binary package and will not be rebuilt
* SHA256 sums
* creating tarball
packaged installation of ‘prettydoc’ as ‘prettydoc_0.4.1_R_x86_64-pc-linux-gnu.tar.gz’
* DONE (prettydoc)
* installing *source* package ‘treeio’ ...
** this is package ‘treeio’ version ‘1.36.1’
** using staged installation
** R
** inst
** byte-compile and prepare package for lazy loading
** help
*** installing help indices
*** copying figures
** building package indices
** installing vignettes
** testing if installed package can be loaded from temporary location
** testing if installed package can be loaded from final location
** testing if installed package keeps a record of temporary installation path
* SHA256 sums
* creating tarball
packaged installation of ‘treeio’ as ‘treeio_1.36.1_R_x86_64-pc-linux-gnu.tar.gz’
* DONE (treeio)
* installing *source* package ‘ggtree’ ...
** this is package ‘ggtree’ version ‘4.2.0’
** using staged installation
** R
** inst
** byte-compile and prepare package for lazy loading
Error in loadNamespace(j <- i[[1L]], c(lib.loc, .libPaths()), versionCheck = vI[[j]]) : 
  there is no package called ‘ggplotify’
Calls: <Anonymous> ... loadNamespace -> withRestarts -> withOneRestart -> doWithOneRestart
Execution halted
ERROR: lazy loading failed for package ‘ggtree’
* removing ‘/tmp/library/ggtree’
* installing *binary* package ‘phangorn’ ...
* package ‘phangorn’ successfully unpacked and SHA256 sums checked
* ‘phangorn’ was already a binary package and will not be rebuilt
* SHA256 sums
* creating tarball
packaged installation of ‘phangorn’ as ‘phangorn_2.12.1_R_x86_64-pc-linux-gnu.tar.gz’
* DONE (phangorn)

The downloaded source packages are in
	‘/tmp/RtmpNIbfWY/downloaded_packages’
Old packages: 'httr2', 'pak', 'pkgdown', 'urlchecker', 'xfun', 'zip', 'MASS',
  'nlme', 'survival'
Warning message:
In install.packages(...) :
  installation of package ‘ggtree’ had non-zero exit status

real	0m40.227s
user	0m10.978s
sys	0m3.789s
