+ Rscript -e 'Sys.setenv(BIOCONDUCTOR_USE_CONTAINER_REPOSITORY=FALSE);
  p <- .libPaths();
  p <- c('\''/tmp/library'\'', '\''/mnt/library'\'', p);
  .libPaths(p);
  if(BiocManager::install('\''ClusterJudge'\'', INSTALL_opts = '\''--build'\'', update = TRUE, quiet = FALSE, dependencies=TRUE, force = TRUE, keep_outputs = TRUE) %in% rownames(installed.packages())) q(status = 0) else q(status = 1)'
'getOption("repos")' replaces Bioconductor standard repositories, see
'help("repositories", package = "BiocManager")' for details.
Replacement repositories:
    CRAN: https://p3m.dev/cran/__linux__/noble/latest
Bioconductor version 3.24 (BiocManager 1.30.27), R 4.6.1 (2026-06-24)
Installing package(s) 'ClusterJudge'
also installing the dependency ‘yeastExpData’

trying URL 'https://bioconductor.org/packages/3.24/data/experiment/src/contrib/yeastExpData_0.59.0.tar.gz'
trying URL 'https://bioconductor.org/packages/3.24/bioc/src/contrib/ClusterJudge_1.35.0.tar.gz'
* installing *source* package ‘yeastExpData’ ...
** this is package ‘yeastExpData’ version ‘0.59.0’
** using staged installation
** data
** inst
** help
*** installing help indices
** building package indices
** installing vignettes
** testing if installed package can be loaded from temporary location
** testing if installed package can be loaded from final location
** testing if installed package keeps a record of temporary installation path
* SHA256 sums
* creating tarball
packaged installation of ‘yeastExpData’ as ‘yeastExpData_0.59.0_R_x86_64-pc-linux-gnu.tar.gz’
* DONE (yeastExpData)
* installing *source* package ‘ClusterJudge’ ...
** this is package ‘ClusterJudge’ version ‘1.35.0’
** package ‘ClusterJudge’ successfully unpacked and MD5 sums checked
** using staged installation
** R
** data
*** moving datasets to lazyload DB
** inst
** byte-compile and prepare package for lazy loading
** help
*** installing help indices
** building package indices
** installing vignettes
** testing if installed package can be loaded from temporary location
** testing if installed package can be loaded from final location
** testing if installed package keeps a record of temporary installation path
* SHA256 sums
* creating tarball
packaged installation of ‘ClusterJudge’ as ‘ClusterJudge_1.35.0_R_x86_64-pc-linux-gnu.tar.gz’
* DONE (ClusterJudge)

The downloaded source packages are in
	‘/tmp/RtmpwyUFPA/downloaded_packages’
Old packages: 'diffobj'

real	0m12.016s
user	0m8.003s
sys	0m3.178s
