+ Rscript -e 'Sys.setenv(BIOCONDUCTOR_USE_CONTAINER_REPOSITORY=FALSE);
  p <- .libPaths();
  p <- c('\''/tmp/library'\'', '\''/mnt/library'\'', p);
  .libPaths(p);
  if(BiocManager::install('\''topdownr'\'', INSTALL_opts = '\''--build'\'', update = TRUE, quiet = FALSE, dependencies=TRUE, force = TRUE, keep_outputs = TRUE) %in% rownames(installed.packages())) q(status = 0) else q(status = 1)'
'getOption("repos")' replaces Bioconductor standard repositories, see
'help("repositories", package = "BiocManager")' for details.
Replacement repositories:
    CRAN: https://p3m.dev/cran/__linux__/noble/latest
Bioconductor version 3.24 (BiocManager 1.30.27), R 4.6.1 (2026-06-24)
Installing package(s) 'topdownr'
also installing the dependency ‘topdownrdata’

trying URL 'https://bioconductor.org/packages/3.24/data/experiment/src/contrib/topdownrdata_1.35.0.tar.gz'
trying URL 'https://bioconductor.org/packages/3.24/bioc/src/contrib/topdownr_1.35.0.tar.gz'
* installing *source* package ‘topdownr’ ...
** this is package ‘topdownr’ version ‘1.35.0’
** package ‘topdownr’ successfully unpacked and MD5 sums checked
** using staged installation
** R
** data
*** moving datasets to lazyload DB
** inst
** byte-compile and prepare package for lazy loading
** help
*** installing help indices
** building package indices
** installing vignettes
** testing if installed package can be loaded from temporary location
** testing if installed package can be loaded from final location
** testing if installed package keeps a record of temporary installation path
* SHA256 sums
* creating tarball
packaged installation of ‘topdownr’ as ‘topdownr_1.35.0_R_x86_64-pc-linux-gnu.tar.gz’
* DONE (topdownr)
* installing *source* package ‘topdownrdata’ ...
** this is package ‘topdownrdata’ version ‘1.35.0’
** using staged installation
** R
** inst
** byte-compile and prepare package for lazy loading
** help
*** installing help indices
** building package indices
** testing if installed package can be loaded from temporary location
** testing if installed package can be loaded from final location
** testing if installed package keeps a record of temporary installation path
* SHA256 sums
* creating tarball
packaged installation of ‘topdownrdata’ as ‘topdownrdata_1.35.0_R_x86_64-pc-linux-gnu.tar.gz’
* DONE (topdownrdata)

The downloaded source packages are in
	‘/tmp/RtmpHgUJou/downloaded_packages’
Old packages: 'diffobj'

real	1m44.013s
user	1m27.877s
sys	0m10.696s
