+ Rscript -e 'Sys.setenv(BIOCONDUCTOR_USE_CONTAINER_REPOSITORY=FALSE);
  p <- .libPaths();
  p <- c('\''/tmp/library'\'', '\''/mnt/library'\'', p);
  .libPaths(p);
  if(BiocManager::install('\''damidBind'\'', INSTALL_opts = '\''--build'\'', update = TRUE, quiet = FALSE, dependencies=TRUE, force = TRUE, keep_outputs = TRUE) %in% rownames(installed.packages())) q(status = 0) else q(status = 1)'
'getOption("repos")' replaces Bioconductor standard repositories, see
'help("repositories", package = "BiocManager")' for details.
Replacement repositories:
    CRAN: https://p3m.dev/cran/__linux__/noble/latest
Bioconductor version 3.24 (BiocManager 1.30.27), R 4.6.1 (2026-06-24)
Installing package(s) 'damidBind'
also installing the dependency ‘BioVenn’

trying URL 'https://p3m.dev/cran/__linux__/noble/latest/src/contrib/BioVenn_1.1.3.tar.gz'
trying URL 'https://bioconductor.org/packages/3.24/bioc/src/contrib/damidBind_1.1.1.tar.gz'
* installing *binary* package ‘BioVenn’ ...
* package ‘BioVenn’ successfully unpacked and SHA256 sums checked
* ‘BioVenn’ was already a binary package and will not be rebuilt
* SHA256 sums
* creating tarball
packaged installation of ‘BioVenn’ as ‘BioVenn_1.1.3_R_x86_64-pc-linux-gnu.tar.gz’
* DONE (BioVenn)
* installing *source* package ‘damidBind’ ...
** this is package ‘damidBind’ version ‘1.1.1’
** package ‘damidBind’ successfully unpacked and MD5 sums checked
** using staged installation
** R
** inst
** byte-compile and prepare package for lazy loading
** help
*** installing help indices
** building package indices
** installing vignettes
** testing if installed package can be loaded from temporary location
** testing if installed package can be loaded from final location
** testing if installed package keeps a record of temporary installation path
* SHA256 sums
* creating tarball
packaged installation of ‘damidBind’ as ‘damidBind_1.1.1_R_x86_64-pc-linux-gnu.tar.gz’
* DONE (damidBind)

The downloaded source packages are in
	‘/tmp/RtmpCrnnpu/downloaded_packages’

real	1m9.944s
user	0m53.465s
sys	0m6.853s
