+ Rscript -e 'Sys.setenv(BIOCONDUCTOR_USE_CONTAINER_REPOSITORY=FALSE);
  p <- .libPaths();
  p <- c('\''/tmp/library'\'', '\''/mnt/library'\'', p);
  .libPaths(p);
  if(BiocManager::install('\''esetVis'\'', INSTALL_opts = '\''--build'\'', update = TRUE, quiet = FALSE, dependencies=TRUE, force = TRUE, keep_outputs = TRUE) %in% rownames(installed.packages())) q(status = 0) else q(status = 1)'
'getOption("repos")' replaces Bioconductor standard repositories, see
'help("repositories", package = "BiocManager")' for details.
Replacement repositories:
    CRAN: https://p3m.dev/cran/__linux__/noble/latest
Bioconductor version 3.23 (BiocManager 1.30.27), R 4.6.1 (2026-06-24)
Installing package(s) 'esetVis'
also installing the dependency ‘ggvis’

trying URL 'https://p3m.dev/cran/__linux__/noble/latest/src/contrib/ggvis_0.4.10.tar.gz'
trying URL 'https://bioconductor.org/packages/3.23/bioc/src/contrib/esetVis_1.38.0.tar.gz'
* installing *binary* package ‘ggvis’ ...
* package ‘ggvis’ successfully unpacked and SHA256 sums checked
* ‘ggvis’ was already a binary package and will not be rebuilt
* SHA256 sums
* creating tarball
packaged installation of ‘ggvis’ as ‘ggvis_0.4.10_R_x86_64-pc-linux-gnu.tar.gz’
* DONE (ggvis)
* installing *source* package ‘esetVis’ ...
** this is package ‘esetVis’ version ‘1.38.0’
** using staged installation
** R
** inst
** byte-compile and prepare package for lazy loading
** help
*** installing help indices
** building package indices
** installing vignettes
** testing if installed package can be loaded from temporary location
** testing if installed package can be loaded from final location
** testing if installed package keeps a record of temporary installation path
* SHA256 sums
* creating tarball
packaged installation of ‘esetVis’ as ‘esetVis_1.38.0_R_x86_64-pc-linux-gnu.tar.gz’
* DONE (esetVis)

The downloaded source packages are in
	‘/tmp/Rtmp3EEJmn/downloaded_packages’
Old packages: 'diffobj', 'httr2', 'pak', 'pkgdown', 'urlchecker', 'xfun',
  'zip', 'MASS', 'nlme', 'survival'

real	0m25.469s
user	0m18.293s
sys	0m2.971s
