+ Rscript -e 'Sys.setenv(BIOCONDUCTOR_USE_CONTAINER_REPOSITORY=FALSE);
  p <- .libPaths();
  p <- c('\''/tmp/library'\'', '\''/mnt/library'\'', p);
  .libPaths(p);
  if(BiocManager::install('\''biocthis'\'', INSTALL_opts = '\''--build'\'', update = TRUE, quiet = FALSE, dependencies=TRUE, force = TRUE, keep_outputs = TRUE) %in% rownames(installed.packages())) q(status = 0) else q(status = 1)'
'getOption("repos")' replaces Bioconductor standard repositories, see
'help("repositories", package = "BiocManager")' for details.
Replacement repositories:
    CRAN: https://p3m.dev/cran/__linux__/noble/latest
Bioconductor version 3.23 (BiocManager 1.30.27), R 4.6.1 (2026-06-24)
Installing package(s) 'biocthis'
also installing the dependencies ‘R.cache’, ‘bibtex’, ‘styler’, ‘RefManageR’

trying URL 'https://p3m.dev/cran/__linux__/noble/latest/src/contrib/R.cache_0.17.0.tar.gz'
trying URL 'https://p3m.dev/cran/__linux__/noble/latest/src/contrib/bibtex_0.5.2.tar.gz'
trying URL 'https://p3m.dev/cran/__linux__/noble/latest/src/contrib/styler_1.11.0.tar.gz'
trying URL 'https://p3m.dev/cran/__linux__/noble/latest/src/contrib/RefManageR_1.4.0.tar.gz'
trying URL 'https://bioconductor.org/packages/3.23/bioc/src/contrib/biocthis_1.22.0.tar.gz'
* installing *binary* package ‘R.cache’ ...
* package ‘R.cache’ successfully unpacked and SHA256 sums checked
* ‘R.cache’ was already a binary package and will not be rebuilt
* SHA256 sums
* creating tarball
packaged installation of ‘R.cache’ as ‘R.cache_0.17.0_R_x86_64-pc-linux-gnu.tar.gz’
* DONE (R.cache)
* installing *binary* package ‘bibtex’ ...
* package ‘bibtex’ successfully unpacked and SHA256 sums checked
* ‘bibtex’ was already a binary package and will not be rebuilt
* SHA256 sums
* creating tarball
packaged installation of ‘bibtex’ as ‘bibtex_0.5.2_R_x86_64-pc-linux-gnu.tar.gz’
* DONE (bibtex)
* installing *binary* package ‘styler’ ...
* package ‘styler’ successfully unpacked and SHA256 sums checked
* ‘styler’ was already a binary package and will not be rebuilt
* SHA256 sums
* creating tarball
packaged installation of ‘styler’ as ‘styler_1.11.0_R_x86_64-pc-linux-gnu.tar.gz’
* DONE (styler)
* installing *binary* package ‘RefManageR’ ...
* package ‘RefManageR’ successfully unpacked and SHA256 sums checked
* ‘RefManageR’ was already a binary package and will not be rebuilt
* SHA256 sums
* creating tarball
packaged installation of ‘RefManageR’ as ‘RefManageR_1.4.0_R_x86_64-pc-linux-gnu.tar.gz’
* DONE (RefManageR)
* installing *source* package ‘biocthis’ ...
** this is package ‘biocthis’ version ‘1.22.0’
** using staged installation
** R
** inst
** byte-compile and prepare package for lazy loading
** help
*** installing help indices
** building package indices
** installing vignettes
** testing if installed package can be loaded from temporary location
** testing if installed package can be loaded from final location
** testing if installed package keeps a record of temporary installation path
* SHA256 sums
* creating tarball
packaged installation of ‘biocthis’ as ‘biocthis_1.22.0_R_x86_64-pc-linux-gnu.tar.gz’
* DONE (biocthis)

The downloaded source packages are in
	‘/tmp/RtmpyOsFqY/downloaded_packages’
Old packages: 'httr2', 'pak', 'pkgdown', 'urlchecker', 'xfun', 'zip', 'MASS',
  'nlme', 'survival'

real	0m21.461s
user	0m6.003s
sys	0m2.927s
