+ Rscript -e 'Sys.setenv(BIOCONDUCTOR_USE_CONTAINER_REPOSITORY=FALSE);
  p <- .libPaths();
  p <- c('\''/tmp/library'\'', '\''/mnt/library'\'', p);
  .libPaths(p);
  if(BiocManager::install('\''CaDrA'\'', INSTALL_opts = '\''--build'\'', update = TRUE, quiet = FALSE, dependencies=TRUE, force = TRUE, keep_outputs = TRUE) %in% rownames(installed.packages())) q(status = 0) else q(status = 1)'
'getOption("repos")' replaces Bioconductor standard repositories, see
'help("repositories", package = "BiocManager")' for details.
Replacement repositories:
    CRAN: https://p3m.dev/cran/__linux__/noble/latest
Bioconductor version 3.24 (BiocManager 1.30.27), R 4.6.1 (2026-06-24)
Installing package(s) 'CaDrA'
also installing the dependency ‘knnmi’

trying URL 'https://p3m.dev/cran/__linux__/noble/latest/src/contrib/knnmi_1.0.tar.gz'
trying URL 'https://bioconductor.org/packages/3.24/bioc/src/contrib/CaDrA_1.11.0.tar.gz'
* installing *binary* package ‘knnmi’ ...
* package ‘knnmi’ successfully unpacked and SHA256 sums checked
* ‘knnmi’ was already a binary package and will not be rebuilt
* SHA256 sums
* creating tarball
packaged installation of ‘knnmi’ as ‘knnmi_1.0_R_x86_64-pc-linux-gnu.tar.gz’
* DONE (knnmi)
* installing *source* package ‘CaDrA’ ...
** this is package ‘CaDrA’ version ‘1.11.0’
** package ‘CaDrA’ successfully unpacked and MD5 sums checked
** using staged installation
** libs
using C compiler: ‘gcc (Ubuntu 13.3.0-6ubuntu2~24.04.1) 13.3.0’
gcc -std=gnu2x -I"/usr/local/lib/R/include" -DNDEBUG   -I/usr/local/include    -fpic  -g -O2 -fstack-protector-strong -Wformat -Werror=format-security -Wdate-time -D_FORTIFY_SOURCE=2 -g  -c registerDynamicSymbol.c -o registerDynamicSymbol.o
gcc -std=gnu2x -I"/usr/local/lib/R/include" -DNDEBUG   -I/usr/local/include    -fpic  -g -O2 -fstack-protector-strong -Wformat -Werror=format-security -Wdate-time -D_FORTIFY_SOURCE=2 -g  -c score_fun.c -o score_fun.o
gcc -std=gnu2x -shared -L/usr/local/lib/R/lib -L/usr/local/lib -o CaDrA.so registerDynamicSymbol.o score_fun.o -L/usr/local/lib/R/lib -lR
installing to /tmp/library/00LOCK-CaDrA/00new/CaDrA/libs
** R
** data
** inst
** byte-compile and prepare package for lazy loading
Warning: no DISPLAY variable so Tk is not available
** help
*** installing help indices
*** copying figures
** building package indices
** installing vignettes
** testing if installed package can be loaded from temporary location
Warning: no DISPLAY variable so Tk is not available
** checking absolute paths in shared objects and dynamic libraries
** testing if installed package can be loaded from final location
Warning: no DISPLAY variable so Tk is not available
** testing if installed package keeps a record of temporary installation path
* SHA256 sums
* creating tarball
packaged installation of ‘CaDrA’ as ‘CaDrA_1.11.0_R_x86_64-pc-linux-gnu.tar.gz’
* DONE (CaDrA)

The downloaded source packages are in
	‘/tmp/RtmprJCIHE/downloaded_packages’
Old packages: 'diffobj'

real	0m36.442s
user	0m27.742s
sys	0m5.235s
