+ Rscript -e 'Sys.setenv(BIOCONDUCTOR_USE_CONTAINER_REPOSITORY=FALSE);
  p <- .libPaths();
  p <- c('\''/tmp/library'\'', '\''/mnt/library'\'', p);
  .libPaths(p);
  if(BiocManager::install('\''TurboNorm'\'', INSTALL_opts = '\''--build'\'', update = TRUE, quiet = FALSE, dependencies=TRUE, force = TRUE, keep_outputs = TRUE) %in% rownames(installed.packages())) q(status = 0) else q(status = 1)'
'getOption("repos")' replaces Bioconductor standard repositories, see
'help("repositories", package = "BiocManager")' for details.
Replacement repositories:
    CRAN: https://p3m.dev/cran/__linux__/noble/latest
Bioconductor version 3.24 (BiocManager 1.30.27), R 4.6.1 (2026-06-24)
Installing package(s) 'TurboNorm'
trying URL 'https://bioconductor.org/packages/3.24/bioc/src/contrib/TurboNorm_1.61.0.tar.gz'
Content type 'application/x-gzip' length 2120020 bytes (2.0 MB)
==================================================
downloaded 2.0 MB

* installing *source* package ‘TurboNorm’ ...
** this is package ‘TurboNorm’ version ‘1.61.0’
** package ‘TurboNorm’ successfully unpacked and MD5 sums checked
** using staged installation
** libs
using C compiler: ‘gcc (Ubuntu 13.3.0-6ubuntu2~24.04.1) 13.3.0’
gcc -std=gnu2x -I"/usr/local/lib/R/include" -DNDEBUG   -I/usr/local/include    -fpic  -g -O2 -fstack-protector-strong -Wformat -Werror=format-security -Wdate-time -D_FORTIFY_SOURCE=2 -g  -c Rinit.c -o Rinit.o
gcc -std=gnu2x -I"/usr/local/lib/R/include" -DNDEBUG   -I/usr/local/include    -fpic  -g -O2 -fstack-protector-strong -Wformat -Werror=format-security -Wdate-time -D_FORTIFY_SOURCE=2 -g  -c binners.c -o binners.o
gcc -std=gnu2x -shared -L/usr/local/lib/R/lib -L/usr/local/lib -o TurboNorm.so Rinit.o binners.o -L/usr/local/lib/R/lib -lR
installing to /tmp/library/00LOCK-TurboNorm/00new/TurboNorm/libs
** R
** data
** inst
** byte-compile and prepare package for lazy loading
** help
*** installing help indices
** building package indices
** installing vignettes
** testing if installed package can be loaded from temporary location
** checking absolute paths in shared objects and dynamic libraries
** testing if installed package can be loaded from final location
** testing if installed package keeps a record of temporary installation path
* SHA256 sums
* creating tarball
packaged installation of ‘TurboNorm’ as ‘TurboNorm_1.61.0_R_x86_64-pc-linux-gnu.tar.gz’
* DONE (TurboNorm)

The downloaded source packages are in
	‘/tmp/Rtmpr5Ujyy/downloaded_packages’
Old packages: 'diffobj'

real	0m12.852s
user	0m7.993s
sys	0m2.677s
