+ Rscript -e 'Sys.setenv(BIOCONDUCTOR_USE_CONTAINER_REPOSITORY=FALSE);
  p <- .libPaths();
  p <- c('\''/tmp/library'\'', '\''/mnt/library'\'', p);
  .libPaths(p);
  if(BiocManager::install('\''smoothclust'\'', INSTALL_opts = '\''--build'\'', update = TRUE, quiet = FALSE, dependencies=TRUE, force = TRUE, keep_outputs = TRUE) %in% rownames(installed.packages())) q(status = 0) else q(status = 1)'
'getOption("repos")' replaces Bioconductor standard repositories, see
'help("repositories", package = "BiocManager")' for details.
Replacement repositories:
    CRAN: https://p3m.dev/cran/__linux__/noble/latest
Bioconductor version 3.24 (BiocManager 1.30.27), R 4.6.1 (2026-06-24)
Installing package(s) 'smoothclust'
also installing the dependency ‘ggspavis’

trying URL 'https://bioconductor.org/packages/3.24/bioc/src/contrib/ggspavis_1.19.1.tar.gz'
trying URL 'https://bioconductor.org/packages/3.24/bioc/src/contrib/smoothclust_1.9.3.tar.gz'
* installing *source* package ‘ggspavis’ ...
** this is package ‘ggspavis’ version ‘1.19.1’
** package ‘ggspavis’ successfully unpacked and MD5 sums checked
** using staged installation
** R
** inst
** byte-compile and prepare package for lazy loading
** help
*** installing help indices
** building package indices
** installing vignettes
** testing if installed package can be loaded from temporary location
** testing if installed package can be loaded from final location
** testing if installed package keeps a record of temporary installation path
* SHA256 sums
* creating tarball
packaged installation of ‘ggspavis’ as ‘ggspavis_1.19.1_R_x86_64-pc-linux-gnu.tar.gz’
* DONE (ggspavis)
* installing *source* package ‘smoothclust’ ...
** this is package ‘smoothclust’ version ‘1.9.3’
** package ‘smoothclust’ successfully unpacked and MD5 sums checked
** using staged installation
** R
** inst
** byte-compile and prepare package for lazy loading
** help
*** installing help indices
** building package indices
** installing vignettes
** testing if installed package can be loaded from temporary location
** testing if installed package can be loaded from final location
** testing if installed package keeps a record of temporary installation path
* SHA256 sums
* creating tarball
packaged installation of ‘smoothclust’ as ‘smoothclust_1.9.3_R_x86_64-pc-linux-gnu.tar.gz’
* DONE (smoothclust)

The downloaded source packages are in
	‘/tmp/RtmpO6g6es/downloaded_packages’

real	1m3.589s
user	0m46.575s
sys	0m8.000s
