+ Rscript -e 'Sys.setenv(BIOCONDUCTOR_USE_CONTAINER_REPOSITORY=FALSE);
  p <- .libPaths();
  p <- c('\''/tmp/library'\'', '\''/mnt/library'\'', p);
  .libPaths(p);
  if(BiocManager::install('\''sosta'\'', INSTALL_opts = '\''--build'\'', update = TRUE, quiet = FALSE, dependencies=TRUE, force = TRUE, keep_outputs = TRUE) %in% rownames(installed.packages())) q(status = 0) else q(status = 1)'
'getOption("repos")' replaces Bioconductor standard repositories, see
'help("repositories", package = "BiocManager")' for details.
Replacement repositories:
    CRAN: https://p3m.dev/cran/__linux__/noble/latest
Bioconductor version 3.23 (BiocManager 1.30.27), R 4.6.1 (2026-06-24)
Installing package(s) 'sosta'
also installing the dependency ‘smoothr’

trying URL 'https://p3m.dev/cran/__linux__/noble/latest/src/contrib/smoothr_1.3.0.tar.gz'
trying URL 'https://bioconductor.org/packages/3.23/bioc/src/contrib/sosta_1.4.0.tar.gz'
* installing *binary* package ‘smoothr’ ...
* package ‘smoothr’ successfully unpacked and SHA256 sums checked
* ‘smoothr’ was already a binary package and will not be rebuilt
* SHA256 sums
* creating tarball
packaged installation of ‘smoothr’ as ‘smoothr_1.3.0_R_x86_64-pc-linux-gnu.tar.gz’
* DONE (smoothr)
* installing *source* package ‘sosta’ ...
** this is package ‘sosta’ version ‘1.4.0’
** using staged installation
** R
** data
*** moving datasets to lazyload DB
** inst
** byte-compile and prepare package for lazy loading
** help
*** installing help indices
*** copying figures
** building package indices
** installing vignettes
** testing if installed package can be loaded from temporary location
** testing if installed package can be loaded from final location
** testing if installed package keeps a record of temporary installation path
* SHA256 sums
* creating tarball
packaged installation of ‘sosta’ as ‘sosta_1.4.0_R_x86_64-pc-linux-gnu.tar.gz’
* DONE (sosta)

The downloaded source packages are in
	‘/tmp/Rtmpno3QT1/downloaded_packages’
Old packages: 'diffobj', 'httr2', 'pak', 'pkgdown', 'urlchecker', 'xfun',
  'zip', 'MASS', 'nlme', 'survival'

real	1m3.175s
user	0m42.921s
sys	0m5.466s
