+ Rscript -e 'Sys.setenv(BIOCONDUCTOR_USE_CONTAINER_REPOSITORY=FALSE);
  p <- .libPaths();
  p <- c('\''/tmp/library'\'', '\''/mnt/library'\'', p);
  .libPaths(p);
  if(BiocManager::install('\''kissDE'\'', INSTALL_opts = '\''--build'\'', update = TRUE, quiet = FALSE, dependencies=TRUE, force = TRUE, keep_outputs = TRUE) %in% rownames(installed.packages())) q(status = 0) else q(status = 1)'
'getOption("repos")' replaces Bioconductor standard repositories, see
'help("repositories", package = "BiocManager")' for details.
Replacement repositories:
    CRAN: https://p3m.dev/cran/__linux__/noble/latest
Bioconductor version 3.23 (BiocManager 1.30.27), R 4.6.1 (2026-06-24)
Installing package(s) 'kissDE'
also installing the dependency ‘aods3’

trying URL 'https://p3m.dev/cran/__linux__/noble/latest/src/contrib/aods3_0.6.tar.gz'
trying URL 'https://bioconductor.org/packages/3.23/bioc/src/contrib/kissDE_1.32.0.tar.gz'
* installing *binary* package ‘aods3’ ...
* package ‘aods3’ successfully unpacked and SHA256 sums checked
* ‘aods3’ was already a binary package and will not be rebuilt
* SHA256 sums
* creating tarball
packaged installation of ‘aods3’ as ‘aods3_0.6_R_x86_64-pc-linux-gnu.tar.gz’
* DONE (aods3)
* installing *source* package ‘kissDE’ ...
** this is package ‘kissDE’ version ‘1.32.0’
** using staged installation
** R
** inst
** byte-compile and prepare package for lazy loading
** help
*** installing help indices
** building package indices
** installing vignettes
** testing if installed package can be loaded from temporary location
** testing if installed package can be loaded from final location
** testing if installed package keeps a record of temporary installation path
* SHA256 sums
* creating tarball
packaged installation of ‘kissDE’ as ‘kissDE_1.32.0_R_x86_64-pc-linux-gnu.tar.gz’
* DONE (kissDE)

The downloaded source packages are in
	‘/tmp/Rtmp5k9eQu/downloaded_packages’
Old packages: 'httr2', 'pak', 'pkgdown', 'urlchecker', 'xfun', 'zip', 'MASS',
  'nlme', 'survival'

real	0m56.715s
user	0m44.370s
sys	0m5.711s
