+ Rscript -e 'Sys.setenv(BIOCONDUCTOR_USE_CONTAINER_REPOSITORY=FALSE);
  p <- .libPaths();
  p <- c('\''/tmp/library'\'', '\''/mnt/library'\'', p);
  .libPaths(p);
  if(BiocManager::install('\''maSigPro'\'', INSTALL_opts = '\''--build'\'', update = TRUE, quiet = FALSE, dependencies=TRUE, force = TRUE, keep_outputs = TRUE) %in% rownames(installed.packages())) q(status = 0) else q(status = 1)'
'getOption("repos")' replaces Bioconductor standard repositories, see
'help("repositories", package = "BiocManager")' for details.
Replacement repositories:
    CRAN: https://p3m.dev/cran/__linux__/noble/latest
Bioconductor version 3.23 (BiocManager 1.30.27), R 4.6.1 (2026-06-24)
Installing package(s) 'maSigPro'
also installing the dependencies ‘admisc’, ‘venn’

trying URL 'https://p3m.dev/cran/__linux__/noble/latest/src/contrib/admisc_0.40.tar.gz'
trying URL 'https://p3m.dev/cran/__linux__/noble/latest/src/contrib/venn_1.13.tar.gz'
trying URL 'https://bioconductor.org/packages/3.23/bioc/src/contrib/maSigPro_1.84.0.tar.gz'
* installing *binary* package ‘admisc’ ...
* package ‘admisc’ successfully unpacked and SHA256 sums checked
* ‘admisc’ was already a binary package and will not be rebuilt
* SHA256 sums
* creating tarball
packaged installation of ‘admisc’ as ‘admisc_0.40_R_x86_64-pc-linux-gnu.tar.gz’
* DONE (admisc)
* installing *binary* package ‘venn’ ...
* package ‘venn’ successfully unpacked and SHA256 sums checked
* ‘venn’ was already a binary package and will not be rebuilt
* SHA256 sums
* creating tarball
packaged installation of ‘venn’ as ‘venn_1.13_R_x86_64-pc-linux-gnu.tar.gz’
* DONE (venn)
* installing *source* package ‘maSigPro’ ...
** this is package ‘maSigPro’ version ‘1.84.0’
** using staged installation
** R
** data
** inst
** byte-compile and prepare package for lazy loading
** help
*** installing help indices
** building package indices
** installing vignettes
** testing if installed package can be loaded from temporary location
** testing if installed package can be loaded from final location
** testing if installed package keeps a record of temporary installation path
* SHA256 sums
* creating tarball
packaged installation of ‘maSigPro’ as ‘maSigPro_1.84.0_R_x86_64-pc-linux-gnu.tar.gz’
* DONE (maSigPro)

The downloaded source packages are in
	‘/tmp/RtmpjiVlPq/downloaded_packages’
Old packages: 'httr2', 'pak', 'pkgdown', 'urlchecker', 'xfun', 'zip', 'MASS',
  'nlme', 'survival'

real	0m14.372s
user	0m8.503s
sys	0m2.856s
