+ Rscript -e 'Sys.setenv(BIOCONDUCTOR_USE_CONTAINER_REPOSITORY=FALSE);
  p <- .libPaths();
  p <- c('\''/tmp/library'\'', '\''/mnt/library'\'', p);
  .libPaths(p);
  if(BiocManager::install('\''CellBench'\'', INSTALL_opts = '\''--build'\'', update = TRUE, quiet = FALSE, dependencies=TRUE, force = TRUE, keep_outputs = TRUE) %in% rownames(installed.packages())) q(status = 0) else q(status = 1)'
'getOption("repos")' replaces Bioconductor standard repositories, see
'help("repositories", package = "BiocManager")' for details.
Replacement repositories:
    CRAN: https://p3m.dev/cran/__linux__/noble/latest
Bioconductor version 3.23 (BiocManager 1.30.27), R 4.6.1 (2026-06-24)
Installing package(s) 'CellBench'
trying URL 'https://bioconductor.org/packages/3.23/bioc/src/contrib/CellBench_1.28.0.tar.gz'
Content type 'application/x-gzip' length 3198249 bytes (3.1 MB)
==================================================
downloaded 3.1 MB

* installing *source* package ‘CellBench’ ...
** this is package ‘CellBench’ version ‘1.28.0’
** using staged installation
** R
** data
** inst
** byte-compile and prepare package for lazy loading
** help
*** installing help indices
** building package indices
** installing vignettes
** testing if installed package can be loaded from temporary location
** testing if installed package can be loaded from final location
** testing if installed package keeps a record of temporary installation path
* SHA256 sums
* creating tarball
packaged installation of ‘CellBench’ as ‘CellBench_1.28.0_R_x86_64-pc-linux-gnu.tar.gz’
* DONE (CellBench)

The downloaded source packages are in
	‘/tmp/Rtmp8jJTa9/downloaded_packages’
Old packages: 'httr2', 'pak', 'pkgdown', 'urlchecker', 'xfun', 'zip', 'MASS',
  'nlme', 'survival'

real	0m38.858s
user	0m28.745s
sys	0m4.485s
