+ Rscript -e 'Sys.setenv(BIOCONDUCTOR_USE_CONTAINER_REPOSITORY=FALSE);
  p <- .libPaths();
  p <- c('\''/tmp/library'\'', '\''/mnt/library'\'', p);
  .libPaths(p);
  if(BiocManager::install('\''immLynx'\'', INSTALL_opts = '\''--build'\'', update = TRUE, quiet = FALSE, dependencies=TRUE, force = TRUE, keep_outputs = TRUE) %in% rownames(installed.packages())) q(status = 0) else q(status = 1)'
'getOption("repos")' replaces Bioconductor standard repositories, see
'help("repositories", package = "BiocManager")' for details.
Replacement repositories:
    CRAN: https://p3m.dev/cran/__linux__/noble/latest
Bioconductor version 3.23 (BiocManager 1.30.27), R 4.6.1 (2026-06-24)
Installing package(s) 'immLynx'
trying URL 'https://bioconductor.org/packages/3.23/bioc/src/contrib/immLynx_1.0.0.tar.gz'
Content type 'application/x-gzip' length 953664 bytes (931 KB)
==================================================
downloaded 931 KB

* installing *source* package ‘immLynx’ ...
** this is package ‘immLynx’ version ‘1.0.0’
** using non-staged installation via StagedInstall field
** R
** data
** inst
** byte-compile and prepare package for lazy loading
** help
*** installing help indices
** building package indices
** installing vignettes
** testing if installed package can be loaded
* SHA256 sums
* creating tarball
packaged installation of ‘immLynx’ as ‘immLynx_1.0.0_R_x86_64-pc-linux-gnu.tar.gz’
* DONE (immLynx)

The downloaded source packages are in
	‘/tmp/RtmpNG5mCn/downloaded_packages’
Old packages: 'httr2', 'pak', 'pkgdown', 'urlchecker', 'xfun', 'zip', 'MASS',
  'nlme', 'survival'

real	0m33.826s
user	0m23.041s
sys	0m4.609s
