+ Rscript -e 'Sys.setenv(BIOCONDUCTOR_USE_CONTAINER_REPOSITORY=FALSE);
  p <- .libPaths();
  p <- c('\''/tmp/library'\'', '\''/mnt/library'\'', p);
  .libPaths(p);
  if(BiocManager::install('\''ssPATHS'\'', INSTALL_opts = '\''--build'\'', update = TRUE, quiet = FALSE, dependencies=TRUE, force = TRUE, keep_outputs = TRUE) %in% rownames(installed.packages())) q(status = 0) else q(status = 1)'
'getOption("repos")' replaces Bioconductor standard repositories, see
'help("repositories", package = "BiocManager")' for details.
Replacement repositories:
    CRAN: https://p3m.dev/cran/__linux__/noble/latest
Bioconductor version 3.24 (BiocManager 1.30.27), R 4.6.1 (2026-06-24)
Installing package(s) 'ssPATHS'
also installing the dependencies ‘lfda’, ‘dml’

trying URL 'https://p3m.dev/cran/__linux__/noble/latest/src/contrib/lfda_1.1.3.tar.gz'
trying URL 'https://p3m.dev/cran/__linux__/noble/latest/src/contrib/dml_1.1.0.tar.gz'
trying URL 'https://bioconductor.org/packages/3.24/bioc/src/contrib/ssPATHS_1.27.0.tar.gz'
* installing *binary* package ‘lfda’ ...
* package ‘lfda’ successfully unpacked and SHA256 sums checked
* ‘lfda’ was already a binary package and will not be rebuilt
* SHA256 sums
* creating tarball
packaged installation of ‘lfda’ as ‘lfda_1.1.3_R_x86_64-pc-linux-gnu.tar.gz’
* DONE (lfda)
* installing *binary* package ‘dml’ ...
* package ‘dml’ successfully unpacked and SHA256 sums checked
* ‘dml’ was already a binary package and will not be rebuilt
* SHA256 sums
* creating tarball
packaged installation of ‘dml’ as ‘dml_1.1.0_R_x86_64-pc-linux-gnu.tar.gz’
* DONE (dml)
* installing *source* package ‘ssPATHS’ ...
** this is package ‘ssPATHS’ version ‘1.27.0’
** package ‘ssPATHS’ successfully unpacked and MD5 sums checked
** using staged installation
** R
** data
*** moving datasets to lazyload DB
** inst
** byte-compile and prepare package for lazy loading
** help
*** installing help indices
** building package indices
** installing vignettes
** testing if installed package can be loaded from temporary location
** testing if installed package can be loaded from final location
** testing if installed package keeps a record of temporary installation path
* SHA256 sums
* creating tarball
packaged installation of ‘ssPATHS’ as ‘ssPATHS_1.27.0_R_x86_64-pc-linux-gnu.tar.gz’
* DONE (ssPATHS)

The downloaded source packages are in
	‘/tmp/RtmpoON9Vg/downloaded_packages’
Old packages: 'diffobj'

real	0m41.695s
user	0m29.442s
sys	0m5.653s
