+ Rscript -e 'Sys.setenv(BIOCONDUCTOR_USE_CONTAINER_REPOSITORY=FALSE);
  p <- .libPaths();
  p <- c('\''/tmp/library'\'', '\''/mnt/library'\'', p);
  .libPaths(p);
  if(BiocManager::install('\''nuCpos'\'', INSTALL_opts = '\''--build'\'', update = TRUE, quiet = FALSE, dependencies=TRUE, force = TRUE, keep_outputs = TRUE) %in% rownames(installed.packages())) q(status = 0) else q(status = 1)'
'getOption("repos")' replaces Bioconductor standard repositories, see
'help("repositories", package = "BiocManager")' for details.
Replacement repositories:
    CRAN: https://p3m.dev/cran/__linux__/noble/latest
Bioconductor version 3.23 (BiocManager 1.30.27), R 4.6.1 (2026-06-24)
Installing package(s) 'nuCpos'
also installing the dependency ‘NuPoP’

trying URL 'https://bioconductor.org/packages/3.23/bioc/src/contrib/NuPoP_2.20.0.tar.gz'
trying URL 'https://bioconductor.org/packages/3.23/bioc/src/contrib/nuCpos_1.30.0.tar.gz'
* installing *source* package ‘NuPoP’ ...
** this is package ‘NuPoP’ version ‘2.20.0’
** using staged installation
** libs
using Fortran compiler: ‘GNU Fortran (Ubuntu 13.3.0-6ubuntu2~24.04.1) 13.3.0’
gfortran  -fpic  -g -O2  -c  cvtbfb.f90 -o cvtbfb.o
gfortran  -fpic  -g -O2  -c  cvtbfbNL4.f90 -o cvtbfbNL4.o
gfortran  -fpic  -g -O2  -c  vtbfb.f90 -o vtbfb.o
gfortran  -fpic  -g -O2  -c  vtbfbNL4.f90 -o vtbfbNL4.o
gcc -std=gnu2x -shared -L/usr/local/lib/R/lib -L/usr/local/lib -o NuPoP.so cvtbfb.o cvtbfbNL4.o vtbfb.o vtbfbNL4.o -lgfortran -lm -lquadmath -L/usr/local/lib/R/lib -lR
installing to /tmp/library/00LOCK-NuPoP/00new/NuPoP/libs
** R
** inst
** byte-compile and prepare package for lazy loading
** help
*** installing help indices
** building package indices
** installing vignettes
** testing if installed package can be loaded from temporary location
** checking absolute paths in shared objects and dynamic libraries
** testing if installed package can be loaded from final location
** testing if installed package keeps a record of temporary installation path
* SHA256 sums
* creating tarball
packaged installation of ‘NuPoP’ as ‘NuPoP_2.20.0_R_x86_64-pc-linux-gnu.tar.gz’
* DONE (NuPoP)
* installing *source* package ‘nuCpos’ ...
** this is package ‘nuCpos’ version ‘1.30.0’
** using staged installation
** R
** inst
** byte-compile and prepare package for lazy loading
** help
*** installing help indices
** building package indices
** installing vignettes
** testing if installed package can be loaded from temporary location
** testing if installed package can be loaded from final location
** testing if installed package keeps a record of temporary installation path
* SHA256 sums
* creating tarball
packaged installation of ‘nuCpos’ as ‘nuCpos_1.30.0_R_x86_64-pc-linux-gnu.tar.gz’
* DONE (nuCpos)

The downloaded source packages are in
	‘/tmp/RtmpeWT5Rx/downloaded_packages’
Old packages: 'httr2', 'pak', 'pkgdown', 'urlchecker', 'xfun', 'zip', 'MASS',
  'nlme', 'survival'

real	0m50.231s
user	0m15.792s
sys	0m3.870s
