+ Rscript -e 'Sys.setenv(BIOCONDUCTOR_USE_CONTAINER_REPOSITORY=FALSE);
  p <- .libPaths();
  p <- c('\''/tmp/library'\'', '\''/mnt/library'\'', p);
  .libPaths(p);
  if(BiocManager::install('\''RedisParam'\'', INSTALL_opts = '\''--build'\'', update = TRUE, quiet = FALSE, dependencies=TRUE, force = TRUE, keep_outputs = TRUE) %in% rownames(installed.packages())) q(status = 0) else q(status = 1)'
'getOption("repos")' replaces Bioconductor standard repositories, see
'help("repositories", package = "BiocManager")' for details.
Replacement repositories:
    CRAN: https://p3m.dev/cran/__linux__/noble/latest
Bioconductor version 3.23 (BiocManager 1.30.27), R 4.6.1 (2026-06-24)
Installing package(s) 'RedisParam'
also installing the dependencies ‘storr’, ‘redux’

trying URL 'https://p3m.dev/cran/__linux__/noble/latest/src/contrib/storr_1.2.6.tar.gz'
trying URL 'https://p3m.dev/cran/__linux__/noble/latest/src/contrib/redux_1.1.5.tar.gz'
trying URL 'https://bioconductor.org/packages/3.23/bioc/src/contrib/RedisParam_1.14.0.tar.gz'
* installing *binary* package ‘storr’ ...
* package ‘storr’ successfully unpacked and SHA256 sums checked
* ‘storr’ was already a binary package and will not be rebuilt
* SHA256 sums
* creating tarball
packaged installation of ‘storr’ as ‘storr_1.2.6_R_x86_64-pc-linux-gnu.tar.gz’
* DONE (storr)
* installing *binary* package ‘redux’ ...
* package ‘redux’ successfully unpacked and SHA256 sums checked
* ‘redux’ was already a binary package and will not be rebuilt
* SHA256 sums
* creating tarball
packaged installation of ‘redux’ as ‘redux_1.1.5_R_x86_64-pc-linux-gnu.tar.gz’
* DONE (redux)
* installing *source* package ‘RedisParam’ ...
** this is package ‘RedisParam’ version ‘1.14.0’
** using staged installation
** R
** inst
** byte-compile and prepare package for lazy loading
** help
*** installing help indices
** building package indices
** installing vignettes
** testing if installed package can be loaded from temporary location
** testing if installed package can be loaded from final location
** testing if installed package keeps a record of temporary installation path
* SHA256 sums
* creating tarball
packaged installation of ‘RedisParam’ as ‘RedisParam_1.14.0_R_x86_64-pc-linux-gnu.tar.gz’
* DONE (RedisParam)

The downloaded source packages are in
	‘/tmp/RtmpwUDdn3/downloaded_packages’
Old packages: 'diffobj', 'httr2', 'pak', 'pkgdown', 'urlchecker', 'xfun',
  'zip', 'MASS', 'nlme', 'survival'

real	0m16.222s
user	0m6.775s
sys	0m2.817s
