+ Rscript -e 'Sys.setenv(BIOCONDUCTOR_USE_CONTAINER_REPOSITORY=FALSE);
  p <- .libPaths();
  p <- c('\''/tmp/library'\'', '\''/mnt/library'\'', p);
  .libPaths(p);
  if(BiocManager::install('\''moanin'\'', INSTALL_opts = '\''--build'\'', update = TRUE, quiet = FALSE, dependencies=TRUE, force = TRUE, keep_outputs = TRUE) %in% rownames(installed.packages())) q(status = 0) else q(status = 1)'
'getOption("repos")' replaces Bioconductor standard repositories, see
'help("repositories", package = "BiocManager")' for details.
Replacement repositories:
    CRAN: https://p3m.dev/cran/__linux__/noble/latest
Bioconductor version 3.23 (BiocManager 1.30.27), R 4.6.1 (2026-06-24)
Installing package(s) 'moanin'
Warning: dependency ‘NMI’ is not available
also installing the dependency ‘timecoursedata’

trying URL 'https://bioconductor.org/packages/3.23/data/experiment/src/contrib/timecoursedata_1.22.0.tar.gz'
trying URL 'https://bioconductor.org/packages/3.23/bioc/src/contrib/moanin_1.19.0.tar.gz'
* installing *source* package ‘timecoursedata’ ...
** this is package ‘timecoursedata’ version ‘1.22.0’
** using staged installation
** R
** data
** inst
** byte-compile and prepare package for lazy loading
** help
*** installing help indices
** building package indices
** installing vignettes
** testing if installed package can be loaded from temporary location
** testing if installed package can be loaded from final location
** testing if installed package keeps a record of temporary installation path
* SHA256 sums
* creating tarball
packaged installation of ‘timecoursedata’ as ‘timecoursedata_1.22.0_R_x86_64-pc-linux-gnu.tar.gz’
* DONE (timecoursedata)
ERROR: dependency ‘NMI’ is not available for package ‘moanin’
Perhaps try a variation of:
install.packages('NMI')
* removing ‘/tmp/library/moanin’

The downloaded source packages are in
	‘/tmp/Rtmpua7e0z/downloaded_packages’
