+ Rscript -e 'Sys.setenv(BIOCONDUCTOR_USE_CONTAINER_REPOSITORY=FALSE);
  p <- .libPaths();
  p <- c('\''/tmp/library'\'', '\''/mnt/library'\'', p);
  .libPaths(p);
  if(BiocManager::install('\''msqrob2'\'', INSTALL_opts = '\''--build'\'', update = TRUE, quiet = FALSE, dependencies=TRUE, force = TRUE, keep_outputs = TRUE) %in% rownames(installed.packages())) q(status = 0) else q(status = 1)'
'getOption("repos")' replaces Bioconductor standard repositories, see
'help("repositories", package = "BiocManager")' for details.
Replacement repositories:
    CRAN: https://p3m.dev/cran/__linux__/noble/latest
Bioconductor version 3.23 (BiocManager 1.30.27), R 4.6.1 (2026-06-24)
Installing package(s) 'msqrob2'
also installing the dependency ‘iq’

trying URL 'https://p3m.dev/cran/__linux__/noble/latest/src/contrib/iq_2.0.1.tar.gz'
trying URL 'https://bioconductor.org/packages/3.23/bioc/src/contrib/msqrob2_1.20.0.tar.gz'
* installing *binary* package ‘iq’ ...
* package ‘iq’ successfully unpacked and SHA256 sums checked
* ‘iq’ was already a binary package and will not be rebuilt
* SHA256 sums
* creating tarball
packaged installation of ‘iq’ as ‘iq_2.0.1_R_x86_64-pc-linux-gnu.tar.gz’
* DONE (iq)
* installing *source* package ‘msqrob2’ ...
** this is package ‘msqrob2’ version ‘1.20.0’
** using staged installation
** R
** data
** inst
** byte-compile and prepare package for lazy loading
** help
*** installing help indices
** building package indices
** installing vignettes
** testing if installed package can be loaded from temporary location
** testing if installed package can be loaded from final location
** testing if installed package keeps a record of temporary installation path
* SHA256 sums
* creating tarball
packaged installation of ‘msqrob2’ as ‘msqrob2_1.20.0_R_x86_64-pc-linux-gnu.tar.gz’
* DONE (msqrob2)

The downloaded source packages are in
	‘/tmp/RtmpRMt7bC/downloaded_packages’
Old packages: 'httr2', 'pak', 'pkgdown', 'urlchecker', 'xfun', 'zip', 'MASS',
  'nlme', 'survival'

real	0m47.148s
user	0m34.629s
sys	0m5.651s
