+ Rscript -e 'Sys.setenv(BIOCONDUCTOR_USE_CONTAINER_REPOSITORY=FALSE);
  p <- .libPaths();
  p <- c('\''/tmp/library'\'', '\''/mnt/library'\'', p);
  .libPaths(p);
  if(BiocManager::install('\''SPsimSeq'\'', INSTALL_opts = '\''--build'\'', update = TRUE, quiet = FALSE, dependencies=TRUE, force = TRUE, keep_outputs = TRUE) %in% rownames(installed.packages())) q(status = 0) else q(status = 1)'
'getOption("repos")' replaces Bioconductor standard repositories, see
'help("repositories", package = "BiocManager")' for details.
Replacement repositories:
    CRAN: https://p3m.dev/cran/__linux__/noble/latest
Bioconductor version 3.23 (BiocManager 1.30.27), R 4.6.1 (2026-06-24)
Installing package(s) 'SPsimSeq'
trying URL 'https://bioconductor.org/packages/3.23/bioc/src/contrib/SPsimSeq_1.22.0.tar.gz'
Content type 'application/x-gzip' length 784506 bytes (766 KB)
==================================================
downloaded 766 KB

* installing *source* package ‘SPsimSeq’ ...
** this is package ‘SPsimSeq’ version ‘1.22.0’
** using staged installation
** R
** data
*** moving datasets to lazyload DB
** inst
** byte-compile and prepare package for lazy loading
** help
*** installing help indices
** building package indices
** installing vignettes
** testing if installed package can be loaded from temporary location
** testing if installed package can be loaded from final location
** testing if installed package keeps a record of temporary installation path
* SHA256 sums
* creating tarball
packaged installation of ‘SPsimSeq’ as ‘SPsimSeq_1.22.0_R_x86_64-pc-linux-gnu.tar.gz’
* DONE (SPsimSeq)

The downloaded source packages are in
	‘/tmp/RtmpuC9tAK/downloaded_packages’
Old packages: 'httr2', 'pak', 'pkgdown', 'urlchecker', 'xfun', 'zip', 'MASS',
  'nlme', 'survival'

real	0m42.036s
user	0m33.438s
sys	0m4.650s
