+ Rscript -e 'Sys.setenv(BIOCONDUCTOR_USE_CONTAINER_REPOSITORY=FALSE);
  p <- .libPaths();
  p <- c('\''/tmp/library'\'', '\''/mnt/library'\'', p);
  .libPaths(p);
  if(BiocManager::install('\''INTACT'\'', INSTALL_opts = '\''--build'\'', update = TRUE, quiet = FALSE, dependencies=TRUE, force = TRUE, keep_outputs = TRUE) %in% rownames(installed.packages())) q(status = 0) else q(status = 1)'
'getOption("repos")' replaces Bioconductor standard repositories, see
'help("repositories", package = "BiocManager")' for details.
Replacement repositories:
    CRAN: https://p3m.dev/cran/__linux__/noble/latest
Bioconductor version 3.24 (BiocManager 1.30.27), R 4.6.1 (2026-06-24)
Installing package(s) 'INTACT'
also installing the dependency ‘bdsmatrix’

trying URL 'https://p3m.dev/cran/__linux__/noble/latest/src/contrib/bdsmatrix_1.3-7.tar.gz'
trying URL 'https://bioconductor.org/packages/3.24/bioc/src/contrib/INTACT_1.13.0.tar.gz'
* installing *binary* package ‘bdsmatrix’ ...
* package ‘bdsmatrix’ successfully unpacked and SHA256 sums checked
* ‘bdsmatrix’ was already a binary package and will not be rebuilt
* SHA256 sums
* creating tarball
packaged installation of ‘bdsmatrix’ as ‘bdsmatrix_1.3-7_R_x86_64-pc-linux-gnu.tar.gz’
* DONE (bdsmatrix)
* installing *source* package ‘INTACT’ ...
** this is package ‘INTACT’ version ‘1.13.0’
** package ‘INTACT’ successfully unpacked and MD5 sums checked
** using staged installation
** R
** data
** inst
** byte-compile and prepare package for lazy loading
** help
*** installing help indices
** building package indices
** installing vignettes
** testing if installed package can be loaded from temporary location
** testing if installed package can be loaded from final location
** testing if installed package keeps a record of temporary installation path
* SHA256 sums
* creating tarball
packaged installation of ‘INTACT’ as ‘INTACT_1.13.0_R_x86_64-pc-linux-gnu.tar.gz’
* DONE (INTACT)

The downloaded source packages are in
	‘/tmp/Rtmpsj79tc/downloaded_packages’
Error in readRDS(file) : error reading from connection

real	0m42.354s
user	0m7.099s
sys	0m2.176s
