+ Rscript -e 'Sys.setenv(BIOCONDUCTOR_USE_CONTAINER_REPOSITORY=FALSE);
  p <- .libPaths();
  p <- c('\''/tmp/library'\'', '\''/mnt/library'\'', p);
  .libPaths(p);
  if(BiocManager::install('\''MAPFX'\'', INSTALL_opts = '\''--build'\'', update = TRUE, quiet = FALSE, dependencies=TRUE, force = TRUE, keep_outputs = TRUE) %in% rownames(installed.packages())) q(status = 0) else q(status = 1)'
'getOption("repos")' replaces Bioconductor standard repositories, see
'help("repositories", package = "BiocManager")' for details.
Replacement repositories:
    CRAN: https://p3m.dev/cran/__linux__/noble/latest
Bioconductor version 3.23 (BiocManager 1.30.27), R 4.6.1 (2026-06-24)
Installing package(s) 'MAPFX'
also installing the dependencies ‘NbClust’, ‘iCellR’, ‘glmnetUtils’

trying URL 'https://p3m.dev/cran/__linux__/noble/latest/src/contrib/NbClust_3.0.1.tar.gz'
trying URL 'https://p3m.dev/cran/__linux__/noble/latest/src/contrib/iCellR_1.7.0.tar.gz'
trying URL 'https://p3m.dev/cran/__linux__/noble/latest/src/contrib/glmnetUtils_1.1.9.tar.gz'
trying URL 'https://bioconductor.org/packages/3.23/bioc/src/contrib/MAPFX_1.8.0.tar.gz'
* installing *binary* package ‘NbClust’ ...
* package ‘NbClust’ successfully unpacked and SHA256 sums checked
* ‘NbClust’ was already a binary package and will not be rebuilt
* SHA256 sums
* creating tarball
packaged installation of ‘NbClust’ as ‘NbClust_3.0.1_R_x86_64-pc-linux-gnu.tar.gz’
* DONE (NbClust)
* installing *binary* package ‘glmnetUtils’ ...
* package ‘glmnetUtils’ successfully unpacked and SHA256 sums checked
* ‘glmnetUtils’ was already a binary package and will not be rebuilt
* SHA256 sums
* creating tarball
packaged installation of ‘glmnetUtils’ as ‘glmnetUtils_1.1.9_R_x86_64-pc-linux-gnu.tar.gz’
* DONE (glmnetUtils)
* installing *binary* package ‘iCellR’ ...
* package ‘iCellR’ successfully unpacked and SHA256 sums checked
* ‘iCellR’ was already a binary package and will not be rebuilt
* SHA256 sums
* creating tarball
packaged installation of ‘iCellR’ as ‘iCellR_1.7.0_R_x86_64-pc-linux-gnu.tar.gz’
* DONE (iCellR)
* installing *source* package ‘MAPFX’ ...
** this is package ‘MAPFX’ version ‘1.8.0’
** using staged installation
** R
** data
** inst
** byte-compile and prepare package for lazy loading
** help
*** installing help indices
** building package indices
** installing vignettes
** testing if installed package can be loaded from temporary location
** testing if installed package can be loaded from final location
** testing if installed package keeps a record of temporary installation path
* SHA256 sums
* creating tarball
packaged installation of ‘MAPFX’ as ‘MAPFX_1.8.0_R_x86_64-pc-linux-gnu.tar.gz’
* DONE (MAPFX)

The downloaded source packages are in
	‘/tmp/Rtmpgd1xUh/downloaded_packages’
Old packages: 'diffobj', 'httr2', 'pak', 'pkgdown', 'urlchecker', 'xfun',
  'zip', 'MASS', 'nlme', 'survival'

real	0m32.866s
user	0m24.352s
sys	0m5.198s
