+ Rscript -e 'Sys.setenv(BIOCONDUCTOR_USE_CONTAINER_REPOSITORY=FALSE);
  p <- .libPaths();
  p <- c('\''/tmp/library'\'', '\''/mnt/library'\'', p);
  .libPaths(p);
  if(BiocManager::install('\''biocViews'\'', INSTALL_opts = '\''--build'\'', update = TRUE, quiet = FALSE, dependencies=TRUE, force = TRUE, keep_outputs = TRUE) %in% rownames(installed.packages())) q(status = 0) else q(status = 1)'
'getOption("repos")' replaces Bioconductor standard repositories, see
'help("repositories", package = "BiocManager")' for details.
Replacement repositories:
    CRAN: https://p3m.dev/cran/__linux__/noble/latest
Bioconductor version 3.24 (BiocManager 1.30.27), R 4.6.1 (2026-06-24)
Installing package(s) 'biocViews'
also installing the dependency ‘BiocPkgTools’

trying URL 'https://bioconductor.org/packages/3.24/bioc/src/contrib/BiocPkgTools_1.31.12.tar.gz'
trying URL 'https://bioconductor.org/packages/3.24/bioc/src/contrib/biocViews_1.81.1.tar.gz'
* installing *source* package ‘biocViews’ ...
** this is package ‘biocViews’ version ‘1.81.1’
** package ‘biocViews’ successfully unpacked and MD5 sums checked
** using staged installation
** R
** data
** inst
** byte-compile and prepare package for lazy loading
** help
*** installing help indices
** building package indices
** installing vignettes
** testing if installed package can be loaded from temporary location
** testing if installed package can be loaded from final location
** testing if installed package keeps a record of temporary installation path
* SHA256 sums
* creating tarball
packaged installation of ‘biocViews’ as ‘biocViews_1.81.1_R_x86_64-pc-linux-gnu.tar.gz’
* DONE (biocViews)
* installing *source* package ‘BiocPkgTools’ ...
** this is package ‘BiocPkgTools’ version ‘1.31.12’
** package ‘BiocPkgTools’ successfully unpacked and MD5 sums checked
** using staged installation
** R
** inst
** byte-compile and prepare package for lazy loading
** help
*** installing help indices
** building package indices
** installing vignettes
** testing if installed package can be loaded from temporary location
** testing if installed package can be loaded from final location
** testing if installed package keeps a record of temporary installation path
* SHA256 sums
* creating tarball
packaged installation of ‘BiocPkgTools’ as ‘BiocPkgTools_1.31.12_R_x86_64-pc-linux-gnu.tar.gz’
* DONE (BiocPkgTools)

The downloaded source packages are in
	‘/tmp/RtmpwSFZHR/downloaded_packages’

real	0m27.024s
user	0m18.897s
sys	0m4.553s
