+ Rscript -e 'Sys.setenv(BIOCONDUCTOR_USE_CONTAINER_REPOSITORY=FALSE);
  p <- .libPaths();
  p <- c('\''/tmp/library'\'', '\''/mnt/library'\'', p);
  .libPaths(p);
  if(BiocManager::install('\''RbowtieCuda'\'', INSTALL_opts = '\''--build'\'', update = TRUE, quiet = FALSE, dependencies=TRUE, force = TRUE, keep_outputs = TRUE) %in% rownames(installed.packages())) q(status = 0) else q(status = 1)'
'getOption("repos")' replaces Bioconductor standard repositories, see
'help("repositories", package = "BiocManager")' for details.
Replacement repositories:
    CRAN: https://p3m.dev/cran/__linux__/noble/latest
Bioconductor version 3.23 (BiocManager 1.30.27), R 4.6.1 (2026-06-24)
Installing package(s) 'RbowtieCuda'
trying URL 'https://bioconductor.org/packages/3.23/bioc/src/contrib/RbowtieCuda_1.4.3.tar.gz'
Content type 'application/x-gzip' length 29306796 bytes (27.9 MB)
==================================================
downloaded 27.9 MB

* installing *source* package ‘RbowtieCuda’ ...
** this is package ‘RbowtieCuda’ version ‘1.4.3’
** using staged installation
** libs
cd "../src/nvbio/build" && rm -f CMakeCache.txt && cmake ..
CMake Warning at CMakeLists.txt:3 (message):
  CUDACXX=


CMake Warning at CMakeLists.txt:4 (message):
  PATH=/usr/local/sbin:/usr/local/bin:/usr/sbin:/usr/bin:/sbin:/bin


CMake Warning at CMakeLists.txt:38 (message):
  CUDACXX not set.  Searching for 'nvcc' or 'nvc++'...


CMake Error at CMakeLists.txt:56 (message):
  CUDA compiler (nvcc or nvc++) not found.  Please set the CUDACXX
  environment variable or add the compiler's directory to your PATH.


-- Configuring incomplete, errors occurred!
make: *** [Makefile:11: all] Error 1
ERROR: compilation failed for package ‘RbowtieCuda’
* removing ‘/tmp/library/RbowtieCuda’

The downloaded source packages are in
	‘/tmp/RtmpYFy89I/downloaded_packages’
Old packages: 'httr2', 'pak', 'pkgdown', 'urlchecker', 'xfun', 'zip', 'MASS',
  'nlme', 'survival'
Warning message:
In install.packages(...) :
  installation of package ‘RbowtieCuda’ had non-zero exit status

real	0m11.396s
user	0m7.701s
sys	0m2.774s
