+ Rscript -e 'Sys.setenv(BIOCONDUCTOR_USE_CONTAINER_REPOSITORY=FALSE);
  p <- .libPaths();
  p <- c('\''/tmp/library'\'', '\''/mnt/library'\'', p);
  .libPaths(p);
  if(BiocManager::install('\''TREG'\'', INSTALL_opts = '\''--build'\'', update = TRUE, quiet = FALSE, dependencies=TRUE, force = TRUE, keep_outputs = TRUE) %in% rownames(installed.packages())) q(status = 0) else q(status = 1)'
'getOption("repos")' replaces Bioconductor standard repositories, see
'help("repositories", package = "BiocManager")' for details.
Replacement repositories:
    CRAN: https://p3m.dev/cran/__linux__/noble/latest
Bioconductor version 3.24 (BiocManager 1.30.27), R 4.6.1 (2026-06-24)
Installing package(s) 'TREG'
also installing the dependency ‘rafalib’

trying URL 'https://p3m.dev/cran/__linux__/noble/latest/src/contrib/rafalib_1.0.4.tar.gz'
trying URL 'https://bioconductor.org/packages/3.24/bioc/src/contrib/TREG_1.17.0.tar.gz'
* installing *binary* package ‘rafalib’ ...
* package ‘rafalib’ successfully unpacked and SHA256 sums checked
* ‘rafalib’ was already a binary package and will not be rebuilt
* SHA256 sums
* creating tarball
packaged installation of ‘rafalib’ as ‘rafalib_1.0.4_R_x86_64-pc-linux-gnu.tar.gz’
* DONE (rafalib)
* installing *source* package ‘TREG’ ...
** this is package ‘TREG’ version ‘1.17.0’
** package ‘TREG’ successfully unpacked and MD5 sums checked
** using staged installation
** R
** data
*** moving datasets to lazyload DB
** inst
** byte-compile and prepare package for lazy loading
** help
*** installing help indices
*** copying figures
** building package indices
** installing vignettes
** testing if installed package can be loaded from temporary location
** testing if installed package can be loaded from final location
** testing if installed package keeps a record of temporary installation path
* SHA256 sums
* creating tarball
packaged installation of ‘TREG’ as ‘TREG_1.17.0_R_x86_64-pc-linux-gnu.tar.gz’
* DONE (TREG)

The downloaded source packages are in
	‘/tmp/RtmpXzguWv/downloaded_packages’

real	0m33.523s
user	0m22.747s
sys	0m3.849s
