+ Rscript -e 'Sys.setenv(BIOCONDUCTOR_USE_CONTAINER_REPOSITORY=FALSE);
  p <- .libPaths();
  p <- c('\''/tmp/library'\'', '\''/mnt/library'\'', p);
  .libPaths(p);
  if(BiocManager::install('\''plyxp'\'', INSTALL_opts = '\''--build'\'', update = TRUE, quiet = FALSE, dependencies=TRUE, force = TRUE, keep_outputs = TRUE) %in% rownames(installed.packages())) q(status = 0) else q(status = 1)'
'getOption("repos")' replaces Bioconductor standard repositories, see
'help("repositories", package = "BiocManager")' for details.
Replacement repositories:
    CRAN: https://p3m.dev/cran/__linux__/noble/latest
Bioconductor version 3.23 (BiocManager 1.30.27), R 4.6.1 (2026-06-24)
Installing package(s) 'plyxp'
trying URL 'https://bioconductor.org/packages/3.23/bioc/src/contrib/plyxp_1.6.1.tar.gz'
Content type 'application/x-gzip' length 1478594 bytes (1.4 MB)
==================================================
downloaded 1.4 MB

* installing *source* package ‘plyxp’ ...
** this is package ‘plyxp’ version ‘1.6.1’
** using staged installation
** R
** data
*** moving datasets to lazyload DB
** inst
** byte-compile and prepare package for lazy loading
Creating a generic function for ‘rownames’ from package ‘base’ in package ‘plyxp’
Creating a generic function for ‘colnames’ from package ‘base’ in package ‘plyxp’
Creating a generic function for ‘nrow’ from package ‘base’ in package ‘plyxp’
Creating a generic function for ‘ncol’ from package ‘base’ in package ‘plyxp’
** help
*** installing help indices
*** copying figures
** building package indices
** installing vignettes
** testing if installed package can be loaded from temporary location
** testing if installed package can be loaded from final location
** testing if installed package keeps a record of temporary installation path
* SHA256 sums
* creating tarball
packaged installation of ‘plyxp’ as ‘plyxp_1.6.1_R_x86_64-pc-linux-gnu.tar.gz’
* DONE (plyxp)

The downloaded source packages are in
	‘/tmp/RtmpH2PMLi/downloaded_packages’
Old packages: 'diffobj', 'httr2', 'pak', 'pkgdown', 'urlchecker', 'xfun',
  'zip', 'MASS', 'nlme', 'survival'

real	0m47.002s
user	0m30.236s
sys	0m5.304s
