+ Rscript -e 'Sys.setenv(BIOCONDUCTOR_USE_CONTAINER_REPOSITORY=FALSE);
  p <- .libPaths();
  p <- c('\''/tmp/library'\'', '\''/mnt/library'\'', p);
  .libPaths(p);
  if(BiocManager::install('\''bumphunter'\'', INSTALL_opts = '\''--build'\'', update = TRUE, quiet = FALSE, dependencies=TRUE, force = TRUE, keep_outputs = TRUE) %in% rownames(installed.packages())) q(status = 0) else q(status = 1)'
'getOption("repos")' replaces Bioconductor standard repositories, see
'help("repositories", package = "BiocManager")' for details.
Replacement repositories:
    CRAN: https://p3m.dev/cran/__linux__/noble/latest
Bioconductor version 3.23 (BiocManager 1.30.27), R 4.6.1 (2026-06-24)
Installing package(s) 'bumphunter'
trying URL 'https://bioconductor.org/packages/3.23/bioc/src/contrib/bumphunter_1.54.0.tar.gz'
Content type 'application/x-gzip' length 2481447 bytes (2.4 MB)
==================================================
downloaded 2.4 MB

* installing *source* package ‘bumphunter’ ...
** this is package ‘bumphunter’ version ‘1.54.0’
** using staged installation
** R
** data
*** moving datasets to lazyload DB
** inst
** byte-compile and prepare package for lazy loading
** help
*** installing help indices
** building package indices
** installing vignettes
** testing if installed package can be loaded from temporary location
** testing if installed package can be loaded from final location
** testing if installed package keeps a record of temporary installation path
* SHA256 sums
* creating tarball
packaged installation of ‘bumphunter’ as ‘bumphunter_1.54.0_R_x86_64-pc-linux-gnu.tar.gz’
* DONE (bumphunter)

The downloaded source packages are in
	‘/tmp/RtmpfMVD0z/downloaded_packages’
Old packages: 'httr2', 'pak', 'pkgdown', 'urlchecker', 'xfun', 'zip', 'MASS',
  'nlme', 'survival'

real	0m47.647s
user	0m36.433s
sys	0m5.422s
