+ Rscript -e 'Sys.setenv(BIOCONDUCTOR_USE_CONTAINER_REPOSITORY=FALSE);
  p <- .libPaths();
  p <- c('\''/tmp/library'\'', '\''/mnt/library'\'', p);
  .libPaths(p);
  if(BiocManager::install('\''cytomapper'\'', INSTALL_opts = '\''--build'\'', update = TRUE, quiet = FALSE, dependencies=TRUE, force = TRUE, keep_outputs = TRUE) %in% rownames(installed.packages())) q(status = 0) else q(status = 1)'
'getOption("repos")' replaces Bioconductor standard repositories, see
'help("repositories", package = "BiocManager")' for details.
Replacement repositories:
    CRAN: https://p3m.dev/cran/__linux__/noble/latest
Bioconductor version 3.23 (BiocManager 1.30.27), R 4.6.1 (2026-06-24)
Installing package(s) 'cytomapper'
also installing the dependency ‘svgPanZoom’

trying URL 'https://p3m.dev/cran/__linux__/noble/latest/src/contrib/svgPanZoom_0.3.4.tar.gz'
trying URL 'https://bioconductor.org/packages/3.23/bioc/src/contrib/cytomapper_1.24.0.tar.gz'
* installing *binary* package ‘svgPanZoom’ ...
* package ‘svgPanZoom’ successfully unpacked and SHA256 sums checked
* ‘svgPanZoom’ was already a binary package and will not be rebuilt
* SHA256 sums
* creating tarball
packaged installation of ‘svgPanZoom’ as ‘svgPanZoom_0.3.4_R_x86_64-pc-linux-gnu.tar.gz’
* DONE (svgPanZoom)
* installing *source* package ‘cytomapper’ ...
** this is package ‘cytomapper’ version ‘1.24.0’
** using staged installation
** R
** data
** inst
** byte-compile and prepare package for lazy loading
** help
*** installing help indices
** building package indices
** installing vignettes
** testing if installed package can be loaded from temporary location
** testing if installed package can be loaded from final location
** testing if installed package keeps a record of temporary installation path
* SHA256 sums
* creating tarball
packaged installation of ‘cytomapper’ as ‘cytomapper_1.24.0_R_x86_64-pc-linux-gnu.tar.gz’
* DONE (cytomapper)

The downloaded source packages are in
	‘/tmp/RtmpSVUJ9q/downloaded_packages’
Old packages: 'diffobj', 'httr2', 'pak', 'pkgdown', 'urlchecker', 'xfun',
  'zip', 'MASS', 'nlme', 'survival'

real	1m14.680s
user	1m3.400s
sys	0m6.720s
