+ Rscript -e 'Sys.setenv(BIOCONDUCTOR_USE_CONTAINER_REPOSITORY=FALSE);
  p <- .libPaths();
  p <- c('\''/tmp/library'\'', '\''/mnt/library'\'', p);
  .libPaths(p);
  if(BiocManager::install('\''logicFS'\'', INSTALL_opts = '\''--build'\'', update = TRUE, quiet = FALSE, dependencies=TRUE, force = TRUE, keep_outputs = TRUE) %in% rownames(installed.packages())) q(status = 0) else q(status = 1)'
'getOption("repos")' replaces Bioconductor standard repositories, see
'help("repositories", package = "BiocManager")' for details.
Replacement repositories:
    CRAN: https://p3m.dev/cran/__linux__/noble/latest
Bioconductor version 3.24 (BiocManager 1.30.27), R 4.6.1 (2026-06-24)
Installing package(s) 'logicFS'
also installing the dependencies ‘annotate’, ‘scrime’, ‘LogicReg’, ‘mcbiopi’, ‘genefilter’, ‘siggenes’

trying URL 'https://bioconductor.org/packages/3.24/bioc/src/contrib/annotate_1.91.0.tar.gz'
trying URL 'https://p3m.dev/cran/__linux__/noble/latest/src/contrib/scrime_1.3.7.tar.gz'
trying URL 'https://p3m.dev/cran/__linux__/noble/latest/src/contrib/LogicReg_1.6.6.tar.gz'
trying URL 'https://p3m.dev/cran/__linux__/noble/latest/src/contrib/mcbiopi_1.1.7.tar.gz'
trying URL 'https://bioconductor.org/packages/3.24/bioc/src/contrib/genefilter_1.95.0.tar.gz'
trying URL 'https://bioconductor.org/packages/3.24/bioc/src/contrib/siggenes_1.87.0.tar.gz'
trying URL 'https://bioconductor.org/packages/3.24/bioc/src/contrib/logicFS_2.33.0.tar.gz'
* installing *source* package ‘annotate’ ...
** this is package ‘annotate’ version ‘1.91.0’
** package ‘annotate’ successfully unpacked and MD5 sums checked
** using staged installation
** R
** data
** inst
** byte-compile and prepare package for lazy loading
** help
*** installing help indices
** building package indices
** installing vignettes
** testing if installed package can be loaded from temporary location
** testing if installed package can be loaded from final location
** testing if installed package keeps a record of temporary installation path
* SHA256 sums
* creating tarball
packaged installation of ‘annotate’ as ‘annotate_1.91.0_R_x86_64-pc-linux-gnu.tar.gz’
* DONE (annotate)
* installing *binary* package ‘scrime’ ...
* package ‘scrime’ successfully unpacked and SHA256 sums checked
* ‘scrime’ was already a binary package and will not be rebuilt
* SHA256 sums
* creating tarball
packaged installation of ‘scrime’ as ‘scrime_1.3.7_R_x86_64-pc-linux-gnu.tar.gz’
* DONE (scrime)
* installing *binary* package ‘LogicReg’ ...
* package ‘LogicReg’ successfully unpacked and SHA256 sums checked
* ‘LogicReg’ was already a binary package and will not be rebuilt
* SHA256 sums
* creating tarball
packaged installation of ‘LogicReg’ as ‘LogicReg_1.6.6_R_x86_64-pc-linux-gnu.tar.gz’
* DONE (LogicReg)
* installing *binary* package ‘mcbiopi’ ...
* package ‘mcbiopi’ successfully unpacked and SHA256 sums checked
* ‘mcbiopi’ was already a binary package and will not be rebuilt
* SHA256 sums
* creating tarball
packaged installation of ‘mcbiopi’ as ‘mcbiopi_1.1.7_R_x86_64-pc-linux-gnu.tar.gz’
* DONE (mcbiopi)
* installing *source* package ‘genefilter’ ...
** this is package ‘genefilter’ version ‘1.95.0’
** package ‘genefilter’ successfully unpacked and MD5 sums checked
** using staged installation
** libs
using C compiler: ‘gcc (Ubuntu 13.3.0-6ubuntu2~24.04.1) 13.3.0’
using Fortran compiler: ‘GNU Fortran (Ubuntu 13.3.0-6ubuntu2~24.04.1) 13.3.0’
using C++ compiler: ‘g++ (Ubuntu 13.3.0-6ubuntu2~24.04.1) 13.3.0’
g++ -std=gnu++20 -I"/usr/local/lib/R/include" -DNDEBUG   -I/usr/local/include    -fpic  -g -O2 -fstack-protector-strong -Wformat -Werror=format-security -Wdate-time -D_FORTIFY_SOURCE=2 -g   -c half_range_mode.cpp -o half_range_mode.o
half_range_mode.cpp: In function ‘double half_range_mode(double*, double*, double, int)’:
half_range_mode.cpp:100:60: warning: format ‘%i’ expects argument of type ‘int’, but argument 5 has type ‘std::vector<int>::size_type’ {aka ‘long unsigned int’} [-Wformat=]
  100 |     if (diag) Rprintf( "N = %i, N'' = %i, w = %.4f, |J| = %i\n", N, N_double_prime, w, J.size() );
      |                                                           ~^                           ~~~~~~~~
      |                                                            |                                 |
      |                                                            int                               std::vector<int>::size_type {aka long unsigned int}
      |                                                           %li
gcc -std=gnu2x -I"/usr/local/lib/R/include" -DNDEBUG   -I/usr/local/include    -fpic  -g -O2 -fstack-protector-strong -Wformat -Werror=format-security -Wdate-time -D_FORTIFY_SOURCE=2 -g  -c init.c -o init.o
gcc -std=gnu2x -I"/usr/local/lib/R/include" -DNDEBUG   -I/usr/local/include    -fpic  -g -O2 -fstack-protector-strong -Wformat -Werror=format-security -Wdate-time -D_FORTIFY_SOURCE=2 -g  -c nd.c -o nd.o
gcc -std=gnu2x -I"/usr/local/lib/R/include" -DNDEBUG   -I/usr/local/include    -fpic  -g -O2 -fstack-protector-strong -Wformat -Werror=format-security -Wdate-time -D_FORTIFY_SOURCE=2 -g  -c pAUC.c -o pAUC.o
gcc -std=gnu2x -I"/usr/local/lib/R/include" -DNDEBUG   -I/usr/local/include    -fpic  -g -O2 -fstack-protector-strong -Wformat -Werror=format-security -Wdate-time -D_FORTIFY_SOURCE=2 -g  -c rowPAUCs.c -o rowPAUCs.o
gcc -std=gnu2x -I"/usr/local/lib/R/include" -DNDEBUG   -I/usr/local/include    -fpic  -g -O2 -fstack-protector-strong -Wformat -Werror=format-security -Wdate-time -D_FORTIFY_SOURCE=2 -g  -c rowttests.c -o rowttests.o
gfortran  -fpic  -g -O2  -c ttest.f -o ttest.o
g++ -std=gnu++20 -shared -L/usr/local/lib/R/lib -L/usr/local/lib -o genefilter.so half_range_mode.o init.o nd.o pAUC.o rowPAUCs.o rowttests.o ttest.o -lgfortran -lm -lquadmath -L/usr/local/lib/R/lib -lR
installing to /tmp/library/00LOCK-genefilter/00new/genefilter/libs
** R
** data
*** moving datasets to lazyload DB
** inst
** byte-compile and prepare package for lazy loading
** help
*** installing help indices
** building package indices
** installing vignettes
** testing if installed package can be loaded from temporary location
Error: package or namespace load failed for ‘genefilter’ in dyn.load(file, DLLpath = DLLpath, ...):
 unable to load shared object '/mnt/library/S4Vectors/libs/S4Vectors.so':
  /mnt/library/S4Vectors/libs/S4Vectors.so: file too short
Error: loading failed
Execution halted
ERROR: loading failed
* removing ‘/tmp/library/genefilter’
* installing *source* package ‘siggenes’ ...
** this is package ‘siggenes’ version ‘1.87.0’
** package ‘siggenes’ successfully unpacked and MD5 sums checked
** using staged installation
** R
** inst
** byte-compile and prepare package for lazy loading
** help
*** installing help indices
** building package indices
** installing vignettes
** testing if installed package can be loaded from temporary location
** testing if installed package can be loaded from final location
** testing if installed package keeps a record of temporary installation path
* SHA256 sums
* creating tarball
packaged installation of ‘siggenes’ as ‘siggenes_1.87.0_R_x86_64-pc-linux-gnu.tar.gz’
* DONE (siggenes)
* installing *source* package ‘logicFS’ ...
** this is package ‘logicFS’ version ‘2.33.0’
** package ‘logicFS’ successfully unpacked and MD5 sums checked
** using staged installation
** R
** data
** inst
** byte-compile and prepare package for lazy loading
** help
*** installing help indices
** building package indices
** installing vignettes
** testing if installed package can be loaded from temporary location
** testing if installed package can be loaded from final location
** testing if installed package keeps a record of temporary installation path
* SHA256 sums
* creating tarball
packaged installation of ‘logicFS’ as ‘logicFS_2.33.0_R_x86_64-pc-linux-gnu.tar.gz’
* DONE (logicFS)

The downloaded source packages are in
	‘/tmp/Rtmp1JJeSo/downloaded_packages’
Warning message:
In install.packages(...) :
  installation of package ‘genefilter’ had non-zero exit status

real	1m5.928s
user	0m39.568s
sys	0m7.785s
