+ Rscript -e 'Sys.setenv(BIOCONDUCTOR_USE_CONTAINER_REPOSITORY=FALSE);
  p <- .libPaths();
  p <- c('\''/tmp/library'\'', '\''/mnt/library'\'', p);
  .libPaths(p);
  if(BiocManager::install('\''iSEEtree'\'', INSTALL_opts = '\''--build'\'', update = TRUE, quiet = FALSE, dependencies=TRUE, force = TRUE, keep_outputs = TRUE) %in% rownames(installed.packages())) q(status = 0) else q(status = 1)'
'getOption("repos")' replaces Bioconductor standard repositories, see
'help("repositories", package = "BiocManager")' for details.
Replacement repositories:
    CRAN: https://p3m.dev/cran/__linux__/noble/latest
Bioconductor version 3.24 (BiocManager 1.30.27), R 4.6.1 (2026-06-24)
Installing package(s) 'iSEEtree'
trying URL 'https://bioconductor.org/packages/3.24/bioc/src/contrib/iSEEtree_1.7.0.tar.gz'
Content type 'application/x-gzip' length 7905704 bytes (7.5 MB)
==================================================
downloaded 7.5 MB

* installing *source* package ‘iSEEtree’ ...
** this is package ‘iSEEtree’ version ‘1.7.0’
** package ‘iSEEtree’ successfully unpacked and MD5 sums checked
** using staged installation
** R
** inst
** byte-compile and prepare package for lazy loading
** help
*** installing help indices
** building package indices
** installing vignettes
** testing if installed package can be loaded from temporary location
** testing if installed package can be loaded from final location
** testing if installed package keeps a record of temporary installation path
* SHA256 sums
* creating tarball
packaged installation of ‘iSEEtree’ as ‘iSEEtree_1.7.0_R_x86_64-pc-linux-gnu.tar.gz’
* DONE (iSEEtree)

The downloaded source packages are in
	‘/tmp/RtmpZ0qCkP/downloaded_packages’
Old packages: 'diffobj'

real	1m6.500s
user	0m47.637s
sys	0m7.117s
