+ Rscript -e 'Sys.setenv(BIOCONDUCTOR_USE_CONTAINER_REPOSITORY=FALSE);
  p <- .libPaths();
  p <- c('\''/tmp/library'\'', '\''/mnt/library'\'', p);
  .libPaths(p);
  if(BiocManager::install('\''SynExtend'\'', INSTALL_opts = '\''--build'\'', update = TRUE, quiet = FALSE, dependencies=TRUE, force = TRUE, keep_outputs = TRUE) %in% rownames(installed.packages())) q(status = 0) else q(status = 1)'
'getOption("repos")' replaces Bioconductor standard repositories, see
'help("repositories", package = "BiocManager")' for details.
Replacement repositories:
    CRAN: https://p3m.dev/cran/__linux__/noble/latest
Bioconductor version 3.23 (BiocManager 1.30.27), R 4.6.1 (2026-06-24)
Installing package(s) 'SynExtend'
trying URL 'https://bioconductor.org/packages/3.23/bioc/src/contrib/SynExtend_1.24.0.tar.gz'
Content type 'application/x-gzip' length 3276412 bytes (3.1 MB)
==================================================
downloaded 3.1 MB

* installing *source* package ‘SynExtend’ ...
** this is package ‘SynExtend’ version ‘1.24.0’
** using staged installation
** libs
using C compiler: ‘gcc (Ubuntu 13.3.0-6ubuntu2~24.04.1) 13.3.0’
using Fortran compiler: ‘GNU Fortran (Ubuntu 13.3.0-6ubuntu2~24.04.1) 13.3.0’
gcc -std=gnu2x -I"/usr/local/lib/R/include" -DNDEBUG   -I/usr/local/include   -fopenmp -DCOMPILING_SYNEXTEND_VIA_R -fpic  -g -O2 -fstack-protector-strong -Wformat -Werror=format-security -Wdate-time -D_FORTIFY_SOURCE=2 -g  -c calcMIR2C.c -o calcMIR2C.o
gcc -std=gnu2x -I"/usr/local/lib/R/include" -DNDEBUG   -I/usr/local/include   -fopenmp -DCOMPILING_SYNEXTEND_VIA_R -fpic  -g -O2 -fstack-protector-strong -Wformat -Werror=format-security -Wdate-time -D_FORTIFY_SOURCE=2 -g  -c CDend.c -o CDend.o
gcc -std=gnu2x -I"/usr/local/lib/R/include" -DNDEBUG   -I/usr/local/include   -fopenmp -DCOMPILING_SYNEXTEND_VIA_R -fpic  -g -O2 -fstack-protector-strong -Wformat -Werror=format-security -Wdate-time -D_FORTIFY_SOURCE=2 -g  -c CShuffle.c -o CShuffle.o
gcc -std=gnu2x -I"/usr/local/lib/R/include" -DNDEBUG   -I/usr/local/include   -fopenmp -DCOMPILING_SYNEXTEND_VIA_R -fpic  -g -O2 -fstack-protector-strong -Wformat -Werror=format-security -Wdate-time -D_FORTIFY_SOURCE=2 -g  -c dendrapply.c -o dendrapply.o
gcc -std=gnu2x -I"/usr/local/lib/R/include" -DNDEBUG   -I/usr/local/include   -fopenmp -DCOMPILING_SYNEXTEND_VIA_R -fpic  -g -O2 -fstack-protector-strong -Wformat -Werror=format-security -Wdate-time -D_FORTIFY_SOURCE=2 -g  -c HitConsensus.c -o HitConsensus.o
gcc -std=gnu2x -I"/usr/local/lib/R/include" -DNDEBUG   -I/usr/local/include   -fopenmp -DCOMPILING_SYNEXTEND_VIA_R -fpic  -g -O2 -fstack-protector-strong -Wformat -Werror=format-security -Wdate-time -D_FORTIFY_SOURCE=2 -g  -c HungarianAlgo.c -o HungarianAlgo.o
gcc -std=gnu2x -I"/usr/local/lib/R/include" -DNDEBUG   -I/usr/local/include   -fopenmp -DCOMPILING_SYNEXTEND_VIA_R -fpic  -g -O2 -fstack-protector-strong -Wformat -Werror=format-security -Wdate-time -D_FORTIFY_SOURCE=2 -g  -c MoranI.c -o MoranI.o
gcc -std=gnu2x -I"/usr/local/lib/R/include" -DNDEBUG   -I/usr/local/include   -fopenmp -DCOMPILING_SYNEXTEND_VIA_R -fpic  -g -O2 -fstack-protector-strong -Wformat -Werror=format-security -Wdate-time -D_FORTIFY_SOURCE=2 -g  -c NucleotideCounts.c -o NucleotideCounts.o
gcc -std=gnu2x -I"/usr/local/lib/R/include" -DNDEBUG   -I/usr/local/include   -fopenmp -DCOMPILING_SYNEXTEND_VIA_R -fpic  -g -O2 -fstack-protector-strong -Wformat -Werror=format-security -Wdate-time -D_FORTIFY_SOURCE=2 -g  -c R_init_synextend.c -o R_init_synextend.o
gcc -std=gnu2x -I"/usr/local/lib/R/include" -DNDEBUG   -I/usr/local/include   -fopenmp -DCOMPILING_SYNEXTEND_VIA_R -fpic  -g -O2 -fstack-protector-strong -Wformat -Werror=format-security -Wdate-time -D_FORTIFY_SOURCE=2 -g  -c RandomForest.c -o RandomForest.o
gcc -std=gnu2x -I"/usr/local/lib/R/include" -DNDEBUG   -I/usr/local/include   -fopenmp -DCOMPILING_SYNEXTEND_VIA_R -fpic  -g -O2 -fstack-protector-strong -Wformat -Werror=format-security -Wdate-time -D_FORTIFY_SOURCE=2 -g  -c SEutils.c -o SEutils.o
gcc -std=gnu2x -I"/usr/local/lib/R/include" -DNDEBUG   -I/usr/local/include   -fopenmp -DCOMPILING_SYNEXTEND_VIA_R -fpic  -g -O2 -fstack-protector-strong -Wformat -Werror=format-security -Wdate-time -D_FORTIFY_SOURCE=2 -g  -c XORRand.c -o XORRand.o
gcc -std=gnu2x -I"/usr/local/lib/R/include" -DNDEBUG   -I/usr/local/include   -fopenmp -DCOMPILING_SYNEXTEND_VIA_R -fpic  -g -O2 -fstack-protector-strong -Wformat -Werror=format-security -Wdate-time -D_FORTIFY_SOURCE=2 -g  -c ExoLabel/ExoLabel.c -o ExoLabel/ExoLabel.o
gcc -std=gnu2x -I"/usr/local/lib/R/include" -DNDEBUG   -I/usr/local/include   -fopenmp -DCOMPILING_SYNEXTEND_VIA_R -fpic  -g -O2 -fstack-protector-strong -Wformat -Werror=format-security -Wdate-time -D_FORTIFY_SOURCE=2 -g  -c ExoLabel/FileHandlers.c -o ExoLabel/FileHandlers.o
gcc -std=gnu2x -I"/usr/local/lib/R/include" -DNDEBUG   -I/usr/local/include   -fopenmp -DCOMPILING_SYNEXTEND_VIA_R -fpic  -g -O2 -fstack-protector-strong -Wformat -Werror=format-security -Wdate-time -D_FORTIFY_SOURCE=2 -g  -c ExoLabel/PrefixTrie.c -o ExoLabel/PrefixTrie.o
gcc -std=gnu2x -I"/usr/local/lib/R/include" -DNDEBUG   -I/usr/local/include   -fopenmp -DCOMPILING_SYNEXTEND_VIA_R -fpic  -g -O2 -fstack-protector-strong -Wformat -Werror=format-security -Wdate-time -D_FORTIFY_SOURCE=2 -g  -c ExoLabel/LoserTree.c -o ExoLabel/LoserTree.o
gfortran  -fpic  -g -O2  -c  utilfuncs.f95 -o utilfuncs.o
gfortran  -fpic  -g -O2  -c  tabulate_mod.f95 -o tabulate_mod.o
gfortran  -fpic  -g -O2  -c  cart_methods.f95 -o cart_methods.o
gcc -std=gnu2x -shared -L/usr/local/lib/R/lib -L/usr/local/lib -o SynExtend.so calcMIR2C.o CDend.o CShuffle.o dendrapply.o HitConsensus.o HungarianAlgo.o MoranI.o NucleotideCounts.o R_init_synextend.o RandomForest.o SEutils.o XORRand.o ExoLabel/ExoLabel.o ExoLabel/FileHandlers.o ExoLabel/PrefixTrie.o ExoLabel/LoserTree.o cart_methods.o tabulate_mod.o utilfuncs.o -fopenmp -lgfortran -lm -lquadmath -L/usr/local/lib/R/lib -lR
installing to /tmp/library/00LOCK-SynExtend/00new/SynExtend/libs
** R
** data
** inst
** byte-compile and prepare package for lazy loading
** help
*** installing help indices
** building package indices
** installing vignettes
** testing if installed package can be loaded from temporary location
** checking absolute paths in shared objects and dynamic libraries
** testing if installed package can be loaded from final location
** testing if installed package keeps a record of temporary installation path
* SHA256 sums
* creating tarball
packaged installation of ‘SynExtend’ as ‘SynExtend_1.24.0_R_x86_64-pc-linux-gnu.tar.gz’
* DONE (SynExtend)

The downloaded source packages are in
	‘/tmp/RtmpIhua5C/downloaded_packages’
Old packages: 'diffobj', 'httr2', 'pak', 'pkgdown', 'urlchecker', 'xfun',
  'zip', 'MASS', 'nlme', 'survival'

real	0m37.576s
user	0m26.167s
sys	0m3.983s
