+ Rscript -e 'Sys.setenv(BIOCONDUCTOR_USE_CONTAINER_REPOSITORY=FALSE);
  p <- .libPaths();
  p <- c('\''/tmp/library'\'', '\''/mnt/library'\'', p);
  .libPaths(p);
  if(BiocManager::install('\''RVS'\'', INSTALL_opts = '\''--build'\'', update = TRUE, quiet = FALSE, dependencies=TRUE, force = TRUE, keep_outputs = TRUE) %in% rownames(installed.packages())) q(status = 0) else q(status = 1)'
'getOption("repos")' replaces Bioconductor standard repositories, see
'help("repositories", package = "BiocManager")' for details.
Replacement repositories:
    CRAN: https://p3m.dev/cran/__linux__/noble/latest
Bioconductor version 3.23 (BiocManager 1.30.27), R 4.6.1 (2026-06-24)
Installing package(s) 'RVS'
also installing the dependencies ‘GENLIB’, ‘gRain’

trying URL 'https://p3m.dev/cran/__linux__/noble/latest/src/contrib/GENLIB_1.1.10.tar.gz'
trying URL 'https://p3m.dev/cran/__linux__/noble/latest/src/contrib/gRain_1.4.6.tar.gz'
trying URL 'https://bioconductor.org/packages/3.23/bioc/src/contrib/RVS_1.34.0.tar.gz'
* installing *binary* package ‘GENLIB’ ...
* package ‘GENLIB’ successfully unpacked and SHA256 sums checked
* ‘GENLIB’ was already a binary package and will not be rebuilt
* SHA256 sums
* creating tarball
packaged installation of ‘GENLIB’ as ‘GENLIB_1.1.10_R_x86_64-pc-linux-gnu.tar.gz’
* DONE (GENLIB)
* installing *binary* package ‘gRain’ ...
* package ‘gRain’ successfully unpacked and SHA256 sums checked
* ‘gRain’ was already a binary package and will not be rebuilt
* SHA256 sums
* creating tarball
packaged installation of ‘gRain’ as ‘gRain_1.4.6_R_x86_64-pc-linux-gnu.tar.gz’
* DONE (gRain)
* installing *source* package ‘RVS’ ...
** this is package ‘RVS’ version ‘1.34.0’
** using staged installation
** R
** data
*** moving datasets to lazyload DB
** inst
** byte-compile and prepare package for lazy loading
** help
*** installing help indices
** building package indices
** installing vignettes
** testing if installed package can be loaded from temporary location
** testing if installed package can be loaded from final location
** testing if installed package keeps a record of temporary installation path
* SHA256 sums
* creating tarball
packaged installation of ‘RVS’ as ‘RVS_1.34.0_R_x86_64-pc-linux-gnu.tar.gz’
* DONE (RVS)

The downloaded source packages are in
	‘/tmp/RtmplrQ0XP/downloaded_packages’
Old packages: 'httr2', 'pak', 'pkgdown', 'urlchecker', 'xfun', 'zip', 'MASS',
  'nlme', 'survival'

real	0m20.236s
user	0m13.380s
sys	0m3.061s
