+ Rscript -e 'Sys.setenv(BIOCONDUCTOR_USE_CONTAINER_REPOSITORY=FALSE);
  p <- .libPaths();
  p <- c('\''/tmp/library'\'', '\''/mnt/library'\'', p);
  .libPaths(p);
  if(BiocManager::install('\''blima'\'', INSTALL_opts = '\''--build'\'', update = TRUE, quiet = FALSE, dependencies=TRUE, force = TRUE, keep_outputs = TRUE) %in% rownames(installed.packages())) q(status = 0) else q(status = 1)'
'getOption("repos")' replaces Bioconductor standard repositories, see
'help("repositories", package = "BiocManager")' for details.
Replacement repositories:
    CRAN: https://p3m.dev/cran/__linux__/noble/latest
Bioconductor version 3.23 (BiocManager 1.30.27), R 4.6.1 (2026-06-24)
Installing package(s) 'blima'
also installing the dependencies ‘blimaTestingData’, ‘illuminaHumanv4.db’

trying URL 'https://bioconductor.org/packages/3.23/data/experiment/src/contrib/blimaTestingData_1.32.0.tar.gz'
trying URL 'https://bioconductor.org/packages/3.23/data/annotation/src/contrib/illuminaHumanv4.db_1.26.0.tar.gz'
trying URL 'https://bioconductor.org/packages/3.23/bioc/src/contrib/blima_1.46.0.tar.gz'
* installing *source* package ‘blimaTestingData’ ...
** this is package ‘blimaTestingData’ version ‘1.32.0’
** using staged installation
** data
** inst
** help
*** installing help indices
** building package indices
** installing vignettes
** testing if installed package can be loaded from temporary location
** testing if installed package can be loaded from final location
** testing if installed package keeps a record of temporary installation path
* SHA256 sums
* creating tarball
packaged installation of ‘blimaTestingData’ as ‘blimaTestingData_1.32.0_R_x86_64-pc-linux-gnu.tar.gz’
* DONE (blimaTestingData)
* installing *source* package ‘illuminaHumanv4.db’ ...
** this is package ‘illuminaHumanv4.db’ version ‘1.26.0’
** using staged installation
** R
** inst
** byte-compile and prepare package for lazy loading
** help
*** installing help indices
** building package indices
** testing if installed package can be loaded from temporary location
** testing if installed package can be loaded from final location
** testing if installed package keeps a record of temporary installation path
* SHA256 sums
* creating tarball
packaged installation of ‘illuminaHumanv4.db’ as ‘illuminaHumanv4.db_1.26.0_R_x86_64-pc-linux-gnu.tar.gz’
* DONE (illuminaHumanv4.db)
* installing *source* package ‘blima’ ...
** this is package ‘blima’ version ‘1.46.0’
** using staged installation
** libs
using C++ compiler: ‘g++ (Ubuntu 13.3.0-6ubuntu2~24.04.1) 13.3.0’
g++ -std=gnu++20 -I"/usr/local/lib/R/include" -DNDEBUG  -I'/usr/local/lib/R/site-library/Rcpp/include' -I/usr/local/include    -fpic  -g -O2 -fstack-protector-strong -Wformat -Werror=format-security -Wdate-time -D_FORTIFY_SOURCE=2 -g   -c RcppExports.cpp -o RcppExports.o
g++ -std=gnu++20 -I"/usr/local/lib/R/include" -DNDEBUG  -I'/usr/local/lib/R/site-library/Rcpp/include' -I/usr/local/include    -fpic  -g -O2 -fstack-protector-strong -Wformat -Werror=format-security -Wdate-time -D_FORTIFY_SOURCE=2 -g   -c interpolateSortedVector.cpp -o interpolateSortedVector.o
g++ -std=gnu++20 -shared -L/usr/local/lib/R/lib -L/usr/local/lib -o blima.so RcppExports.o interpolateSortedVector.o -L/usr/local/lib/R/lib -lR
installing to /tmp/library/00LOCK-blima/00new/blima/libs
** R
** inst
** byte-compile and prepare package for lazy loading
** help
*** installing help indices
** building package indices
** installing vignettes
** testing if installed package can be loaded from temporary location
** checking absolute paths in shared objects and dynamic libraries
** testing if installed package can be loaded from final location
** testing if installed package keeps a record of temporary installation path
* SHA256 sums
* creating tarball
packaged installation of ‘blima’ as ‘blima_1.46.0_R_x86_64-pc-linux-gnu.tar.gz’
* DONE (blima)

The downloaded source packages are in
	‘/tmp/Rtmpn6Byru/downloaded_packages’
Old packages: 'diffobj', 'httr2', 'pak', 'pkgdown', 'urlchecker', 'xfun',
  'zip', 'MASS', 'nlme', 'survival'

real	0m56.121s
user	0m46.396s
sys	0m7.636s
