+ Rscript -e 'Sys.setenv(BIOCONDUCTOR_USE_CONTAINER_REPOSITORY=FALSE);
  p <- .libPaths();
  p <- c('\''/tmp/library'\'', '\''/mnt/library'\'', p);
  .libPaths(p);
  if(BiocManager::install('\''SigsPack'\'', INSTALL_opts = '\''--build'\'', update = TRUE, quiet = FALSE, dependencies=TRUE, force = TRUE, keep_outputs = TRUE) %in% rownames(installed.packages())) q(status = 0) else q(status = 1)'
'getOption("repos")' replaces Bioconductor standard repositories, see
'help("repositories", package = "BiocManager")' for details.
Replacement repositories:
    CRAN: https://p3m.dev/cran/__linux__/noble/latest
Bioconductor version 3.24 (BiocManager 1.30.27), R 4.6.1 (2026-06-24)
Installing package(s) 'SigsPack'
trying URL 'https://bioconductor.org/packages/3.24/bioc/src/contrib/SigsPack_1.27.0.tar.gz'
Content type 'application/x-gzip' length 524127 bytes (511 KB)
==================================================
downloaded 511 KB

* installing *source* package ‘SigsPack’ ...
** this is package ‘SigsPack’ version ‘1.27.0’
** package ‘SigsPack’ successfully unpacked and MD5 sums checked
** using staged installation
** R
** data
*** moving datasets to lazyload DB
** inst
** byte-compile and prepare package for lazy loading
** help
*** installing help indices
** building package indices
** installing vignettes
** testing if installed package can be loaded from temporary location
** testing if installed package can be loaded from final location
** testing if installed package keeps a record of temporary installation path
* SHA256 sums
* creating tarball
packaged installation of ‘SigsPack’ as ‘SigsPack_1.27.0_R_x86_64-pc-linux-gnu.tar.gz’
* DONE (SigsPack)

The downloaded source packages are in
	‘/tmp/Rtmp5oGT5c/downloaded_packages’

real	0m18.811s
user	0m9.760s
sys	0m3.318s
